STRICT False ['Wrong exported symbol address: _func_0c09f46c', 'Wrong exported symbol address: _func_0c09f482', 'Wrong exported symbol address: _func_0c09f504', 'Wrong exported symbol address: _func_0c09f526', 'Wrong exported symbol address: _func_0c09f572', 'Wrong exported symbol address: _func_0c09f5c0', 'Wrong exported symbol address: _func_0c09f5f8', 'Wrong exported symbol address: _func_0c09f632', 'Wrong exported symbol address: _func_0c09f686', 'Wrong exported symbol address: _func_0c09f698', 'Wrong exported symbol address: _func_0c09f718', 'Wrong exported symbol address: _func_0c09f7f2', 'Wrong exported symbol address: _func_0c09f848', 'Wrong exported symbol address: _func_0c09f890', 'Wrong exported symbol address: _func_0c09f8a2', 'Wrong exported symbol address: _func_0c09f8ea', 'Wrong exported symbol address: _func_0c09f9ec', 'Wrong exported symbol address: _func_0c09fa80', 'Wrong exported symbol address: _func_0c09fae4', 'Wrong exported symbol address: _func_0c09fb1c', 'Wrong exported symbol address: _func_0c09fb58', 'Wrong exported symbol address: _func_0c09fb7a', 'Wrong exported symbol address: _func_0c09fbb4', 'Wrong exported symbol address: _func_0c09fc0c', 'Wrong exported symbol address: _func_0c09fc8c', 'Wrong exported symbol address: _func_0c09fcc8', 'Wrong exported symbol address: _func_0c09fcea', 'Wrong exported symbol address: _func_0c09fcfc', 'Not an exact section match: P', 'Linked image contains extra or missing initialized bytes', 'Linked image contains extra or missing memory bytes']
[(3168, 0)]
[('_func_0c09f0ec', 134, 134), ('_func_0c09f172', 142, 142), ('_func_0c09f210', 146, 156), ('_func_0c09f2d4', 131, 136), ('_func_0c09f378', 77, 88), ('_func_0c09f3dc', 63, 80), ('_func_0c09f42c', 17, 64), ('_func_0c09f46c', 2, 22), ('_func_0c09f482', 5, 100), ('_func_0c09f504', 3, 34), ('_func_0c09f526', 1, 76), ('_func_0c09f572', 1, 78), ('_func_0c09f5c0', 0, 18), ('_func_0c09f5f8', 1, 58), ('_func_0c09f632', 3, 84), ('_func_0c09f686', 0, 18), ('_func_0c09f698', 1, 82), ('_func_0c09f718', 3, 218), ('_func_0c09f7f2', 2, 86), ('_func_0c09f848', 1, 34), ('_func_0c09f890', 0, 18), ('_func_0c09f8a2', 2, 72), ('_func_0c09f8ea', 13, 212), ('_func_0c09f9ec', 3, 148), ('_func_0c09fa80', 2, 100), ('_func_0c09fae4', 1, 18), ('_func_0c09fb1c', 2, 60), ('_func_0c09fb58', 0, 34), ('_func_0c09fb7a', 2, 58), ('_func_0c09fbb4', 1, 56), ('_func_0c09fc0c', 1, 128), ('_func_0c09fc8c', 0, 60), ('_func_0c09fcc8', 2, 34), ('_func_0c09fcea', 0, 18), ('_func_0c09fcfc', 15, 48)]
0c09f270 a438 bra 0x000000000c09fae4              | a431 bra 0x000000000c09fad6
0c09f278 a47f bra 0x000000000c09fb7a              | a478 bra 0x000000000c09fb6c
0c09f284 a3fc bra 0x000000000c09fa80              | a3f7 bra 0x000000000c09fa76
0c09f28c a3f8 bra 0x000000000c09fa80              | a3f3 bra 0x000000000c09fa76
0c09f294 a529 bra 0x000000000c09fcea              | a52d bra 0x000000000c09fcf2
0c09f2a8 a18a bra 0x000000000c09f5c0              | a17e bra 0x000000000c09f5a8
0c09f2ac d207 mov.l 0x000000000c09f2cc,r2         | d307 mov.l 0x000000000c09f2cc,r3
0c09f2ae 420b jsr @r2                             | 430b jsr @r3
0c09f2ba d205 mov.l 0x000000000c09f2d0,r2         | d305 mov.l 0x000000000c09f2d0,r3
0c09f2be 422b jmp @r2                             | 432b jmp @r3
0c09f334 a3d6 bra 0x000000000c09fae4              | a3cf bra 0x000000000c09fad6
0c09f33c a41d bra 0x000000000c09fb7a              | a416 bra 0x000000000c09fb6c
0c09f348 a39a bra 0x000000000c09fa80              | a395 bra 0x000000000c09fa76
0c09f350 a396 bra 0x000000000c09fa80              | a391 bra 0x000000000c09fa76
0c09f358 a4c7 bra 0x000000000c09fcea              | a4cb bra 0x000000000c09fcf2
0c09f384 8803 cmp/eq #3,r0                        | 8800 cmp/eq #0,r0
0c09f386 8909 bt 0x000000000c09f39c               | 8915 bt 0x000000000c09f3b4
0c09f388 8804 cmp/eq #4,r0                        | 8801 cmp/eq #1,r0
0c09f38a 890b bt 0x000000000c09f3a4               | 8913 bt 0x000000000c09f3b4
0c09f390 8800 cmp/eq #0,r0                        | 8803 cmp/eq #3,r0
0c09f392 890f bt 0x000000000c09f3b4               | 8903 bt 0x000000000c09f39c
0c09f394 8801 cmp/eq #1,r0                        | 8804 cmp/eq #4,r0
0c09f396 890d bt 0x000000000c09f3b4               | 8905 bt 0x000000000c09f3a4
0c09f3a0 a36e bra 0x000000000c09fa80              | a369 bra 0x000000000c09fa76
0c09f3a8 a36a bra 0x000000000c09fa80              | a365 bra 0x000000000c09fa76
0c09f3b0 a0df bra 0x000000000c09f572              | a0d3 bra 0x000000000c09f55a
0c09f3e8 8803 cmp/eq #3,r0                        | 8800 cmp/eq #0,r0
0c09f3ea 8909 bt 0x000000000c09f400               | 8911 bt 0x000000000c09f410
0c09f3ec 8804 cmp/eq #4,r0                        | 8801 cmp/eq #1,r0
0c09f3ee 890b bt 0x000000000c09f408               | 890f bt 0x000000000c09f410
0c09f3f0 8800 cmp/eq #0,r0                        | 8802 cmp/eq #2,r0
0c09f3f4 8801 cmp/eq #1,r0                        | 8803 cmp/eq #3,r0
0c09f3f6 890b bt 0x000000000c09f410               | 8903 bt 0x000000000c09f400
0c09f3f8 8802 cmp/eq #2,r0                        | 8804 cmp/eq #4,r0
0c09f3fa 8909 bt 0x000000000c09f410               | 8905 bt 0x000000000c09f408
0c09f404 a33c bra 0x000000000c09fa80              | a337 bra 0x000000000c09fa76
0c09f40c a338 bra 0x000000000c09fa80              | a333 bra 0x000000000c09fa76
0c09f410 d32a mov.l 0x000000000c09f4bc,r3         | d22b mov.l 0x000000000c09f4c0,r2
0c09f412 430b jsr @r3                             | 420b jsr @r2
0c09f41e d328 mov.l 0x000000000c09f4c0,r3         | d229 mov.l 0x000000000c09f4c4,r2
0c09f422 432b jmp @r3                             | 422b jmp @r2
0c09f438 8802 cmp/eq #2,r0                        | 8800 cmp/eq #0,r0
0c09f43a 8905 bt 0x000000000c09f448               | 8907 bt 0x000000000c09f44c
0c09f43c 8800 cmp/eq #0,r0                        | 8801 cmp/eq #1,r0
0c09f43e 8907 bt 0x000000000c09f450               | 8905 bt 0x000000000c09f44c
0c09f440 8801 cmp/eq #1,r0                        | 8802 cmp/eq #2,r0
0c09f442 8905 bt 0x000000000c09f450               | 8b0e bf 0x000000000c09f462
0c09f444 a00f bra 0x000000000c09f466              | 4f26 lds.l @r15+,pr
0c09f446 0009 nop                                 | 64e3 mov r14,r4
0c09f448 4f26 lds.l @r15+,pr                      | a20e bra 0x000000000c09f868
0c09f44a 64e3 mov r14,r4                          | 6ef6 mov.l @r15+,r14
0c09f44c a220 bra 0x000000000c09f890              | d31c mov.l 0x000000000c09f4c0,r3
0c09f44e 6ef6 mov.l @r15+,r14                     | 430b jsr @r3
0c09f450 d21a mov.l 0x000000000c09f4bc,r2         | 64e3 mov r14,r4
0c09f452 420b jsr @r2                             | 600e exts.b r0,r0
0c09f454 64e3 mov r14,r4                          | 4011 cmp/pz r0
0c09f456 600e exts.b r0,r0                        | 8904 bt 0x000000000c09f462
0c09f458 4011 cmp/pz r0                           | 4f26 lds.l @r15+,pr
0c09f45a 8904 bt 0x000000000c09f466               | d31a mov.l 0x000000000c09f4c4,r3
0c09f45c 4f26 lds.l @r15+,pr                      | 64e3 mov r14,r4
0c09f45e d218 mov.l 0x000000000c09f4c0,r2         | 432b jmp @r3
0c09f460 64e3 mov r14,r4                          | 6ef6 mov.l @r15+,r14
0c09f462 422b jmp @r2                             | 4f26 lds.l @r15+,pr
0c09f464 6ef6 mov.l @r15+,r14                     | 000b rts
0c09f466 4f26 lds.l @r15+,pr                      | 6ef6 mov.l @r15+,r14
0c09f468 000b rts                                 | 2fe6 mov.l r14,@-r15
0c09f46a 6ef6 mov.l @r15+,r14                     | 4f22 sts.l pr,@-r15
0c09f46c 2fe6 mov.l r14,@-r15                     | d316 mov.l 0x000000000c09f4c8,r3
0c09f46e 4f22 sts.l pr,@-r15                      | 430b jsr @r3
0c09f470 d314 mov.l 0x000000000c09f4c4,r3         | 6e43 mov r4,r14
0c09f472 430b jsr @r3                             | d216 mov.l 0x000000000c09f4cc,r2
0c09f474 6e43 mov r4,r14                          | 420b jsr @r2
0c09f476 d214 mov.l 0x000000000c09f4c8,r2         | 64e3 mov r14,r4
0c09f478 420b jsr @r2                             | 4f26 lds.l @r15+,pr
0c09f47c 4f26 lds.l @r15+,pr                      | 6ef6 mov.l @r15+,r14
0c09f47e 64e3 mov r14,r4                          | 2fe6 mov.l r14,@-r15
0c09f480 6ef6 mov.l @r15+,r14                     | 4f22 sts.l pr,@-r15
0c09f482 2fe6 mov.l r14,@-r15                     | d313 mov.l 0x000000000c09f4d0,r3
0c09f484 4f22 sts.l pr,@-r15                      | 430b jsr @r3
0c09f486 d311 mov.l 0x000000000c09f4cc,r3         | 6e43 mov r4,r14
0c09f488 430b jsr @r3                             | d212 mov.l 0x000000000c09f4d4,r2
0c09f48a 6e43 mov r4,r14                          | 420b jsr @r2
0c09f48c d210 mov.l 0x000000000c09f4d0,r2         | 64e3 mov r14,r4
0c09f48e 420b jsr @r2                             | 9013 mov.w 0x000000000c09f4b8,r0
0c09f490 64e3 mov r14,r4                          | 00ec mov.b @(r0,r14),r0
0c09f492 9011 mov.w 0x000000000c09f4b8,r0         | 600c extu.b r0,r0
0c09f494 00ec mov.b @(r0,r14),r0                  | 8801 cmp/eq #1,r0
0c09f496 600c extu.b r0,r0                        | 8b1f bf 0x000000000c09f4d8
0c09f498 8801 cmp/eq #1,r0                        | b03f bsr 0x000000000c09f51a
0c09f49a 8b23 bf 0x000000000c09f4e4               | 64e3 mov r14,r4
0c09f49c b043 bsr 0x000000000c09f526              | 900b mov.w 0x000000000c09f4b6,r0
0c09f49e 64e3 mov r14,r4                          | 00ec mov.b @(r0,r14),r0
0c09f4a0 9009 mov.w 0x000000000c09f4b6,r0         | 600c extu.b r0,r0
0c09f4a2 00ec mov.b @(r0,r14),r0                  | 8802 cmp/eq #2,r0
0c09f4a4 600c extu.b r0,r0                        | 8b1a bf 0x000000000c09f4dc
0c09f4a6 8802 cmp/eq #2,r0                        | 9008 mov.w 0x000000000c09f4ba,r0
0c09f4a8 8914 bt 0x000000000c09f4d4               | 9308 mov.w 0x000000000c09f4bc,r3
0c09f4aa 8800 cmp/eq #0,r0                        | 02ed mov.w @(r0,r14),r2
0c09f4ac 891c bt 0x000000000c09f4e8               | 622d extu.w r2,r2
0c09f4ae 8801 cmp/eq #1,r0                        | 2238 tst r3,r2
0c09f4b0 891a bt 0x000000000c09f4e8               | 8b1f bf 0x000000000c09f4f2
0c09f4b2 a019 bra 0x000000000c09f4e8              | a013 bra 0x000000000c09f4dc
0c09f4ba 0000 error                               | 01fa stc dbr,r1
0c09f4bc a026 bra 0x000000000c09f50c              | 1000 mov.l r0,@(0,r0)
0c09f4be 0c02 stc sr,r12                          | 0000 error
0c09f4c0 37b8 sub r11,r7                          | a026 bra 0x000000000c09f510
0c09f4c2 0c04 mov.b r0,@(r0,r12)                  | 0c02 stc sr,r12
0c09f4c4 21f4 mov.b r15,@-r1                      | 37b8 sub r11,r7
0c09f4c8 20f8 tst r15,r0                          | 21f4 mov.b r15,@-r1
0c09f4cc 2018 tst r1,r0                           | 20f8 tst r15,r0
0c09f4d0 21b8 tst r11,r1                          | 2018 tst r1,r0
0c09f4d4 907d mov.w 0x000000000c09f5d2,r0         | 21b8 tst r11,r1
0c09f4d6 927d mov.w 0x000000000c09f5d4,r2         | 0c04 mov.b r0,@(r0,r12)
0c09f4d8 03ed mov.w @(r0,r14),r3                  | b00e bsr 0x000000000c09f4f8
0c09f4da 633d extu.w r3,r3                        | 64e3 mov r14,r4
0c09f4dc 2328 tst r2,r3                           | d248 mov.l 0x000000000c09f600,r2
0c09f4de 8b0e bf 0x000000000c09f4fe               | 420b jsr @r2
0c09f4e0 a002 bra 0x000000000c09f4e8              | 64e3 mov r14,r4
0c09f4e2 0009 nop                                 | 600c extu.b r0,r0
0c09f4e4 b00e bsr 0x000000000c09f504              | 2008 tst r0,r0
0c09f4e6 64e3 mov r14,r4                          | 8904 bt 0x000000000c09f4f2
0c09f4e8 d23c mov.l 0x000000000c09f5dc,r2         | 4f26 lds.l @r15+,pr
0c09f4ea 420b jsr @r2                             | d246 mov.l 0x000000000c09f604,r2
0c09f4ee 600c extu.b r0,r0                        | 422b jmp @r2
0c09f4f0 2008 tst r0,r0                           | 6ef6 mov.l @r15+,r14
0c09f4f2 8904 bt 0x000000000c09f4fe               | 4f26 lds.l @r15+,pr
0c09f4f4 4f26 lds.l @r15+,pr                      | 000b rts
0c09f4f6 d23a mov.l 0x000000000c09f5e0,r2         | 6ef6 mov.l @r15+,r14
0c09f4f8 64e3 mov r14,r4                          | 4f22 sts.l pr,@-r15
0c09f4fa 422b jmp @r2                             | 7ffc add #-4,r15
0c09f4fc 6ef6 mov.l @r15+,r14                     | d342 mov.l 0x000000000c09f608,r3
0c09f4fe 4f26 lds.l @r15+,pr                      | 430b jsr @r3
0c09f500 000b rts                                 | 2f42 mov.l r4,@r15
0c09f502 6ef6 mov.l @r15+,r14                     | 600e exts.b r0,r0
0c09f504 4f22 sts.l pr,@-r15                      | 4011 cmp/pz r0
0c09f506 7ffc add #-4,r15                         | 8904 bt 0x000000000c09f512
0c09f508 d336 mov.l 0x000000000c09f5e4,r3         | 64f2 mov.l @r15,r4
0c09f50a 430b jsr @r3                             | 7f04 add #4,r15
0c09f50c 2f42 mov.l r4,@r15                       | d33f mov.l 0x000000000c09f60c,r3
0c09f50e 600e exts.b r0,r0                        | 432b jmp @r3
0c09f510 4011 cmp/pz r0                           | 4f26 lds.l @r15+,pr
0c09f512 8904 bt 0x000000000c09f51e               | 7f04 add #4,r15
0c09f514 64f2 mov.l @r15,r4                       | 4f26 lds.l @r15+,pr
0c09f516 7f04 add #4,r15                          | 000b rts
0c09f518 d333 mov.l 0x000000000c09f5e8,r3         | 0009 nop
0c09f51a 432b jmp @r3                             | 906b mov.w 0x000000000c09f5f4,r0
0c09f51c 4f26 lds.l @r15+,pr                      | 2fe6 mov.l r14,@-r15
0c09f51e 7f04 add #4,r15                          | 6e43 mov r4,r14
0c09f520 4f26 lds.l @r15+,pr                      | 4f22 sts.l pr,@-r15
0c09f522 000b rts                                 | 00ec mov.b @(r0,r14),r0
0c09f524 0009 nop                                 | 600c extu.b r0,r0
0c09f526 9056 mov.w 0x000000000c09f5d6,r0         | 8802 cmp/eq #2,r0
0c09f528 2fe6 mov.l r14,@-r15                     | 8b09 bf 0x000000000c09f53e
0c09f52a 6e43 mov r4,r14                          | 9064 mov.w 0x000000000c09f5f6,r0
0c09f52c 4f22 sts.l pr,@-r15                      | 9364 mov.w 0x000000000c09f5f8,r3
0c09f52e 00ec mov.b @(r0,r14),r0                  | 02ed mov.w @(r0,r14),r2
0c09f530 600c extu.b r0,r0                        | 622d extu.w r2,r2
0c09f532 8802 cmp/eq #2,r0                        | 2238 tst r3,r2
0c09f534 8905 bt 0x000000000c09f542               | 8903 bt 0x000000000c09f53e
0c09f536 8800 cmp/eq #0,r0                        | 4f26 lds.l @r15+,pr
0c09f538 890d bt 0x000000000c09f556               | 64e3 mov r14,r4
0c09f53a 8801 cmp/eq #1,r0                        | a0a1 bra 0x000000000c09f680
0c09f53c 890b bt 0x000000000c09f556               | 6ef6 mov.l @r15+,r14
0c09f53e a00a bra 0x000000000c09f556              | d232 mov.l 0x000000000c09f608,r2
0c09f540 0009 nop                                 | 420b jsr @r2
0c09f542 9046 mov.w 0x000000000c09f5d2,r0         | 64e3 mov r14,r4
0c09f544 9246 mov.w 0x000000000c09f5d4,r2         | 600e exts.b r0,r0
0c09f546 03ed mov.w @(r0,r14),r3                  | 4011 cmp/pz r0
0c09f548 633d extu.w r3,r3                        | 8904 bt 0x000000000c09f554
0c09f54a 2328 tst r2,r3                           | 4f26 lds.l @r15+,pr
0c09f54c 8903 bt 0x000000000c09f556               | d22f mov.l 0x000000000c09f60c,r2
0c09f54e 4f26 lds.l @r15+,pr                      | 64e3 mov r14,r4
0c09f550 64e3 mov r14,r4                          | 422b jmp @r2
0c09f552 a098 bra 0x000000000c09f686              | 6ef6 mov.l @r15+,r14
0c09f554 6ef6 mov.l @r15+,r14                     | 4f26 lds.l @r15+,pr
0c09f556 d323 mov.l 0x000000000c09f5e4,r3         | 000b rts
0c09f558 430b jsr @r3                             | 6ef6 mov.l @r15+,r14
0c09f55a 64e3 mov r14,r4                          | 2fe6 mov.l r14,@-r15
0c09f55c 600e exts.b r0,r0                        | 4f22 sts.l pr,@-r15
0c09f55e 4011 cmp/pz r0                           | d32a mov.l 0x000000000c09f608,r3
0c09f560 8904 bt 0x000000000c09f56c               | 430b jsr @r3
0c09f562 4f26 lds.l @r15+,pr                      | 6e43 mov r4,r14
0c09f564 d320 mov.l 0x000000000c09f5e8,r3         | 600e exts.b r0,r0
0c09f566 64e3 mov r14,r4                          | 4011 cmp/pz r0
0c09f568 432b jmp @r3                             | 8902 bt 0x000000000c09f570
0c09f56a 6ef6 mov.l @r15+,r14                     | d329 mov.l 0x000000000c09f610,r3
0c09f56c 4f26 lds.l @r15+,pr                      | 430b jsr @r3
0c09f56e 000b rts                                 | 64e3 mov r14,r4
0c09f570 6ef6 mov.l @r15+,r14                     | 9043 mov.w 0x000000000c09f5fa,r0
0c09f572 2fe6 mov.l r14,@-r15                     | 00ec mov.b @(r0,r14),r0
0c09f574 4f22 sts.l pr,@-r15                      | 8801 cmp/eq #1,r0
0c09f576 d31b mov.l 0x000000000c09f5e4,r3         | 8b14 bf 0x000000000c09f5a2
0c09f578 430b jsr @r3                             | 903f mov.w 0x000000000c09f5fa,r0
0c09f57a 6e43 mov r4,r14                          | e400 mov #0,r4
0c09f57c 600e exts.b r0,r0                        | e317 mov #23,r3
0c09f57e 4011 cmp/pz r0                           | 0e44 mov.b r4,@(r0,r14)
0c09f580 8902 bt 0x000000000c09f588               | 7060 add #96,r0
0c09f582 d31a mov.l 0x000000000c09f5ec,r3         | 0e34 mov.b r3,@(r0,r14)
0c09f584 430b jsr @r3                             | 700b add #11,r0
0c09f586 64e3 mov r14,r4                          | 0e45 mov.w r4,@(r0,r14)
0c09f588 9026 mov.w 0x000000000c09f5d8,r0         | 70f2 add #-14,r0
0c09f58a 00ec mov.b @(r0,r14),r0                  | 0e44 mov.b r4,@(r0,r14)
0c09f58c 8801 cmp/eq #1,r0                        | 7026 add #38,r0
0c09f58e 8b14 bf 0x000000000c09f5ba               | d321 mov.l 0x000000000c09f614,r3
0c09f590 9022 mov.w 0x000000000c09f5d8,r0         | 0e46 mov.l r4,@(r0,r14)
0c09f592 e400 mov #0,r4                           | 84e2 mov.b @(2,r14),r0
0c09f594 e317 mov #23,r3                          | 6232 mov.l @r3,r2
0c09f596 0e44 mov.b r4,@(r0,r14)                  | 600c extu.b r0,r0
0c09f598 7060 add #96,r0                          | 4000 shll r0
0c09f59a 0e34 mov.b r3,@(r0,r14)                  | 727c add #124,r2
0c09f59c 700b add #11,r0                          | 012d mov.w @(r0,r2),r1
0c09f59e 0e45 mov.w r4,@(r0,r14)                  | 7101 add #1,r1
0c09f5a0 70f2 add #-14,r0                         | 0215 mov.w r1,@(r0,r2)
0c09f5a2 0e44 mov.b r4,@(r0,r14)                  | 4f26 lds.l @r15+,pr
0c09f5a4 7026 add #38,r0                          | 000b rts
0c09f5a6 d312 mov.l 0x000000000c09f5f0,r3         | 6ef6 mov.l @r15+,r14
0c09f5a8 0e46 mov.l r4,@(r0,r14)                  | 6343 mov r4,r3
0c09f5aa 84e2 mov.b @(2,r14),r0                   | d11b mov.l 0x000000000c09f618,r1
0c09f5ac 6232 mov.l @r3,r2                        | 2f46 mov.l r4,@-r15
0c09f5ae 600c extu.b r0,r0                        | 8437 mov.b @(7,r3),r0
0c09f5b0 4000 shll r0                             | 600c extu.b r0,r0
0c09f5b2 727c add #124,r2                         | 4008 shll2 r0
0c09f5b4 012d mov.w @(r0,r2),r1                   | 031e mov.l @(r0,r1),r3
0c09f5b6 7101 add #1,r1                           | 432b jmp @r3
0c09f5b8 0215 mov.w r1,@(r0,r2)                   | 7f04 add #4,r15
0c09f5ba 4f26 lds.l @r15+,pr                      | 8447 mov.b @(7,r4),r0
0c09f5bc 000b rts                                 | e302 mov #2,r3
0c09f5be 6ef6 mov.l @r15+,r14                     | 7001 add #1,r0
0c09f5c0 6343 mov r4,r3                           | 8047 mov.b r0,@(7,r4)
0c09f5c2 d10c mov.l 0x000000000c09f5f4,r1         | 901b mov.w 0x000000000c09f5fc,r0
0c09f5c4 2f46 mov.l r4,@-r15                      | 0434 mov.b r3,@(r0,r4)
0c09f5c6 8437 mov.b @(7,r3),r0                    | 70d9 add #-39,r0
0c09f5c8 600c extu.b r0,r0                        | 024c mov.b @(r0,r4),r2
0c09f5ca 4008 shll2 r0                            | 2228 tst r2,r2
0c09f5cc 031e mov.l @(r0,r1),r3                   | 8902 bt 0x000000000c09f5d4
0c09f5ce 432b jmp @r3                             | c713 mova 0x000000000c09f61c,r0
0c09f5d0 7f04 add #4,r15                          | a002 bra 0x000000000c09f5d8
0c09f5d2 01fa stc dbr,r1                          | f308 fmov @r0,fr3
0c09f5d4 1000 mov.l r0,@(0,r0)                    | c712 mova 0x000000000c09f620,r0
0c09f5d6 01e8 error                               | f308 fmov @r0,fr3
0c09f5d8 0141 error                               | e05c mov #92,r0
0c09f5da 0000 error                               | f437 fmov fr3,@(r0,r4)
0c09f5dc 4e52 sts.l fpul,@-r14                    | e068 mov #104,r0
0c09f5de 0c04 mov.b r0,@(r0,r12)                  | f38d fldi0 fr3
0c09f5e0 4f1c shad r1,r15                         | f437 fmov fr3,@(r0,r4)
0c09f5e2 0c04 mov.b r0,@(r0,r12)                  | c710 mova 0x000000000c09f624,r0
0c09f5e4 a026 bra 0x000000000c09f634              | f308 fmov @r0,fr3
0c09f5e6 0c02 stc sr,r12                          | e060 mov #96,r0
0c09f5e8 38de addc r13,r8                         | f437 fmov fr3,@(r0,r4)
0c09f5ea 0c04 mov.b r0,@(r0,r12)                  | c70f mova 0x000000000c09f628,r0
0c09f5ec 37b8 sub r11,r7                          | f308 fmov @r0,fr3
0c09f5ee 0c04 mov.b r0,@(r0,r12)                  | e06c mov #108,r0
0c09f5f0 83f8 error                               | 000b rts
0c09f5f2 0c2f mac.l @r2+,@r12+                    | f437 fmov fr3,@(r0,r4)
0c09f5f4 38ac add r10,r8                          | 01e8 error
0c09f5f6 0c24 mov.b r2,@(r0,r12)                  | 01fa stc dbr,r1
0c09f5f8 8447 mov.b @(7,r4),r0                    | 1000 mov.l r0,@(0,r0)
0c09f5fa e302 mov #2,r3                           | 0141 error
0c09f5fc 7001 add #1,r0                           | 01f9 error
0c09f5fe 8047 mov.b r0,@(7,r4)                    | 0000 error
0c09f600 9073 mov.w 0x000000000c09f6ea,r0         | 4e52 sts.l fpul,@-r14
0c09f602 0434 mov.b r3,@(r0,r4)                   | 0c04 mov.b r0,@(r0,r12)
0c09f604 70d9 add #-39,r0                         | 4f1c shad r1,r15
0c09f606 024c mov.b @(r0,r4),r2                   | 0c04 mov.b r0,@(r0,r12)
0c09f608 2228 tst r2,r2                           | a026 bra 0x000000000c09f658
0c09f60a 8902 bt 0x000000000c09f612               | 0c02 stc sr,r12
0c09f60c c739 mova 0x000000000c09f6f4,r0          | 38de addc r13,r8
0c09f60e a002 bra 0x000000000c09f616              | 0c04 mov.b r0,@(r0,r12)
0c09f610 f308 fmov @r0,fr3                        | 37b8 sub r11,r7
0c09f612 c739 mova 0x000000000c09f6f8,r0          | 0c04 mov.b r0,@(r0,r12)
0c09f614 f308 fmov @r0,fr3                        | 83f8 error
0c09f616 e05c mov #92,r0                          | 0c2f mac.l @r2+,@r12+
0c09f618 f437 fmov fr3,@(r0,r4)                   | 38ac add r10,r8
0c09f61a e068 mov #104,r0                         | 0c24 mov.b r2,@(r0,r12)
0c09f61c f38d fldi0 fr3                           | 2492 mov.l r9,@r4
0c09f61e f437 fmov fr3,@(r0,r4)                   | 4089 error
0c09f620 c736 mova 0x000000000c09f6fc,r0          | 2492 mov.l r9,@r4
0c09f622 f308 fmov @r0,fr3                        | c089 mov.b r0,@(137,gbr)
0c09f624 e060 mov #96,r0                          | 2492 mov.l r9,@r4
0c09f626 f437 fmov fr3,@(r0,r4)                   | 4109 shlr2 r1
0c09f628 c735 mova 0x000000000c09f700,r0          | 2492 mov.l r9,@r4
0c09f62a f308 fmov @r0,fr3                        | bf89 bsr 0x000000000c09f540
0c09f62c e06c mov #108,r0                         | 2fe6 mov.l r14,@-r15
0c09f62e 000b rts                                 | e038 mov #56,r0
0c09f630 f437 fmov fr3,@(r0,r4)                   | 6e43 mov r4,r14
0c09f632 905b mov.w 0x000000000c09f6ec,r0         | 4f22 sts.l pr,@-r15
0c09f634 2fe6 mov.l r14,@-r15                     | f3e6 fmov @(r0,r14),fr3
0c09f636 6e43 mov r4,r14                          | 909c mov.w 0x000000000c09f772,r0
0c09f638 4f22 sts.l pr,@-r15                      | f2e6 fmov @(r0,r14),fr2
0c09f63a f3e6 fmov @(r0,r14),fr3                  | f235 fcmp/gt fr3,fr2
0c09f63c e038 mov #56,r0                          | 8b12 bf 0x000000000c09f664
0c09f63e f2e6 fmov @(r0,r14),fr2                  | d250 mov.l 0x000000000c09f780,r2
0c09f640 f325 fcmp/gt fr2,fr3                     | 420b jsr @r2
0c09f642 8b12 bf 0x000000000c09f66a               | 64e3 mov r14,r4
0c09f644 d22f mov.l 0x000000000c09f704,r2         | 9096 mov.w 0x000000000c09f774,r0
0c09f646 420b jsr @r2                             | e300 mov #0,r3
0c09f648 64e3 mov r14,r4                          | f48d fldi0 fr4
0c09f64a 904e mov.w 0x000000000c09f6ea,r0         | 0e34 mov.b r3,@(r0,r14)
0c09f64c e300 mov #0,r3                           | e05c mov #92,r0
0c09f64e f48d fldi0 fr4                           | fe47 fmov fr4,@(r0,r14)
0c09f650 0e34 mov.b r3,@(r0,r14)                  | e060 mov #96,r0
0c09f652 e05c mov #92,r0                          | fe47 fmov fr4,@(r0,r14)
0c09f654 fe47 fmov fr4,@(r0,r14)                  | e068 mov #104,r0
0c09f656 e060 mov #96,r0                          | fe47 fmov fr4,@(r0,r14)
0c09f658 fe47 fmov fr4,@(r0,r14)                  | e06c mov #108,r0
0c09f65a e068 mov #104,r0                         | fe47 fmov fr4,@(r0,r14)
0c09f65c fe47 fmov fr4,@(r0,r14)                  | 9089 mov.w 0x000000000c09f772,r0
0c09f65e e06c mov #108,r0                         | f3e6 fmov @(r0,r14),fr3
0c09f660 fe47 fmov fr4,@(r0,r14)                  | e038 mov #56,r0
0c09f662 9043 mov.w 0x000000000c09f6ec,r0         | fe37 fmov fr3,@(r0,r14)
0c09f664 f3e6 fmov @(r0,r14),fr3                  | d347 mov.l 0x000000000c09f784,r3
0c09f666 e038 mov #56,r0                          | 430b jsr @r3
0c09f668 fe37 fmov fr3,@(r0,r14)                  | 64e3 mov r14,r4
0c09f66a d327 mov.l 0x000000000c09f708,r3         | 600e exts.b r0,r0
0c09f66c 430b jsr @r3                             | 4011 cmp/pz r0
0c09f66e 64e3 mov r14,r4                          | 8904 bt 0x000000000c09f67a
0c09f670 600e exts.b r0,r0                        | 4f26 lds.l @r15+,pr
0c09f672 4011 cmp/pz r0                           | d345 mov.l 0x000000000c09f788,r3
0c09f674 8904 bt 0x000000000c09f680               | 64e3 mov r14,r4
0c09f676 4f26 lds.l @r15+,pr                      | 432b jmp @r3
0c09f678 d324 mov.l 0x000000000c09f70c,r3         | 6ef6 mov.l @r15+,r14
0c09f67a 64e3 mov r14,r4                          | 4f26 lds.l @r15+,pr
0c09f67c 432b jmp @r3                             | 000b rts
0c09f680 4f26 lds.l @r15+,pr                      | 6343 mov r4,r3
0c09f682 000b rts                                 | d142 mov.l 0x000000000c09f78c,r1
0c09f684 6ef6 mov.l @r15+,r14                     | 2f46 mov.l r4,@-r15
0c09f686 6343 mov r4,r3                           | 8437 mov.b @(7,r3),r0
0c09f688 d121 mov.l 0x000000000c09f710,r1         | 600c extu.b r0,r0
0c09f68a 2f46 mov.l r4,@-r15                      | 4008 shll2 r0
0c09f68c 8437 mov.b @(7,r3),r0                    | 031e mov.l @(r0,r1),r3
0c09f68e 600c extu.b r0,r0                        | 432b jmp @r3
0c09f690 4008 shll2 r0                            | 7f04 add #4,r15
0c09f692 031e mov.l @(r0,r1),r3                   | 9070 mov.w 0x000000000c09f776,r0
0c09f694 432b jmp @r3                             | e300 mov #0,r3
0c09f696 7f04 add #4,r15                          | 2fe6 mov.l r14,@-r15
0c09f698 9029 mov.w 0x000000000c09f6ee,r0         | 6e43 mov r4,r14
0c09f69a e300 mov #0,r3                           | 4f22 sts.l pr,@-r15
0c09f69c 2fe6 mov.l r14,@-r15                     | 0e34 mov.b r3,@(r0,r14)
0c09f69e 6e43 mov r4,r14                          | d339 mov.l 0x000000000c09f784,r3
0c09f6a0 4f22 sts.l pr,@-r15                      | 430b jsr @r3
0c09f6a2 0e34 mov.b r3,@(r0,r14)                  | 64e3 mov r14,r4
0c09f6a4 d318 mov.l 0x000000000c09f708,r3         | 9068 mov.w 0x000000000c09f778,r0
0c09f6a6 430b jsr @r3                             | 02ec mov.b @(r0,r14),r2
0c09f6a8 64e3 mov r14,r4                          | 2228 tst r2,r2
0c09f6aa 9021 mov.w 0x000000000c09f6f0,r0         | 8d0b bt.s 0x000000000c09f6c4
0c09f6ac 02ec mov.b @(r0,r14),r2                  | f48d fldi0 fr4
0c09f6ae 2228 tst r2,r2                           | e05c mov #92,r0
0c09f6b0 8d0b bt.s 0x000000000c09f6ca             | fe47 fmov fr4,@(r0,r14)
0c09f6b2 f48d fldi0 fr4                           | e060 mov #96,r0
0c09f6b4 e05c mov #92,r0                          | fe47 fmov fr4,@(r0,r14)
0c09f6b6 fe47 fmov fr4,@(r0,r14)                  | e068 mov #104,r0
0c09f6b8 e060 mov #96,r0                          | fe47 fmov fr4,@(r0,r14)
0c09f6ba fe47 fmov fr4,@(r0,r14)                  | e06c mov #108,r0
0c09f6bc e068 mov #104,r0                         | fe47 fmov fr4,@(r0,r14)
0c09f6be fe47 fmov fr4,@(r0,r14)                  | 4f26 lds.l @r15+,pr
0c09f6c0 e06c mov #108,r0                         | 000b rts
0c09f6c2 fe47 fmov fr4,@(r0,r14)                  | 6ef6 mov.l @r15+,r14
0c09f6c4 4f26 lds.l @r15+,pr                      | 84e7 mov.b @(7,r14),r0
0c09f6c6 000b rts                                 | 7001 add #1,r0
0c09f6c8 6ef6 mov.l @r15+,r14                     | 80e7 mov.b r0,@(7,r14)
0c09f6ca 84e7 mov.b @(7,r14),r0                   | e05c mov #92,r0
0c09f6cc 7001 add #1,r0                           | fe47 fmov fr4,@(r0,r14)
0c09f6ce 80e7 mov.b r0,@(7,r14)                   | e068 mov #104,r0
0c09f6d0 e05c mov #92,r0                          | fe47 fmov fr4,@(r0,r14)
0c09f6d2 fe47 fmov fr4,@(r0,r14)                  | e060 mov #96,r0
0c09f6d4 e068 mov #104,r0                         | fe47 fmov fr4,@(r0,r14)
0c09f6d6 fe47 fmov fr4,@(r0,r14)                  | c72e mova 0x000000000c09f790,r0
0c09f6d8 e060 mov #96,r0                          | f308 fmov @r0,fr3
0c09f6da fe47 fmov fr4,@(r0,r14)                  | e06c mov #108,r0
0c09f6dc c70d mova 0x000000000c09f714,r0          | fe37 fmov fr3,@(r0,r14)
0c09f6de f308 fmov @r0,fr3                        | 4f26 lds.l @r15+,pr
0c09f6e0 e06c mov #108,r0                         | 000b rts
0c09f6e2 fe37 fmov fr3,@(r0,r14)                  | 6ef6 mov.l @r15+,r14
0c09f6e4 4f26 lds.l @r15+,pr                      | 2fe6 mov.l r14,@-r15
0c09f6e6 000b rts                                 | e15c mov #92,r1
0c09f6e8 6ef6 mov.l @r15+,r14                     | 6e43 mov r4,r14
0c09f6ea 01f9 error                               | 31ec add r14,r1
0c09f6ec 041c mov.b @(r0,r1),r4                   | e034 mov #52,r0
0c09f6ee 01fc mov.b @(r0,r15),r1                  | 4f22 sts.l pr,@-r15
0c09f6f0 0141 error                               | f2e6 fmov @(r0,r14),fr2
0c09f6f2 0000 error                               | f318 fmov @r1,fr3
0c09f6f4 2492 mov.l r9,@r4                        | e168 mov #104,r1
0c09f6f6 4089 error                               | 31ec add r14,r1
0c09f6f8 2492 mov.l r9,@r4                        | f230 fadd fr3,fr2
0c09f6fa c089 mov.b r0,@(137,gbr)                 | fe27 fmov fr2,@(r0,r14)
0c09f6fc 2492 mov.l r9,@r4                        | e05c mov #92,r0
0c09f6fe 4109 shlr2 r1                            | f318 fmov @r1,fr3
0c09f700 2492 mov.l r9,@r4                        | e160 mov #96,r1
0c09f702 bf89 bsr 0x000000000c09f618              | f2e6 fmov @(r0,r14),fr2
0c09f704 3324 div1 r2,r3                          | 31ec add r14,r1
0c09f706 0c04 mov.b r0,@(r0,r12)                  | f230 fadd fr3,fr2
0c09f708 a026 bra 0x000000000c09f758              | fe27 fmov fr2,@(r0,r14)
0c09f70a 0c02 stc sr,r12                          | e038 mov #56,r0
0c09f70c 37b8 sub r11,r7                          | f2e6 fmov @(r0,r14),fr2
0c09f70e 0c04 mov.b r0,@(r0,r12)                  | f318 fmov @r1,fr3
0c09f710 38b4 div1 r11,r8                         | e16c mov #108,r1
0c09f712 0c24 mov.b r2,@(r0,r12)                  | 31ec add r14,r1
0c09f714 b6db bsr 0x000000000c0a04ce              | f230 fadd fr3,fr2
0c09f716 bf4d bsr 0x000000000c09f5b4              | fe27 fmov fr2,@(r0,r14)
0c09f718 2fe6 mov.l r14,@-r15                     | e060 mov #96,r0
0c09f71a e15c mov #92,r1                          | f2e6 fmov @(r0,r14),fr2
0c09f71c 6e43 mov r4,r14                          | f318 fmov @r1,fr3
0c09f71e 31ec add r14,r1                          | f230 fadd fr3,fr2
0c09f720 e034 mov #52,r0                          | fe27 fmov fr2,@(r0,r14)
0c09f722 4f22 sts.l pr,@-r15                      | 902a mov.w 0x000000000c09f77a,r0
0c09f724 f2e6 fmov @(r0,r14),fr2                  | 03ec mov.b @(r0,r14),r3
0c09f726 f318 fmov @r1,fr3                        | 2338 tst r3,r3
0c09f728 e168 mov #104,r1                         | 8d3c bt.s 0x000000000c09f7a4
0c09f72a 31ec add r14,r1                          | f48d fldi0 fr4
0c09f72c f230 fadd fr3,fr2                        | 84e7 mov.b @(7,r14),r0
0c09f72e fe27 fmov fr2,@(r0,r14)                  | 7001 add #1,r0
0c09f730 e05c mov #92,r0                          | 80e7 mov.b r0,@(7,r14)
0c09f732 f318 fmov @r1,fr3                        | c718 mova 0x000000000c09f794,r0
0c09f734 e160 mov #96,r1                          | f308 fmov @r0,fr3
0c09f736 f2e6 fmov @(r0,r14),fr2                  | e05c mov #92,r0
0c09f738 31ec add r14,r1                          | fe37 fmov fr3,@(r0,r14)
0c09f73a f230 fadd fr3,fr2                        | 901f mov.w 0x000000000c09f77c,r0
0c09f73c fe27 fmov fr2,@(r0,r14)                  | 03ec mov.b @(r0,r14),r3
0c09f73e e038 mov #56,r0                          | 2338 tst r3,r3
0c09f740 f2e6 fmov @(r0,r14),fr2                  | 8903 bt 0x000000000c09f74a
0c09f742 f318 fmov @r1,fr3                        | e05c mov #92,r0
0c09f744 e16c mov #108,r1                         | f3e6 fmov @(r0,r14),fr3
0c09f746 31ec add r14,r1                          | f34d fneg fr3
0c09f748 f230 fadd fr3,fr2                        | fe37 fmov fr3,@(r0,r14)
0c09f74a fe27 fmov fr2,@(r0,r14)                  | e068 mov #104,r0
0c09f74c e060 mov #96,r0                          | 64e3 mov r14,r4
0c09f74e f2e6 fmov @(r0,r14),fr2                  | fe47 fmov fr4,@(r0,r14)
0c09f750 f318 fmov @r1,fr3                        | c711 mova 0x000000000c09f798,r0
0c09f752 f230 fadd fr3,fr2                        | f308 fmov @r0,fr3
0c09f754 fe27 fmov fr2,@(r0,r14)                  | e060 mov #96,r0
0c09f756 9088 mov.w 0x000000000c09f86a,r0         | e301 mov #1,r3
0c09f758 03ec mov.b @(r0,r14),r3                  | fe37 fmov fr3,@(r0,r14)
0c09f75a 2338 tst r3,r3                           | c710 mova 0x000000000c09f79c,r0
0c09f75c 8d23 bt.s 0x000000000c09f7a6             | f308 fmov @r0,fr3
0c09f75e f48d fldi0 fr4                           | e06c mov #108,r0
0c09f760 84e7 mov.b @(7,r14),r0                   | e614 mov #20,r6
0c09f762 7001 add #1,r0                           | fe37 fmov fr3,@(r0,r14)
0c09f764 80e7 mov.b r0,@(7,r14)                   | 6563 mov r6,r5
0c09f766 c743 mova 0x000000000c09f874,r0          | 900a mov.w 0x000000000c09f77e,r0
0c09f768 f308 fmov @r0,fr3                        | 0e34 mov.b r3,@(r0,r14)
0c09f76a e05c mov #92,r0                          | 4f26 lds.l @r15+,pr
0c09f76c fe37 fmov fr3,@(r0,r14)                  | d30c mov.l 0x000000000c09f7a0,r3
0c09f76e 907d mov.w 0x000000000c09f86c,r0         | 432b jmp @r3
0c09f770 03ec mov.b @(r0,r14),r3                  | 6ef6 mov.l @r15+,r14
0c09f772 2338 tst r3,r3                           | 041c mov.b @(r0,r1),r4
0c09f774 8903 bt 0x000000000c09f77e               | 01f9 error
0c09f776 e05c mov #92,r0                          | 01fc mov.b @(r0,r15),r1
0c09f778 f3e6 fmov @(r0,r14),fr3                  | 0141 error
0c09f77a f34d fneg fr3                            | 019e mov.l @(r0,r9),r1
0c09f77c fe37 fmov fr3,@(r0,r14)                  | 01d2 stc r5_bank,r1
0c09f77e e068 mov #104,r0                         | 01d3 error
0c09f780 64e3 mov r14,r4                          | 3324 div1 r2,r3
0c09f782 fe47 fmov fr4,@(r0,r14)                  | 0c04 mov.b r0,@(r0,r12)
0c09f784 c73c mova 0x000000000c09f878,r0          | a026 bra 0x000000000c09f7d4
0c09f786 f308 fmov @r0,fr3                        | 0c02 stc sr,r12
0c09f788 e060 mov #96,r0                          | 37b8 sub r11,r7
0c09f78a e301 mov #1,r3                           | 0c04 mov.b r0,@(r0,r12)
0c09f78c fe37 fmov fr3,@(r0,r14)                  | 38b4 div1 r11,r8
0c09f78e c73b mova 0x000000000c09f87c,r0          | 0c24 mov.b r2,@(r0,r12)
0c09f790 f308 fmov @r0,fr3                        | b6db bsr 0x000000000c0a054a
0c09f792 e06c mov #108,r0                         | bf4d bsr 0x000000000c09f630
0c09f794 e614 mov #20,r6                          | 5555 mov.l @(20,r5),r5
0c09f796 fe37 fmov fr3,@(r0,r14)                  | 4085 error
0c09f798 6563 mov r6,r5                           | 0000 error
0c09f79a 9068 mov.w 0x000000000c09f86e,r0         | 4170 error
0c09f79c 0e34 mov.b r3,@(r0,r14)                  | 2492 mov.l r9,@r4
0c09f79e 4f26 lds.l @r15+,pr                      | bf89 bsr 0x000000000c09f6b4
0c09f7a0 d337 mov.l 0x000000000c09f880,r3         | a0c4 bra 0x000000000c09f92c
0c09f7a2 432b jmp @r3                             | 0c02 stc sr,r12
0c09f7a4 6ef6 mov.l @r15+,r14                     | e038 mov #56,r0
0c09f7a6 9063 mov.w 0x000000000c09f870,r0         | f3e6 fmov @(r0,r14),fr3
0c09f7a8 f3e6 fmov @(r0,r14),fr3                  | 908b mov.w 0x000000000c09f8c2,r0
0c09f7aa e038 mov #56,r0                          | f2e6 fmov @(r0,r14),fr2
0c09f7ac f2e6 fmov @(r0,r14),fr2                  | f235 fcmp/gt fr3,fr2
0c09f7ae f325 fcmp/gt fr2,fr3                     | 8b1a bf 0x000000000c09f7e6
0c09f7b0 8b1a bf 0x000000000c09f7e8               | e003 mov #3,r0
0c09f7b2 e003 mov #3,r0                           | 80e7 mov.b r0,@(7,r14)
0c09f7b4 80e7 mov.b r0,@(7,r14)                   | e300 mov #0,r3
0c09f7b6 e300 mov #0,r3                           | 9085 mov.w 0x000000000c09f8c4,r0
0c09f7b8 905b mov.w 0x000000000c09f872,r0         | 0e34 mov.b r3,@(r0,r14)
0c09f7ba 0e34 mov.b r3,@(r0,r14)                  | e05c mov #92,r0
0c09f7bc e05c mov #92,r0                          | fe47 fmov fr4,@(r0,r14)
0c09f7be fe47 fmov fr4,@(r0,r14)                  | e060 mov #96,r0
0c09f7c0 e060 mov #96,r0                          | fe47 fmov fr4,@(r0,r14)
0c09f7c2 fe47 fmov fr4,@(r0,r14)                  | e068 mov #104,r0
0c09f7c4 e068 mov #104,r0                         | fe47 fmov fr4,@(r0,r14)
0c09f7c6 fe47 fmov fr4,@(r0,r14)                  | e06c mov #108,r0
0c09f7c8 e06c mov #108,r0                         | fe47 fmov fr4,@(r0,r14)
0c09f7ca fe47 fmov fr4,@(r0,r14)                  | 907a mov.w 0x000000000c09f8c2,r0
0c09f7cc 9050 mov.w 0x000000000c09f870,r0         | d340 mov.l 0x000000000c09f8d0,r3
0c09f7ce d32d mov.l 0x000000000c09f884,r3         | f3e6 fmov @(r0,r14),fr3
0c09f7d0 f3e6 fmov @(r0,r14),fr3                  | e038 mov #56,r0
0c09f7d2 e038 mov #56,r0                          | fe37 fmov fr3,@(r0,r14)
0c09f7d4 fe37 fmov fr3,@(r0,r14)                  | 430b jsr @r3
0c09f7d6 430b jsr @r3                             | 64e3 mov r14,r4
0c09f7d8 64e3 mov r14,r4                          | 4f26 lds.l @r15+,pr
0c09f7da 4f26 lds.l @r15+,pr                      | d23e mov.l 0x000000000c09f8d4,r2
0c09f7dc d228 mov.l 0x000000000c09f880,r2         | 64e3 mov r14,r4
0c09f7de 64e3 mov r14,r4                          | e615 mov #21,r6
0c09f7e0 e615 mov #21,r6                          | e514 mov #20,r5
0c09f7e2 e514 mov #20,r5                          | 422b jmp @r2
0c09f7e4 422b jmp @r2                             | 6ef6 mov.l @r15+,r14
0c09f7e6 6ef6 mov.l @r15+,r14                     | 4f26 lds.l @r15+,pr
0c09f7e8 4f26 lds.l @r15+,pr                      | d23b mov.l 0x000000000c09f8d8,r2
0c09f7ea d327 mov.l 0x000000000c09f888,r3         | 64e3 mov r14,r4
0c09f7ec 64e3 mov r14,r4                          | 422b jmp @r2
0c09f7ee 432b jmp @r3                             | 6ef6 mov.l @r15+,r14
0c09f7f0 6ef6 mov.l @r15+,r14                     | 2fe6 mov.l r14,@-r15
0c09f7f2 903d mov.w 0x000000000c09f870,r0         | e038 mov #56,r0
0c09f7f4 2fe6 mov.l r14,@-r15                     | 6e43 mov r4,r14
0c09f7f6 6e43 mov r4,r14                          | 4f22 sts.l pr,@-r15
0c09f7f8 4f22 sts.l pr,@-r15                      | f3e6 fmov @(r0,r14),fr3
0c09f7fa f3e6 fmov @(r0,r14),fr3                  | 9062 mov.w 0x000000000c09f8c2,r0
0c09f7fc e038 mov #56,r0                          | f2e6 fmov @(r0,r14),fr2
0c09f7fe f2e6 fmov @(r0,r14),fr2                  | f235 fcmp/gt fr3,fr2
0c09f800 f325 fcmp/gt fr2,fr3                     | 8b1c bf 0x000000000c09f83c
0c09f802 8b1c bf 0x000000000c09f83e               | 84e7 mov.b @(7,r14),r0
0c09f804 84e7 mov.b @(7,r14),r0                   | e300 mov #0,r3
0c09f806 e300 mov #0,r3                           | f48d fldi0 fr4
0c09f808 f48d fldi0 fr4                           | 7001 add #1,r0
0c09f80a 7001 add #1,r0                           | 80e7 mov.b r0,@(7,r14)
0c09f80c 80e7 mov.b r0,@(7,r14)                   | 905a mov.w 0x000000000c09f8c4,r0
0c09f80e 9030 mov.w 0x000000000c09f872,r0         | 0e34 mov.b r3,@(r0,r14)
0c09f810 0e34 mov.b r3,@(r0,r14)                  | e05c mov #92,r0
0c09f812 e05c mov #92,r0                          | fe47 fmov fr4,@(r0,r14)
0c09f814 fe47 fmov fr4,@(r0,r14)                  | e060 mov #96,r0
0c09f816 e060 mov #96,r0                          | fe47 fmov fr4,@(r0,r14)
0c09f818 fe47 fmov fr4,@(r0,r14)                  | e068 mov #104,r0
0c09f81a e068 mov #104,r0                         | fe47 fmov fr4,@(r0,r14)
0c09f81c fe47 fmov fr4,@(r0,r14)                  | e06c mov #108,r0
0c09f81e e06c mov #108,r0                         | fe47 fmov fr4,@(r0,r14)
0c09f820 fe47 fmov fr4,@(r0,r14)                  | 904f mov.w 0x000000000c09f8c2,r0
0c09f822 9025 mov.w 0x000000000c09f870,r0         | d32b mov.l 0x000000000c09f8d0,r3
0c09f824 d317 mov.l 0x000000000c09f884,r3         | f3e6 fmov @(r0,r14),fr3
0c09f826 f3e6 fmov @(r0,r14),fr3                  | e038 mov #56,r0
0c09f828 e038 mov #56,r0                          | fe37 fmov fr3,@(r0,r14)
0c09f82a fe37 fmov fr3,@(r0,r14)                  | 430b jsr @r3
0c09f82c 430b jsr @r3                             | 64e3 mov r14,r4
0c09f82e 64e3 mov r14,r4                          | 4f26 lds.l @r15+,pr
0c09f830 4f26 lds.l @r15+,pr                      | d228 mov.l 0x000000000c09f8d4,r2
0c09f832 d213 mov.l 0x000000000c09f880,r2         | 64e3 mov r14,r4
0c09f834 64e3 mov r14,r4                          | e615 mov #21,r6
0c09f836 e615 mov #21,r6                          | e514 mov #20,r5
0c09f838 e514 mov #20,r5                          | 422b jmp @r2
0c09f83a 422b jmp @r2                             | 6ef6 mov.l @r15+,r14
0c09f83c 6ef6 mov.l @r15+,r14                     | 4f26 lds.l @r15+,pr
0c09f83e 4f26 lds.l @r15+,pr                      | d226 mov.l 0x000000000c09f8d8,r2
0c09f840 d311 mov.l 0x000000000c09f888,r3         | 64e3 mov r14,r4
0c09f842 64e3 mov r14,r4                          | 422b jmp @r2
0c09f844 432b jmp @r3                             | 6ef6 mov.l @r15+,r14
0c09f846 6ef6 mov.l @r15+,r14                     | 4f22 sts.l pr,@-r15
0c09f848 4f22 sts.l pr,@-r15                      | 7ffc add #-4,r15
0c09f84a 7ffc add #-4,r15                         | d323 mov.l 0x000000000c09f8d8,r3
0c09f84c d30e mov.l 0x000000000c09f888,r3         | 430b jsr @r3
0c09f84e 430b jsr @r3                             | 2f42 mov.l r4,@r15
0c09f850 2f42 mov.l r4,@r15                       | 600e exts.b r0,r0
0c09f852 600e exts.b r0,r0                        | 4011 cmp/pz r0
0c09f854 4011 cmp/pz r0                           | 8904 bt 0x000000000c09f860
0c09f856 8904 bt 0x000000000c09f862               | 64f2 mov.l @r15,r4
0c09f858 64f2 mov.l @r15,r4                       | 7f04 add #4,r15
0c09f85a 7f04 add #4,r15                          | d320 mov.l 0x000000000c09f8dc,r3
0c09f85c d30b mov.l 0x000000000c09f88c,r3         | 432b jmp @r3
0c09f85e 432b jmp @r3                             | 4f26 lds.l @r15+,pr
0c09f860 4f26 lds.l @r15+,pr                      | 7f04 add #4,r15
0c09f862 7f04 add #4,r15                          | 4f26 lds.l @r15+,pr
0c09f864 4f26 lds.l @r15+,pr                      | 000b rts
0c09f866 000b rts                                 | 0009 nop
0c09f868 0009 nop                                 | 6343 mov r4,r3
0c09f86a 019e mov.l @(r0,r9),r1                   | d11d mov.l 0x000000000c09f8e0,r1
0c09f86c 01d2 stc r5_bank,r1                      | 2f46 mov.l r4,@-r15
0c09f86e 01d3 error                               | 8437 mov.b @(7,r3),r0
0c09f870 041c mov.b @(r0,r1),r4                   | 600c extu.b r0,r0
0c09f872 01f9 error                               | 4008 shll2 r0
0c09f874 5555 mov.l @(20,r5),r5                   | 031e mov.l @(r0,r1),r3
0c09f876 4085 error                               | 432b jmp @r3
0c09f878 0000 error                               | 7f04 add #4,r15
0c09f87a 4170 error                               | 2fe6 mov.l r14,@-r15
0c09f87c 2492 mov.l r9,@r4                        | 4f22 sts.l pr,@-r15
0c09f87e bf89 bsr 0x000000000c09f794              | d316 mov.l 0x000000000c09f8d8,r3
0c09f880 a0c4 bra 0x000000000c09fa0c              | 430b jsr @r3
0c09f882 0c02 stc sr,r12                          | 6e43 mov r4,r14
0c09f884 3324 div1 r2,r3                          | 600e exts.b r0,r0
0c09f886 0c04 mov.b r0,@(r0,r12)                  | 4011 cmp/pz r0
0c09f888 a026 bra 0x000000000c09f8d8              | 8902 bt 0x000000000c09f890
0c09f88a 0c02 stc sr,r12                          | d314 mov.l 0x000000000c09f8dc,r3
0c09f88c 37b8 sub r11,r7                          | 430b jsr @r3
0c09f88e 0c04 mov.b r0,@(r0,r12)                  | 64e3 mov r14,r4
0c09f890 6343 mov r4,r3                           | 9019 mov.w 0x000000000c09f8c6,r0
0c09f892 d14f mov.l 0x000000000c09f9d0,r1         | 04ec mov.b @(r0,r14),r4
0c09f894 2f46 mov.l r4,@-r15                      | 604e exts.b r4,r0
0c09f896 8437 mov.b @(7,r3),r0                    | c801 tst #1,r0
0c09f898 600c extu.b r0,r0                        | 8b10 bf 0x000000000c09f8bc
0c09f89a 4008 shll2 r0                            | 624e exts.b r4,r2
0c09f89c 031e mov.l @(r0,r1),r3                   | 2228 tst r2,r2
0c09f89e 432b jmp @r3                             | 890d bt 0x000000000c09f8bc
0c09f8a0 7f04 add #4,r15                          | 9012 mov.w 0x000000000c09f8c8,r0
0c09f8a2 2fe6 mov.l r14,@-r15                     | 03ee mov.l @(r0,r14),r3
0c09f8a4 4f22 sts.l pr,@-r15                      | 9011 mov.w 0x000000000c09f8ca,r0
0c09f8a6 d34b mov.l 0x000000000c09f9d4,r3         | 023c mov.b @(r0,r3),r2
0c09f8a8 430b jsr @r3                             | 2228 tst r2,r2
0c09f8aa 6e43 mov r4,r14                          | 8b07 bf 0x000000000c09f8bc
0c09f8ac 600e exts.b r0,r0                        | 84e7 mov.b @(7,r14),r0
0c09f8ae 4011 cmp/pz r0                           | e302 mov #2,r3
0c09f8b0 8902 bt 0x000000000c09f8b8               | 7001 add #1,r0
0c09f8b2 d349 mov.l 0x000000000c09f9d8,r3         | 80e7 mov.b r0,@(7,r14)
0c09f8b4 430b jsr @r3                             | 900a mov.w 0x000000000c09f8cc,r0
0c09f8b6 64e3 mov r14,r4                          | 0e34 mov.b r3,@(r0,r14)
0c09f8b8 9081 mov.w 0x000000000c09f9be,r0         | e00a mov #10,r0
0c09f8ba 00ec mov.b @(r0,r14),r0                  | 81ee mov.w r0,@(28,r14)
0c09f8bc c801 tst #1,r0                           | 4f26 lds.l @r15+,pr
0c09f8be 8b11 bf 0x000000000c09f8e4               | 000b rts
0c09f8c0 907d mov.w 0x000000000c09f9be,r0         | 6ef6 mov.l @r15+,r14
0c09f8c2 03ec mov.b @(r0,r14),r3                  | 041c mov.b @(r0,r1),r4
0c09f8c4 2338 tst r3,r3                           | 01f9 error
0c09f8c6 890d bt 0x000000000c09f8e4               | 019e mov.l @(r0,r9),r1
0c09f8c8 907a mov.w 0x000000000c09f9c0,r0         | 01b0 error
0c09f8ca 04ee mov.l @(r0,r14),r4                  | 0411 error
0c09f8cc 9079 mov.w 0x000000000c09f9c2,r0         | 01f5 mov.w r15,@(r0,r1)
0c09f8ce 034c mov.b @(r0,r4),r3                   | 0000 error
0c09f8d0 2338 tst r3,r3                           | 3324 div1 r2,r3
0c09f8d2 8b07 bf 0x000000000c09f8e4               | 0c04 mov.b r0,@(r0,r12)
0c09f8d4 84e7 mov.b @(7,r14),r0                   | a0c4 bra 0x000000000c09fa60
0c09f8d6 e302 mov #2,r3                           | 0c02 stc sr,r12
0c09f8d8 7001 add #1,r0                           | a026 bra 0x000000000c09f928
0c09f8da 80e7 mov.b r0,@(7,r14)                   | 0c02 stc sr,r12
0c09f8dc 9072 mov.w 0x000000000c09f9c4,r0         | 37b8 sub r11,r7
0c09f8de 0e34 mov.b r3,@(r0,r14)                  | 0c04 mov.b r0,@(r0,r12)
0c09f8e0 e00a mov #10,r0                          | 38c4 div1 r12,r8
0c09f8e2 81ee mov.w r0,@(28,r14)                  | 0c24 mov.b r2,@(r0,r12)
0c09f8e4 4f26 lds.l @r15+,pr                      | c74e mova 0x000000000c09fa20,r0
0c09f8e6 000b rts                                 | 2fe6 mov.l r14,@-r15
0c09f8e8 6ef6 mov.l @r15+,r14                     | 2fd6 mov.l r13,@-r15
0c09f8ea c73c mova 0x000000000c09f9dc,r0          | 6e43 mov r4,r14
0c09f8ec 2fe6 mov.l r14,@-r15                     | 4f22 sts.l pr,@-r15
0c09f8ee 2fd6 mov.l r13,@-r15                     | f408 fmov @r0,fr4
0c09f8f0 6e43 mov r4,r14                          | 908f mov.w 0x000000000c09fa12,r0
0c09f8f2 4f22 sts.l pr,@-r15                      | 00ec mov.b @(r0,r14),r0
0c09f8f4 f408 fmov @r0,fr4                        | 8801 cmp/eq #1,r0
0c09f8f6 9066 mov.w 0x000000000c09f9c6,r0         | 8f06 bf.s 0x000000000c09f906
0c09f8f8 00ec mov.b @(r0,r14),r0                  | ed00 mov #0,r13
0c09f8fa 8801 cmp/eq #1,r0                        | 908a mov.w 0x000000000c09fa12,r0
0c09f8fc 8f06 bf.s 0x000000000c09f90c             | 0ed4 mov.b r13,@(r0,r14)
0c09f8fe ed00 mov #0,r13                          | e068 mov #104,r0
0c09f900 9061 mov.w 0x000000000c09f9c6,r0         | f3e6 fmov @(r0,r14),fr3
0c09f902 0ed4 mov.b r13,@(r0,r14)                 | f342 fmul fr4,fr3
0c09f904 e068 mov #104,r0                         | fe37 fmov fr3,@(r0,r14)
0c09f906 f3e6 fmov @(r0,r14),fr3                  | 9084 mov.w 0x000000000c09fa12,r0
0c09f908 f342 fmul fr4,fr3                        | 00ec mov.b @(r0,r14),r0
0c09f90a fe37 fmov fr3,@(r0,r14)                  | 8802 cmp/eq #2,r0
0c09f90c 905b mov.w 0x000000000c09f9c6,r0         | 8b05 bf 0x000000000c09f91a
0c09f90e 00ec mov.b @(r0,r14),r0                  | 9080 mov.w 0x000000000c09fa12,r0
0c09f910 8802 cmp/eq #2,r0                        | 0ed4 mov.b r13,@(r0,r14)
0c09f912 8b05 bf 0x000000000c09f920               | e068 mov #104,r0
0c09f914 9057 mov.w 0x000000000c09f9c6,r0         | f3e6 fmov @(r0,r14),fr3
0c09f916 0ed4 mov.b r13,@(r0,r14)                 | f342 fmul fr4,fr3
0c09f918 e068 mov #104,r0                         | fe37 fmov fr3,@(r0,r14)
0c09f91a f3e6 fmov @(r0,r14),fr3                  | e068 mov #104,r0
0c09f91c f342 fmul fr4,fr3                        | f3e6 fmov @(r0,r14),fr3
0c09f91e fe37 fmov fr3,@(r0,r14)                  | e05c mov #92,r0
0c09f920 e068 mov #104,r0                         | f2e6 fmov @(r0,r14),fr2
0c09f922 f3e6 fmov @(r0,r14),fr3                  | f232 fmul fr3,fr2
0c09f924 e05c mov #92,r0                          | f38d fldi0 fr3
0c09f926 f2e6 fmov @(r0,r14),fr2                  | f235 fcmp/gt fr3,fr2
0c09f928 f232 fmul fr3,fr2                        | 8f08 bf.s 0x000000000c09f93c
0c09f92a f38d fldi0 fr3                           | e402 mov #2,r4
0c09f92c f235 fcmp/gt fr3,fr2                     | f43c fmov fr3,fr4
0c09f92e 8f08 bf.s 0x000000000c09f942             | fe47 fmov fr4,@(r0,r14)
0c09f930 e402 mov #2,r4                           | e060 mov #96,r0
0c09f932 f43c fmov fr3,fr4                        | fe47 fmov fr4,@(r0,r14)
0c09f934 fe47 fmov fr4,@(r0,r14)                  | e068 mov #104,r0
0c09f936 e060 mov #96,r0                          | fe47 fmov fr4,@(r0,r14)
0c09f938 fe47 fmov fr4,@(r0,r14)                  | e06c mov #108,r0
0c09f93a e068 mov #104,r0                         | fe47 fmov fr4,@(r0,r14)
0c09f93c fe47 fmov fr4,@(r0,r14)                  | 906a mov.w 0x000000000c09fa14,r0
0c09f93e e06c mov #108,r0                         | 0e44 mov.b r4,@(r0,r14)
0c09f940 fe47 fmov fr4,@(r0,r14)                  | 85ee mov.w @(28,r14),r0
0c09f942 903f mov.w 0x000000000c09f9c4,r0         | 70ff add #-1,r0
0c09f944 0e44 mov.b r4,@(r0,r14)                  | 81ee mov.w r0,@(28,r14)
0c09f946 85ee mov.w @(28,r14),r0                  | 7001 add #1,r0
0c09f948 70ff add #-1,r0                          | 600f exts.w r0,r0
0c09f94a 81ee mov.w r0,@(28,r14)                  | 4015 cmp/pl r0
0c09f94c 7001 add #1,r0                           | 8924 bt 0x000000000c09f998
0c09f94e 600f exts.w r0,r0                        | 9062 mov.w 0x000000000c09fa16,r0
0c09f950 4015 cmp/pl r0                           | 9362 mov.w 0x000000000c09fa18,r3
0c09f952 8924 bt 0x000000000c09f99e               | 02ed mov.w @(r0,r14),r2
0c09f954 9038 mov.w 0x000000000c09f9c8,r0         | 622d extu.w r2,r2
0c09f956 9338 mov.w 0x000000000c09f9ca,r3         | 2238 tst r3,r2
0c09f958 02ed mov.w @(r0,r14),r2                  | 891e bt 0x000000000c09f998
0c09f95a 622d extu.w r2,r2                        | 84e7 mov.b @(7,r14),r0
0c09f95c 2238 tst r3,r2                           | d331 mov.l 0x000000000c09fa24,r3
0c09f95e 891e bt 0x000000000c09f99e               | 7001 add #1,r0
0c09f960 84e7 mov.b @(7,r14),r0                   | 80e7 mov.b r0,@(7,r14)
0c09f962 d21f mov.l 0x000000000c09f9e0,r2         | 9057 mov.w 0x000000000c09fa14,r0
0c09f964 7001 add #1,r0                           | 0e44 mov.b r4,@(r0,r14)
0c09f966 80e7 mov.b r0,@(7,r14)                   | 430b jsr @r3
0c09f968 902c mov.w 0x000000000c09f9c4,r0         | 64e3 mov r14,r4
0c09f96a 0e44 mov.b r4,@(r0,r14)                  | 9056 mov.w 0x000000000c09fa1a,r0
0c09f96c 420b jsr @r2                             | e216 mov #22,r2
0c09f96e 64e3 mov r14,r4                          | d32e mov.l 0x000000000c09fa28,r3
0c09f970 902c mov.w 0x000000000c09f9cc,r0         | e514 mov #20,r5
0c09f972 e316 mov #22,r3                          | 0e24 mov.b r2,@(r0,r14)
0c09f974 e514 mov #20,r5                          | 700b add #11,r0
0c09f976 0e34 mov.b r3,@(r0,r14)                  | 0ed5 mov.w r13,@(r0,r14)
0c09f978 700b add #11,r0                          | 70f2 add #-14,r0
0c09f97a 0ed5 mov.w r13,@(r0,r14)                 | 0ed4 mov.b r13,@(r0,r14)
0c09f97c 70f2 add #-14,r0                         | 7026 add #38,r0
0c09f97e 0ed4 mov.b r13,@(r0,r14)                 | 0ed6 mov.l r13,@(r0,r14)
0c09f980 7026 add #38,r0                          | e604 mov #4,r6
0c09f982 d318 mov.l 0x000000000c09f9e4,r3         | 84e2 mov.b @(2,r14),r0
0c09f984 e604 mov #4,r6                           | 6232 mov.l @r3,r2
0c09f986 0ed6 mov.l r13,@(r0,r14)                 | 600c extu.b r0,r0
0c09f988 84e2 mov.b @(2,r14),r0                   | 4000 shll r0
0c09f98a 6232 mov.l @r3,r2                        | 727c add #124,r2
0c09f98c 600c extu.b r0,r0                        | 012d mov.w @(r0,r2),r1
0c09f98e 4000 shll r0                             | 7101 add #1,r1
0c09f990 727c add #124,r2                         | 0215 mov.w r1,@(r0,r2)
0c09f992 012d mov.w @(r0,r2),r1                   | d226 mov.l 0x000000000c09fa2c,r2
0c09f994 7101 add #1,r1                           | 420b jsr @r2
0c09f996 0215 mov.w r1,@(r0,r2)                   | 64e3 mov r14,r4
0c09f998 d213 mov.l 0x000000000c09f9e8,r2         | d325 mov.l 0x000000000c09fa30,r3
0c09f99a 420b jsr @r2                             | 430b jsr @r3
0c09f99e d30d mov.l 0x000000000c09f9d4,r3         | 600e exts.b r0,r0
0c09f9a0 430b jsr @r3                             | 4011 cmp/pz r0
0c09f9a2 64e3 mov r14,r4                          | 8905 bt 0x000000000c09f9b0
0c09f9a4 600e exts.b r0,r0                        | 4f26 lds.l @r15+,pr
0c09f9a6 4011 cmp/pz r0                           | d323 mov.l 0x000000000c09fa34,r3
0c09f9a8 8905 bt 0x000000000c09f9b6               | 64e3 mov r14,r4
0c09f9aa 4f26 lds.l @r15+,pr                      | 6df6 mov.l @r15+,r13
0c09f9ac d30a mov.l 0x000000000c09f9d8,r3         | 432b jmp @r3
0c09f9ae 64e3 mov r14,r4                          | 6ef6 mov.l @r15+,r14
0c09f9b0 6df6 mov.l @r15+,r13                     | 4f26 lds.l @r15+,pr
0c09f9b2 432b jmp @r3                             | 6df6 mov.l @r15+,r13
0c09f9b4 6ef6 mov.l @r15+,r14                     | 000b rts
0c09f9b6 4f26 lds.l @r15+,pr                      | 6ef6 mov.l @r15+,r14
0c09f9b8 6df6 mov.l @r15+,r13                     | 902b mov.w 0x000000000c09fa12,r0
0c09f9ba 000b rts                                 | 2fe6 mov.l r14,@-r15
0c09f9bc 6ef6 mov.l @r15+,r14                     | 6e43 mov r4,r14
0c09f9be 019e mov.l @(r0,r9),r1                   | 4f22 sts.l pr,@-r15
0c09f9c0 01b0 error                               | 00ec mov.b @(r0,r14),r0
0c09f9c2 0411 error                               | 8801 cmp/eq #1,r0
0c09f9c4 01f5 mov.w r15,@(r0,r1)                  | 8f08 bf.s 0x000000000c09f9d8
0c09f9c6 0141 error                               | f48d fldi0 fr4
0c09f9c8 0348 error                               | e05c mov #92,r0
0c09f9ca 0100 error                               | fe47 fmov fr4,@(r0,r14)
0c09f9cc 01a1 error                               | e060 mov #96,r0
0c09f9ce 0000 error                               | fe47 fmov fr4,@(r0,r14)
0c09f9d0 38c4 div1 r12,r8                         | e068 mov #104,r0
0c09f9d2 0c24 mov.b r2,@(r0,r12)                  | fe47 fmov fr4,@(r0,r14)
0c09f9d4 a026 bra 0x000000000c09fa24              | e06c mov #108,r0
0c09f9d6 0c02 stc sr,r12                          | fe47 fmov fr4,@(r0,r14)
0c09f9d8 37b8 sub r11,r7                          | e068 mov #104,r0
0c09f9da 0c04 mov.b r0,@(r0,r12)                  | f3e6 fmov @(r0,r14),fr3
0c09f9dc 0000 error                               | e05c mov #92,r0
0c09f9de 4080 error                               | f2e6 fmov @(r0,r14),fr2
0c09f9e0 42fa ldc r2,dbr                          | f232 fmul fr3,fr2
0c09f9e2 0c04 mov.b r0,@(r0,r12)                  | f38d fldi0 fr3
0c09f9e4 83f8 error                               | f235 fcmp/gt fr3,fr2
0c09f9e6 0c2f mac.l @r2+,@r12+                    | 8b06 bf 0x000000000c09f9f6
0c09f9e8 a0c4 bra 0x000000000c09fb74              | fe47 fmov fr4,@(r0,r14)
0c09f9ea 0c02 stc sr,r12                          | e060 mov #96,r0
0c09f9ec 9083 mov.w 0x000000000c09faf6,r0         | fe47 fmov fr4,@(r0,r14)
0c09f9ee 2fe6 mov.l r14,@-r15                     | e068 mov #104,r0
0c09f9f0 6e43 mov r4,r14                          | fe47 fmov fr4,@(r0,r14)
0c09f9f2 4f22 sts.l pr,@-r15                      | e06c mov #108,r0
0c09f9f4 00ec mov.b @(r0,r14),r0                  | fe47 fmov fr4,@(r0,r14)
0c09f9f6 8801 cmp/eq #1,r0                        | 900c mov.w 0x000000000c09fa12,r0
0c09f9f8 8f08 bf.s 0x000000000c09fa0c             | 00ec mov.b @(r0,r14),r0
0c09f9fa f48d fldi0 fr4                           | 8802 cmp/eq #2,r0
0c09f9fc e05c mov #92,r0                          | 8b2d bf 0x000000000c09fa5a
0c09f9fe fe47 fmov fr4,@(r0,r14)                  | 9008 mov.w 0x000000000c09fa12,r0
0c09fa00 e060 mov #96,r0                          | e200 mov #0,r2
0c09fa02 fe47 fmov fr4,@(r0,r14)                  | 0e24 mov.b r2,@(r0,r14)
0c09fa04 e068 mov #104,r0                         | 900a mov.w 0x000000000c09fa1c,r0
0c09fa06 fe47 fmov fr4,@(r0,r14)                  | 03ec mov.b @(r0,r14),r3
0c09fa08 e06c mov #108,r0                         | 2338 tst r3,r3
0c09fa0a fe47 fmov fr4,@(r0,r14)                  | 8917 bt 0x000000000c09fa3c
0c09fa0c e068 mov #104,r0                         | c70a mova 0x000000000c09fa38,r0
0c09fa0e f3e6 fmov @(r0,r14),fr3                  | a017 bra 0x000000000c09fa40
0c09fa10 e05c mov #92,r0                          | f308 fmov @r0,fr3
0c09fa12 f2e6 fmov @(r0,r14),fr2                  | 0141 error
0c09fa14 f232 fmul fr3,fr2                        | 01f5 mov.w r15,@(r0,r1)
0c09fa16 f38d fldi0 fr3                           | 0348 error
0c09fa18 f235 fcmp/gt fr3,fr2                     | 0100 error
0c09fa1a 8b06 bf 0x000000000c09fa2a               | 01a1 error
0c09fa1c fe47 fmov fr4,@(r0,r14)                  | 01d2 stc r5_bank,r1
0c09fa1e e060 mov #96,r0                          | 0000 error
0c09fa20 fe47 fmov fr4,@(r0,r14)                  | 0000 error
0c09fa22 e068 mov #104,r0                         | 4080 error
0c09fa24 fe47 fmov fr4,@(r0,r14)                  | 42fa ldc r2,dbr
0c09fa26 e06c mov #108,r0                         | 0c04 mov.b r0,@(r0,r12)
0c09fa28 fe47 fmov fr4,@(r0,r14)                  | 83f8 error
0c09fa2a 9064 mov.w 0x000000000c09faf6,r0         | 0c2f mac.l @r2+,@r12+
0c09fa2c 00ec mov.b @(r0,r14),r0                  | a0c4 bra 0x000000000c09fbb8
0c09fa2e 8802 cmp/eq #2,r0                        | 0c02 stc sr,r12
0c09fa30 8b18 bf 0x000000000c09fa64               | a026 bra 0x000000000c09fa80
0c09fa32 9060 mov.w 0x000000000c09faf6,r0         | 0c02 stc sr,r12
0c09fa34 e200 mov #0,r2                           | 37b8 sub r11,r7
0c09fa36 0e24 mov.b r2,@(r0,r14)                  | 0c04 mov.b r0,@(r0,r12)
0c09fa38 905e mov.w 0x000000000c09faf8,r0         | 5555 mov.l @(20,r5),r5
0c09fa3a 03ec mov.b @(r0,r14),r3                  | 417d shld r7,r1
0c09fa3c 2338 tst r3,r3                           | c743 mova 0x000000000c09fb4c,r0
0c09fa3e 8902 bt 0x000000000c09fa46               | f308 fmov @r0,fr3
0c09fa40 c72e mova 0x000000000c09fafc,r0          | e05c mov #92,r0
0c09fa42 a002 bra 0x000000000c09fa4a              | fe37 fmov fr3,@(r0,r14)
0c09fa44 f308 fmov @r0,fr3                        | 907f mov.w 0x000000000c09fb46,r0
0c09fa46 c72e mova 0x000000000c09fb00,r0          | 03ec mov.b @(r0,r14),r3
0c09fa48 f308 fmov @r0,fr3                        | 2338 tst r3,r3
0c09fa4a e05c mov #92,r0                          | 8902 bt 0x000000000c09fa52
0c09fa4c fe37 fmov fr3,@(r0,r14)                  | c740 mova 0x000000000c09fb50,r0
0c09fa4e 9053 mov.w 0x000000000c09faf8,r0         | a002 bra 0x000000000c09fa56
0c09fa50 03ec mov.b @(r0,r14),r3                  | f308 fmov @r0,fr3
0c09fa52 2338 tst r3,r3                           | c740 mova 0x000000000c09fb54,r0
0c09fa54 8902 bt 0x000000000c09fa5c               | f308 fmov @r0,fr3
0c09fa56 c72b mova 0x000000000c09fb04,r0          | e068 mov #104,r0
0c09fa58 a002 bra 0x000000000c09fa60              | fe37 fmov fr3,@(r0,r14)
0c09fa5a f308 fmov @r0,fr3                        | d33f mov.l 0x000000000c09fb58,r3
0c09fa5c c72a mova 0x000000000c09fb08,r0          | 430b jsr @r3
0c09fa5e f308 fmov @r0,fr3                        | 64e3 mov r14,r4
0c09fa60 e068 mov #104,r0                         | 600e exts.b r0,r0
0c09fa62 fe37 fmov fr3,@(r0,r14)                  | 4011 cmp/pz r0
0c09fa64 d329 mov.l 0x000000000c09fb0c,r3         | 8904 bt 0x000000000c09fa70
0c09fa66 430b jsr @r3                             | 4f26 lds.l @r15+,pr
0c09fa68 64e3 mov r14,r4                          | d33c mov.l 0x000000000c09fb5c,r3
0c09fa6a 600e exts.b r0,r0                        | 64e3 mov r14,r4
0c09fa6c 4011 cmp/pz r0                           | 432b jmp @r3
0c09fa6e 8904 bt 0x000000000c09fa7a               | 6ef6 mov.l @r15+,r14
0c09fa72 d327 mov.l 0x000000000c09fb10,r3         | 000b rts
0c09fa74 64e3 mov r14,r4                          | 6ef6 mov.l @r15+,r14
0c09fa76 432b jmp @r3                             | 9067 mov.w 0x000000000c09fb48,r0
0c09fa78 6ef6 mov.l @r15+,r14                     | 2fe6 mov.l r14,@-r15
0c09fa7a 4f26 lds.l @r15+,pr                      | 6e43 mov r4,r14
0c09fa7c 000b rts                                 | 4f22 sts.l pr,@-r15
0c09fa7e 6ef6 mov.l @r15+,r14                     | 03ec mov.b @(r0,r14),r3
0c09fa80 9039 mov.w 0x000000000c09faf6,r0         | 2338 tst r3,r3
0c09fa82 2fe6 mov.l r14,@-r15                     | 891a bt 0x000000000c09faba
0c09fa84 6e43 mov r4,r14                          | c736 mova 0x000000000c09fb60,r0
0c09fa86 4f22 sts.l pr,@-r15                      | f408 fmov @r0,fr4
0c09fa88 03ec mov.b @(r0,r14),r3                  | 905d mov.w 0x000000000c09fb46,r0
0c09fa8a 2338 tst r3,r3                           | 03ec mov.b @(r0,r14),r3
0c09fa8c 891c bt 0x000000000c09fac8               | 2338 tst r3,r3
0c09fa8e 9033 mov.w 0x000000000c09faf8,r0         | 8909 bt 0x000000000c09faa4
0c09fa90 e234 mov #52,r2                          | 935a mov.w 0x000000000c09fb48,r3
0c09fa92 03ec mov.b @(r0,r14),r3                  | e034 mov #52,r0
0c09fa94 2338 tst r3,r3                           | f2e6 fmov @(r0,r14),fr2
0c09fa96 8d0a bt.s 0x000000000c09faae             | 33ec add r14,r3
0c09fa98 32ec add r14,r2                          | f04c fmov fr4,fr0
0c09fa9a 932c mov.w 0x000000000c09faf6,r3         | 6330 mov.b @r3,r3
0c09fa9c d11d mov.l 0x000000000c09fb14,r1         | 435a lds r3,fpul
0c09fa9e 33ec add r14,r3                          | f32d float fpul,fr3
0c09faa0 6330 mov.b @r3,r3                        | a00a bra 0x000000000c09fab8
0c09faa2 435a lds r3,fpul                         | f23e fmac fr0,fr3,fr2
0c09faa4 f32d float fpul,fr3                      | 9350 mov.w 0x000000000c09fb48,r3
0c09faa6 415a lds r1,fpul                         | e034 mov #52,r0
0c09faa8 f20d fsts fpul,fr2                       | f2e6 fmov @(r0,r14),fr2
0c09faaa a00a bra 0x000000000c09fac2              | 33ec add r14,r3
0c09faac f322 fmul fr2,fr3                        | 6330 mov.b @r3,r3
0c09faae 9322 mov.w 0x000000000c09faf6,r3         | 435a lds r3,fpul
0c09fab0 d118 mov.l 0x000000000c09fb14,r1         | f32d float fpul,fr3
0c09fab2 33ec add r14,r3                          | f342 fmul fr4,fr3
0c09fab4 6330 mov.b @r3,r3                        | f34d fneg fr3
0c09fab6 435a lds r3,fpul                         | f230 fadd fr3,fr2
0c09fab8 f32d float fpul,fr3                      | fe27 fmov fr2,@(r0,r14)
0c09faba 415a lds r1,fpul                         | d327 mov.l 0x000000000c09fb58,r3
0c09fabc f20d fsts fpul,fr2                       | 430b jsr @r3
0c09fabe f322 fmul fr2,fr3                        | 64e3 mov r14,r4
0c09fac0 f34d fneg fr3                            | 600e exts.b r0,r0
0c09fac2 f228 fmov @r2,fr2                        | 4011 cmp/pz r0
0c09fac4 f230 fadd fr3,fr2                        | 8904 bt 0x000000000c09fad0
0c09fac6 f22a fmov fr2,@r2                        | 4f26 lds.l @r15+,pr
0c09fac8 d310 mov.l 0x000000000c09fb0c,r3         | d324 mov.l 0x000000000c09fb5c,r3
0c09faca 430b jsr @r3                             | 64e3 mov r14,r4
0c09facc 64e3 mov r14,r4                          | 432b jmp @r3
0c09face 600e exts.b r0,r0                        | 6ef6 mov.l @r15+,r14
0c09fad0 4011 cmp/pz r0                           | 4f26 lds.l @r15+,pr
0c09fad2 8904 bt 0x000000000c09fade               | 000b rts
0c09fad4 4f26 lds.l @r15+,pr                      | 6ef6 mov.l @r15+,r14
0c09fad6 d30e mov.l 0x000000000c09fb10,r3         | 6343 mov r4,r3
0c09fad8 64e3 mov r14,r4                          | d122 mov.l 0x000000000c09fb64,r1
0c09fada 432b jmp @r3                             | 2f46 mov.l r4,@-r15
0c09fadc 6ef6 mov.l @r15+,r14                     | 8437 mov.b @(7,r3),r0
0c09fade 4f26 lds.l @r15+,pr                      | 600c extu.b r0,r0
0c09fae0 000b rts                                 | 4008 shll2 r0
0c09fae2 6ef6 mov.l @r15+,r14                     | 031e mov.l @(r0,r1),r3
0c09fae4 6343 mov r4,r3                           | 432b jmp @r3
0c09fae6 d10c mov.l 0x000000000c09fb18,r1         | 7f04 add #4,r15
0c09fae8 2f46 mov.l r4,@-r15                      | 902f mov.w 0x000000000c09fb4a,r0
0c09faea 8437 mov.b @(7,r3),r0                    | 2fe6 mov.l r14,@-r15
0c09faec 600c extu.b r0,r0                        | 6e43 mov r4,r14
0c09faee 4008 shll2 r0                            | 4f22 sts.l pr,@-r15
0c09faf0 031e mov.l @(r0,r1),r3                   | 03ec mov.b @(r0,r14),r3
0c09faf2 432b jmp @r3                             | 2338 tst r3,r3
0c09faf4 7f04 add #4,r15                          | 8908 bt 0x000000000c09fb08
0c09faf6 0141 error                               | 84e7 mov.b @(7,r14),r0
0c09faf8 01d2 stc r5_bank,r1                      | e700 mov #0,r7
0c09fafa 0000 error                               | d31b mov.l 0x000000000c09fb68,r3
0c09fafc 5555 mov.l @(20,r5),r5                   | e503 mov #3,r5
0c09fafe 417d shld r7,r1                          | 7001 add #1,r0
0c09fb00 5555 mov.l @(20,r5),r5                   | 6673 mov r7,r6
0c09fb02 c17d mov.w r0,@(250,gbr)                 | 80e7 mov.b r0,@(7,r14)
0c09fb04 0000 error                               | 430b jsr @r3
0c09fb06 bf20 bsr 0x000000000c09f94a              | 64e3 mov r14,r4
0c09fb08 0000 error                               | d213 mov.l 0x000000000c09fb58,r2
0c09fb0a 3f20 cmp/eq r2,r15                       | 420b jsr @r2
0c09fb0c a026 bra 0x000000000c09fb5c              | 64e3 mov r14,r4
0c09fb0e 0c02 stc sr,r12                          | 600e exts.b r0,r0
0c09fb10 37b8 sub r11,r7                          | 4011 cmp/pz r0
0c09fb12 0c04 mov.b r0,@(r0,r12)                  | 8904 bt 0x000000000c09fb1e
0c09fb14 5555 mov.l @(20,r5),r5                   | 4f26 lds.l @r15+,pr
0c09fb16 3fd5 dmulu.l r13,r15                     | d211 mov.l 0x000000000c09fb5c,r2
0c09fb18 38d0 cmp/eq r13,r8                       | 64e3 mov r14,r4
0c09fb1a 0c24 mov.b r2,@(r0,r12)                  | 422b jmp @r2
0c09fb1c 9054 mov.w 0x000000000c09fbc8,r0         | 6ef6 mov.l @r15+,r14
0c09fb1e 2fe6 mov.l r14,@-r15                     | 4f26 lds.l @r15+,pr
0c09fb20 6e43 mov r4,r14                          | 000b rts
0c09fb22 4f22 sts.l pr,@-r15                      | 6ef6 mov.l @r15+,r14
0c09fb24 03ec mov.b @(r0,r14),r3                  | 4f22 sts.l pr,@-r15
0c09fb26 2338 tst r3,r3                           | 7ffc add #-4,r15
0c09fb28 8908 bt 0x000000000c09fb3c               | d30b mov.l 0x000000000c09fb58,r3
0c09fb2a 84e7 mov.b @(7,r14),r0                   | 430b jsr @r3
0c09fb2c e700 mov #0,r7                           | 2f42 mov.l r4,@r15
0c09fb2e d329 mov.l 0x000000000c09fbd4,r3         | 600e exts.b r0,r0
0c09fb30 e503 mov #3,r5                           | 4011 cmp/pz r0
0c09fb32 7001 add #1,r0                           | 8904 bt 0x000000000c09fb3e
0c09fb34 6673 mov r7,r6                           | 64f2 mov.l @r15,r4
0c09fb36 80e7 mov.b r0,@(7,r14)                   | 7f04 add #4,r15
0c09fb38 430b jsr @r3                             | d308 mov.l 0x000000000c09fb5c,r3
0c09fb3a 64e3 mov r14,r4                          | 432b jmp @r3
0c09fb3c d226 mov.l 0x000000000c09fbd8,r2         | 4f26 lds.l @r15+,pr
0c09fb3e 420b jsr @r2                             | 7f04 add #4,r15
0c09fb40 64e3 mov r14,r4                          | 4f26 lds.l @r15+,pr
0c09fb42 600e exts.b r0,r0                        | 000b rts
0c09fb44 4011 cmp/pz r0                           | 0009 nop
0c09fb46 8904 bt 0x000000000c09fb52               | 01d2 stc r5_bank,r1
0c09fb48 4f26 lds.l @r15+,pr                      | 0141 error
0c09fb4a d224 mov.l 0x000000000c09fbdc,r2         | 019e mov.l @(r0,r9),r1
0c09fb4c 64e3 mov r14,r4                          | 5555 mov.l @(20,r5),r5
0c09fb4e 422b jmp @r2                             | c17d mov.w r0,@(250,gbr)
0c09fb50 6ef6 mov.l @r15+,r14                     | 0000 error
0c09fb52 4f26 lds.l @r15+,pr                      | bf20 bsr 0x000000000c09f996
0c09fb54 000b rts                                 | 0000 error
0c09fb56 6ef6 mov.l @r15+,r14                     | 3f20 cmp/eq r2,r15
0c09fb58 4f22 sts.l pr,@-r15                      | a026 bra 0x000000000c09fba8
0c09fb5a 7ffc add #-4,r15                         | 0c02 stc sr,r12
0c09fb5c d31e mov.l 0x000000000c09fbd8,r3         | 37b8 sub r11,r7
0c09fb5e 430b jsr @r3                             | 0c04 mov.b r0,@(r0,r12)
0c09fb60 2f42 mov.l r4,@r15                       | 5555 mov.l @(20,r5),r5
0c09fb62 600e exts.b r0,r0                        | 3fd5 dmulu.l r13,r15
0c09fb64 4011 cmp/pz r0                           | 38d0 cmp/eq r13,r8
0c09fb66 8904 bt 0x000000000c09fb72               | 0c24 mov.b r2,@(r0,r12)
0c09fb68 64f2 mov.l @r15,r4                       | a9fe bra 0x000000000c09ef68
0c09fb6a 7f04 add #4,r15                          | 0c14 mov.b r1,@(r0,r12)
0c09fb6c d31b mov.l 0x000000000c09fbdc,r3         | 9095 mov.w 0x000000000c09fc9a,r0
0c09fb6e 432b jmp @r3                             | 2fe6 mov.l r14,@-r15
0c09fb70 4f26 lds.l @r15+,pr                      | 6e43 mov r4,r14
0c09fb72 7f04 add #4,r15                          | 2fd6 mov.l r13,@-r15
0c09fb74 4f26 lds.l @r15+,pr                      | d14d mov.l 0x000000000c09fcac,r1
0c09fb76 000b rts                                 | 4f22 sts.l pr,@-r15
0c09fb78 0009 nop                                 | 0dee mov.l @(r0,r14),r13
0c09fb7a 9026 mov.w 0x000000000c09fbca,r0         | 84e7 mov.b @(7,r14),r0
0c09fb7c 2fe6 mov.l r14,@-r15                     | 600c extu.b r0,r0
0c09fb7e 6e43 mov r4,r14                          | 4008 shll2 r0
0c09fb80 2fd6 mov.l r13,@-r15                     | 031e mov.l @(r0,r1),r3
0c09fb82 d117 mov.l 0x000000000c09fbe0,r1         | 430b jsr @r3
0c09fb84 4f22 sts.l pr,@-r15                      | 0009 nop
0c09fb86 0dee mov.l @(r0,r14),r13                 | 9089 mov.w 0x000000000c09fc9c,r0
0c09fb88 84e7 mov.b @(7,r14),r0                   | 00dc mov.b @(r0,r13),r0
0c09fb8c 4008 shll2 r0                            | 880a cmp/eq #10,r0
0c09fb8e 031e mov.l @(r0,r1),r3                   | 8b06 bf 0x000000000c09fb9e
0c09fb90 430b jsr @r3                             | 9085 mov.w 0x000000000c09fc9e,r0
0c09fb92 0009 nop                                 | 02de mov.l @(r0,r13),r2
0c09fb94 901a mov.w 0x000000000c09fbcc,r0         | 32e0 cmp/eq r14,r2
0c09fb96 00dc mov.b @(r0,r13),r0                  | 8b02 bf 0x000000000c09fb9e
0c09fb98 600c extu.b r0,r0                        | 9082 mov.w 0x000000000c09fca0,r0
0c09fb9a 880a cmp/eq #10,r0                       | e100 mov #0,r1
0c09fb9c 8b06 bf 0x000000000c09fbac               | 0d14 mov.b r1,@(r0,r13)
0c09fb9e 9016 mov.w 0x000000000c09fbce,r0         | 4f26 lds.l @r15+,pr
0c09fba0 02de mov.l @(r0,r13),r2                  | 6df6 mov.l @r15+,r13
0c09fba2 32e0 cmp/eq r14,r2                       | 000b rts
0c09fba4 8b02 bf 0x000000000c09fbac               | 6ef6 mov.l @r15+,r14
0c09fba6 9013 mov.w 0x000000000c09fbd0,r0         | 8447 mov.b @(7,r4),r0
0c09fba8 e100 mov #0,r1                           | 7001 add #1,r0
0c09fbaa 0d14 mov.b r1,@(r0,r13)                  | 8047 mov.b r0,@(7,r4)
0c09fbac 4f26 lds.l @r15+,pr                      | 9079 mov.w 0x000000000c09fca2,r0
0c09fbae 6df6 mov.l @r15+,r13                     | 034c mov.b @(r0,r4),r3
0c09fbb0 000b rts                                 | 2338 tst r3,r3
0c09fbb2 6ef6 mov.l @r15+,r14                     | 8902 bt 0x000000000c09fbba
0c09fbb4 8447 mov.b @(7,r4),r0                    | c73e mova 0x000000000c09fcb0,r0
0c09fbb6 7001 add #1,r0                           | a002 bra 0x000000000c09fbbe
0c09fbb8 8047 mov.b r0,@(7,r4)                    | f308 fmov @r0,fr3
0c09fbba 900a mov.w 0x000000000c09fbd2,r0         | c73e mova 0x000000000c09fcb4,r0
0c09fbbc 034c mov.b @(r0,r4),r3                   | f308 fmov @r0,fr3
0c09fbbe 2338 tst r3,r3                           | e05c mov #92,r0
0c09fbc0 8912 bt 0x000000000c09fbe8               | f437 fmov fr3,@(r0,r4)
0c09fbc2 c708 mova 0x000000000c09fbe4,r0          | e068 mov #104,r0
0c09fbc4 a012 bra 0x000000000c09fbec              | f38d fldi0 fr3
0c09fbc6 f308 fmov @r0,fr3                        | e302 mov #2,r3
0c09fbc8 019e mov.l @(r0,r9),r1                   | f437 fmov fr3,@(r0,r4)
0c09fbca 020c mov.b @(r0,r0),r2                   | c73b mova 0x000000000c09fcb8,r0
0c09fbcc 0233 error                               | f308 fmov @r0,fr3
0c09fbce 01b4 mov.b r11,@(r0,r1)                  | e060 mov #96,r0
0c09fbd0 0236 mov.l r3,@(r0,r2)                   | f437 fmov fr3,@(r0,r4)
0c09fbd2 01d2 stc r5_bank,r1                      | c73a mova 0x000000000c09fcbc,r0
0c09fbd4 a9fe bra 0x000000000c09efd4              | f308 fmov @r0,fr3
0c09fbd6 0c14 mov.b r1,@(r0,r12)                  | e06c mov #108,r0
0c09fbd8 a026 bra 0x000000000c09fc28              | f437 fmov fr3,@(r0,r4)
0c09fbda 0c02 stc sr,r12                          | 9063 mov.w 0x000000000c09fca4,r0
0c09fbdc 37b8 sub r11,r7                          | 0434 mov.b r3,@(r0,r4)
0c09fbde 0c04 mov.b r0,@(r0,r12)                  | 2fe6 mov.l r14,@-r15
0c09fbe0 38d8 sub r13,r8                          | e15c mov #92,r1
0c09fbe2 0c24 mov.b r2,@(r0,r12)                  | 6e43 mov r4,r14
0c09fbe4 5555 mov.l @(20,r5),r5                   | 31ec add r14,r1
0c09fbe6 4055 error                               | e034 mov #52,r0
0c09fbe8 c752 mova 0x000000000c09fd34,r0          | 4f22 sts.l pr,@-r15
0c09fbea f308 fmov @r0,fr3                        | f2e6 fmov @(r0,r14),fr2
0c09fbec e05c mov #92,r0                          | f318 fmov @r1,fr3
0c09fbee f437 fmov fr3,@(r0,r4)                   | e168 mov #104,r1
0c09fbf0 e068 mov #104,r0                         | 31ec add r14,r1
0c09fbf2 f38d fldi0 fr3                           | f230 fadd fr3,fr2
0c09fbf4 e302 mov #2,r3                           | fe27 fmov fr2,@(r0,r14)
0c09fbf6 f437 fmov fr3,@(r0,r4)                   | e05c mov #92,r0
0c09fbf8 c74f mova 0x000000000c09fd38,r0          | f318 fmov @r1,fr3
0c09fbfa f308 fmov @r0,fr3                        | e160 mov #96,r1
0c09fbfc e060 mov #96,r0                          | f2e6 fmov @(r0,r14),fr2
0c09fbfe f437 fmov fr3,@(r0,r4)                   | 31ec add r14,r1
0c09fc00 c74e mova 0x000000000c09fd3c,r0          | f230 fadd fr3,fr2
0c09fc02 f308 fmov @r0,fr3                        | fe27 fmov fr2,@(r0,r14)
0c09fc04 e06c mov #108,r0                         | e038 mov #56,r0
0c09fc06 f437 fmov fr3,@(r0,r4)                   | f2e6 fmov @(r0,r14),fr2
0c09fc08 9090 mov.w 0x000000000c09fd2c,r0         | f318 fmov @r1,fr3
0c09fc0a 0434 mov.b r3,@(r0,r4)                   | e16c mov #108,r1
0c09fc0c 2fe6 mov.l r14,@-r15                     | 31ec add r14,r1
0c09fc0e e15c mov #92,r1                          | f230 fadd fr3,fr2
0c09fc10 6e43 mov r4,r14                          | fe27 fmov fr2,@(r0,r14)
0c09fc12 31ec add r14,r1                          | e060 mov #96,r0
0c09fc14 e034 mov #52,r0                          | f2e6 fmov @(r0,r14),fr2
0c09fc16 4f22 sts.l pr,@-r15                      | f318 fmov @r1,fr3
0c09fc18 f2e6 fmov @(r0,r14),fr2                  | f230 fadd fr3,fr2
0c09fc1a f318 fmov @r1,fr3                        | fe27 fmov fr2,@(r0,r14)
0c09fc1c e168 mov #104,r1                         | e038 mov #56,r0
0c09fc1e 31ec add r14,r1                          | f3e6 fmov @(r0,r14),fr3
0c09fc20 f230 fadd fr3,fr2                        | 9041 mov.w 0x000000000c09fca6,r0
0c09fc22 fe27 fmov fr2,@(r0,r14)                  | f2e6 fmov @(r0,r14),fr2
0c09fc24 e05c mov #92,r0                          | f235 fcmp/gt fr3,fr2
0c09fc26 f318 fmov @r1,fr3                        | 8b15 bf 0x000000000c09fc54
0c09fc28 e160 mov #96,r1                          | 84e7 mov.b @(7,r14),r0
0c09fc2a f2e6 fmov @(r0,r14),fr2                  | e300 mov #0,r3
0c09fc2c 31ec add r14,r1                          | f48d fldi0 fr4
0c09fc2e f230 fadd fr3,fr2                        | 7001 add #1,r0
0c09fc30 fe27 fmov fr2,@(r0,r14)                  | 80e7 mov.b r0,@(7,r14)
0c09fc32 e038 mov #56,r0                          | 9037 mov.w 0x000000000c09fca4,r0
0c09fc34 f2e6 fmov @(r0,r14),fr2                  | 0e34 mov.b r3,@(r0,r14)
0c09fc36 f318 fmov @r1,fr3                        | e05c mov #92,r0
0c09fc38 e16c mov #108,r1                         | fe47 fmov fr4,@(r0,r14)
0c09fc3a 31ec add r14,r1                          | e060 mov #96,r0
0c09fc3c f230 fadd fr3,fr2                        | fe47 fmov fr4,@(r0,r14)
0c09fc3e fe27 fmov fr2,@(r0,r14)                  | e068 mov #104,r0
0c09fc40 e060 mov #96,r0                          | fe47 fmov fr4,@(r0,r14)
0c09fc42 f2e6 fmov @(r0,r14),fr2                  | e06c mov #108,r0
0c09fc44 f318 fmov @r1,fr3                        | fe47 fmov fr4,@(r0,r14)
0c09fc46 f230 fadd fr3,fr2                        | 902e mov.w 0x000000000c09fca6,r0
0c09fc48 fe27 fmov fr2,@(r0,r14)                  | d31d mov.l 0x000000000c09fcc0,r3
0c09fc4a 9070 mov.w 0x000000000c09fd2e,r0         | f3e6 fmov @(r0,r14),fr3
0c09fc4c f3e6 fmov @(r0,r14),fr3                  | e038 mov #56,r0
0c09fc4e e038 mov #56,r0                          | fe37 fmov fr3,@(r0,r14)
0c09fc50 f2e6 fmov @(r0,r14),fr2                  | 430b jsr @r3
0c09fc52 f325 fcmp/gt fr2,fr3                     | 64e3 mov r14,r4
0c09fc54 8b15 bf 0x000000000c09fc82               | 4f26 lds.l @r15+,pr
0c09fc56 84e7 mov.b @(7,r14),r0                   | d21b mov.l 0x000000000c09fcc4,r2
0c09fc58 e300 mov #0,r3                           | 64e3 mov r14,r4
0c09fc5a f48d fldi0 fr4                           | 422b jmp @r2
0c09fc5c 7001 add #1,r0                           | 6ef6 mov.l @r15+,r14
0c09fc5e 80e7 mov.b r0,@(7,r14)                   | 9023 mov.w 0x000000000c09fca8,r0
0c09fc60 9064 mov.w 0x000000000c09fd2c,r0         | 2fe6 mov.l r14,@-r15
0c09fc62 0e34 mov.b r3,@(r0,r14)                  | 6e43 mov r4,r14
0c09fc64 e05c mov #92,r0                          | 4f22 sts.l pr,@-r15
0c09fc66 fe47 fmov fr4,@(r0,r14)                  | 03ec mov.b @(r0,r14),r3
0c09fc68 e060 mov #96,r0                          | 2338 tst r3,r3
0c09fc6a fe47 fmov fr4,@(r0,r14)                  | 8908 bt 0x000000000c09fc7e
0c09fc6c e068 mov #104,r0                         | 84e7 mov.b @(7,r14),r0
0c09fc6e fe47 fmov fr4,@(r0,r14)                  | e700 mov #0,r7
0c09fc70 e06c mov #108,r0                         | d315 mov.l 0x000000000c09fcc8,r3
0c09fc72 fe47 fmov fr4,@(r0,r14)                  | e505 mov #5,r5
0c09fc74 905b mov.w 0x000000000c09fd2e,r0         | 7001 add #1,r0
0c09fc76 d332 mov.l 0x000000000c09fd40,r3         | 6673 mov r7,r6
0c09fc78 f3e6 fmov @(r0,r14),fr3                  | 80e7 mov.b r0,@(7,r14)
0c09fc7a e038 mov #56,r0                          | 430b jsr @r3
0c09fc7c fe37 fmov fr3,@(r0,r14)                  | 64e3 mov r14,r4
0c09fc7e 430b jsr @r3                             | d211 mov.l 0x000000000c09fcc4,r2
0c09fc80 64e3 mov r14,r4                          | 420b jsr @r2
0c09fc82 4f26 lds.l @r15+,pr                      | 64e3 mov r14,r4
0c09fc84 d22f mov.l 0x000000000c09fd44,r2         | 600e exts.b r0,r0
0c09fc86 64e3 mov r14,r4                          | 4011 cmp/pz r0
0c09fc88 422b jmp @r2                             | 8904 bt 0x000000000c09fc94
0c09fc8a 6ef6 mov.l @r15+,r14                     | 4f26 lds.l @r15+,pr
0c09fc8c 9050 mov.w 0x000000000c09fd30,r0         | d20f mov.l 0x000000000c09fccc,r2
0c09fc8e 2fe6 mov.l r14,@-r15                     | 64e3 mov r14,r4
0c09fc90 6e43 mov r4,r14                          | 422b jmp @r2
0c09fc92 4f22 sts.l pr,@-r15                      | 6ef6 mov.l @r15+,r14
0c09fc94 03ec mov.b @(r0,r14),r3                  | 4f26 lds.l @r15+,pr
0c09fc96 2338 tst r3,r3                           | 000b rts
0c09fc98 8908 bt 0x000000000c09fcac               | 6ef6 mov.l @r15+,r14
0c09fc9a 84e7 mov.b @(7,r14),r0                   | 020c mov.b @(r0,r0),r2
0c09fc9c e700 mov #0,r7                           | 0233 error
0c09fc9e d32a mov.l 0x000000000c09fd48,r3         | 01b4 mov.b r11,@(r0,r1)
0c09fca0 e505 mov #5,r5                           | 0236 mov.l r3,@(r0,r2)
0c09fca2 7001 add #1,r0                           | 01d2 stc r5_bank,r1
0c09fca4 6673 mov r7,r6                           | 01f9 error
0c09fca6 80e7 mov.b r0,@(7,r14)                   | 041c mov.b @(r0,r1),r4
0c09fca8 430b jsr @r3                             | 019e mov.l @(r0,r9),r1
0c09fcaa 64e3 mov r14,r4                          | 0000 error
0c09fcac d225 mov.l 0x000000000c09fd44,r2         | 38d8 sub r13,r8
0c09fcae 420b jsr @r2                             | 0c24 mov.b r2,@(r0,r12)
0c09fcb0 64e3 mov r14,r4                          | 5555 mov.l @(20,r5),r5
0c09fcb2 600e exts.b r0,r0                        | 4055 error
0c09fcb4 4011 cmp/pz r0                           | 5555 mov.l @(20,r5),r5
0c09fcb6 8904 bt 0x000000000c09fcc2               | c055 mov.b r0,@(85,gbr)
0c09fcb8 4f26 lds.l @r15+,pr                      | 2492 mov.l r9,@r4
0c09fcba d224 mov.l 0x000000000c09fd4c,r2         | 4209 shlr2 r2
0c09fcbc 64e3 mov r14,r4                          | b6db bsr 0x000000000c0a0a76
0c09fcbe 422b jmp @r2                             | bfcd bsr 0x000000000c09fc5c
0c09fcc0 6ef6 mov.l @r15+,r14                     | 3324 div1 r2,r3
0c09fcc2 4f26 lds.l @r15+,pr                      | 0c04 mov.b r0,@(r0,r12)
0c09fcc4 000b rts                                 | a026 bra 0x000000000c09fd14
0c09fcc6 6ef6 mov.l @r15+,r14                     | 0c02 stc sr,r12
0c09fcc8 4f22 sts.l pr,@-r15                      | a9fe bra 0x000000000c09f0c8
0c09fcca 7ffc add #-4,r15                         | 0c14 mov.b r1,@(r0,r12)
0c09fccc d31d mov.l 0x000000000c09fd44,r3         | 37b8 sub r11,r7
0c09fcce 430b jsr @r3                             | 0c04 mov.b r0,@(r0,r12)
0c09fcd0 2f42 mov.l r4,@r15                       | 4f22 sts.l pr,@-r15
0c09fcd2 600e exts.b r0,r0                        | 7ffc add #-4,r15
0c09fcd4 4011 cmp/pz r0                           | d317 mov.l 0x000000000c09fd34,r3
0c09fcd6 8904 bt 0x000000000c09fce2               | 430b jsr @r3
0c09fcd8 64f2 mov.l @r15,r4                       | 2f42 mov.l r4,@r15
0c09fcda 7f04 add #4,r15                          | 600e exts.b r0,r0
0c09fcdc d31b mov.l 0x000000000c09fd4c,r3         | 4011 cmp/pz r0
0c09fcde 432b jmp @r3                             | 8904 bt 0x000000000c09fcea
0c09fce0 4f26 lds.l @r15+,pr                      | 64f2 mov.l @r15,r4
0c09fce4 4f26 lds.l @r15+,pr                      | d314 mov.l 0x000000000c09fd38,r3
0c09fce6 000b rts                                 | 432b jmp @r3
0c09fce8 0009 nop                                 | 4f26 lds.l @r15+,pr
0c09fcea 6343 mov r4,r3                           | 7f04 add #4,r15
0c09fcec d118 mov.l 0x000000000c09fd50,r1         | 4f26 lds.l @r15+,pr
0c09fcee 2f46 mov.l r4,@-r15                      | 000b rts
0c09fcf0 8437 mov.b @(7,r3),r0                    | 0009 nop
0c09fcf2 600c extu.b r0,r0                        | 6343 mov r4,r3
0c09fcf4 4008 shll2 r0                            | d111 mov.l 0x000000000c09fd3c,r1
0c09fcf6 031e mov.l @(r0,r1),r3                   | 2f46 mov.l r4,@-r15
0c09fcf8 432b jmp @r3                             | 8437 mov.b @(7,r3),r0
0c09fcfa 7f04 add #4,r15                          | 600c extu.b r0,r0
0c09fcfc 8447 mov.b @(7,r4),r0                    | 4008 shll2 r0
0c09fcfe e612 mov #18,r6                          | 031e mov.l @(r0,r1),r3
0c09fd00 f48d fldi0 fr4                           | 432b jmp @r3
0c09fd02 7001 add #1,r0                           | 7f04 add #4,r15
0c09fd04 d315 mov.l 0x000000000c09fd5c,r3         | 8447 mov.b @(7,r4),r0
0c09fd06 8047 mov.b r0,@(7,r4)                    | e612 mov #18,r6
0c09fd08 e05c mov #92,r0                          | f48d fldi0 fr4
0c09fd0a f447 fmov fr4,@(r0,r4)                   | 7001 add #1,r0
0c09fd0c e060 mov #96,r0                          | d30e mov.l 0x000000000c09fd48,r3
0c09fd0e f447 fmov fr4,@(r0,r4)                   | 8047 mov.b r0,@(7,r4)
0c09fd10 e068 mov #104,r0                         | e05c mov #92,r0
0c09fd14 e06c mov #108,r0                         | e060 mov #96,r0
0c09fd18 c70e mova 0x000000000c09fd54,r0          | e068 mov #104,r0
0c09fd1a f308 fmov @r0,fr3                        | f447 fmov fr4,@(r0,r4)
0c09fd1c e060 mov #96,r0                          | e06c mov #108,r0
0c09fd1e f437 fmov fr3,@(r0,r4)                   | f447 fmov fr4,@(r0,r4)
0c09fd20 c70d mova 0x000000000c09fd58,r0          | c707 mova 0x000000000c09fd40,r0
0c09fd24 e06c mov #108,r0                         | e060 mov #96,r0
0c09fd28 432b jmp @r3                             | c706 mova 0x000000000c09fd44,r0
0c09fd2a e514 mov #20,r5                          | f308 fmov @r0,fr3
0c09fd2c 01f9 error                               | e06c mov #108,r0
0c09fd2e 041c mov.b @(r0,r1),r4                   | f437 fmov fr3,@(r0,r4)
0c09fd30 019e mov.l @(r0,r9),r1                   | 432b jmp @r3
0c09fd32 0000 error                               | e514 mov #20,r5
0c09fd34 5555 mov.l @(20,r5),r5                   | a026 bra 0x000000000c09fd84
0c09fd36 c055 mov.b r0,@(85,gbr)                  | 0c02 stc sr,r12
0c09fd38 2492 mov.l r9,@r4                        | 37b8 sub r11,r7
0c09fd3a 4209 shlr2 r2                            | 0c04 mov.b r0,@(r0,r12)
0c09fd3c b6db bsr 0x000000000c0a0af6              | 38e8 sub r14,r8
0c09fd3e bfcd bsr 0x000000000c09fcdc              | 0c24 mov.b r2,@(r0,r12)
0c09fd40 3324 div1 r2,r3                          | 2492 mov.l r9,@r4
0c09fd42 0c04 mov.b r0,@(r0,r12)                  | 4189 error
0c09fd44 a026 bra 0x000000000c09fd94              | 2492 mov.l r9,@r4
0c09fd46 0c02 stc sr,r12                          | bf89 bsr 0x000000000c09fc5c
0c09fd48 a9fe bra 0x000000000c09f148              | a0c4 bra 0x000000000c09fed4
0c09fd4a 0c14 mov.b r1,@(r0,r12)                  | 0c02 stc sr,r12
