P 0x0c0c69ec 2024 bytes: 2024/2024 equal, linked 2024 at 0x0c0c69ec
  _func_0c0c69ec 0x0c0c69ec 30 bytes: 30/30 equal
  _func_0c0c6a0a 0x0c0c6a0a 44 bytes: 44/44 equal
  _func_0c0c6a36 0x0c0c6a36 18 bytes: 18/18 equal
  _func_0c0c6a48 0x0c0c6a48 36 bytes: 36/36 equal
  _func_0c0c6a6c 0x0c0c6a6c 6 bytes: 6/6 equal
  _func_0c0c6a72 0x0c0c6a72 18 bytes: 18/18 equal
  _func_0c0c6a84 0x0c0c6a84 48 bytes: 48/48 equal
  _func_0c0c6ab4 0x0c0c6ab4 38 bytes: 38/38 equal
  _func_0c0c6ada 0x0c0c6ada 30 bytes: 30/30 equal
  _func_0c0c6af8 0x0c0c6af8 12 bytes: 12/12 equal
  _func_0c0c6b04 0x0c0c6b04 18 bytes: 18/18 equal
  _func_0c0c6b44 0x0c0c6b44 36 bytes: 36/36 equal
  _func_0c0c6b68 0x0c0c6b68 48 bytes: 48/48 equal
  _func_0c0c6b98 0x0c0c6b98 44 bytes: 44/44 equal
  _func_0c0c6bc4 0x0c0c6bc4 18 bytes: 18/18 equal
  _func_0c0c6bd6 0x0c0c6bd6 26 bytes: 26/26 equal
  _func_0c0c6bf0 0x0c0c6bf0 98 bytes: 98/98 equal
  _func_0c0c6c52 0x0c0c6c52 38 bytes: 38/38 equal
  _func_0c0c6cac 0x0c0c6cac 46 bytes: 46/46 equal
  _func_0c0c6cda 0x0c0c6cda 38 bytes: 38/38 equal
  _func_0c0c6d00 0x0c0c6d00 6 bytes: 6/6 equal
  _func_0c0c6d06 0x0c0c6d06 26 bytes: 26/26 equal
  _func_0c0c6d20 0x0c0c6d20 122 bytes: 122/122 equal
  _func_0c0c6d9a 0x0c0c6d9a 38 bytes: 38/38 equal
  _func_0c0c6dc0 0x0c0c6dc0 6 bytes: 6/6 equal
  _func_0c0c6dc6 0x0c0c6dc6 26 bytes: 26/26 equal
  _func_0c0c6e04 0x0c0c6e04 98 bytes: 98/98 equal
  _func_0c0c6e66 0x0c0c6e66 38 bytes: 38/38 equal
  _func_0c0c6e8c 0x0c0c6e8c 6 bytes: 6/6 equal
  _func_0c0c6e92 0x0c0c6e92 18 bytes: 18/18 equal
  _func_0c0c6ea4 0x0c0c6ea4 72 bytes: 72/72 equal
  _func_0c0c6eec 0x0c0c6eec 6 bytes: 6/6 equal
  _func_0c0c6ef2 0x0c0c6ef2 18 bytes: 18/18 equal
  _func_0c0c6f04 0x0c0c6f04 72 bytes: 72/72 equal
  _func_0c0c6f4c 0x0c0c6f4c 6 bytes: 6/6 equal
  _func_0c0c6f78 0x0c0c6f78 182 bytes: 182/182 equal
  _func_0c0c702e 0x0c0c702e 20 bytes: 20/20 equal
  _func_0c0c7042 0x0c0c7042 18 bytes: 18/18 equal
  _func_0c0c7054 0x0c0c7054 18 bytes: 18/18 equal
  _func_0c0c7066 0x0c0c7066 144 bytes: 144/144 equal
  _func_0c0c7118 0x0c0c7118 70 bytes: 70/70 equal
  _func_0c0c715e 0x0c0c715e 38 bytes: 38/38 equal
  _func_0c0c7184 0x0c0c7184 18 bytes: 18/18 equal
  pool 0x0c0c6b16 46 bytes: 46/46 equal
  pool 0x0c0c6c78 52 bytes: 52/52 equal
  pool 0x0c0c6de0 36 bytes: 36/36 equal
  pool 0x0c0c6f52 38 bytes: 38/38 equal
  pool 0x0c0c7082 34 bytes: 34/34 equal
  pool 0x0c0c7196 62 bytes: 62/62 equal
EXACT
RELEASED bulk_044 Cn0c6b1c to tu_0c0c69ec
RELEASED bulk_044 Cn0c6c80 to tu_0c0c69ec
RELEASED bulk_044 Cn0c6de4 to tu_0c0c69ec
RELEASED bulk_044 Cn0c6f58 to tu_0c0c69ec
RELEASED bulk_044 Cn0c7082 to tu_0c0c69ec
RELEASED bulk_044 Cn0c708c to tu_0c0c69ec
RELEASED bulk_044 Cn0c71a8 to tu_0c0c69ec
RELEASED rest_038 Cn0a5b16 to tu_0c0c69ec
RELEASED rest_038 Cn0a5c78 to tu_0c0c69ec
RELEASED rest_038 Cn0a5de0 to tu_0c0c69ec
RELEASED rest_038 Cn0a5f52 to tu_0c0c69ec
RELEASED rest_038 Cn0a6088 to tu_0c0c69ec
RELEASED rest_038 Cn0a6098 to tu_0c0c69ec
RELEASED rest_038 Cn0a6196 to tu_0c0c69ec
REGISTERED tu_0c0c69ec as verified (1935 units)
