STRICT False ['Wrong exported symbol address: _func_0c05af8e', 'Not an exact section match: P', 'Linked image contains extra or missing initialized bytes', 'Linked image contains extra or missing memory bytes']
[(560, 0)]
[('_func_0c05ae74', 122, 132), ('_func_0c05aef8', 106, 110), ('_func_0c05af66', 37, 40), ('_func_0c05af8e', 13, 214)]
0c05ae7a d350 mov.l 0x000000000c05afbc,r3         | d346 mov.l 0x000000000c05af94,r3
0c05ae88 9093 mov.w 0x000000000c05afb2,r0         | 9081 mov.w 0x000000000c05af8e,r0
0c05ae8c c74c mova 0x000000000c05afc0,r0          | c742 mova 0x000000000c05af98,r0
0c05ae94 c74b mova 0x000000000c05afc4,r0          | c741 mova 0x000000000c05af9c,r0
0c05ae9c 908a mov.w 0x000000000c05afb4,r0         | 9078 mov.w 0x000000000c05af90,r0
0c05aeb4 c744 mova 0x000000000c05afc8,r0          | c73a mova 0x000000000c05afa0,r0
0c05aebe c743 mova 0x000000000c05afcc,r0          | c739 mova 0x000000000c05afa4,r0
0c05aeca 9074 mov.w 0x000000000c05afb6,r0         | 9062 mov.w 0x000000000c05af92,r0
0c05aeda d33d mov.l 0x000000000c05afd0,r3         | d333 mov.l 0x000000000c05afa8,r3
0c05aef2 d238 mov.l 0x000000000c05afd4,r2         | d22e mov.l 0x000000000c05afac,r2
0c05aefc d336 mov.l 0x000000000c05afd8,r3         | d32c mov.l 0x000000000c05afb0,r3
0c05af04 d335 mov.l 0x000000000c05afdc,r3         | d32b mov.l 0x000000000c05afb4,r3
0c05af4a d322 mov.l 0x000000000c05afd4,r3         | d318 mov.l 0x000000000c05afac,r3
0c05af58 d221 mov.l 0x000000000c05afe0,r2         | d217 mov.l 0x000000000c05afb8,r2
0c05af6a d31b mov.l 0x000000000c05afd8,r3         | d311 mov.l 0x000000000c05afb0,r3
0c05af76 d311 mov.l 0x000000000c05afbc,r3         | d307 mov.l 0x000000000c05af94,r3
0c05af80 d218 mov.l 0x000000000c05afe4,r2         | d20e mov.l 0x000000000c05afbc,r2
0c05af8e 2fe6 mov.l r14,@-r15                     | 01f9 error
0c05af90 2fd6 mov.l r13,@-r15                     | 01d2 stc r5_bank,r1
0c05af92 4f22 sts.l pr,@-r15                      | 01a1 error
0c05af94 7ffc add #-4,r15                         | a39a bra 0x000000000c05b6cc
0c05af96 900c mov.w 0x000000000c05afb2,r0         | 0c02 stc sr,r12
0c05af98 6e43 mov r4,r14                          | aaaa bra 0x000000000c05a4f0
0c05af9a 930d mov.w 0x000000000c05afb8,r3         | 4162 sts.l fpscr,@-r1
0c05af9c dd12 mov.l 0x000000000c05afe8,r13        | 5555 mov.l @(20,r5),r5
0c05af9e 33ec add r14,r3                          | 3f55 dmulu.l r5,r15
0c05afa0 2f32 mov.l r3,@r15                       | 2492 mov.l r9,@r4
0c05afa2 00ec mov.b @(r0,r14),r0                  | 4089 error
0c05afa4 600c extu.b r0,r0                        | b6db bsr 0x000000000c05bd5e
0c05afa6 8802 cmp/eq #2,r0                        | bf4d bsr 0x000000000c05ae44
0c05afa8 8920 bt 0x000000000c05afec               | 83f8 error
0c05afaa 8801 cmp/eq #1,r0                        | 0c2f mac.l @r2+,@r12+
0c05afac 8935 bt 0x000000000c05b01a               | a0c4 bra 0x000000000c05b138
0c05afae a04b bra 0x000000000c05b048              | 0c02 stc sr,r12
0c05afb0 0009 nop                                 | a026 bra 0x000000000c05b000
0c05afb2 01f9 error                               | 0c02 stc sr,r12
0c05afb4 01d2 stc r5_bank,r1                      | 4e52 sts.l fpul,@-r14
0c05afb6 01a1 error                               | 0c04 mov.b r0,@(r0,r12)
0c05afb8 02a4 mov.b r10,@(r0,r2)                  | 3324 div1 r2,r3
0c05afba 0000 error                               | 0c04 mov.b r0,@(r0,r12)
0c05afbc a39a bra 0x000000000c05b6f4              | 39c4 div1 r12,r9
0c05afbe 0c02 stc sr,r12                          | 0c04 mov.b r0,@(r0,r12)
0c05afc0 aaaa bra 0x000000000c05a518              | 2fe6 mov.l r14,@-r15
0c05afc2 4162 sts.l fpscr,@-r1                    | 2fd6 mov.l r13,@-r15
0c05afc4 5555 mov.l @(20,r5),r5                   | 4f22 sts.l pr,@-r15
0c05afc6 3f55 dmulu.l r5,r15                      | 7ffc add #-4,r15
0c05afc8 2492 mov.l r9,@r4                        | 9062 mov.w 0x000000000c05b090,r0
0c05afca 4089 error                               | 6e43 mov r4,r14
0c05afcc b6db bsr 0x000000000c05bd86              | 935f mov.w 0x000000000c05b08e,r3
0c05afce bf4d bsr 0x000000000c05ae6c              | dd34 mov.l 0x000000000c05b0a0,r13
0c05afd0 83f8 error                               | 33ec add r14,r3
0c05afd2 0c2f mac.l @r2+,@r12+                    | 2f32 mov.l r3,@r15
0c05afd4 a0c4 bra 0x000000000c05b160              | 00ec mov.b @(r0,r14),r0
0c05afd6 0c02 stc sr,r12                          | 600c extu.b r0,r0
0c05afd8 a026 bra 0x000000000c05b028              | 8801 cmp/eq #1,r0
0c05afda 0c02 stc sr,r12                          | 8916 bt 0x000000000c05b00a
0c05afdc 4e52 sts.l fpul,@-r14                    | 8802 cmp/eq #2,r0
0c05afde 0c04 mov.b r0,@(r0,r12)                  | 8b2a bf 0x000000000c05b036
0c05afe0 3324 div1 r2,r3                          | 9057 mov.w 0x000000000c05b092,r0
0c05afe2 0c04 mov.b r0,@(r0,r12)                  | 9257 mov.w 0x000000000c05b094,r2
0c05afe4 39c4 div1 r12,r9                         | 03ed mov.w @(r0,r14),r3
0c05afe6 0c04 mov.b r0,@(r0,r12)                  | 633d extu.w r3,r3
0c05afe8 7d54 add #84,r13                         | 2328 tst r2,r3
0c05afea 0c03 bsrf r12                            | 890e bt 0x000000000c05b00a
0c05afec 9057 mov.w 0x000000000c05b09e,r0         | 9053 mov.w 0x000000000c05b096,r0
0c05afee 9257 mov.w 0x000000000c05b0a0,r2         | 03ec mov.b @(r0,r14),r3
0c05aff0 03ed mov.w @(r0,r14),r3                  | 2338 tst r3,r3
0c05aff2 633d extu.w r3,r3                        | 8b0a bf 0x000000000c05b00a
0c05aff4 2328 tst r2,r3                           | 9050 mov.w 0x000000000c05b098,r0
0c05aff6 894c bt 0x000000000c05b092               | 01ec mov.b @(r0,r14),r1
0c05aff8 9053 mov.w 0x000000000c05b0a2,r0         | 2118 tst r1,r1
0c05affa 03ec mov.b @(r0,r14),r3                  | 8906 bt 0x000000000c05b00a
0c05affc 2338 tst r3,r3                           | 4d0b jsr @r13
0c05affe 8b48 bf 0x000000000c05b092               | 64e3 mov r14,r4
0c05b000 9050 mov.w 0x000000000c05b0a4,r0         | 2008 tst r0,r0
0c05b002 03ec mov.b @(r0,r14),r3                  | 8d02 bt.s 0x000000000c05b00a
0c05b004 2338 tst r3,r3                           | 6403 mov r0,r4
0c05b006 8944 bt 0x000000000c05b092               | a02a bra 0x000000000c05b05e
0c05b008 4d0b jsr @r13                            | e208 mov #8,r2
0c05b00a 64e3 mov r14,r4                          | 9042 mov.w 0x000000000c05b092,r0
0c05b00c 2008 tst r0,r0                           | 9345 mov.w 0x000000000c05b09a,r3
0c05b00e 8d04 bt.s 0x000000000c05b01a             | 01ed mov.w @(r0,r14),r1
0c05b010 6403 mov r0,r4                           | 611d extu.w r1,r1
0c05b012 9048 mov.w 0x000000000c05b0a6,r0         | 2138 tst r3,r1
0c05b014 e308 mov #8,r3                           | 892b bt 0x000000000c05b06e
0c05b016 a036 bra 0x000000000c05b086              | 903e mov.w 0x000000000c05b096,r0
0c05b018 0e34 mov.b r3,@(r0,r14)                  | 02ec mov.b @(r0,r14),r2
0c05b01a 9040 mov.w 0x000000000c05b09e,r0         | 2228 tst r2,r2
0c05b01c 9244 mov.w 0x000000000c05b0a8,r2         | 8927 bt 0x000000000c05b06e
0c05b01e 03ed mov.w @(r0,r14),r3                  | 903b mov.w 0x000000000c05b098,r0
0c05b020 633d extu.w r3,r3                        | 02ec mov.b @(r0,r14),r2
0c05b022 2328 tst r2,r3                           | 2228 tst r2,r2
0c05b024 8935 bt 0x000000000c05b092               | 8923 bt 0x000000000c05b06e
0c05b026 903c mov.w 0x000000000c05b0a2,r0         | 4d0b jsr @r13
0c05b028 03ec mov.b @(r0,r14),r3                  | 64e3 mov r14,r4
0c05b02a 2338 tst r3,r3                           | 2008 tst r0,r0
0c05b02c 8931 bt 0x000000000c05b092               | 8d03 bt.s 0x000000000c05b036
0c05b02e 9039 mov.w 0x000000000c05b0a4,r0         | 6403 mov r0,r4
0c05b030 02ec mov.b @(r0,r14),r2                  | e202 mov #2,r2
0c05b032 2228 tst r2,r2                           | a014 bra 0x000000000c05b05e
0c05b034 892d bt 0x000000000c05b092               | 0009 nop
0c05b036 4d0b jsr @r13                            | 902c mov.w 0x000000000c05b092,r0
0c05b038 64e3 mov r14,r4                          | 9230 mov.w 0x000000000c05b09c,r2
0c05b03a 2008 tst r0,r0                           | 03ed mov.w @(r0,r14),r3
0c05b03c 8d04 bt.s 0x000000000c05b048             | 633d extu.w r3,r3
0c05b03e 6403 mov r0,r4                           | 2328 tst r2,r3
0c05b040 9031 mov.w 0x000000000c05b0a6,r0         | 8915 bt 0x000000000c05b06e
0c05b042 e202 mov #2,r2                           | 9029 mov.w 0x000000000c05b098,r0
0c05b044 a01f bra 0x000000000c05b086              | 03ec mov.b @(r0,r14),r3
0c05b046 0e24 mov.b r2,@(r0,r14)                  | 2338 tst r3,r3
0c05b048 9029 mov.w 0x000000000c05b09e,r0         | 8911 bt 0x000000000c05b06e
0c05b04a 922e mov.w 0x000000000c05b0aa,r2         | 9024 mov.w 0x000000000c05b096,r0
0c05b04c 03ed mov.w @(r0,r14),r3                  | 03ec mov.b @(r0,r14),r3
0c05b04e 633d extu.w r3,r3                        | 2338 tst r3,r3
0c05b050 2328 tst r2,r3                           | 8b08 bf 0x000000000c05b064
0c05b052 891e bt 0x000000000c05b092               | 4d0b jsr @r13
0c05b054 9026 mov.w 0x000000000c05b0a4,r0         | 64e3 mov r14,r4
0c05b056 03ec mov.b @(r0,r14),r3                  | 2008 tst r0,r0
0c05b058 2338 tst r3,r3                           | 8d09 bt.s 0x000000000c05b06e
0c05b05a 891a bt 0x000000000c05b092               | 6403 mov r0,r4
0c05b05c 9021 mov.w 0x000000000c05b0a2,r0         | e200 mov #0,r2
0c05b05e 03ec mov.b @(r0,r14),r3                  | 901e mov.w 0x000000000c05b09e,r0
0c05b060 2338 tst r3,r3                           | a00a bra 0x000000000c05b078
0c05b062 8b08 bf 0x000000000c05b076               | 0e24 mov.b r2,@(r0,r14)
0c05b06a 8d12 bt.s 0x000000000c05b092             | 8f02 bf.s 0x000000000c05b072
0c05b06e 901a mov.w 0x000000000c05b0a6,r0         | a009 bra 0x000000000c05b084
0c05b070 e200 mov #0,r2                           | e000 mov #0,r0
0c05b072 a008 bra 0x000000000c05b086              | 9014 mov.w 0x000000000c05b09e,r0
0c05b074 0e24 mov.b r2,@(r0,r14)                  | e301 mov #1,r3
0c05b076 4d0b jsr @r13                            | 0e34 mov.b r3,@(r0,r14)
0c05b078 64e3 mov r14,r4                          | 900b mov.w 0x000000000c05b092,r0
0c05b07a 2008 tst r0,r0                           | 62f2 mov.l @r15,r2
0c05b07c 8d09 bt.s 0x000000000c05b092             | 03ed mov.w @(r0,r14),r3
0c05b07e 6403 mov r0,r4                           | 2231 mov.w r3,@r2
0c05b080 9011 mov.w 0x000000000c05b0a6,r0         | 6043 mov r4,r0
0c05b082 e201 mov #1,r2                           | 0009 nop
0c05b084 0e24 mov.b r2,@(r0,r14)                  | 7f04 add #4,r15
0c05b086 900a mov.w 0x000000000c05b09e,r0         | 4f26 lds.l @r15+,pr
0c05b088 63f2 mov.l @r15,r3                       | 6df6 mov.l @r15+,r13
0c05b08a 02ed mov.w @(r0,r14),r2                  | 000b rts
0c05b08c 2321 mov.w r2,@r3                        | 6ef6 mov.l @r15+,r14
0c05b08e a001 bra 0x000000000c05b094              | 02a4 mov.b r10,@(r0,r2)
0c05b090 6043 mov r4,r0                           | 01f9 error
0c05b092 e000 mov #0,r0                           | 01fa stc dbr,r1
0c05b094 7f04 add #4,r15                          | 1c00 mov.l r0,@(0,r12)
0c05b096 4f26 lds.l @r15+,pr                      | 01fe mov.l @(r0,r15),r1
0c05b098 6df6 mov.l @r15+,r13                     | 01a3 ocbp @r1
0c05b09a 000b rts                                 | 0800 error
0c05b09c 6ef6 mov.l @r15+,r14                     | 0c00 error
0c05b09e 01fa stc dbr,r1                          | 01f7 mul.l r15,r1
0c05b0a0 1c00 mov.l r0,@(0,r12)                   | 7d54 add #84,r13
0c05b0a2 01fe mov.l @(r0,r15),r1                  | 0c03 bsrf r12
