STRICT False ['Wrong exported symbol address: _func_0c060f14', 'Wrong exported symbol address: _func_0c060f24', 'Wrong exported symbol address: _func_0c060f34', 'Not an exact section match: P', 'Linked image contains extra or missing initialized bytes', 'Linked image contains extra or missing memory bytes']
[(620, 0)]
[('_func_0c060d0c', 116, 116), ('_func_0c060d80', 100, 100), ('_func_0c060de4', 18, 18), ('_func_0c060df6', 116, 246), ('_func_0c060f14', 0, 16), ('_func_0c060f24', 0, 16), ('_func_0c060f34', 0, 32)]
0c060dfa 7ff8 add #-8,r15                         | 7ffc add #-4,r15
0c060e04 1f31 mov.l r3,@(4,r15)                   | 2f32 mov.l r3,@r15
0c060e1a a055 bra 0x000000000c060ec8              | a057 bra 0x000000000c060ecc
0c060e28 a04e bra 0x000000000c060ec8              | a050 bra 0x000000000c060ecc
0c060e5c a034 bra 0x000000000c060ec8              | a036 bra 0x000000000c060ecc
0c060e60 9078 mov.w 0x000000000c060f54,r0         | 9077 mov.w 0x000000000c060f52,r0
0c060e6a a02d bra 0x000000000c060ec8              | a02f bra 0x000000000c060ecc
0c060e6e 9071 mov.w 0x000000000c060f54,r0         | 9070 mov.w 0x000000000c060f52,r0
0c060e78 a026 bra 0x000000000c060ec8              | a028 bra 0x000000000c060ecc
0c060e7c d137 mov.l 0x000000000c060f5c,r1         | d236 mov.l 0x000000000c060f58,r2
0c060e7e 6310 mov.b @r1,r3                        | 6320 mov.b @r2,r3
0c060e82 8918 bt 0x000000000c060eb6               | 8919 bt 0x000000000c060eb8
0c060e84 d336 mov.l 0x000000000c060f60,r3         | d335 mov.l 0x000000000c060f5c,r3
0c060e8c 8b13 bf 0x000000000c060eb6               | 8b14 bf 0x000000000c060eb8
0c060e8e a01b bra 0x000000000c060ec8              | a01d bra 0x000000000c060ecc
0c060e92 d132 mov.l 0x000000000c060f5c,r1         | d231 mov.l 0x000000000c060f58,r2
0c060e94 6210 mov.b @r1,r2                        | 6120 mov.b @r2,r1
0c060e96 2228 tst r2,r2                           | 2118 tst r1,r1
0c060e98 890d bt 0x000000000c060eb6               | 890e bt 0x000000000c060eb8
0c060e9a d331 mov.l 0x000000000c060f60,r3         | d330 mov.l 0x000000000c060f5c,r3
0c060ea2 8b08 bf 0x000000000c060eb6               | 8b09 bf 0x000000000c060eb8
0c060ea4 d32f mov.l 0x000000000c060f64,r3         | d32e mov.l 0x000000000c060f60,r3
0c060eaa d32f mov.l 0x000000000c060f68,r3         | d32e mov.l 0x000000000c060f64,r3
0c060eac 6232 mov.l @r3,r2                        | 6503 mov r0,r5
0c060eae 5127 mov.l @(28,r2),r1                   | 6232 mov.l @r3,r2
0c060eb0 301c add r1,r0                           | 5127 mov.l @(28,r2),r1
0c060eb2 a008 bra 0x000000000c060ec6              | 351c add r1,r5
0c060eb4 e40f mov #15,r4                          | a009 bra 0x000000000c060eca
0c060eb6 d32b mov.l 0x000000000c060f64,r3         | e40f mov #15,r4
0c060eb8 430b jsr @r3                             | d329 mov.l 0x000000000c060f60,r3
0c060eba 0009 nop                                 | 430b jsr @r3
0c060ebc d32a mov.l 0x000000000c060f68,r3         | 0009 nop
0c060ebe e407 mov #7,r4                           | d329 mov.l 0x000000000c060f64,r3
0c060ec0 6232 mov.l @r3,r2                        | 6503 mov r0,r5
0c060ec2 5127 mov.l @(28,r2),r1                   | e407 mov #7,r4
0c060ec4 301c add r1,r0                           | 6232 mov.l @r3,r2
0c060ec6 2409 and r0,r4                           | 5127 mov.l @(28,r2),r1
0c060ec8 d328 mov.l 0x000000000c060f6c,r3         | 351c add r1,r5
0c060eca 644e exts.b r4,r4                        | 2459 and r5,r4
0c060ecc 4400 shll r4                             | d326 mov.l 0x000000000c060f68,r3
0c060ece 9042 mov.w 0x000000000c060f56,r0         | 644e exts.b r4,r4
0c060ed0 334c add r4,r3                           | 4400 shll r4
0c060ed2 2f32 mov.l r3,@r15                       | 903f mov.w 0x000000000c060f54,r0
0c060ed4 e513 mov #19,r5                          | 343c add r3,r4
0c060ed6 6230 mov.b @r3,r2                        | 6240 mov.b @r4,r2
0c060ed8 0e24 mov.b r2,@(r0,r14)                  | e513 mov #19,r5
0c060eda e021 mov #33,r0                          | 0e24 mov.b r2,@(r0,r14)
0c060edc 63f2 mov.l @r15,r3                       | e021 mov #33,r0
0c060ede 6230 mov.b @r3,r2                        | 6140 mov.b @r4,r1
0c060ee0 0e24 mov.b r2,@(r0,r14)                  | 0e14 mov.b r1,@(r0,r14)
0c060ee2 62f2 mov.l @r15,r2                       | 8441 mov.b @(1,r4),r0
0c060ee4 53f1 mov.l @(4,r15),r3                   | 62f2 mov.l @r15,r2
0c060ee6 8421 mov.b @(1,r2),r0                    | 802c mov.b r0,@(12,r2)
0c060ee8 803c mov.b r0,@(12,r3)                   | 9034 mov.w 0x000000000c060f54,r0
0c060eea 9034 mov.w 0x000000000c060f56,r0         | d220 mov.l 0x000000000c060f6c,r2
0c060eec d320 mov.l 0x000000000c060f70,r3         | 06ec mov.b @(r0,r14),r6
0c060eee 06ec mov.b @(r0,r14),r6                  | 420b jsr @r2
0c060ef0 430b jsr @r3                             | 64e3 mov r14,r4
0c060ef2 64e3 mov r14,r4                          | e021 mov #33,r0
0c060ef4 e021 mov #33,r0                          | 00ec mov.b @(r0,r14),r0
0c060ef6 00ec mov.b @(r0,r14),r0                  | 600c extu.b r0,r0
0c060ef8 600c extu.b r0,r0                        | 8805 cmp/eq #5,r0
0c060efa 8805 cmp/eq #5,r0                        | 8b06 bf 0x000000000c060f0a
0c060efc 8b06 bf 0x000000000c060f0c               | 64e3 mov r14,r4
0c060efe 64e3 mov r14,r4                          | e502 mov #2,r5
0c060f00 e502 mov #2,r5                           | 7f04 add #4,r15
0c060f02 7f08 add #8,r15                          | 4f26 lds.l @r15+,pr
0c060f04 4f26 lds.l @r15+,pr                      | d21a mov.l 0x000000000c060f70,r2
0c060f06 d21b mov.l 0x000000000c060f74,r2         | 422b jmp @r2
0c060f08 422b jmp @r2                             | 6ef6 mov.l @r15+,r14
0c060f0a 6ef6 mov.l @r15+,r14                     | 7f04 add #4,r15
0c060f0c 7f08 add #8,r15                          | 4f26 lds.l @r15+,pr
0c060f0e 4f26 lds.l @r15+,pr                      | 000b rts
0c060f10 000b rts                                 | 6ef6 mov.l @r15+,r14
0c060f12 6ef6 mov.l @r15+,r14                     | 9320 mov.w 0x000000000c060f56,r3
0c060f14 9520 mov.w 0x000000000c060f58,r5         | e009 mov #9,r0
0c060f16 e009 mov #9,r0                           | e607 mov #7,r6
0c060f18 d315 mov.l 0x000000000c060f70,r3         | 334c add r4,r3
0c060f1a e607 mov #7,r6                           | 803c mov.b r0,@(12,r3)
0c060f1c 354c add r4,r5                           | d313 mov.l 0x000000000c060f6c,r3
0c060f1e 805c mov.b r0,@(12,r5)                   | 432b jmp @r3
0c060f20 432b jmp @r3                             | e513 mov #19,r5
0c060f22 e513 mov #19,r5                          | 9318 mov.w 0x000000000c060f56,r3
0c060f24 9518 mov.w 0x000000000c060f58,r5         | e009 mov #9,r0
0c060f26 e009 mov #9,r0                           | e608 mov #8,r6
0c060f28 d311 mov.l 0x000000000c060f70,r3         | 334c add r4,r3
0c060f2a e608 mov #8,r6                           | 803c mov.b r0,@(12,r3)
0c060f2c 354c add r4,r5                           | d30f mov.l 0x000000000c060f6c,r3
0c060f2e 805c mov.b r0,@(12,r5)                   | 432b jmp @r3
0c060f30 432b jmp @r3                             | e513 mov #19,r5
0c060f32 e513 mov #19,r5                          | 2fe6 mov.l r14,@-r15
0c060f34 2fe6 mov.l r14,@-r15                     | 6e43 mov r4,r14
0c060f36 6e43 mov r4,r14                          | 84e6 mov.b @(6,r14),r0
0c060f38 84e6 mov.b @(6,r14),r0                   | 64e3 mov r14,r4
0c060f3a 64e3 mov r14,r4                          | 7001 add #1,r0
0c060f3c 7001 add #1,r0                           | 80e6 mov.b r0,@(6,r14)
0c060f3e 80e6 mov.b r0,@(6,r14)                   | e000 mov #0,r0
0c060f40 e000 mov #0,r0                           | 80e7 mov.b r0,@(7,r14)
0c060f42 80e7 mov.b r0,@(7,r14)                   | e020 mov #32,r0
0c060f44 e020 mov #32,r0                          | 03ec mov.b @(r0,r14),r3
0c060f46 03ec mov.b @(r0,r14),r3                  | d00b mov.l 0x000000000c060f74,r0
0c060f48 d00b mov.l 0x000000000c060f78,r0         | 633c extu.b r3,r3
0c060f4a 633c extu.b r3,r3                        | 4308 shll2 r3
0c060f4c 4308 shll2 r3                            | 023e mov.l @(r0,r3),r2
0c060f4e 023e mov.l @(r0,r3),r2                   | 422b jmp @r2
0c060f50 422b jmp @r2                             | 6ef6 mov.l @r15+,r14
0c060f52 6ef6 mov.l @r15+,r14                     | 0340 error
0c060f54 0340 error                               | 0158 error
0c060f56 0158 error                               | 02a4 mov.b r10,@(r0,r2)
0c060f58 02a4 mov.b r10,@(r0,r2)                  | 837e error
0c060f5a 0000 error                               | 0c2f mac.l @r2+,@r12+
0c060f5c 837e error                               | 3628 sub r2,r6
0c060f5e 0c2f mac.l @r2+,@r12+                    | 0c04 mov.b r0,@(r0,r12)
0c060f60 3628 sub r2,r6                           | c190 mov.w r0,@(288,gbr)
0c060f62 0c04 mov.b r0,@(r0,r12)                  | 0c1e mov.l @(r0,r1),r12
0c060f64 c190 mov.w r0,@(288,gbr)                 | 6f84 mov.b @r8+,r15
0c060f66 0c1e mov.l @(r0,r1),r12                  | 0c2d mov.w @(r0,r2),r12
0c060f68 6f84 mov.b @r8+,r15                      | ffac fmov fr10,fr15
0c060f6a 0c2d mov.w @(r0,r2),r12                  | 0c23 braf r12
0c060f6c ffac fmov fr10,fr15                      | a0c4 bra 0x000000000c0610f8
0c060f6e 0c23 braf r12                            | 0c02 stc sr,r12
0c060f70 a0c4 bra 0x000000000c0610fc              | f420 fadd fr2,fr4
0c060f72 0c02 stc sr,r12                          | 0c18 error
0c060f74 f420 fadd fr2,fr4                        | ffcc fmov fr12,fr15
0c060f76 0c18 error                               | 0c23 braf r12
