STRICT False ['Wrong exported symbol address: _func_0c074bb0', 'Wrong exported symbol address: _func_0c074bd2', 'Wrong exported symbol address: _func_0c074be4', 'Not an exact section match: P', 'Linked image contains extra or missing initialized bytes', 'Linked image contains extra or missing memory bytes']
[(588, 0)]
[('_func_0c0749c4', 99, 108), ('_func_0c074a30', 101, 342), ('_func_0c074bb0', 3, 34), ('_func_0c074bd2', 0, 18), ('_func_0c074be4', 1, 18)]
0c0749c4 9097 mov.w 0x000000000c074af6,r0         | 909b mov.w 0x000000000c074afe,r0
0c0749d4 9090 mov.w 0x000000000c074af8,r0         | 9094 mov.w 0x000000000c074b00,r0
0c0749ee 9084 mov.w 0x000000000c074afa,r0         | 9088 mov.w 0x000000000c074b02,r0
0c0749f2 c744 mova 0x000000000c074b04,r0          | c746 mova 0x000000000c074b0c,r0
0c0749fa 907f mov.w 0x000000000c074afc,r0         | 9083 mov.w 0x000000000c074b04,r0
0c074a0c d33e mov.l 0x000000000c074b08,r3         | d340 mov.l 0x000000000c074b10,r3
0c074a12 d23e mov.l 0x000000000c074b0c,r2         | d240 mov.l 0x000000000c074b14,r2
0c074a1a d33d mov.l 0x000000000c074b10,r3         | d33f mov.l 0x000000000c074b18,r3
0c074a24 d23b mov.l 0x000000000c074b14,r2         | d23d mov.l 0x000000000c074b1c,r2
0c074a30 9061 mov.w 0x000000000c074af6,r0         | 9065 mov.w 0x000000000c074afe,r0
0c074a44 9058 mov.w 0x000000000c074af8,r0         | 905c mov.w 0x000000000c074b00,r0
0c074a7c 903f mov.w 0x000000000c074afe,r0         | 9043 mov.w 0x000000000c074b06,r0
0c074a82 8f4d bf.s 0x000000000c074b20             | 8d0c bt.s 0x000000000c074a9e
0c074a86 d324 mov.l 0x000000000c074b18,r3         | 03ec mov.b @(r0,r14),r3
0c074a88 430b jsr @r3                             | 70d5 add #-43,r0
0c074a8a 64e3 mov r14,r4                          | 02ec mov.b @(r0,r14),r2
0c074a8c 600e exts.b r0,r0                        | e101 mov #1,r1
0c074a8e 4011 cmp/pz r0                           | 622c extu.b r2,r2
0c074a90 8b01 bf 0x000000000c074a96               | 412c shad r2,r1
0c074a92 a089 bra 0x000000000c074ba8              | 3310 cmp/eq r1,r3
0c074a94 0009 nop                                 | 8b01 bf 0x000000000c074a9a
0c074a96 85ee mov.w @(28,r14),r0                  | a083 bra 0x000000000c074ba0
0c074a98 70ff add #-1,r0                          | 0009 nop
0c074a9a 81ee mov.w r0,@(28,r14)                  | a045 bra 0x000000000c074b28
0c074a9c 600f exts.w r0,r0                        | 0009 nop
0c074a9e 2008 tst r0,r0                           | d220 mov.l 0x000000000c074b20,r2
0c074aa0 8946 bt 0x000000000c074b30               | 420b jsr @r2
0c074aa2 85ef mov.w @(30,r14),r0                  | 64e3 mov r14,r4
0c074aa4 d319 mov.l 0x000000000c074b0c,r3         | 600e exts.b r0,r0
0c074aa6 ca01 xor #1,r0                           | 4011 cmp/pz r0
0c074aa8 81ef mov.w r0,@(30,r14)                  | 897a bt 0x000000000c074ba0
0c074aaa 85ef mov.w @(30,r14),r0                  | 85ee mov.w @(28,r14),r0
0c074aac 6503 mov r0,r5                           | 70ff add #-1,r0
0c074aae 430b jsr @r3                             | 81ee mov.w r0,@(28,r14)
0c074ab0 64e3 mov r14,r4                          | 600f exts.w r0,r0
0c074ab2 d217 mov.l 0x000000000c074b10,r2         | 2008 tst r0,r0
0c074ab4 e51f mov #31,r5                          | 8938 bt 0x000000000c074b28
0c074ab6 420b jsr @r2                             | 85ef mov.w @(30,r14),r0
0c074ab8 64e3 mov r14,r4                          | d316 mov.l 0x000000000c074b14,r3
0c074aba 85ee mov.w @(28,r14),r0                  | ca01 xor #1,r0
0c074abc 64e3 mov r14,r4                          | 81ef mov.w r0,@(30,r14)
0c074abe e516 mov #22,r5                          | 85ef mov.w @(30,r14),r0
0c074ac0 6303 mov r0,r3                           | 6503 mov r0,r5
0c074ac2 901d mov.w 0x000000000c074b00,r0         | 430b jsr @r3
0c074ac4 7341 add #65,r3                          | 64e3 mov r14,r4
0c074ac6 0e34 mov.b r3,@(r0,r14)                  | d214 mov.l 0x000000000c074b18,r2
0c074ac8 700b add #11,r0                          | e51f mov #31,r5
0c074aca 0ed5 mov.w r13,@(r0,r14)                 | 420b jsr @r2
0c074acc 70f2 add #-14,r0                         | 64e3 mov r14,r4
0c074ace 0ed4 mov.b r13,@(r0,r14)                 | 85ee mov.w @(28,r14),r0
0c074ad0 7026 add #38,r0                          | 6303 mov r0,r3
0c074ad2 d312 mov.l 0x000000000c074b1c,r3         | 9019 mov.w 0x000000000c074b08,r0
0c074ad4 0ed6 mov.l r13,@(r0,r14)                 | 7341 add #65,r3
0c074ad6 84e2 mov.b @(2,r14),r0                   | 0e34 mov.b r3,@(r0,r14)
0c074ad8 6232 mov.l @r3,r2                        | 700b add #11,r0
0c074ada 600c extu.b r0,r0                        | 0ed5 mov.w r13,@(r0,r14)
0c074adc 4000 shll r0                             | 70f2 add #-14,r0
0c074ade 727c add #124,r2                         | 0ed4 mov.b r13,@(r0,r14)
0c074ae0 012d mov.w @(r0,r2),r1                   | 7026 add #38,r0
0c074ae2 7101 add #1,r1                           | d310 mov.l 0x000000000c074b24,r3
0c074ae4 0215 mov.w r1,@(r0,r2)                   | 0ed6 mov.l r13,@(r0,r14)
0c074ae6 4f26 lds.l @r15+,pr                      | 84e2 mov.b @(2,r14),r0
0c074ae8 85ef mov.w @(30,r14),r0                  | 6232 mov.l @r3,r2
0c074aea d20a mov.l 0x000000000c074b14,r2         | 600c extu.b r0,r0
0c074aec 6df6 mov.l @r15+,r13                     | 4000 shll r0
0c074aee 6603 mov r0,r6                           | 727c add #124,r2
0c074af0 7607 add #7,r6                           | 012d mov.w @(r0,r2),r1
0c074af2 422b jmp @r2                             | 7101 add #1,r1
0c074af4 6ef6 mov.l @r15+,r14                     | 0215 mov.w r1,@(r0,r2)
0c074af6 03f8 error                               | 85ef mov.w @(30,r14),r0
0c074af8 0328 error                               | 6603 mov r0,r6
0c074afa 01a3 ocbp @r1                            | a04a bra 0x000000000c074b92
0c074afc 01d2 stc r5_bank,r1                      | 7607 add #7,r6
0c074afe 01fd mov.w @(r0,r15),r1                  | 03f8 error
0c074b00 01a1 error                               | 0328 error
0c074b02 0000 error                               | 01a3 ocbp @r1
0c074b04 5555 mov.l @(20,r5),r5                   | 01d2 stc r5_bank,r1
0c074b06 c105 mov.w r0,@(10,gbr)                  | 01fd mov.w @(r0,r15),r1
0c074b08 1980 mov.l r8,@(0,r9)                    | 01a1 error
0c074b0a 0c19 error                               | 0000 error
0c074b0c b79c bsr 0x000000000c075a48              | 5555 mov.l @(20,r5),r5
0c074b0e 0c13 error                               | c105 mov.w r0,@(10,gbr)
0c074b10 44a0 error                               | 1980 mov.l r8,@(0,r9)
0c074b12 0c03 bsrf r12                            | 0c19 error
0c074b14 a0c4 bra 0x000000000c074ca0              | b79c bsr 0x000000000c075a50
0c074b16 0c02 stc sr,r12                          | 0c13 error
0c074b18 a026 bra 0x000000000c074b68              | 44a0 error
0c074b1a 0c02 stc sr,r12                          | 0c03 bsrf r12
0c074b1c 83f8 error                               | a0c4 bra 0x000000000c074ca8
0c074b1e 0c2f mac.l @r2+,@r12+                    | 0c02 stc sr,r12
0c074b20 02ec mov.b @(r0,r14),r2                  | a026 bra 0x000000000c074b70
0c074b22 70d5 add #-43,r0                         | 0c02 stc sr,r12
0c074b24 03ec mov.b @(r0,r14),r3                  | 83f8 error
0c074b26 e101 mov #1,r1                           | 0c2f mac.l @r2+,@r12+
0c074b28 633c extu.b r3,r3                        | 9061 mov.w 0x000000000c074bee,r0
0c074b2a 413c shad r3,r1                          | 0ed4 mov.b r13,@(r0,r14)
0c074b2c 3210 cmp/eq r1,r2                        | 70ff add #-1,r0
0c074b2e 893b bt 0x000000000c074ba8               | 0ed4 mov.b r13,@(r0,r14)
0c074b30 9061 mov.w 0x000000000c074bf6,r0         | 905e mov.w 0x000000000c074bf0,r0
0c074b34 70ff add #-1,r0                          | 7001 add #1,r0
0c074b38 905e mov.w 0x000000000c074bf8,r0         | 84e6 mov.b @(6,r14),r0
0c074b3a 0ed4 mov.b r13,@(r0,r14)                 | 7001 add #1,r0
0c074b3c 7001 add #1,r0                           | 80e6 mov.b r0,@(6,r14)
0c074b3e 0ed4 mov.b r13,@(r0,r14)                 | 60d3 mov r13,r0
0c074b40 84e6 mov.b @(6,r14),r0                   | 0009 nop
0c074b42 7001 add #1,r0                           | 80e7 mov.b r0,@(7,r14)
0c074b44 80e6 mov.b r0,@(6,r14)                   | e05c mov #92,r0
0c074b46 60d3 mov r13,r0                          | f48d fldi0 fr4
0c074b48 0009 nop                                 | e443 mov #67,r4
0c074b4a 80e7 mov.b r0,@(7,r14)                   | fe47 fmov fr4,@(r0,r14)
0c074b4c e05c mov #92,r0                          | e060 mov #96,r0
0c074b4e f48d fldi0 fr4                           | fe47 fmov fr4,@(r0,r14)
0c074b50 e443 mov #67,r4                          | e068 mov #104,r0
0c074b54 e060 mov #96,r0                          | e06c mov #108,r0
0c074b58 e068 mov #104,r0                         | 904b mov.w 0x000000000c074bf2,r0
0c074b5a fe47 fmov fr4,@(r0,r14)                  | 05ec mov.b @(r0,r14),r5
0c074b5c e06c mov #108,r0                         | 605c extu.b r5,r0
0c074b5e fe47 fmov fr4,@(r0,r14)                  | 8804 cmp/eq #4,r0
0c074b60 904b mov.w 0x000000000c074bfa,r0         | 8d04 bt.s 0x000000000c074b6c
0c074b62 05ec mov.b @(r0,r14),r5                  | 6503 mov r0,r5
0c074b64 605c extu.b r5,r0                        | 6053 mov r5,r0
0c074b66 8804 cmp/eq #4,r0                        | 0009 nop
0c074b68 8d04 bt.s 0x000000000c074b74             | 8805 cmp/eq #5,r0
0c074b6a 6503 mov r0,r5                           | 8b00 bf 0x000000000c074b6e
0c074b6c 6053 mov r5,r0                           | e462 mov #98,r4
0c074b6e 0009 nop                                 | 9041 mov.w 0x000000000c074bf4,r0
0c074b70 8805 cmp/eq #5,r0                        | e60a mov #10,r6
0c074b72 8b00 bf 0x000000000c074b76               | d321 mov.l 0x000000000c074bf8,r3
0c074b74 e462 mov #98,r4                          | 0e44 mov.b r4,@(r0,r14)
0c074b76 9041 mov.w 0x000000000c074bfc,r0         | 700b add #11,r0
0c074b78 e60a mov #10,r6                          | 0ed5 mov.w r13,@(r0,r14)
0c074b7a d321 mov.l 0x000000000c074c00,r3         | 70f2 add #-14,r0
0c074b7c e516 mov #22,r5                          | 0ed4 mov.b r13,@(r0,r14)
0c074b7e 0e44 mov.b r4,@(r0,r14)                  | 7026 add #38,r0
0c074b80 700b add #11,r0                          | 0ed6 mov.l r13,@(r0,r14)
0c074b82 0ed5 mov.w r13,@(r0,r14)                 | 84e2 mov.b @(2,r14),r0
0c074b84 70f2 add #-14,r0                         | 6232 mov.l @r3,r2
0c074b86 0ed4 mov.b r13,@(r0,r14)                 | 600c extu.b r0,r0
0c074b88 7026 add #38,r0                          | 4000 shll r0
0c074b8a 0ed6 mov.l r13,@(r0,r14)                 | 727c add #124,r2
0c074b8c 64e3 mov r14,r4                          | 012d mov.w @(r0,r2),r1
0c074b8e 84e2 mov.b @(2,r14),r0                   | 7101 add #1,r1
0c074b90 6232 mov.l @r3,r2                        | 0215 mov.w r1,@(r0,r2)
0c074b92 600c extu.b r0,r0                        | 4f26 lds.l @r15+,pr
0c074b94 4000 shll r0                             | d219 mov.l 0x000000000c074bfc,r2
0c074b96 727c add #124,r2                         | 64e3 mov r14,r4
0c074b98 012d mov.w @(r0,r2),r1                   | e516 mov #22,r5
0c074b9a 7101 add #1,r1                           | 6df6 mov.l @r15+,r13
0c074b9c 0215 mov.w r1,@(r0,r2)                   | 422b jmp @r2
0c074b9e 4f26 lds.l @r15+,pr                      | 6ef6 mov.l @r15+,r14
0c074ba0 d218 mov.l 0x000000000c074c04,r2         | 4f26 lds.l @r15+,pr
0c074ba4 422b jmp @r2                             | 000b rts
0c074ba8 4f26 lds.l @r15+,pr                      | 4f22 sts.l pr,@-r15
0c074baa 6df6 mov.l @r15+,r13                     | 7ffc add #-4,r15
0c074bac 000b rts                                 | d314 mov.l 0x000000000c074c00,r3
0c074bae 6ef6 mov.l @r15+,r14                     | 430b jsr @r3
0c074bb0 4f22 sts.l pr,@-r15                      | 2f42 mov.l r4,@r15
0c074bb2 7ffc add #-4,r15                         | 600e exts.b r0,r0
0c074bb4 d314 mov.l 0x000000000c074c08,r3         | 4011 cmp/pz r0
0c074bb6 430b jsr @r3                             | 8904 bt 0x000000000c074bc2
0c074bb8 2f42 mov.l r4,@r15                       | 64f2 mov.l @r15,r4
0c074bba 600e exts.b r0,r0                        | 7f04 add #4,r15
0c074bbc 4011 cmp/pz r0                           | d311 mov.l 0x000000000c074c04,r3
0c074bbe 8904 bt 0x000000000c074bca               | 432b jmp @r3
0c074bc0 64f2 mov.l @r15,r4                       | 4f26 lds.l @r15+,pr
0c074bc4 d311 mov.l 0x000000000c074c0c,r3         | 4f26 lds.l @r15+,pr
0c074bc6 432b jmp @r3                             | 000b rts
0c074bc8 4f26 lds.l @r15+,pr                      | 0009 nop
0c074bca 7f04 add #4,r15                          | 6343 mov r4,r3
0c074bcc 4f26 lds.l @r15+,pr                      | d10e mov.l 0x000000000c074c08,r1
0c074bce 000b rts                                 | 2f46 mov.l r4,@-r15
0c074bd0 0009 nop                                 | 8436 mov.b @(6,r3),r0
0c074bd2 6343 mov r4,r3                           | 600c extu.b r0,r0
0c074bd4 d10e mov.l 0x000000000c074c10,r1         | 4008 shll2 r0
0c074bd6 2f46 mov.l r4,@-r15                      | 031e mov.l @(r0,r1),r3
0c074bd8 8436 mov.b @(6,r3),r0                    | 432b jmp @r3
0c074bda 600c extu.b r0,r0                        | 7f04 add #4,r15
0c074bdc 4008 shll2 r0                            | 6343 mov r4,r3
0c074bde 031e mov.l @(r0,r1),r3                   | d10b mov.l 0x000000000c074c0c,r1
0c074be0 432b jmp @r3                             | 2f46 mov.l r4,@-r15
0c074be2 7f04 add #4,r15                          | 8437 mov.b @(7,r3),r0
0c074be4 6343 mov r4,r3                           | 600c extu.b r0,r0
0c074be6 d10b mov.l 0x000000000c074c14,r1         | 4008 shll2 r0
0c074be8 2f46 mov.l r4,@-r15                      | 031e mov.l @(r0,r1),r3
0c074bea 8437 mov.b @(7,r3),r0                    | 432b jmp @r3
0c074bec 600c extu.b r0,r0                        | 7f04 add #4,r15
0c074bee 4008 shll2 r0                            | 03f9 error
0c074bf0 031e mov.l @(r0,r1),r3                   | 0327 mul.l r2,r3
0c074bf2 432b jmp @r3                             | 0255 mov.w r5,@(r0,r2)
0c074bf4 7f04 add #4,r15                          | 01a1 error
0c074bf6 03f9 error                               | 0000 error
0c074bf8 0327 mul.l r2,r3                         | 83f8 error
0c074bfa 0255 mov.w r5,@(r0,r2)                   | 0c2f mac.l @r2+,@r12+
0c074bfc 01a1 error                               | a0c4 bra 0x000000000c074d88
0c074bfe 0000 error                               | 0c02 stc sr,r12
0c074c00 83f8 error                               | a026 bra 0x000000000c074c50
0c074c02 0c2f mac.l @r2+,@r12+                    | 0c02 stc sr,r12
0c074c04 a0c4 bra 0x000000000c074d90              | 37b8 sub r11,r7
0c074c06 0c02 stc sr,r12                          | 0c04 mov.b r0,@(r0,r12)
0c074c08 a026 bra 0x000000000c074c58              | 1200 mov.l r0,@(0,r2)
0c074c0a 0c02 stc sr,r12                          | 0c24 mov.b r2,@(r0,r12)
0c074c0c 37b8 sub r11,r7                          | 120c mov.l r0,@(48,r2)
0c074c0e 0c04 mov.b r0,@(r0,r12)                  | 0c24 mov.b r2,@(r0,r12)
