STRICT False ['Wrong exported symbol address: _func_0c075cd8', 'Wrong exported symbol address: _func_0c075cde', 'Not an exact section match: P', 'Linked image contains extra or missing initialized bytes', 'Linked image contains extra or missing memory bytes']
[(248, 41)]
[('_func_0c075c24', 30, 180), ('_func_0c075cd8', 0, 6), ('_func_0c075cde', 2, 10)]
0c075c28 905f mov.w 0x000000000c075cea,r0         | 9062 mov.w 0x000000000c075cf0,r0
0c075c32 905b mov.w 0x000000000c075cec,r0         | 905f mov.w 0x000000000c075cf4,r0
0c075c34 9d58 mov.w 0x000000000c075ce8,r13        | 9d5d mov.w 0x000000000c075cf2,r13
0c075c3e 9056 mov.w 0x000000000c075cee,r0         | 905a mov.w 0x000000000c075cf6,r0
0c075c44 8b08 bf 0x000000000c075c58               | 8b0a bf 0x000000000c075c5c
0c075c46 84dd mov.b @(13,r13),r0                  | 62d3 mov r13,r2
0c075c48 2008 tst r0,r0                           | 720c add #12,r2
0c075c4a 8905 bt 0x000000000c075c58               | 8421 mov.b @(1,r2),r0
0c075c4c 904e mov.w 0x000000000c075cec,r0         | 2008 tst r0,r0
0c075c4e e308 mov #8,r3                           | 8905 bt 0x000000000c075c5c
0c075c50 e204 mov #4,r2                           | 9050 mov.w 0x000000000c075cf4,r0
0c075c52 0e34 mov.b r3,@(r0,r14)                  | e308 mov #8,r3
0c075c54 7001 add #1,r0                           | e204 mov #4,r2
0c075c56 0e24 mov.b r2,@(r0,r14)                  | 0e34 mov.b r3,@(r0,r14)
0c075c58 d326 mov.l 0x000000000c075cf4,r3         | 7001 add #1,r0
0c075c5a e000 mov #0,r0                           | 0e24 mov.b r2,@(r0,r14)
0c075c5c 80dd mov.b r0,@(13,r13)                  | 63d3 mov r13,r3
0c075c5e 430b jsr @r3                             | e000 mov #0,r0
0c075c60 64e3 mov r14,r4                          | 730c add #12,r3
0c075c62 600e exts.b r0,r0                        | 8031 mov.b r0,@(1,r3)
0c075c64 4011 cmp/pz r0                           | d325 mov.l 0x000000000c075cfc,r3
0c075c66 890f bt 0x000000000c075c88               | 430b jsr @r3
0c075c68 84dc mov.b @(12,r13),r0                  | 64e3 mov r14,r4
0c075c6a 4011 cmp/pz r0                           | 600e exts.b r0,r0
0c075c6c 890c bt 0x000000000c075c88               | 4011 cmp/pz r0
0c075c6e 903f mov.w 0x000000000c075cf0,r0         | 890f bt 0x000000000c075c90
0c075c70 e280 mov #-128,r2                        | 84dc mov.b @(12,r13),r0
0c075c72 e300 mov #0,r3                           | 4011 cmp/pz r0
0c075c74 64e3 mov r14,r4                          | 890c bt 0x000000000c075c90
0c075c76 0e24 mov.b r2,@(r0,r14)                  | 903f mov.w 0x000000000c075cf8,r0
0c075c78 7050 add #80,r0                          | e280 mov #-128,r2
0c075c7a 0e34 mov.b r3,@(r0,r14)                  | e300 mov #0,r3
0c075c7c 4f26 lds.l @r15+,pr                      | 64e3 mov r14,r4
0c075c7e d31e mov.l 0x000000000c075cf8,r3         | 0e24 mov.b r2,@(r0,r14)
0c075c80 6cf6 mov.l @r15+,r12                     | 7050 add #80,r0
0c075c82 6df6 mov.l @r15+,r13                     | 0e34 mov.b r3,@(r0,r14)
0c075c84 432b jmp @r3                             | 4f26 lds.l @r15+,pr
0c075c86 6ef6 mov.l @r15+,r14                     | d31e mov.l 0x000000000c075d00,r3
0c075c88 84dc mov.b @(12,r13),r0                  | 6cf6 mov.l @r15+,r12
0c075c8a 4015 cmp/pl r0                           | 6df6 mov.l @r15+,r13
0c075c8c 8b17 bf 0x000000000c075cbe               | 432b jmp @r3
0c075c8e d21b mov.l 0x000000000c075cfc,r2         | 6ef6 mov.l @r15+,r14
0c075c90 420b jsr @r2                             | 84dc mov.b @(12,r13),r0
0c075c92 64e3 mov r14,r4                          | 4015 cmp/pl r0
0c075c94 2008 tst r0,r0                           | 8b17 bf 0x000000000c075cc6
0c075c96 8902 bt 0x000000000c075c9e               | d21b mov.l 0x000000000c075d04,r2
0c075c98 9029 mov.w 0x000000000c075cee,r0         | 420b jsr @r2
0c075c9a e201 mov #1,r2                           | 64e3 mov r14,r4
0c075c9c 0e24 mov.b r2,@(r0,r14)                  | 2008 tst r0,r0
0c075c9e 9028 mov.w 0x000000000c075cf2,r0         | 8902 bt 0x000000000c075ca6
0c075ca0 d217 mov.l 0x000000000c075d00,r2         | 9029 mov.w 0x000000000c075cf6,r0
0c075ca2 03cd mov.w @(r0,r12),r3                  | e201 mov #1,r2
0c075ca4 73ff add #-1,r3                          | 0e24 mov.b r2,@(r0,r14)
0c075ca6 0c35 mov.w r3,@(r0,r12)                  | 9028 mov.w 0x000000000c075cfa,r0
0c075ca8 420b jsr @r2                             | d217 mov.l 0x000000000c075d08,r2
0c075caa 64c3 mov r12,r4                          | 03cd mov.w @(r0,r12),r3
0c075cac 2008 tst r0,r0                           | 73ff add #-1,r3
0c075cae 8906 bt 0x000000000c075cbe               | 0c35 mov.w r3,@(r0,r12)
0c075cb0 d314 mov.l 0x000000000c075d04,r3         | 420b jsr @r2
0c075cb2 e0ff mov #-1,r0                          | 64c3 mov r12,r4
0c075cb4 e50f mov #15,r5                          | 2008 tst r0,r0
0c075cb6 80dc mov.b r0,@(12,r13)                  | 8906 bt 0x000000000c075cc6
0c075cb8 e603 mov #3,r6                           | d314 mov.l 0x000000000c075d0c,r3
0c075cba 430b jsr @r3                             | e0ff mov #-1,r0
0c075cbc 64e3 mov r14,r4                          | e50f mov #15,r5
0c075cbe 9015 mov.w 0x000000000c075cec,r0         | 80dc mov.b r0,@(12,r13)
0c075cc0 65c3 mov r12,r5                          | e603 mov #3,r6
0c075cc2 4f26 lds.l @r15+,pr                      | 430b jsr @r3
0c075cc4 02ec mov.b @(r0,r14),r2                  | 64e3 mov r14,r4
0c075cc6 64e3 mov r14,r4                          | 9015 mov.w 0x000000000c075cf4,r0
0c075cc8 d00f mov.l 0x000000000c075d08,r0         | 65c3 mov r12,r5
0c075cca 6cf6 mov.l @r15+,r12                     | 4f26 lds.l @r15+,pr
0c075ccc 4221 shar r2                             | 02ec mov.b @(r0,r14),r2
0c075cce 4208 shll2 r2                            | 64e3 mov r14,r4
0c075cd0 6df6 mov.l @r15+,r13                     | d00f mov.l 0x000000000c075d10,r0
0c075cd2 012e mov.l @(r0,r2),r1                   | 6cf6 mov.l @r15+,r12
0c075cd4 412b jmp @r1                             | 4221 shar r2
0c075cd6 6ef6 mov.l @r15+,r14                     | 4208 shll2 r2
0c075cd8 d30c mov.l 0x000000000c075d0c,r3         | 6df6 mov.l @r15+,r13
0c075cda 432b jmp @r3                             | 032e mov.l @(r0,r2),r3
0c075cdc 0009 nop                                 | 432b jmp @r3
0c075cde 855e mov.w @(28,r5),r0                   | 6ef6 mov.l @r15+,r14
0c075ce0 d30b mov.l 0x000000000c075d10,r3         | d30c mov.l 0x000000000c075d14,r3
0c075ce2 ca01 xor #1,r0                           | 432b jmp @r3
0c075ce4 432b jmp @r3                             | 0009 nop
0c075ce6 815e mov.w r0,@(28,r5)                   | 855e mov.w @(28,r5),r0
0c075ce8 02a4 mov.b r10,@(r0,r2)                  | d30b mov.l 0x000000000c075d18,r3
0c075cea 01c8 error                               | ca01 xor #1,r0
0c075cec 0141 error                               | 432b jmp @r3
0c075cee 0142 stc spc,r1                          | 815e mov.w r0,@(28,r5)
0c075cf0 019d mov.w @(r0,r9),r1                   | 01c8 error
0c075cf2 025c mov.b @(r0,r5),r2                   | 02a4 mov.b r10,@(r0,r2)
0c075cf4 a026 bra 0x000000000c075d44              | 0141 error
0c075cf6 0c02 stc sr,r12                          | 0142 stc spc,r1
0c075cf8 4f1c shad r1,r15                         | 019d mov.w @(r0,r9),r1
0c075cfa 0c04 mov.b r0,@(r0,r12)                  | 025c mov.b @(r0,r5),r2
0c075cfc 27f2 mov.l r15,@r7                       | a026 bra 0x000000000c075d4c
0c075cfe 0c04 mov.b r0,@(r0,r12)                  | 0c02 stc sr,r12
0c075d00 2780 mov.b r8,@r7                        | 4f1c shad r1,r15
0c075d04 a0c4 bra 0x000000000c075e90              | 27f2 mov.l r15,@r7
0c075d06 0c02 stc sr,r12                          | 0c04 mov.b r0,@(r0,r12)
0c075d08 1284 mov.l r8,@(16,r2)                   | 2780 mov.b r8,@r7
0c075d0a 0c24 mov.b r2,@(r0,r12)                  | 0c04 mov.b r0,@(r0,r12)
0c075d0c edcc mov #-52,r13                        | a0c4 bra 0x000000000c075e98
0c075d0e 0c03 bsrf r12                            | 0c02 stc sr,r12
0c075d10 f004 fcmp/eq fr0,fr0                     | 1284 mov.l r8,@(16,r2)
0c075d12 0c03 bsrf r12                            | 0c24 mov.b r2,@(r0,r12)
