P 0x0c0869e4 888 bytes: 0/888 equal, linked 880 at 0x0c0869e4
  _func_0c0869e4 0x0c0869e4 12 bytes: 11/12 equal
  _func_0c0869f0 0x0c0869f0 84 bytes: 2/84 equal
  _func_0c086a44 0x0c086a44 20 bytes: 0/20 equal
  _func_0c086a58 0x0c086a58 66 bytes: 0/66 equal
  _func_0c086a9a 0x0c086a9a 150 bytes: 5/150 equal
  _func_0c086b56 0x0c086b56 150 bytes: 26/150 equal
  _func_0c086bec 0x0c086bec 150 bytes: 30/150 equal
  _func_0c086ca6 0x0c086ca6 150 bytes: 7/150 equal
  pool 0x0c086ae2 38 bytes: 4/38 equal
  pool 0x0c086c20 36 bytes: 30/36 equal
  pool 0x0c086d3c 32 bytes: 0/32 equal
  (P did not link at its address with its size; nothing to compare)
PROBLEM Wrong exported symbol address: _func_0c086a44
PROBLEM Wrong exported symbol address: _func_0c086a58
PROBLEM Wrong exported symbol address: _func_0c086a9a
PROBLEM Wrong exported symbol address: _func_0c086b56
PROBLEM Wrong exported symbol address: _func_0c086ca6
PROBLEM Not an exact section match: P
PROBLEM Linked image contains extra or missing initialized bytes
PROBLEM Linked image contains extra or missing memory bytes
DIFFERS
