P 0x0c08de30 284 bytes: 189/284 equal, linked 288 at 0x0c08de30
  _func_0c08de30 0x0c08de30 242 bytes: 162/242 equal
  pool 0x0c08df22 42 bytes: 27/42 equal
    0c08de32  retail 4f22  sts.l pr,@-r15                   ours 4f22  sts.l pr,@-r15
    0c08de34  retail 7ffc  add #-4,r15                      ours 7ffc  add #-4,r15
  ! 0c08de36  retail 9074  mov.w 0x000000000c08df22,r0      ours 9073  mov.w 0x000000000c08df20,r0
    0c08de38  retail e302  mov #2,r3                        ours e302  mov #2,r3
    0c08de3a  retail 6e43  mov r4,r14                       ours 6e43  mov r4,r14
    ...
    0c08de3e  retail 2f52  mov.l r5,@r15                    ours 2f52  mov.l r5,@r15
    0c08de40  retail 0e34  mov.b r3,@(r0,r14)               ours 0e34  mov.b r3,@(r0,r14)
  ! 0c08de42  retail 906f  mov.w 0x000000000c08df24,r0      ours 906e  mov.w 0x000000000c08df22,r0
    0c08de44  retail d33a  mov.l 0x000000000c08df30,r3      ours d33a  mov.l 0x000000000c08df30,r3
    0c08de46  retail 0e24  mov.b r2,@(r0,r14)               ours 0e24  mov.b r2,@(r0,r14)
    ...
    0c08de8a  retail 600f  exts.w r0,r0                     ours 600f  exts.w r0,r0
    0c08de8c  retail 2008  tst r0,r0                        ours 2008  tst r0,r0
  ! 0c08de8e  retail 8b44  bf 0x000000000c08df1a            ours 8b43  bf 0x000000000c08df18
    0c08de90  retail e201  mov #1,r2                        ours e201  mov #1,r2
    0c08de92  retail 84e6  mov.b @(6,r14),r0                ours 84e6  mov.b @(6,r14),r0
    ...
    0c08dea2  retail 430b  jsr @r3                          ours 430b  jsr @r3
    0c08dea4  retail 64e3  mov r14,r4                       ours 64e3  mov r14,r4
  ! 0c08dea6  retail 903e  mov.w 0x000000000c08df26,r0      ours 903d  mov.w 0x000000000c08df24,r0
    0c08dea8  retail e216  mov #22,r2                       ours e216  mov #22,r2
    0c08deaa  retail e304  mov #4,r3                        ours e304  mov #4,r3
    0c08deac  retail 0e24  mov.b r2,@(r0,r14)               ours 0e24  mov.b r2,@(r0,r14)
  ! 0c08deae  retail 903b  mov.w 0x000000000c08df28,r0      ours 903a  mov.w 0x000000000c08df26,r0
    0c08deb0  retail 0e34  mov.b r3,@(r0,r14)               ours 0e34  mov.b r3,@(r0,r14)
    0c08deb2  retail 06ec  mov.b @(r0,r14),r6               ours 06ec  mov.b @(r0,r14),r6
  ! 0c08deb4  retail 9037  mov.w 0x000000000c08df26,r0      ours 9036  mov.w 0x000000000c08df24,r0
    0c08deb6  retail d320  mov.l 0x000000000c08df38,r3      ours d320  mov.l 0x000000000c08df38,r3
    0c08deb8  retail 05ec  mov.b @(r0,r14),r5               ours 05ec  mov.b @(r0,r14),r5
    ...
    0c08dec8  retail 8801  cmp/eq #1,r0                     ours 8801  cmp/eq #1,r0
    0c08deca  retail 8904  bt 0x000000000c08ded6            ours 8904  bt 0x000000000c08ded6
  ! 0c08decc  retail a007  bra 0x000000000c08dede           ours a006  bra 0x000000000c08dedc
    0c08dece  retail 0009  nop                              ours 0009  nop
    0c08ded0  retail c71a  mova 0x000000000c08df3c,r0       ours c71a  mova 0x000000000c08df3c,r0
  ! 0c08ded2  retail a005  bra 0x000000000c08dee0           ours a004  bra 0x000000000c08dede
    0c08ded4  retail f308  fmov @r0,fr3                     ours f308  fmov @r0,fr3
    0c08ded6  retail c71a  mova 0x000000000c08df40,r0       ours c71a  mova 0x000000000c08df40,r0
  ! 0c08ded8  retail f308  fmov @r0,fr3                     ours a001  bra 0x000000000c08dede
  ! 0c08deda  retail a001  bra 0x000000000c08dee0           ours f308  fmov @r0,fr3
  ! 0c08dedc  retail 0009  nop                              ours f38d  fldi0 fr3
  ! 0c08dede  retail f38d  fldi0 fr3                        ours e05c  mov #92,r0
  ! 0c08dee0  retail e05c  mov #92,r0                       ours fe37  fmov fr3,@(r0,r14)
  ! 0c08dee2  retail fe37  fmov fr3,@(r0,r14)               ours 9021  mov.w 0x000000000c08df28,r0
  ! 0c08dee4  retail 9021  mov.w 0x000000000c08df2a,r0      ours 02ec  mov.b @(r0,r14),r2
  ! 0c08dee6  retail 03ec  mov.b @(r0,r14),r3               ours 2228  tst r2,r2
  ! 0c08dee8  retail 2338  tst r3,r3                        ours 8905  bt 0x000000000c08def6
  ! 0c08deea  retail 8905  bt 0x000000000c08def8            ours c716  mova 0x000000000c08df44,r0
  ! 0c08deec  retail e05c  mov #92,r0                       ours f408  fmov @r0,fr4
  ! 0c08deee  retail f39d  fldi1 fr3                        ours e05c  mov #92,r0
  ! 0c08def0  retail f2e6  fmov @(r0,r14),fr2               ours f3e6  fmov @(r0,r14),fr3
  ! 0c08def2  retail f34d  fneg fr3                         ours f342  fmul fr4,fr3
  ! 0c08def4  retail f232  fmul fr3,fr2                     ours fe37  fmov fr3,@(r0,r14)
  ! 0c08def6  retail fe27  fmov fr2,@(r0,r14)               ours c714  mova 0x000000000c08df48,r0
  ! 0c08def8  retail c712  mova 0x000000000c08df44,r0       ours f208  fmov @r0,fr2
  ! 0c08defa  retail f308  fmov @r0,fr3                     ours e060  mov #96,r0
  ! 0c08defc  retail e060  mov #96,r0                       ours e400  mov #0,r4
  ! 0c08defe  retail e400  mov #0,r4                        ours fe27  fmov fr2,@(r0,r14)
  ! 0c08df00  retail fe37  fmov fr3,@(r0,r14)               ours c712  mova 0x000000000c08df4c,r0
  ! 0c08df02  retail c711  mova 0x000000000c08df48,r0       ours f308  fmov @r0,fr3
  ! 0c08df04  retail f308  fmov @r0,fr3                     ours e06c  mov #108,r0
  ! 0c08df06  retail e06c  mov #108,r0                      ours fe37  fmov fr3,@(r0,r14)
  ! 0c08df08  retail fe37  fmov fr3,@(r0,r14)               ours 900f  mov.w 0x000000000c08df2a,r0
  ! 0c08df0a  retail 900f  mov.w 0x000000000c08df2c,r0      ours 0e44  mov.b r4,@(r0,r14)
  ! 0c08df0c  retail 0e44  mov.b r4,@(r0,r14)               ours 70ff  add #-1,r0
  ! 0c08df0e  retail 70ff  add #-1,r0                       ours 0e44  mov.b r4,@(r0,r14)
  ! 0c08df10  retail 0e44  mov.b r4,@(r0,r14)               ours 900c  mov.w 0x000000000c08df2c,r0
  ! 0c08df12  retail 900c  mov.w 0x000000000c08df2e,r0      ours 0e44  mov.b r4,@(r0,r14)
  ! 0c08df14  retail 0e44  mov.b r4,@(r0,r14)               ours 7001  add #1,r0
  ! 0c08df16  retail 7001  add #1,r0                        ours 0e44  mov.b r4,@(r0,r14)
  ! 0c08df18  retail 0e44  mov.b r4,@(r0,r14)               ours 7f04  add #4,r15
  ! 0c08df1a  retail 7f04  add #4,r15                       ours 4f26  lds.l @r15+,pr
  ! 0c08df1c  retail 4f26  lds.l @r15+,pr                   ours 000b  rts
  ! 0c08df1e  retail 000b  rts                              ours 6ef6  mov.l @r15+,r14
  ! 0c08df20  retail 6ef6  mov.l @r15+,r14                  ours 03f8  error
  ! 0c08df22  retail 03f8  error                            ours 0328  error
  ! 0c08df24  retail 0328  error                            ours 0159  error
  ! 0c08df26  retail 0159  error                            ours 0158  error
  ! 0c08df28  retail 0158  error                            ours 01d2  stc r5_bank,r1
  ! 0c08df2a  retail 01d2  stc r5_bank,r1                   ours 03f9  error
  ! 0c08df2c  retail 03f9  error                            ours 0327  mul.l r2,r3
  ! 0c08df2e  retail 0327  mul.l r2,r3                      ours 0000  error
    0c08df30  retail a026  bra 0x000000000c08df80           ours a026  bra 0x000000000c08df80
    0c08df32  retail 0c02  stc sr,r12                       ours 0c02  stc sr,r12
    ...
    0c08df40  retail 5555  mov.l @(20,r5),r5                ours 5555  mov.l @(20,r5),r5
    0c08df42  retail c055  mov.b r0,@(85,gbr)               ours c055  mov.b r0,@(85,gbr)
  ! 0c08df44  retail 2492  mov.l r9,@r4                     ours 0000  error
  ! 0c08df46  retail 4189  error                            ours bf80  bsr 0x000000000c08de4a
    0c08df48  retail 2492  mov.l r9,@r4                     ours 2492  mov.l r9,@r4
  ! 0c08df4a  retail bf89  bsr 0x000000000c08de60           ours 4189  error
PROBLEM Not an exact section match: P
PROBLEM Linked image contains extra or missing initialized bytes
PROBLEM Linked image contains extra or missing memory bytes
DIFFERS
