P 0x0c0953cc 800 bytes: 792/800 equal, linked 800 at 0x0c0953cc
  _func_0c0953cc 0x0c0953cc 28 bytes: 28/28 equal
  _func_0c0953e8 0x0c0953e8 152 bytes: 152/152 equal
  _func_0c0954a4 0x0c0954a4 104 bytes: 96/104 equal
  _func_0c09550c 0x0c09550c 70 bytes: 70/70 equal
  _func_0c095552 0x0c095552 78 bytes: 78/78 equal
  _func_0c0955c8 0x0c0955c8 70 bytes: 70/70 equal
  _func_0c09560e 0x0c09560e 70 bytes: 70/70 equal
  _func_0c095654 0x0c095654 62 bytes: 62/62 equal
  _func_0c095692 0x0c095692 56 bytes: 56/56 equal
  pool 0x0c095480 36 bytes: 36/36 equal
  pool 0x0c0955a0 40 bytes: 40/40 equal
  pool 0x0c0956ca 34 bytes: 34/34 equal
    0c0954ca  retail 8b0a  bf 0x000000000c0954e2            ours 8b0a  bf 0x000000000c0954e2
    0c0954cc  retail 906b  mov.w 0x000000000c0955a6,r0      ours 906b  mov.w 0x000000000c0955a6,r0
  ! 0c0954ce  retail 01ec  mov.b @(r0,r14),r1               ours 03ec  mov.b @(r0,r14),r3
  ! 0c0954d0  retail 2118  tst r1,r1                        ours 2338  tst r3,r3
    0c0954d2  retail 8903  bt 0x000000000c0954dc            ours 8903  bt 0x000000000c0954dc
    0c0954d4  retail 4f26  lds.l @r15+,pr                   ours 4f26  lds.l @r15+,pr
    ...
    0c0954d8  retail 000b  rts                              ours 000b  rts
    0c0954da  retail 6ef6  mov.l @r15+,r14                  ours 6ef6  mov.l @r15+,r14
  ! 0c0954dc  retail 03ec  mov.b @(r0,r14),r3               ours 02ec  mov.b @(r0,r14),r2
  ! 0c0954de  retail 7301  add #1,r3                        ours 7201  add #1,r2
  ! 0c0954e0  retail 0e34  mov.b r3,@(r0,r14)               ours 0e24  mov.b r2,@(r0,r14)
    0c0954e2  retail 955d  mov.w 0x000000000c0955a0,r5      ours 955d  mov.w 0x000000000c0955a0,r5
  ! 0c0954e4  retail d234  mov.l 0x000000000c0955b8,r2      ours d334  mov.l 0x000000000c0955b8,r3
    0c0954e6  retail 35ec  add r14,r5                       ours 35ec  add r14,r5
  ! 0c0954e8  retail 420b  jsr @r2                          ours 430b  jsr @r3
    0c0954ea  retail 64e3  mov r14,r4                       ours 64e3  mov r14,r4
    0c0954ec  retail e400  mov #0,r4                        ours e400  mov #0,r4
PROBLEM Not an exact section match: P
DIFFERS
