P 0x0c097ae0 368 bytes: 363/368 equal, linked 368 at 0x0c097ae0
  _func_0c097ae0 0x0c097ae0 132 bytes: 132/132 equal
  _func_0c097b64 0x0c097b64 112 bytes: 111/112 equal
  _func_0c097bd4 0x0c097bd4 34 bytes: 34/34 equal
  _func_0c097bf6 0x0c097bf6 18 bytes: 18/18 equal
  pool 0x0c097c08 72 bytes: 68/72 equal
    0c097b9c  retail 02ed  mov.w @(r0,r14),r2               ours 02ed  mov.w @(r0,r14),r2
    0c097b9e  retail 2228  tst r2,r2                        ours 2228  tst r2,r2
  ! 0c097ba0  retail 8b02  bf 0x000000000c097ba8            ours 8902  bt 0x000000000c097ba8
    0c097ba2  retail c725  mova 0x000000000c097c38,r0       ours c725  mova 0x000000000c097c38,r0
    0c097ba4  retail a002  bra 0x000000000c097bac           ours a002  bra 0x000000000c097bac
    ...
    0c097c34  retail b7a0  bsr 0x000000000c098b78           ours b7a0  bsr 0x000000000c098b78
    0c097c36  retail 0c1f  mac.l @r1+,@r12+                 ours 0c1f  mac.l @r1+,@r12+
  ! 0c097c38  retail 5555  mov.l @(20,r5),r5                ours 5554  mov.l @(16,r5),r5
  ! 0c097c3a  retail c305  trapa #5                         ours 4305  rotr r3
  ! 0c097c3c  retail 5555  mov.l @(20,r5),r5                ours 5554  mov.l @(16,r5),r5
  ! 0c097c3e  retail 4305  rotr r3                          ours c305  trapa #5
    0c097c40  retail 0000  error                            ours 0000  error
    0c097c42  retail 4370  error                            ours 4370  error
PROBLEM Not an exact section match: P
DIFFERS
