P 0x0c09d210 364 bytes: 51/364 equal, linked 372 at 0x0c09d210
  _func_0c09d210 0x0c09d210 198 bytes: 42/198 equal
  _func_0c09d2d6 0x0c09d2d6 146 bytes: 8/146 equal
  pool 0x0c09d368 20 bytes: 1/20 equal
    0c09d210  retail 2fe6  mov.l r14,@-r15                  ours 2fe6  mov.l r14,@-r15
    0c09d212  retail 2fd6  mov.l r13,@-r15                  ours 2fd6  mov.l r13,@-r15
  ! 0c09d214  retail 4f22  sts.l pr,@-r15                   ours 2fc6  mov.l r12,@-r15
  ! 0c09d216  retail 7fec  add #-20,r15                     ours 4f22  sts.l pr,@-r15
  ! 0c09d218  retail 6e43  mov r4,r14                       ours 7fec  add #-20,r15
  ! 0c09d21a  retail 84e6  mov.b @(6,r14),r0                ours 6e43  mov r4,r14
  ! 0c09d21c  retail 64f3  mov r15,r4                       ours 6cf3  mov r15,r12
  ! 0c09d21e  retail 7408  add #8,r4                        ours 63c3  mov r12,r3
  ! 0c09d220  retail 7001  add #1,r0                        ours 62c3  mov r12,r2
  ! 0c09d222  retail 6343  mov r4,r3                        ours 7308  add #8,r3
  ! 0c09d224  retail 80e6  mov.b r0,@(6,r14)                ours 6dc3  mov r12,r13
  ! 0c09d226  retail e034  mov #52,r0                       ours 1c31  mov.l r3,@(4,r12)
  ! 0c09d228  retail 1f31  mov.l r3,@(4,r15)                ours 720c  add #12,r2
  ! 0c09d22a  retail 6d43  mov r4,r13                       ours 2c22  mov.l r2,@r12
  ! 0c09d22c  retail f3e6  fmov @(r0,r14),fr3               ours 7d10  add #16,r13
  ! 0c09d22e  retail 7d08  add #8,r13                       ours 84e6  mov.b @(6,r14),r0
  ! 0c09d230  retail 909a  mov.w 0x000000000c09d368,r0      ours 7001  add #1,r0
  ! 0c09d232  retail f33a  fmov fr3,@r3                     ours 80e6  mov.b r0,@(6,r14)
  ! 0c09d234  retail 7304  add #4,r3                        ours e034  mov #52,r0
  ! 0c09d236  retail 2f32  mov.l r3,@r15                    ours f3e6  fmov @(r0,r14),fr3
  ! 0c09d238  retail 02ee  mov.l @(r0,r14),r2               ours 909b  mov.w 0x000000000c09d372,r0
  ! 0c09d23a  retail e034  mov #52,r0                       ours 53c1  mov.l @(4,r12),r3
  ! 0c09d23c  retail f326  fmov @(r0,r2),fr3                ours f33a  fmov fr3,@r3
  ! 0c09d23e  retail 9093  mov.w 0x000000000c09d368,r0      ours 02ee  mov.l @(r0,r14),r2
  ! 0c09d240  retail f33a  fmov fr3,@r3                     ours e034  mov #52,r0
  ! 0c09d242  retail 03ee  mov.l @(r0,r14),r3               ours 63c2  mov.l @r12,r3
  ! 0c09d244  retail e034  mov #52,r0                       ours f326  fmov @(r0,r2),fr3
  ! 0c09d246  retail f3e6  fmov @(r0,r14),fr3               ours 9094  mov.w 0x000000000c09d372,r0
  ! 0c09d248  retail f236  fmov @(r0,r3),fr2                ours f33a  fmov fr3,@r3
  ! 0c09d24a  retail 908d  mov.w 0x000000000c09d368,r0      ours 03ee  mov.l @(r0,r14),r3
  ! 0c09d24c  retail f231  fsub fr3,fr2                     ours e034  mov #52,r0
  ! 0c09d24e  retail d347  mov.l 0x000000000c09d36c,r3      ours f3e6  fmov @(r0,r14),fr3
  ! 0c09d250  retail fd2a  fmov fr2,@r13                    ours f236  fmov @(r0,r3),fr2
  ! 0c09d252  retail 05ee  mov.l @(r0,r14),r5               ours 908e  mov.w 0x000000000c09d372,r0
  ! 0c09d254  retail 430b  jsr @r3                          ours f231  fsub fr3,fr2
  ! 0c09d256  retail 64e3  mov r14,r4                       ours fd2a  fmov fr2,@r13
  ! 0c09d258  retail 9086  mov.w 0x000000000c09d368,r0      ours 05ee  mov.l @(r0,r14),r5
  ! 0c09d25a  retail f48d  fldi0 fr4                        ours d346  mov.l 0x000000000c09d374,r3
  ! 0c09d25c  retail 02ee  mov.l @(r0,r14),r2               ours 430b  jsr @r3
  ! 0c09d25e  retail e034  mov #52,r0                       ours 64e3  mov r14,r4
  ! 0c09d260  retail f3e6  fmov @(r0,r14),fr3               ours 9087  mov.w 0x000000000c09d372,r0
  ! 0c09d262  retail f226  fmov @(r0,r2),fr2                ours f48d  fldi0 fr4
  ! 0c09d264  retail c742  mova 0x000000000c09d370,r0       ours 02ee  mov.l @(r0,r14),r2
  ! 0c09d266  retail f231  fsub fr3,fr2                     ours e034  mov #52,r0
  ! 0c09d268  retail f3d8  fmov @r13,fr3                    ours f3e6  fmov @(r0,r14),fr3
  ! 0c09d26a  retail f231  fsub fr3,fr2                     ours f226  fmov @(r0,r2),fr2
  ! 0c09d26c  retail fd2a  fmov fr2,@r13                    ours c742  mova 0x000000000c09d378,r0
  ! 0c09d26e  retail f308  fmov @r0,fr3                     ours f231  fsub fr3,fr2
  ! 0c09d270  retail e034  mov #52,r0                       ours f3d8  fmov @r13,fr3
  ! 0c09d272  retail f233  fdiv fr3,fr2                     ours f231  fsub fr3,fr2
    0c09d274  retail fd2a  fmov fr2,@r13                    ours fd2a  fmov fr2,@r13
  ! 0c09d276  retail 53f1  mov.l @(4,r15),r3                ours f308  fmov @r0,fr3
  ! 0c09d278  retail f238  fmov @r3,fr2                     ours e034  mov #52,r0
  ! 0c09d27a  retail fe27  fmov fr2,@(r0,r14)               ours f233  fdiv fr3,fr2
  ! 0c09d27c  retail 62f2  mov.l @r15,r2                    ours fd2a  fmov fr2,@r13
  ! 0c09d27e  retail 9073  mov.w 0x000000000c09d368,r0      ours 53c1  mov.l @(4,r12),r3
  ! 0c09d280  retail f228  fmov @r2,fr2                     ours f238  fmov @r3,fr2
  ! 0c09d282  retail 03ee  mov.l @(r0,r14),r3               ours fe27  fmov fr2,@(r0,r14)
  ! 0c09d284  retail e034  mov #52,r0                       ours 62c2  mov.l @r12,r2
  ! 0c09d286  retail f327  fmov fr2,@(r0,r3)                ours 9074  mov.w 0x000000000c09d372,r0
  ! 0c09d288  retail e05c  mov #92,r0                       ours f228  fmov @r2,fr2
  ! 0c09d28a  retail fe47  fmov fr4,@(r0,r14)               ours 03ee  mov.l @(r0,r14),r3
  ! 0c09d28c  retail e060  mov #96,r0                       ours e034  mov #52,r0
  ! 0c09d28e  retail fe47  fmov fr4,@(r0,r14)               ours f327  fmov fr2,@(r0,r3)
  ! 0c09d290  retail e068  mov #104,r0                      ours e05c  mov #92,r0
    0c09d292  retail fe47  fmov fr4,@(r0,r14)               ours fe47  fmov fr4,@(r0,r14)
  ! 0c09d294  retail e06c  mov #108,r0                      ours e060  mov #96,r0
    0c09d296  retail fe47  fmov fr4,@(r0,r14)               ours fe47  fmov fr4,@(r0,r14)
  ! 0c09d298  retail 9066  mov.w 0x000000000c09d368,r0      ours e068  mov #104,r0
  ! 0c09d29a  retail 03ee  mov.l @(r0,r14),r3               ours fe47  fmov fr4,@(r0,r14)
  ! 0c09d29c  retail e05c  mov #92,r0                       ours e06c  mov #108,r0
  ! 0c09d29e  retail f347  fmov fr4,@(r0,r3)                ours fe47  fmov fr4,@(r0,r14)
  ! 0c09d2a0  retail 9062  mov.w 0x000000000c09d368,r0      ours 9067  mov.w 0x000000000c09d372,r0
    0c09d2a2  retail 03ee  mov.l @(r0,r14),r3               ours 03ee  mov.l @(r0,r14),r3
  ! 0c09d2a4  retail e060  mov #96,r0                       ours e05c  mov #92,r0
    0c09d2a6  retail f347  fmov fr4,@(r0,r3)                ours f347  fmov fr4,@(r0,r3)
  ! 0c09d2a8  retail 905e  mov.w 0x000000000c09d368,r0      ours 9063  mov.w 0x000000000c09d372,r0
    0c09d2aa  retail 03ee  mov.l @(r0,r14),r3               ours 03ee  mov.l @(r0,r14),r3
  ! 0c09d2ac  retail e068  mov #104,r0                      ours e060  mov #96,r0
    0c09d2ae  retail f347  fmov fr4,@(r0,r3)                ours f347  fmov fr4,@(r0,r3)
  ! 0c09d2b0  retail 905a  mov.w 0x000000000c09d368,r0      ours 905f  mov.w 0x000000000c09d372,r0
    0c09d2b2  retail 03ee  mov.l @(r0,r14),r3               ours 03ee  mov.l @(r0,r14),r3
  ! 0c09d2b4  retail e06c  mov #108,r0                      ours e068  mov #104,r0
    0c09d2b6  retail f347  fmov fr4,@(r0,r3)                ours f347  fmov fr4,@(r0,r3)
  ! 0c09d2b8  retail 9056  mov.w 0x000000000c09d368,r0      ours 905b  mov.w 0x000000000c09d372,r0
  ! 0c09d2ba  retail f2d8  fmov @r13,fr2                    ours 03ee  mov.l @(r0,r14),r3
  ! 0c09d2bc  retail 03ee  mov.l @(r0,r14),r3               ours e06c  mov #108,r0
  ! 0c09d2be  retail e05c  mov #92,r0                       ours f347  fmov fr4,@(r0,r3)
  ! 0c09d2c0  retail f327  fmov fr2,@(r0,r3)                ours 9057  mov.w 0x000000000c09d372,r0
    0c09d2c2  retail f2d8  fmov @r13,fr2                    ours f2d8  fmov @r13,fr2
  ! 0c09d2c4  retail f24d  fneg fr2                         ours 03ee  mov.l @(r0,r14),r3
  ! 0c09d2c6  retail fe27  fmov fr2,@(r0,r14)               ours e05c  mov #92,r0
  ! 0c09d2c8  retail e010  mov #16,r0                       ours f327  fmov fr2,@(r0,r3)
  ! 0c09d2ca  retail 81ee  mov.w r0,@(28,r14)               ours f2d8  fmov @r13,fr2
  ! 0c09d2cc  retail 7f14  add #20,r15                      ours f24d  fneg fr2
  ! 0c09d2ce  retail 4f26  lds.l @r15+,pr                   ours fe27  fmov fr2,@(r0,r14)
  ! 0c09d2d0  retail 6df6  mov.l @r15+,r13                  ours e010  mov #16,r0
  ! 0c09d2d2  retail 000b  rts                              ours 81ee  mov.w r0,@(28,r14)
  ! 0c09d2d4  retail 6ef6  mov.l @r15+,r14                  ours 7f14  add #20,r15
  ! 0c09d2d6  retail 2fe6  mov.l r14,@-r15                  ours 4f26  lds.l @r15+,pr
  ! 0c09d2d8  retail 4f22  sts.l pr,@-r15                   ours 6cf6  mov.l @r15+,r12
  ! 0c09d2da  retail d326  mov.l 0x000000000c09d374,r3      ours 6df6  mov.l @r15+,r13
  ! 0c09d2dc  retail 430b  jsr @r3                          ours 000b  rts
  ! 0c09d2de  retail 6e43  mov r4,r14                       ours 6ef6  mov.l @r15+,r14
  ! 0c09d2e0  retail 9042  mov.w 0x000000000c09d368,r0      ours 2fe6  mov.l r14,@-r15
  ! 0c09d2e2  retail 02ee  mov.l @(r0,r14),r2               ours 4f22  sts.l pr,@-r15
  ! 0c09d2e4  retail 7035  add #53,r0                       ours d325  mov.l 0x000000000c09d37c,r3
  ! 0c09d2e6  retail 032c  mov.b @(r0,r2),r3                ours 430b  jsr @r3
  ! 0c09d2e8  retail 2338  tst r3,r3                        ours 6e43  mov r4,r14
  ! 0c09d2ea  retail 890e  bt 0x000000000c09d30a            ours 9042  mov.w 0x000000000c09d372,r0
  ! 0c09d2ec  retail e15c  mov #92,r1                       ours 02ee  mov.l @(r0,r14),r2
  ! 0c09d2ee  retail 31ec  add r14,r1                       ours 7035  add #53,r0
  ! 0c09d2f0  retail e034  mov #52,r0                       ours 032c  mov.b @(r0,r2),r3
  ! 0c09d2f2  retail f318  fmov @r1,fr3                     ours 2338  tst r3,r3
  ! 0c09d2f4  retail f2e6  fmov @(r0,r14),fr2               ours 890e  bt 0x000000000c09d314
  ! 0c09d2f6  retail e168  mov #104,r1                      ours e15c  mov #92,r1
    0c09d2f8  retail 31ec  add r14,r1                       ours 31ec  add r14,r1
  ! 0c09d2fa  retail f230  fadd fr3,fr2                     ours e034  mov #52,r0
  ! 0c09d2fc  retail fe27  fmov fr2,@(r0,r14)               ours f318  fmov @r1,fr3
  ! 0c09d2fe  retail e05c  mov #92,r0                       ours f2e6  fmov @(r0,r14),fr2
  ! 0c09d300  retail f2e6  fmov @(r0,r14),fr2               ours e168  mov #104,r1
  ! 0c09d302  retail f318  fmov @r1,fr3                     ours 31ec  add r14,r1
    0c09d304  retail f230  fadd fr3,fr2                     ours f230  fadd fr3,fr2
  ! 0c09d306  retail a012  bra 0x000000000c09d32e           ours fe27  fmov fr2,@(r0,r14)
  ! 0c09d308  retail fe27  fmov fr2,@(r0,r14)               ours e05c  mov #92,r0
  ! 0c09d30a  retail 902d  mov.w 0x000000000c09d368,r0      ours f2e6  fmov @(r0,r14),fr2
  ! 0c09d30c  retail e15c  mov #92,r1                       ours f318  fmov @r1,fr3
  ! 0c09d30e  retail 04ee  mov.l @(r0,r14),r4               ours f230  fadd fr3,fr2
  ! 0c09d310  retail e034  mov #52,r0                       ours a012  bra 0x000000000c09d338
  ! 0c09d312  retail 314c  add r4,r1                        ours fe27  fmov fr2,@(r0,r14)
  ! 0c09d314  retail f246  fmov @(r0,r4),fr2                ours 902d  mov.w 0x000000000c09d372,r0
  ! 0c09d316  retail f318  fmov @r1,fr3                     ours e15c  mov #92,r1
  ! 0c09d318  retail e168  mov #104,r1                      ours 04ee  mov.l @(r0,r14),r4
  ! 0c09d31a  retail f230  fadd fr3,fr2                     ours e034  mov #52,r0
  ! 0c09d31c  retail f427  fmov fr2,@(r0,r4)                ours 314c  add r4,r1
  ! 0c09d31e  retail 9023  mov.w 0x000000000c09d368,r0      ours f246  fmov @(r0,r4),fr2
  ! 0c09d320  retail 04ee  mov.l @(r0,r14),r4               ours f318  fmov @r1,fr3
  ! 0c09d322  retail e05c  mov #92,r0                       ours e168  mov #104,r1
  ! 0c09d324  retail 314c  add r4,r1                        ours f230  fadd fr3,fr2
  ! 0c09d326  retail f246  fmov @(r0,r4),fr2                ours f427  fmov fr2,@(r0,r4)
  ! 0c09d328  retail f318  fmov @r1,fr3                     ours 9023  mov.w 0x000000000c09d372,r0
  ! 0c09d32a  retail f230  fadd fr3,fr2                     ours 04ee  mov.l @(r0,r14),r4
  ! 0c09d32c  retail f427  fmov fr2,@(r0,r4)                ours e05c  mov #92,r0
  ! 0c09d32e  retail 85ee  mov.w @(28,r14),r0               ours 314c  add r4,r1
  ! 0c09d330  retail 70ff  add #-1,r0                       ours f246  fmov @(r0,r4),fr2
  ! 0c09d332  retail 81ee  mov.w r0,@(28,r14)               ours f318  fmov @r1,fr3
  ! 0c09d334  retail 600f  exts.w r0,r0                     ours f230  fadd fr3,fr2
  ! 0c09d336  retail 2008  tst r0,r0                        ours f427  fmov fr2,@(r0,r4)
  ! 0c09d338  retail 8b13  bf 0x000000000c09d362            ours 85ee  mov.w @(28,r14),r0
  ! 0c09d33a  retail 84e6  mov.b @(6,r14),r0                ours 70ff  add #-1,r0
  ! 0c09d33c  retail e300  mov #0,r3                        ours 81ee  mov.w r0,@(28,r14)
  ! 0c09d33e  retail 7001  add #1,r0                        ours 600f  exts.w r0,r0
  ! 0c09d340  retail 80e6  mov.b r0,@(6,r14)                ours 2008  tst r0,r0
  ! 0c09d342  retail e002  mov #2,r0                        ours 8b13  bf 0x000000000c09d36c
  ! 0c09d344  retail 81ee  mov.w r0,@(28,r14)               ours 84e6  mov.b @(6,r14),r0
  ! 0c09d346  retail e022  mov #34,r0                       ours e300  mov #0,r3
  ! 0c09d348  retail 0e34  mov.b r3,@(r0,r14)               ours 7001  add #1,r0
  ! 0c09d34a  retail 900d  mov.w 0x000000000c09d368,r0      ours 80e6  mov.b r0,@(6,r14)
  ! 0c09d34c  retail d307  mov.l 0x000000000c09d36c,r3      ours e002  mov #2,r0
  ! 0c09d34e  retail 05ee  mov.l @(r0,r14),r5               ours 81ee  mov.w r0,@(28,r14)
  ! 0c09d350  retail 430b  jsr @r3                          ours e022  mov #34,r0
  ! 0c09d352  retail 64e3  mov r14,r4                       ours 0e34  mov.b r3,@(r0,r14)
  ! 0c09d354  retail 4f26  lds.l @r15+,pr                   ours 900d  mov.w 0x000000000c09d372,r0
  ! 0c09d356  retail d208  mov.l 0x000000000c09d378,r2      ours d307  mov.l 0x000000000c09d374,r3
  ! 0c09d358  retail 64e3  mov r14,r4                       ours 05ee  mov.l @(r0,r14),r5
  ! 0c09d35a  retail e602  mov #2,r6                        ours 430b  jsr @r3
  ! 0c09d35c  retail e50f  mov #15,r5                       ours 64e3  mov r14,r4
  ! 0c09d35e  retail 422b  jmp @r2                          ours 4f26  lds.l @r15+,pr
  ! 0c09d360  retail 6ef6  mov.l @r15+,r14                  ours d207  mov.l 0x000000000c09d380,r2
  ! 0c09d362  retail 4f26  lds.l @r15+,pr                   ours 64e3  mov r14,r4
  ! 0c09d364  retail 000b  rts                              ours e602  mov #2,r6
  ! 0c09d366  retail 6ef6  mov.l @r15+,r14                  ours e50f  mov #15,r5
  ! 0c09d368  retail 01c8  error                            ours 422b  jmp @r2
  ! 0c09d36a  retail 0000  error                            ours 6ef6  mov.l @r15+,r14
  ! 0c09d36c  retail edcc  mov #-52,r13                     ours 4f26  lds.l @r15+,pr
  ! 0c09d36e  retail 0c03  bsrf r12                         ours 000b  rts
  ! 0c09d370  retail 0000  error                            ours 6ef6  mov.l @r15+,r14
  ! 0c09d372  retail 4180  error                            ours 01c8  error
  ! 0c09d374  retail a026  bra 0x000000000c09d3c4           ours edcc  mov #-52,r13
  ! 0c09d376  retail 0c02  stc sr,r12                       ours 0c03  bsrf r12
  ! 0c09d378  retail a0c4  bra 0x000000000c09d504           ours 0000  error
  ! 0c09d37a  retail 0c02  stc sr,r12                       ours 4180  error
PROBLEM Wrong exported symbol address: _func_0c09d2d6
PROBLEM Not an exact section match: P
PROBLEM Linked image contains extra or missing initialized bytes
PROBLEM Linked image contains extra or missing memory bytes
DIFFERS
