P 0x0c0a1b80 280 bytes: 271/280 equal, linked 280 at 0x0c0a1b80
  _func_0c0a1b80 0x0c0a1b80 222 bytes: 213/222 equal
  pool 0x0c0a1c5e 58 bytes: 58/58 equal
    0c0a1bd0  retail 8801  cmp/eq #1,r0                     ours 8801  cmp/eq #1,r0
    0c0a1bd2  retail 8b3e  bf 0x000000000c0a1c52            ours 8b3e  bf 0x000000000c0a1c52
  ! 0c0a1bd4  retail dc27  mov.l 0x000000000c0a1c74,r12     ours dd27  mov.l 0x000000000c0a1c74,r13
    0c0a1bd6  retail 9043  mov.w 0x000000000c0a1c60,r0      ours 9043  mov.w 0x000000000c0a1c60,r0
  ! 0c0a1bd8  retail 4c0b  jsr @r12                         ours 4d0b  jsr @r13
  ! 0c0a1bda  retail 0dee  mov.l @(r0,r14),r13              ours 0cee  mov.l @(r0,r14),r12
    0c0a1bdc  retail c93f  and #63,r0                       ours c93f  and #63,r0
    0c0a1bde  retail 405a  lds r0,fpul                      ours 405a  lds r0,fpul
    ...
    0c0a1bf2  retail e004  mov #4,r0                        ours e004  mov #4,r0
    0c0a1bf4  retail f322  fmul fr2,fr3                     ours f322  fmul fr2,fr3
  ! 0c0a1bf6  retail 4c0b  jsr @r12                         ours 4d0b  jsr @r13
    0c0a1bf8  retail ff37  fmov fr3,@(r0,r15)               ours ff37  fmov fr3,@(r0,r15)
    0c0a1bfa  retail c95f  and #95,r0                       ours c95f  and #95,r0
    ...
    0c0a1c10  retail e008  mov #8,r0                        ours e008  mov #8,r0
    0c0a1c12  retail f322  fmul fr2,fr3                     ours f322  fmul fr2,fr3
  ! 0c0a1c14  retail 4c0b  jsr @r12                         ours 4d0b  jsr @r13
    0c0a1c16  retail ff37  fmov fr3,@(r0,r15)               ours ff37  fmov fr3,@(r0,r15)
    0c0a1c18  retail c907  and #7,r0                        ours c907  and #7,r0
    ...
    0c0a1c24  retail 660c  extu.b r0,r6                     ours 660c  extu.b r0,r6
    0c0a1c26  retail 430b  jsr @r3                          ours 430b  jsr @r3
  ! 0c0a1c28  retail 64d3  mov r13,r4                       ours 64c3  mov r12,r4
  ! 0c0a1c2a  retail 4c0b  jsr @r12                         ours 4d0b  jsr @r13
    0c0a1c2c  retail 0009  nop                              ours 0009  nop
    0c0a1c2e  retail d216  mov.l 0x000000000c0a1c88,r2      ours d216  mov.l 0x000000000c0a1c88,r2
    ...
    0c0a1c44  retail e601  mov #1,r6                        ours e601  mov #1,r6
    0c0a1c46  retail 420b  jsr @r2                          ours 420b  jsr @r2
  ! 0c0a1c48  retail 64d3  mov r13,r4                       ours 64c3  mov r12,r4
    0c0a1c4a  retail d312  mov.l 0x000000000c0a1c94,r3      ours d312  mov.l 0x000000000c0a1c94,r3
    0c0a1c4c  retail e5fe  mov #-2,r5                       ours e5fe  mov #-2,r5
    0c0a1c4e  retail 430b  jsr @r3                          ours 430b  jsr @r3
  ! 0c0a1c50  retail 64d3  mov r13,r4                       ours 64c3  mov r12,r4
    0c0a1c52  retail 7f10  add #16,r15                      ours 7f10  add #16,r15
    0c0a1c54  retail 4f26  lds.l @r15+,pr                   ours 4f26  lds.l @r15+,pr
PROBLEM Not an exact section match: P
DIFFERS
