P 0x0c0aca40 380 bytes: 306/380 equal, linked 384 at 0x0c0aca40
  _func_0c0aca40 0x0c0aca40 164 bytes: 101/164 equal
  _func_0c0acae4 0x0c0acae4 174 bytes: 172/174 equal
  pool 0x0c0acb92 42 bytes: 33/42 equal
    0c0aca46  retail 4f22  sts.l pr,@-r15                   ours 4f22  sts.l pr,@-r15
    0c0aca48  retail 7ff4  add #-12,r15                     ours 7ff4  add #-12,r15
  ! 0c0aca4a  retail 6d43  mov r4,r13                       ours 6c43  mov r4,r12
  ! 0c0aca4c  retail 84d6  mov.b @(6,r13),r0                ours 84c6  mov.b @(6,r12),r0
    0c0aca4e  retail d354  mov.l 0x000000000c0acba0,r3      ours d354  mov.l 0x000000000c0acba0,r3
  ! 0c0aca50  retail 7001  add #1,r0                        ours 6df3  mov r15,r13
  ! 0c0aca52  retail 80d6  mov.b r0,@(6,r13)                ours 7001  add #1,r0
  ! 0c0aca54  retail 430b  jsr @r3                          ours 80c6  mov.b r0,@(6,r12)
  ! 0c0aca56  retail 64d3  mov r13,r4                       ours 430b  jsr @r3
  ! 0c0aca58  retail 909b  mov.w 0x000000000c0acb92,r0      ours 64c3  mov r12,r4
  ! 0c0aca5a  retail e200  mov #0,r2                        ours 909a  mov.w 0x000000000c0acb92,r0
  ! 0c0aca5c  retail 6cf3  mov r15,r12                      ours e200  mov #0,r2
  ! 0c0aca5e  retail 61c3  mov r12,r1                       ours 61d3  mov r13,r1
  ! 0c0aca60  retail 0d24  mov.b r2,@(r0,r13)               ours 0c24  mov.b r2,@(r0,r12)
    0c0aca62  retail e018  mov #24,r0                       ours e018  mov #24,r0
  ! 0c0aca64  retail 81de  mov.w r0,@(28,r13)               ours 81ce  mov.w r0,@(28,r12)
    0c0aca66  retail 9095  mov.w 0x000000000c0acb94,r0      ours 9095  mov.w 0x000000000c0acb94,r0
  ! 0c0aca68  retail 03de  mov.l @(r0,r13),r3               ours 03ce  mov.l @(r0,r12),r3
    0c0aca6a  retail 7018  add #24,r0                       ours 7018  add #24,r0
  ! 0c0aca6c  retail 0d36  mov.l r3,@(r0,r13)               ours 0c36  mov.l r3,@(r0,r12)
  ! 0c0aca6e  retail 0ede  mov.l @(r0,r13),r14              ours 0ece  mov.l @(r0,r12),r14
    0c0aca70  retail d34c  mov.l 0x000000000c0acba4,r3      ours d34c  mov.l 0x000000000c0acba4,r3
    0c0aca72  retail 62e3  mov r14,r2                       ours 62e3  mov r14,r2
    ...
    0c0aca7c  retail 65e3  mov r14,r5                       ours 65e3  mov r14,r5
    0c0aca7e  retail 420b  jsr @r2                          ours 420b  jsr @r2
  ! 0c0aca80  retail 64d3  mov r13,r4                       ours 64c3  mov r12,r4
    0c0aca82  retail c74a  mova 0x000000000c0acbac,r0       ours c74a  mova 0x000000000c0acbac,r0
  ! 0c0aca84  retail f3c8  fmov @r12,fr3                    ours f3d8  fmov @r13,fr3
    0c0aca86  retail f408  fmov @r0,fr4                     ours f408  fmov @r0,fr4
    0c0aca88  retail e034  mov #52,r0                       ours e034  mov #52,r0
    0c0aca8a  retail f2e6  fmov @(r0,r14),fr2               ours f2e6  fmov @(r0,r14),fr2
    0c0aca8c  retail e05c  mov #92,r0                       ours e05c  mov #92,r0
  ! 0c0aca8e  retail f19d  fldi1 fr1                        ours 61e3  mov r14,r1
  ! 0c0aca90  retail f110  fadd fr1,fr1                     ours f231  fsub fr3,fr2
  ! 0c0aca92  retail f231  fsub fr3,fr2                     ours f38d  fldi0 fr3
  ! 0c0aca94  retail f38d  fldi0 fr3                        ours f243  fdiv fr4,fr2
  ! 0c0aca96  retail 61e3  mov r14,r1                       ours fe27  fmov fr2,@(r0,r14)
  ! 0c0aca98  retail f243  fdiv fr4,fr2                     ours e068  mov #104,r0
  ! 0c0aca9a  retail fe27  fmov fr2,@(r0,r14)               ours fe37  fmov fr3,@(r0,r14)
  ! 0c0aca9c  retail e068  mov #104,r0                      ours c744  mova 0x000000000c0acbb0,r0
  ! 0c0aca9e  retail fe37  fmov fr3,@(r0,r14)               ours f308  fmov @r0,fr3
  ! 0c0acaa0  retail c743  mova 0x000000000c0acbb0,r0       ours e06c  mov #108,r0
  ! 0c0acaa2  retail f308  fmov @r0,fr3                     ours fe37  fmov fr3,@(r0,r14)
  ! 0c0acaa4  retail e06c  mov #108,r0                      ours e004  mov #4,r0
  ! 0c0acaa6  retail fe37  fmov fr3,@(r0,r14)               ours f3d6  fmov @(r0,r13),fr3
  ! 0c0acaa8  retail e004  mov #4,r0                        ours e038  mov #56,r0
  ! 0c0acaaa  retail f3c6  fmov @(r0,r12),fr3               ours f2e6  fmov @(r0,r14),fr2
  ! 0c0acaac  retail e038  mov #56,r0                       ours e06c  mov #108,r0
  ! 0c0acaae  retail f2e6  fmov @(r0,r14),fr2               ours f231  fsub fr3,fr2
  ! 0c0acab0  retail e06c  mov #108,r0                      ours f3e6  fmov @(r0,r14),fr3
  ! 0c0acab2  retail f231  fsub fr3,fr2                     ours c740  mova 0x000000000c0acbb4,r0
  ! 0c0acab4  retail f3e6  fmov @(r0,r14),fr3               ours f342  fmul fr4,fr3
  ! 0c0acab6  retail e060  mov #96,r0                       ours f108  fmov @r0,fr1
  ! 0c0acab8  retail f342  fmul fr4,fr3                     ours e060  mov #96,r0
    0c0acaba  retail f243  fdiv fr4,fr2                     ours f243  fdiv fr4,fr2
    0c0acabc  retail f313  fdiv fr1,fr3                     ours f313  fdiv fr1,fr3
    ...
    0c0acac0  retail fe27  fmov fr2,@(r0,r14)               ours fe27  fmov fr2,@(r0,r14)
    0c0acac2  retail d338  mov.l 0x000000000c0acba4,r3      ours d338  mov.l 0x000000000c0acba4,r3
  ! 0c0acac4  retail 62c3  mov r12,r2                       ours 62d3  mov r13,r2
    0c0acac6  retail 7134  add #52,r1                       ours 7134  add #52,r1
    0c0acac8  retail 430b  jsr @r3                          ours 430b  jsr @r3
    ...
    0c0acaf8  retail 323c  add r3,r2                        ours 323c  add r3,r2
    0c0acafa  retail 0d26  mov.l r2,@(r0,r13)               ours 0d26  mov.l r2,@(r0,r13)
  ! 0c0acafc  retail c72d  mova 0x000000000c0acbb4,r0       ours c72e  mova 0x000000000c0acbb8,r0
    0c0acafe  retail f408  fmov @r0,fr4                     ours f408  fmov @r0,fr4
    0c0acb00  retail e050  mov #80,r0                       ours e050  mov #80,r0
    ...
    0c0acb7e  retail 0d24  mov.b r2,@(r0,r13)               ours 0d24  mov.b r2,@(r0,r13)
    0c0acb80  retail 4f26  lds.l @r15+,pr                   ours 4f26  lds.l @r15+,pr
  ! 0c0acb82  retail d30d  mov.l 0x000000000c0acbb8,r3      ours d30e  mov.l 0x000000000c0acbbc,r3
    0c0acb84  retail 6df6  mov.l @r15+,r13                  ours 6df6  mov.l @r15+,r13
    0c0acb86  retail 432b  jmp @r3                          ours 432b  jmp @r3
    ...
    0c0acbac  retail 0000  error                            ours 0000  error
    0c0acbae  retail 41c0  error                            ours 41c0  error
  ! 0c0acbb0  retail 2492  mov.l r9,@r4                     ours 2491  mov.w r9,@r4
    0c0acbb2  retail bf89  bsr 0x000000000c0acac8           ours bf89  bsr 0x000000000c0acac8
  ! 0c0acbb4  retail aaab  bra 0x000000000c0ac10e           ours 0000  error
  ! 0c0acbb6  retail 3d2a  subc r2,r13                      ours 4000  shll r0
  ! 0c0acbb8  retail a0c4  bra 0x000000000c0acd44           ours aaaa  bra 0x000000000c0ac110
  ! 0c0acbba  retail 0c02  stc sr,r12                       ours 3d2a  subc r2,r13
PROBLEM Not an exact section match: P
PROBLEM Linked image contains extra or missing initialized bytes
PROBLEM Linked image contains extra or missing memory bytes
DIFFERS
