P 0x0c0b41e0 1104 bytes: 1074/1104 equal, linked 1104 at 0x0c0b41e0
  _func_0c0b41e0 0x0c0b41e0 212 bytes: 182/212 equal
  _func_0c0b42b4 0x0c0b42b4 18 bytes: 18/18 equal
  _func_0c0b42c6 0x0c0b42c6 110 bytes: 110/110 equal
  _func_0c0b4370 0x0c0b4370 108 bytes: 108/108 equal
  _func_0c0b43dc 0x0c0b43dc 100 bytes: 100/100 equal
  _func_0c0b4440 0x0c0b4440 18 bytes: 18/18 equal
  _func_0c0b4452 0x0c0b4452 66 bytes: 66/66 equal
  _func_0c0b44ba 0x0c0b44ba 134 bytes: 134/134 equal
  _func_0c0b4540 0x0c0b4540 108 bytes: 108/108 equal
  _func_0c0b45ac 0x0c0b45ac 18 bytes: 18/18 equal
  _func_0c0b45be 0x0c0b45be 30 bytes: 30/30 equal
  _func_0c0b45dc 0x0c0b45dc 18 bytes: 18/18 equal
  _func_0c0b45ee 0x0c0b45ee 20 bytes: 20/20 equal
  pool 0x0c0b4304 60 bytes: 60/60 equal
  pool 0x0c0b4482 38 bytes: 38/38 equal
  pool 0x0c0b4602 46 bytes: 46/46 equal
    0c0b41f2  retail 64e3  mov r14,r4                       ours 64e3  mov r14,r4
    0c0b41f4  retail 84e6  mov.b @(6,r14),r0                ours 84e6  mov.b @(6,r14),r0
  ! 0c0b41f6  retail 7001  add #1,r0                        ours e435  mov #53,r4
  ! 0c0b41f8  retail 80e6  mov.b r0,@(6,r14)                ours 7001  add #1,r0
  ! 0c0b41fa  retail 9083  mov.w 0x000000000c0b4304,r0      ours 80e6  mov.b r0,@(6,r14)
  ! 0c0b41fc  retail 03ec  mov.b @(r0,r14),r3               ours 9082  mov.w 0x000000000c0b4304,r0
  ! 0c0b41fe  retail 2338  tst r3,r3                        ours 03ec  mov.b @(r0,r14),r3
  ! 0c0b4200  retail 8f0a  bf.s 0x000000000c0b4218          ours 2338  tst r3,r3
  ! 0c0b4202  retail ed00  mov #0,r13                       ours 8f09  bf.s 0x000000000c0b4218
  ! 0c0b4204  retail 907f  mov.w 0x000000000c0b4306,r0      ours ed00  mov #0,r13
  ! 0c0b4206  retail e135  mov #53,r1                       ours 907e  mov.w 0x000000000c0b4306,r0
  ! 0c0b4208  retail d342  mov.l 0x000000000c0b4314,r3      ours e514  mov #20,r5
  ! 0c0b420a  retail e514  mov #20,r5                       ours d342  mov.l 0x000000000c0b4314,r3
  ! 0c0b420c  retail 0e14  mov.b r1,@(r0,r14)               ours e605  mov #5,r6
  ! 0c0b420e  retail 7058  add #88,r0                       ours 0e44  mov.b r4,@(r0,r14)
  ! 0c0b4210  retail 0ed4  mov.b r13,@(r0,r14)              ours 7058  add #88,r0
  ! 0c0b4212  retail e605  mov #5,r6                        ours 0ed4  mov.b r13,@(r0,r14)
    0c0b4214  retail 430b  jsr @r3                          ours 430b  jsr @r3
    0c0b4216  retail 64e3  mov r14,r4                       ours 64e3  mov r14,r4
PROBLEM Not an exact section match: P
DIFFERS
