STRICT False ['Wrong exported symbol address: _func_0c0b63be', 'Wrong exported symbol address: _func_0c0b63e4', 'Wrong exported symbol address: _func_0c0b642a', 'Wrong exported symbol address: _func_0c0b6470', 'Not an exact section match: P', 'Linked image contains extra or missing initialized bytes', 'Linked image contains extra or missing memory bytes']
[(276, 19)]
[('_func_0c0b6398', 14, 38), ('_func_0c0b63be', 0, 38), ('_func_0c0b63e4', 3, 70), ('_func_0c0b642a', 2, 70), ('_func_0c0b6470', 0, 24)]
0c0b6398 e500 mov #0,r5                           | e600 mov #0,r6
0c0b639a 6053 mov r5,r0                           | 6063 mov r6,r0
0c0b63a4 9070 mov.w 0x000000000c0b6488,r0         | 906c mov.w 0x000000000c0b6480,r0
0c0b63a6 004c mov.b @(r0,r4),r0                   | 054c mov.b @(r0,r4),r5
0c0b63a8 8800 cmp/eq #0,r0                        | 2558 tst r5,r5
0c0b63aa 8903 bt 0x000000000c0b63b4               | 8907 bt 0x000000000c0b63bc
0c0b63ac 8801 cmp/eq #1,r0                        | 6053 mov r5,r0
0c0b63ae 8901 bt 0x000000000c0b63b4               | 0009 nop
0c0b63b0 8802 cmp/eq #2,r0                        | 8801 cmp/eq #1,r0
0c0b63b2 8b01 bf 0x000000000c0b63b8               | 8903 bt 0x000000000c0b63bc
0c0b63b4 9069 mov.w 0x000000000c0b648a,r0         | 6053 mov r5,r0
0c0b63b6 0454 mov.b r5,@(r0,r4)                   | 0009 nop
0c0b63b8 d235 mov.l 0x000000000c0b6490,r2         | 8802 cmp/eq #2,r0
0c0b63ba 422b jmp @r2                             | 8b01 bf 0x000000000c0b63c0
0c0b63bc e51d mov #29,r5                          | 9061 mov.w 0x000000000c0b6482,r0
0c0b63be e500 mov #0,r5                           | 0464 mov.b r6,@(r0,r4)
0c0b63c0 6053 mov r5,r0                           | d331 mov.l 0x000000000c0b6488,r3
0c0b63c2 0009 nop                                 | 432b jmp @r3
0c0b63c4 8045 mov.b r0,@(5,r4)                    | e51d mov #29,r5
0c0b63c6 8047 mov.b r0,@(7,r4)                    | e600 mov #0,r6
0c0b63c8 8046 mov.b r0,@(6,r4)                    | 6063 mov r6,r0
0c0b63ca 905d mov.w 0x000000000c0b6488,r0         | 0009 nop
0c0b63cc 004c mov.b @(r0,r4),r0                   | 8045 mov.b r0,@(5,r4)
0c0b63ce 8800 cmp/eq #0,r0                        | 8047 mov.b r0,@(7,r4)
0c0b63d0 8903 bt 0x000000000c0b63da               | 8046 mov.b r0,@(6,r4)
0c0b63d2 8801 cmp/eq #1,r0                        | 9055 mov.w 0x000000000c0b6480,r0
0c0b63d4 8901 bt 0x000000000c0b63da               | 054c mov.b @(r0,r4),r5
0c0b63d6 8802 cmp/eq #2,r0                        | 2558 tst r5,r5
0c0b63d8 8b01 bf 0x000000000c0b63de               | 8907 bt 0x000000000c0b63ea
0c0b63da 9056 mov.w 0x000000000c0b648a,r0         | 6053 mov r5,r0
0c0b63dc 0454 mov.b r5,@(r0,r4)                   | 0009 nop
0c0b63de d22c mov.l 0x000000000c0b6490,r2         | 8801 cmp/eq #1,r0
0c0b63e0 422b jmp @r2                             | 8903 bt 0x000000000c0b63ea
0c0b63e2 e51d mov #29,r5                          | 6053 mov r5,r0
0c0b63e4 e500 mov #0,r5                           | 0009 nop
0c0b63e6 6053 mov r5,r0                           | 8802 cmp/eq #2,r0
0c0b63e8 0009 nop                                 | 8b01 bf 0x000000000c0b63ee
0c0b63ea 8045 mov.b r0,@(5,r4)                    | 904a mov.w 0x000000000c0b6482,r0
0c0b63ec 8047 mov.b r0,@(7,r4)                    | 0464 mov.b r6,@(r0,r4)
0c0b63ee 8046 mov.b r0,@(6,r4)                    | d326 mov.l 0x000000000c0b6488,r3
0c0b63f0 904a mov.w 0x000000000c0b6488,r0         | 432b jmp @r3
0c0b63f2 004c mov.b @(r0,r4),r0                   | e51d mov #29,r5
0c0b63f4 8800 cmp/eq #0,r0                        | e500 mov #0,r5
0c0b63f6 8905 bt 0x000000000c0b6404               | 6053 mov r5,r0
0c0b63f8 8801 cmp/eq #1,r0                        | 0009 nop
0c0b63fa 8907 bt 0x000000000c0b640c               | 8045 mov.b r0,@(5,r4)
0c0b63fc 8802 cmp/eq #2,r0                        | 8047 mov.b r0,@(7,r4)
0c0b63fe 890c bt 0x000000000c0b641a               | 8046 mov.b r0,@(6,r4)
0c0b6400 a010 bra 0x000000000c0b6424              | 903e mov.w 0x000000000c0b6480,r0
0c0b6402 0009 nop                                 | 004c mov.b @(r0,r4),r0
0c0b6404 9041 mov.w 0x000000000c0b648a,r0         | 8800 cmp/eq #0,r0
0c0b6406 e304 mov #4,r3                           | 8905 bt 0x000000000c0b6414
0c0b6408 a00a bra 0x000000000c0b6420              | 8801 cmp/eq #1,r0
0c0b640a 0434 mov.b r3,@(r0,r4)                   | 8907 bt 0x000000000c0b641c
0c0b640c 903d mov.w 0x000000000c0b648a,r0         | 8802 cmp/eq #2,r0
0c0b640e e203 mov #3,r2                           | 890c bt 0x000000000c0b642a
0c0b6410 e301 mov #1,r3                           | a010 bra 0x000000000c0b6434
0c0b6412 0424 mov.b r2,@(r0,r4)                   | 0009 nop
0c0b6414 70ba add #-70,r0                         | 9035 mov.w 0x000000000c0b6482,r0
0c0b6416 a005 bra 0x000000000c0b6424              | e304 mov #4,r3
0c0b6418 0434 mov.b r3,@(r0,r4)                   | a00a bra 0x000000000c0b6430
0c0b641a 9036 mov.w 0x000000000c0b648a,r0         | 0434 mov.b r3,@(r0,r4)
0c0b641c e106 mov #6,r1                           | 9031 mov.w 0x000000000c0b6482,r0
0c0b641e 0414 mov.b r1,@(r0,r4)                   | e103 mov #3,r1
0c0b6420 9034 mov.w 0x000000000c0b648c,r0         | e301 mov #1,r3
0c0b6422 0454 mov.b r5,@(r0,r4)                   | 0414 mov.b r1,@(r0,r4)
0c0b6424 d21a mov.l 0x000000000c0b6490,r2         | 70ba add #-70,r0
0c0b6426 422b jmp @r2                             | a005 bra 0x000000000c0b6434
0c0b6428 e515 mov #21,r5                          | 0434 mov.b r3,@(r0,r4)
0c0b642a e500 mov #0,r5                           | 902a mov.w 0x000000000c0b6482,r0
0c0b642c 6053 mov r5,r0                           | e106 mov #6,r1
0c0b642e 0009 nop                                 | 0414 mov.b r1,@(r0,r4)
0c0b6430 8045 mov.b r0,@(5,r4)                    | 9028 mov.w 0x000000000c0b6484,r0
0c0b6432 8047 mov.b r0,@(7,r4)                    | 0454 mov.b r5,@(r0,r4)
0c0b6434 8046 mov.b r0,@(6,r4)                    | d214 mov.l 0x000000000c0b6488,r2
0c0b6436 9027 mov.w 0x000000000c0b6488,r0         | 422b jmp @r2
0c0b6438 004c mov.b @(r0,r4),r0                   | e515 mov #21,r5
0c0b643a 8800 cmp/eq #0,r0                        | e500 mov #0,r5
0c0b643c 8905 bt 0x000000000c0b644a               | 6053 mov r5,r0
0c0b643e 8801 cmp/eq #1,r0                        | 0009 nop
0c0b6440 8909 bt 0x000000000c0b6456               | 8045 mov.b r0,@(5,r4)
0c0b6442 8802 cmp/eq #2,r0                        | 8047 mov.b r0,@(7,r4)
0c0b6444 890b bt 0x000000000c0b645e               | 8046 mov.b r0,@(6,r4)
0c0b6446 a010 bra 0x000000000c0b646a              | 901b mov.w 0x000000000c0b6480,r0
0c0b6448 0009 nop                                 | 004c mov.b @(r0,r4),r0
0c0b644a 901e mov.w 0x000000000c0b648a,r0         | 8800 cmp/eq #0,r0
0c0b644c e304 mov #4,r3                           | 8905 bt 0x000000000c0b645a
0c0b644e 0434 mov.b r3,@(r0,r4)                   | 8801 cmp/eq #1,r0
0c0b6450 70ba add #-70,r0                         | 8909 bt 0x000000000c0b6466
0c0b6452 a00a bra 0x000000000c0b646a              | 8802 cmp/eq #2,r0
0c0b6454 0454 mov.b r5,@(r0,r4)                   | 890b bt 0x000000000c0b646e
0c0b6456 9018 mov.w 0x000000000c0b648a,r0         | a010 bra 0x000000000c0b647a
0c0b6458 e203 mov #3,r2                           | 0009 nop
0c0b645a a003 bra 0x000000000c0b6464              | 9012 mov.w 0x000000000c0b6482,r0
0c0b645c 0424 mov.b r2,@(r0,r4)                   | e304 mov #4,r3
0c0b645e 9014 mov.w 0x000000000c0b648a,r0         | 0434 mov.b r3,@(r0,r4)
0c0b6460 e305 mov #5,r3                           | 70ba add #-70,r0
0c0b6462 0434 mov.b r3,@(r0,r4)                   | a00a bra 0x000000000c0b647a
0c0b6464 9012 mov.w 0x000000000c0b648c,r0         | 0454 mov.b r5,@(r0,r4)
0c0b6466 e201 mov #1,r2                           | 900c mov.w 0x000000000c0b6482,r0
0c0b6468 0424 mov.b r2,@(r0,r4)                   | e203 mov #3,r2
0c0b646a d209 mov.l 0x000000000c0b6490,r2         | a003 bra 0x000000000c0b6474
0c0b646c 422b jmp @r2                             | 0424 mov.b r2,@(r0,r4)
0c0b646e e515 mov #21,r5                          | 9008 mov.w 0x000000000c0b6482,r0
0c0b6470 2f46 mov.l r4,@-r15                      | e305 mov #5,r3
0c0b6472 6043 mov r4,r0                           | 0434 mov.b r3,@(r0,r4)
0c0b6474 0009 nop                                 | 9006 mov.w 0x000000000c0b6484,r0
0c0b6476 910a mov.w 0x000000000c0b648e,r1         | e201 mov #1,r2
0c0b6478 d206 mov.l 0x000000000c0b6494,r2         | 0424 mov.b r2,@(r0,r4)
0c0b647a 001c mov.b @(r0,r1),r0                   | d203 mov.l 0x000000000c0b6488,r2
0c0b647c 600c extu.b r0,r0                        | 422b jmp @r2
0c0b647e c93f and #63,r0                          | e515 mov #21,r5
0c0b6480 4008 shll2 r0                            | 04c9 error
0c0b6482 032e mov.l @(r0,r2),r3                   | 01e9 error
0c0b6484 432b jmp @r3                             | 01a3 ocbp @r1
0c0b6486 7f04 add #4,r15                          | 0000 error
0c0b6488 04c9 error                               | 5248 mov.l @(32,r4),r2
0c0b648a 01e9 error                               | 0c04 mov.b r0,@(r0,r12)
0c0b648c 01a3 ocbp @r1                            | 2f46 mov.l r4,@-r15
0c0b648e 01f7 mul.l r15,r1                        | 6043 mov r4,r0
0c0b6490 5248 mov.l @(32,r4),r2                   | 0009 nop
0c0b6492 0c04 mov.b r0,@(r0,r12)                  | 9107 mov.w 0x000000000c0b64a4,r1
0c0b6494 4f60 error                               | d204 mov.l 0x000000000c0b64a8,r2
0c0b6496 0c24 mov.b r2,@(r0,r12)                  | 001c mov.b @(r0,r1),r0
