P 0x0c0b6f18 340 bytes: 140/340 equal, linked 340 at 0x0c0b6f18
  _func_0c0b6f18 0x0c0b6f18 18 bytes: 18/18 equal
  _func_0c0b6f2a 0x0c0b6f2a 6 bytes: 6/6 equal
  _func_0c0b6f30 0x0c0b6f30 20 bytes: 20/20 equal
  _func_0c0b6f44 0x0c0b6f44 18 bytes: 18/18 equal
  _func_0c0b6f56 0x0c0b6f56 74 bytes: 40/74 equal
  _func_0c0b6fa0 0x0c0b6fa0 62 bytes: 0/62 equal
  _func_0c0b6fde 0x0c0b6fde 64 bytes: 0/64 equal
  _func_0c0b701e 0x0c0b701e 34 bytes: 0/34 equal
  pool 0x0c0b7040 44 bytes: 38/44 equal
    0c0b6f78  retail e06c  mov #108,r0                      ours e06c  mov #108,r0
    0c0b6f7a  retail fe47  fmov fr4,@(r0,r14)               ours fe47  fmov fr4,@(r0,r14)
  ! 0c0b6f7c  retail e300  mov #0,r3                        ours e600  mov #0,r6
  ! 0c0b6f7e  retail 905f  mov.w 0x000000000c0b7040,r0      ours 905e  mov.w 0x000000000c0b703e,r0
  ! 0c0b6f80  retail 6233  mov r3,r2                        ours e513  mov #19,r5
  ! 0c0b6f82  retail e513  mov #19,r5                       ours d335  mov.l 0x000000000c0b7058,r3
  ! 0c0b6f84  retail 6623  mov r2,r6                        ours f3e6  fmov @(r0,r14),fr3
  ! 0c0b6f86  retail f3e6  fmov @(r0,r14),fr3               ours e038  mov #56,r0
  ! 0c0b6f88  retail e038  mov #56,r0                       ours fe37  fmov fr3,@(r0,r14)
  ! 0c0b6f8a  retail fe37  fmov fr3,@(r0,r14)               ours 9059  mov.w 0x000000000c0b7040,r0
  ! 0c0b6f8c  retail 9059  mov.w 0x000000000c0b7042,r0      ours 0e64  mov.b r6,@(r0,r14)
  ! 0c0b6f8e  retail 0e34  mov.b r3,@(r0,r14)               ours 70fd  add #-3,r0
  ! 0c0b6f90  retail 70fd  add #-3,r0                       ours 0e64  mov.b r6,@(r0,r14)
  ! 0c0b6f92  retail d331  mov.l 0x000000000c0b7058,r3      ours 666c  extu.b r6,r6
  ! 0c0b6f94  retail 0e24  mov.b r2,@(r0,r14)               ours 430b  jsr @r3
  ! 0c0b6f96  retail 430b  jsr @r3                          ours 64e3  mov r14,r4
  ! 0c0b6f98  retail 64e3  mov r14,r4                       ours 4f26  lds.l @r15+,pr
  ! 0c0b6f9a  retail 4f26  lds.l @r15+,pr                   ours 64e3  mov r14,r4
  ! 0c0b6f9c  retail 64e3  mov r14,r4                       ours 6ef6  mov.l @r15+,r14
  ! 0c0b6f9e  retail 6ef6  mov.l @r15+,r14                  ours 2fe6  mov.l r14,@-r15
  ! 0c0b6fa0  retail 2fe6  mov.l r14,@-r15                  ours 4f22  sts.l pr,@-r15
  ! 0c0b6fa2  retail 4f22  sts.l pr,@-r15                   ours d32e  mov.l 0x000000000c0b705c,r3
  ! 0c0b6fa4  retail d32d  mov.l 0x000000000c0b705c,r3      ours 430b  jsr @r3
  ! 0c0b6fa6  retail 430b  jsr @r3                          ours 6e43  mov r4,r14
  ! 0c0b6fa8  retail 6e43  mov r4,r14                       ours 2008  tst r0,r0
  ! 0c0b6faa  retail 2008  tst r0,r0                        ours 8904  bt 0x000000000c0b6fb6
  ! 0c0b6fac  retail 8904  bt 0x000000000c0b6fb8            ours 4f26  lds.l @r15+,pr
  ! 0c0b6fae  retail 4f26  lds.l @r15+,pr                   ours d32c  mov.l 0x000000000c0b7060,r3
  ! 0c0b6fb0  retail d32b  mov.l 0x000000000c0b7060,r3      ours 64e3  mov r14,r4
  ! 0c0b6fb2  retail 64e3  mov r14,r4                       ours 432b  jmp @r3
  ! 0c0b6fb4  retail 432b  jmp @r3                          ours 6ef6  mov.l @r15+,r14
  ! 0c0b6fb6  retail 6ef6  mov.l @r15+,r14                  ours d22b  mov.l 0x000000000c0b7064,r2
  ! 0c0b6fb8  retail d22a  mov.l 0x000000000c0b7064,r2      ours 420b  jsr @r2
  ! 0c0b6fba  retail 420b  jsr @r2                          ours 64e3  mov r14,r4
  ! 0c0b6fbc  retail 64e3  mov r14,r4                       ours 9041  mov.w 0x000000000c0b7042,r0
  ! 0c0b6fbe  retail 9041  mov.w 0x000000000c0b7044,r0      ours 03ec  mov.b @(r0,r14),r3
  ! 0c0b6fc0  retail 03ec  mov.b @(r0,r14),r3               ours 2338  tst r3,r3
  ! 0c0b6fc2  retail 2338  tst r3,r3                        ours 8908  bt 0x000000000c0b6fd6
  ! 0c0b6fc4  retail 8908  bt 0x000000000c0b6fd8            ours 84e7  mov.b @(7,r14),r0
  ! 0c0b6fc6  retail 84e7  mov.b @(7,r14),r0                ours 64e3  mov r14,r4
  ! 0c0b6fc8  retail 64e3  mov r14,r4                       ours d327  mov.l 0x000000000c0b7068,r3
  ! 0c0b6fca  retail d327  mov.l 0x000000000c0b7068,r3      ours e503  mov #3,r5
  ! 0c0b6fcc  retail e503  mov #3,r5                        ours 7001  add #1,r0
  ! 0c0b6fce  retail 7001  add #1,r0                        ours 80e7  mov.b r0,@(7,r14)
  ! 0c0b6fd0  retail 80e7  mov.b r0,@(7,r14)                ours 4f26  lds.l @r15+,pr
  ! 0c0b6fd2  retail 4f26  lds.l @r15+,pr                   ours 432b  jmp @r3
  ! 0c0b6fd4  retail 432b  jmp @r3                          ours 6ef6  mov.l @r15+,r14
  ! 0c0b6fd6  retail 6ef6  mov.l @r15+,r14                  ours 4f26  lds.l @r15+,pr
  ! 0c0b6fd8  retail 4f26  lds.l @r15+,pr                   ours 000b  rts
  ! 0c0b6fda  retail 000b  rts                              ours 6ef6  mov.l @r15+,r14
  ! 0c0b6fdc  retail 6ef6  mov.l @r15+,r14                  ours 2fe6  mov.l r14,@-r15
  ! 0c0b6fde  retail 2fe6  mov.l r14,@-r15                  ours 4f22  sts.l pr,@-r15
  ! 0c0b6fe0  retail 4f22  sts.l pr,@-r15                   ours d31e  mov.l 0x000000000c0b705c,r3
  ! 0c0b6fe2  retail d31e  mov.l 0x000000000c0b705c,r3      ours 430b  jsr @r3
  ! 0c0b6fe4  retail 430b  jsr @r3                          ours 6e43  mov r4,r14
  ! 0c0b6fe6  retail 6e43  mov r4,r14                       ours 2008  tst r0,r0
  ! 0c0b6fe8  retail 2008  tst r0,r0                        ours 8904  bt 0x000000000c0b6ff4
  ! 0c0b6fea  retail 8904  bt 0x000000000c0b6ff6            ours 4f26  lds.l @r15+,pr
  ! 0c0b6fec  retail 4f26  lds.l @r15+,pr                   ours d31c  mov.l 0x000000000c0b7060,r3
  ! 0c0b6fee  retail d31c  mov.l 0x000000000c0b7060,r3      ours 64e3  mov r14,r4
  ! 0c0b6ff0  retail 64e3  mov r14,r4                       ours 432b  jmp @r3
  ! 0c0b6ff2  retail 432b  jmp @r3                          ours 6ef6  mov.l @r15+,r14
  ! 0c0b6ff4  retail 6ef6  mov.l @r15+,r14                  ours d21b  mov.l 0x000000000c0b7064,r2
  ! 0c0b6ff6  retail d21b  mov.l 0x000000000c0b7064,r2      ours 420b  jsr @r2
  ! 0c0b6ff8  retail 420b  jsr @r2                          ours 64e3  mov r14,r4
  ! 0c0b6ffa  retail 64e3  mov r14,r4                       ours 9023  mov.w 0x000000000c0b7044,r0
  ! 0c0b6ffc  retail 9023  mov.w 0x000000000c0b7046,r0      ours e201  mov #1,r2
  ! 0c0b6ffe  retail e201  mov #1,r2                        ours 03ec  mov.b @(r0,r14),r3
  ! 0c0b7000  retail 03ec  mov.b @(r0,r14),r3               ours 3323  cmp/ge r2,r3
  ! 0c0b7002  retail 3323  cmp/ge r2,r3                     ours 8b08  bf 0x000000000c0b7016
  ! 0c0b7004  retail 8b08  bf 0x000000000c0b7018            ours 84e7  mov.b @(7,r14),r0
  ! 0c0b7006  retail 84e7  mov.b @(7,r14),r0                ours 64e3  mov r14,r4
  ! 0c0b7008  retail 64e3  mov r14,r4                       ours d317  mov.l 0x000000000c0b7068,r3
  ! 0c0b700a  retail d317  mov.l 0x000000000c0b7068,r3      ours e510  mov #16,r5
  ! 0c0b700c  retail e510  mov #16,r5                       ours 7001  add #1,r0
  ! 0c0b700e  retail 7001  add #1,r0                        ours 80e7  mov.b r0,@(7,r14)
  ! 0c0b7010  retail 80e7  mov.b r0,@(7,r14)                ours 4f26  lds.l @r15+,pr
  ! 0c0b7012  retail 4f26  lds.l @r15+,pr                   ours 432b  jmp @r3
  ! 0c0b7014  retail 432b  jmp @r3                          ours 6ef6  mov.l @r15+,r14
  ! 0c0b7016  retail 6ef6  mov.l @r15+,r14                  ours 4f26  lds.l @r15+,pr
  ! 0c0b7018  retail 4f26  lds.l @r15+,pr                   ours 000b  rts
  ! 0c0b701a  retail 000b  rts                              ours 6ef6  mov.l @r15+,r14
  ! 0c0b701c  retail 6ef6  mov.l @r15+,r14                  ours 2fe6  mov.l r14,@-r15
  ! 0c0b701e  retail 2fe6  mov.l r14,@-r15                  ours 4f22  sts.l pr,@-r15
  ! 0c0b7020  retail 4f22  sts.l pr,@-r15                   ours d30e  mov.l 0x000000000c0b705c,r3
  ! 0c0b7022  retail d30e  mov.l 0x000000000c0b705c,r3      ours 430b  jsr @r3
  ! 0c0b7024  retail 430b  jsr @r3                          ours 6e43  mov r4,r14
  ! 0c0b7026  retail 6e43  mov r4,r14                       ours 2008  tst r0,r0
  ! 0c0b7028  retail 2008  tst r0,r0                        ours 8904  bt 0x000000000c0b7034
  ! 0c0b702a  retail 8904  bt 0x000000000c0b7036            ours 4f26  lds.l @r15+,pr
  ! 0c0b702c  retail 4f26  lds.l @r15+,pr                   ours d30c  mov.l 0x000000000c0b7060,r3
  ! 0c0b702e  retail d30c  mov.l 0x000000000c0b7060,r3      ours 64e3  mov r14,r4
  ! 0c0b7030  retail 64e3  mov r14,r4                       ours 432b  jmp @r3
  ! 0c0b7032  retail 432b  jmp @r3                          ours 6ef6  mov.l @r15+,r14
  ! 0c0b7034  retail 6ef6  mov.l @r15+,r14                  ours 4f26  lds.l @r15+,pr
  ! 0c0b7036  retail 4f26  lds.l @r15+,pr                   ours d20b  mov.l 0x000000000c0b7064,r2
  ! 0c0b7038  retail d20a  mov.l 0x000000000c0b7064,r2      ours 64e3  mov r14,r4
  ! 0c0b703a  retail 64e3  mov r14,r4                       ours 422b  jmp @r2
  ! 0c0b703c  retail 422b  jmp @r2                          ours 6ef6  mov.l @r15+,r14
  ! 0c0b703e  retail 6ef6  mov.l @r15+,r14                  ours 041c  mov.b @(r0,r1),r4
  ! 0c0b7040  retail 041c  mov.b @(r0,r1),r4                ours 01fc  mov.b @(r0,r15),r1
  ! 0c0b7042  retail 01fc  mov.b @(r0,r15),r1               ours 0141  error
  ! 0c0b7044  retail 0141  error                            ours 0140  error
  ! 0c0b7046  retail 0140  error                            ours 0000  error
    0c0b7048  retail 507c  mov.l @(48,r7),r0                ours 507c  mov.l @(48,r7),r0
    0c0b704a  retail 0c24  mov.b r2,@(r0,r12)               ours 0c24  mov.b r2,@(r0,r12)
PROBLEM Wrong exported symbol address: _func_0c0b6fa0
PROBLEM Wrong exported symbol address: _func_0c0b6fde
PROBLEM Wrong exported symbol address: _func_0c0b701e
PROBLEM Not an exact section match: P
DIFFERS
