P 0x0c0b6f18 340 bytes: 235/340 equal, linked 340 at 0x0c0b6f18
  _func_0c0b6f18 0x0c0b6f18 18 bytes: 18/18 equal
  _func_0c0b6f2a 0x0c0b6f2a 26 bytes: 0/26 equal
  _func_0c0b6f44 0x0c0b6f44 18 bytes: 0/18 equal
  _func_0c0b6f56 0x0c0b6f56 74 bytes: 13/74 equal
  _func_0c0b6fa0 0x0c0b6fa0 62 bytes: 62/62 equal
  _func_0c0b6fde 0x0c0b6fde 64 bytes: 64/64 equal
  _func_0c0b701e 0x0c0b701e 34 bytes: 34/34 equal
  pool 0x0c0b7040 44 bytes: 44/44 equal
    0c0b6f26  retail 432b  jmp @r3                          ours 432b  jmp @r3
    0c0b6f28  retail 7f04  add #4,r15                       ours 7f04  add #4,r15
  ! 0c0b6f2a  retail 8446  mov.b @(6,r4),r0                 ours 2fe6  mov.l r14,@-r15
  ! 0c0b6f2c  retail 7001  add #1,r0                        ours 6e43  mov r4,r14
  ! 0c0b6f2e  retail 8046  mov.b r0,@(6,r4)                 ours 84e6  mov.b @(6,r14),r0
  ! 0c0b6f30  retail e020  mov #32,r0                       ours 64e3  mov r14,r4
  ! 0c0b6f32  retail 6343  mov r4,r3                        ours 7001  add #1,r0
  ! 0c0b6f34  retail 2f46  mov.l r4,@-r15                   ours 80e6  mov.b r0,@(6,r14)
  ! 0c0b6f36  retail 023c  mov.b @(r0,r3),r2                ours e020  mov #32,r0
  ! 0c0b6f38  retail d044  mov.l 0x000000000c0b704c,r0      ours 03ec  mov.b @(r0,r14),r3
  ! 0c0b6f3a  retail 622c  extu.b r2,r2                     ours d044  mov.l 0x000000000c0b704c,r0
  ! 0c0b6f3c  retail 4208  shll2 r2                         ours 633c  extu.b r3,r3
  ! 0c0b6f3e  retail 032e  mov.l @(r0,r2),r3                ours 4308  shll2 r3
  ! 0c0b6f40  retail 432b  jmp @r3                          ours 023e  mov.l @(r0,r3),r2
  ! 0c0b6f42  retail 7f04  add #4,r15                       ours 422b  jmp @r2
  ! 0c0b6f44  retail 6343  mov r4,r3                        ours 6ef6  mov.l @r15+,r14
  ! 0c0b6f46  retail d142  mov.l 0x000000000c0b7050,r1      ours 6343  mov r4,r3
  ! 0c0b6f48  retail 2f46  mov.l r4,@-r15                   ours d141  mov.l 0x000000000c0b7050,r1
  ! 0c0b6f4a  retail 8437  mov.b @(7,r3),r0                 ours 2f46  mov.l r4,@-r15
  ! 0c0b6f4c  retail 600c  extu.b r0,r0                     ours 8437  mov.b @(7,r3),r0
  ! 0c0b6f4e  retail 4008  shll2 r0                         ours 600c  extu.b r0,r0
  ! 0c0b6f50  retail 031e  mov.l @(r0,r1),r3                ours 4008  shll2 r0
  ! 0c0b6f52  retail 432b  jmp @r3                          ours 031e  mov.l @(r0,r1),r3
  ! 0c0b6f54  retail 7f04  add #4,r15                       ours 432b  jmp @r3
  ! 0c0b6f56  retail 2fe6  mov.l r14,@-r15                  ours 7f04  add #4,r15
  ! 0c0b6f58  retail 6e43  mov r4,r14                       ours 2fe6  mov.l r14,@-r15
  ! 0c0b6f5a  retail 4f22  sts.l pr,@-r15                   ours 6e43  mov r4,r14
  ! 0c0b6f5c  retail 84e7  mov.b @(7,r14),r0                ours 4f22  sts.l pr,@-r15
  ! 0c0b6f5e  retail e500  mov #0,r5                        ours 84e7  mov.b @(7,r14),r0
  ! 0c0b6f60  retail d33c  mov.l 0x000000000c0b7054,r3      ours e500  mov #0,r5
  ! 0c0b6f62  retail 7001  add #1,r0                        ours d33c  mov.l 0x000000000c0b7054,r3
  ! 0c0b6f64  retail 80e7  mov.b r0,@(7,r14)                ours 7001  add #1,r0
  ! 0c0b6f66  retail 430b  jsr @r3                          ours 80e7  mov.b r0,@(7,r14)
  ! 0c0b6f68  retail 64e3  mov r14,r4                       ours 430b  jsr @r3
  ! 0c0b6f6a  retail e05c  mov #92,r0                       ours 64e3  mov r14,r4
  ! 0c0b6f6c  retail f48d  fldi0 fr4                        ours e05c  mov #92,r0
  ! 0c0b6f6e  retail fe47  fmov fr4,@(r0,r14)               ours f48d  fldi0 fr4
  ! 0c0b6f70  retail e060  mov #96,r0                       ours fe47  fmov fr4,@(r0,r14)
  ! 0c0b6f72  retail fe47  fmov fr4,@(r0,r14)               ours e060  mov #96,r0
  ! 0c0b6f74  retail e068  mov #104,r0                      ours fe47  fmov fr4,@(r0,r14)
  ! 0c0b6f76  retail fe47  fmov fr4,@(r0,r14)               ours e068  mov #104,r0
  ! 0c0b6f78  retail e06c  mov #108,r0                      ours fe47  fmov fr4,@(r0,r14)
  ! 0c0b6f7a  retail fe47  fmov fr4,@(r0,r14)               ours e06c  mov #108,r0
  ! 0c0b6f7c  retail e300  mov #0,r3                        ours fe47  fmov fr4,@(r0,r14)
  ! 0c0b6f7e  retail 905f  mov.w 0x000000000c0b7040,r0      ours e400  mov #0,r4
  ! 0c0b6f80  retail 6233  mov r3,r2                        ours 905e  mov.w 0x000000000c0b7040,r0
    0c0b6f82  retail e513  mov #19,r5                       ours e513  mov #19,r5
  ! 0c0b6f84  retail 6623  mov r2,r6                        ours d334  mov.l 0x000000000c0b7058,r3
  ! 0c0b6f86  retail f3e6  fmov @(r0,r14),fr3               ours 6643  mov r4,r6
  ! 0c0b6f88  retail e038  mov #56,r0                       ours f3e6  fmov @(r0,r14),fr3
  ! 0c0b6f8a  retail fe37  fmov fr3,@(r0,r14)               ours e038  mov #56,r0
  ! 0c0b6f8c  retail 9059  mov.w 0x000000000c0b7042,r0      ours fe37  fmov fr3,@(r0,r14)
  ! 0c0b6f8e  retail 0e34  mov.b r3,@(r0,r14)               ours 9058  mov.w 0x000000000c0b7042,r0
  ! 0c0b6f90  retail 70fd  add #-3,r0                       ours 0e44  mov.b r4,@(r0,r14)
  ! 0c0b6f92  retail d331  mov.l 0x000000000c0b7058,r3      ours 70fd  add #-3,r0
  ! 0c0b6f94  retail 0e24  mov.b r2,@(r0,r14)               ours 0e44  mov.b r4,@(r0,r14)
    0c0b6f96  retail 430b  jsr @r3                          ours 430b  jsr @r3
    0c0b6f98  retail 64e3  mov r14,r4                       ours 64e3  mov r14,r4
PROBLEM Wrong exported symbol address: _func_0c0b6f44
PROBLEM Wrong exported symbol address: _func_0c0b6f56
PROBLEM Not an exact section match: P
DIFFERS
