P 0x0c0b6f18 340 bytes: 134/340 equal, linked 344 at 0x0c0b6f18
  _func_0c0b6f18 0x0c0b6f18 18 bytes: 17/18 equal
  _func_0c0b6f2a 0x0c0b6f2a 26 bytes: 0/26 equal
  _func_0c0b6f44 0x0c0b6f44 18 bytes: 0/18 equal
  _func_0c0b6f56 0x0c0b6f56 74 bytes: 13/74 equal
  _func_0c0b6fa0 0x0c0b6fa0 62 bytes: 57/62 equal
  _func_0c0b6fde 0x0c0b6fde 64 bytes: 32/64 equal
  _func_0c0b701e 0x0c0b701e 34 bytes: 0/34 equal
  pool 0x0c0b7040 44 bytes: 15/44 equal
    0c0b6f18  retail 6343  mov r4,r3                        ours 6343  mov r4,r3
  ! 0c0b6f1a  retail d14b  mov.l 0x000000000c0b7048,r1      ours d14c  mov.l 0x000000000c0b704c,r1
    0c0b6f1c  retail 2f46  mov.l r4,@-r15                   ours 2f46  mov.l r4,@-r15
    0c0b6f1e  retail 8436  mov.b @(6,r3),r0                 ours 8436  mov.b @(6,r3),r0
    ...
    0c0b6f26  retail 432b  jmp @r3                          ours 432b  jmp @r3
    0c0b6f28  retail 7f04  add #4,r15                       ours 7f04  add #4,r15
  ! 0c0b6f2a  retail 8446  mov.b @(6,r4),r0                 ours 2fe6  mov.l r14,@-r15
  ! 0c0b6f2c  retail 7001  add #1,r0                        ours 6e43  mov r4,r14
  ! 0c0b6f2e  retail 8046  mov.b r0,@(6,r4)                 ours 84e6  mov.b @(6,r14),r0
  ! 0c0b6f30  retail e020  mov #32,r0                       ours 64e3  mov r14,r4
  ! 0c0b6f32  retail 6343  mov r4,r3                        ours 7001  add #1,r0
  ! 0c0b6f34  retail 2f46  mov.l r4,@-r15                   ours 80e6  mov.b r0,@(6,r14)
  ! 0c0b6f36  retail 023c  mov.b @(r0,r3),r2                ours e020  mov #32,r0
  ! 0c0b6f38  retail d044  mov.l 0x000000000c0b704c,r0      ours 03ec  mov.b @(r0,r14),r3
  ! 0c0b6f3a  retail 622c  extu.b r2,r2                     ours d045  mov.l 0x000000000c0b7050,r0
  ! 0c0b6f3c  retail 4208  shll2 r2                         ours 633c  extu.b r3,r3
  ! 0c0b6f3e  retail 032e  mov.l @(r0,r2),r3                ours 4308  shll2 r3
  ! 0c0b6f40  retail 432b  jmp @r3                          ours 023e  mov.l @(r0,r3),r2
  ! 0c0b6f42  retail 7f04  add #4,r15                       ours 422b  jmp @r2
  ! 0c0b6f44  retail 6343  mov r4,r3                        ours 6ef6  mov.l @r15+,r14
  ! 0c0b6f46  retail d142  mov.l 0x000000000c0b7050,r1      ours 6343  mov r4,r3
  ! 0c0b6f48  retail 2f46  mov.l r4,@-r15                   ours d142  mov.l 0x000000000c0b7054,r1
  ! 0c0b6f4a  retail 8437  mov.b @(7,r3),r0                 ours 2f46  mov.l r4,@-r15
  ! 0c0b6f4c  retail 600c  extu.b r0,r0                     ours 8437  mov.b @(7,r3),r0
  ! 0c0b6f4e  retail 4008  shll2 r0                         ours 600c  extu.b r0,r0
  ! 0c0b6f50  retail 031e  mov.l @(r0,r1),r3                ours 4008  shll2 r0
  ! 0c0b6f52  retail 432b  jmp @r3                          ours 031e  mov.l @(r0,r1),r3
  ! 0c0b6f54  retail 7f04  add #4,r15                       ours 432b  jmp @r3
  ! 0c0b6f56  retail 2fe6  mov.l r14,@-r15                  ours 7f04  add #4,r15
  ! 0c0b6f58  retail 6e43  mov r4,r14                       ours 2fe6  mov.l r14,@-r15
  ! 0c0b6f5a  retail 4f22  sts.l pr,@-r15                   ours 6e43  mov r4,r14
  ! 0c0b6f5c  retail 84e7  mov.b @(7,r14),r0                ours 4f22  sts.l pr,@-r15
  ! 0c0b6f5e  retail e500  mov #0,r5                        ours 84e7  mov.b @(7,r14),r0
  ! 0c0b6f60  retail d33c  mov.l 0x000000000c0b7054,r3      ours e500  mov #0,r5
  ! 0c0b6f62  retail 7001  add #1,r0                        ours d33d  mov.l 0x000000000c0b7058,r3
  ! 0c0b6f64  retail 80e7  mov.b r0,@(7,r14)                ours 7001  add #1,r0
  ! 0c0b6f66  retail 430b  jsr @r3                          ours 80e7  mov.b r0,@(7,r14)
  ! 0c0b6f68  retail 64e3  mov r14,r4                       ours 430b  jsr @r3
  ! 0c0b6f6a  retail e05c  mov #92,r0                       ours 64e3  mov r14,r4
  ! 0c0b6f6c  retail f48d  fldi0 fr4                        ours e05c  mov #92,r0
  ! 0c0b6f6e  retail fe47  fmov fr4,@(r0,r14)               ours f48d  fldi0 fr4
  ! 0c0b6f70  retail e060  mov #96,r0                       ours fe47  fmov fr4,@(r0,r14)
  ! 0c0b6f72  retail fe47  fmov fr4,@(r0,r14)               ours e060  mov #96,r0
  ! 0c0b6f74  retail e068  mov #104,r0                      ours fe47  fmov fr4,@(r0,r14)
  ! 0c0b6f76  retail fe47  fmov fr4,@(r0,r14)               ours e068  mov #104,r0
  ! 0c0b6f78  retail e06c  mov #108,r0                      ours fe47  fmov fr4,@(r0,r14)
  ! 0c0b6f7a  retail fe47  fmov fr4,@(r0,r14)               ours e06c  mov #108,r0
  ! 0c0b6f7c  retail e300  mov #0,r3                        ours fe47  fmov fr4,@(r0,r14)
  ! 0c0b6f7e  retail 905f  mov.w 0x000000000c0b7040,r0      ours e400  mov #0,r4
  ! 0c0b6f80  retail 6233  mov r3,r2                        ours 905f  mov.w 0x000000000c0b7042,r0
    0c0b6f82  retail e513  mov #19,r5                       ours e513  mov #19,r5
  ! 0c0b6f84  retail 6623  mov r2,r6                        ours d335  mov.l 0x000000000c0b705c,r3
  ! 0c0b6f86  retail f3e6  fmov @(r0,r14),fr3               ours 6643  mov r4,r6
  ! 0c0b6f88  retail e038  mov #56,r0                       ours f3e6  fmov @(r0,r14),fr3
  ! 0c0b6f8a  retail fe37  fmov fr3,@(r0,r14)               ours e038  mov #56,r0
  ! 0c0b6f8c  retail 9059  mov.w 0x000000000c0b7042,r0      ours fe37  fmov fr3,@(r0,r14)
  ! 0c0b6f8e  retail 0e34  mov.b r3,@(r0,r14)               ours 9059  mov.w 0x000000000c0b7044,r0
  ! 0c0b6f90  retail 70fd  add #-3,r0                       ours 0e44  mov.b r4,@(r0,r14)
  ! 0c0b6f92  retail d331  mov.l 0x000000000c0b7058,r3      ours 70fd  add #-3,r0
  ! 0c0b6f94  retail 0e24  mov.b r2,@(r0,r14)               ours 0e44  mov.b r4,@(r0,r14)
    0c0b6f96  retail 430b  jsr @r3                          ours 430b  jsr @r3
    0c0b6f98  retail 64e3  mov r14,r4                       ours 64e3  mov r14,r4
    ...
    0c0b6fa0  retail 2fe6  mov.l r14,@-r15                  ours 2fe6  mov.l r14,@-r15
    0c0b6fa2  retail 4f22  sts.l pr,@-r15                   ours 4f22  sts.l pr,@-r15
  ! 0c0b6fa4  retail d32d  mov.l 0x000000000c0b705c,r3      ours d32e  mov.l 0x000000000c0b7060,r3
    0c0b6fa6  retail 430b  jsr @r3                          ours 430b  jsr @r3
    0c0b6fa8  retail 6e43  mov r4,r14                       ours 6e43  mov r4,r14
    ...
    0c0b6fac  retail 8904  bt 0x000000000c0b6fb8            ours 8904  bt 0x000000000c0b6fb8
    0c0b6fae  retail 4f26  lds.l @r15+,pr                   ours 4f26  lds.l @r15+,pr
  ! 0c0b6fb0  retail d32b  mov.l 0x000000000c0b7060,r3      ours d32c  mov.l 0x000000000c0b7064,r3
    0c0b6fb2  retail 64e3  mov r14,r4                       ours 64e3  mov r14,r4
    0c0b6fb4  retail 432b  jmp @r3                          ours 432b  jmp @r3
    0c0b6fb6  retail 6ef6  mov.l @r15+,r14                  ours 6ef6  mov.l @r15+,r14
  ! 0c0b6fb8  retail d22a  mov.l 0x000000000c0b7064,r2      ours d22b  mov.l 0x000000000c0b7068,r2
    0c0b6fba  retail 420b  jsr @r2                          ours 420b  jsr @r2
    0c0b6fbc  retail 64e3  mov r14,r4                       ours 64e3  mov r14,r4
  ! 0c0b6fbe  retail 9041  mov.w 0x000000000c0b7044,r0      ours 9042  mov.w 0x000000000c0b7046,r0
    0c0b6fc0  retail 03ec  mov.b @(r0,r14),r3               ours 03ec  mov.b @(r0,r14),r3
    0c0b6fc2  retail 2338  tst r3,r3                        ours 2338  tst r3,r3
    ...
    0c0b6fc6  retail 84e7  mov.b @(7,r14),r0                ours 84e7  mov.b @(7,r14),r0
    0c0b6fc8  retail 64e3  mov r14,r4                       ours 64e3  mov r14,r4
  ! 0c0b6fca  retail d327  mov.l 0x000000000c0b7068,r3      ours d328  mov.l 0x000000000c0b706c,r3
    0c0b6fcc  retail e503  mov #3,r5                        ours e503  mov #3,r5
    0c0b6fce  retail 7001  add #1,r0                        ours 7001  add #1,r0
    ...
    0c0b6fde  retail 2fe6  mov.l r14,@-r15                  ours 2fe6  mov.l r14,@-r15
    0c0b6fe0  retail 4f22  sts.l pr,@-r15                   ours 4f22  sts.l pr,@-r15
  ! 0c0b6fe2  retail d31e  mov.l 0x000000000c0b705c,r3      ours d31f  mov.l 0x000000000c0b7060,r3
    0c0b6fe4  retail 430b  jsr @r3                          ours 430b  jsr @r3
    0c0b6fe6  retail 6e43  mov r4,r14                       ours 6e43  mov r4,r14
    ...
    0c0b6fea  retail 8904  bt 0x000000000c0b6ff6            ours 8904  bt 0x000000000c0b6ff6
    0c0b6fec  retail 4f26  lds.l @r15+,pr                   ours 4f26  lds.l @r15+,pr
  ! 0c0b6fee  retail d31c  mov.l 0x000000000c0b7060,r3      ours d31d  mov.l 0x000000000c0b7064,r3
    0c0b6ff0  retail 64e3  mov r14,r4                       ours 64e3  mov r14,r4
    0c0b6ff2  retail 432b  jmp @r3                          ours 432b  jmp @r3
    0c0b6ff4  retail 6ef6  mov.l @r15+,r14                  ours 6ef6  mov.l @r15+,r14
  ! 0c0b6ff6  retail d21b  mov.l 0x000000000c0b7064,r2      ours d21c  mov.l 0x000000000c0b7068,r2
    0c0b6ff8  retail 420b  jsr @r2                          ours 420b  jsr @r2
    0c0b6ffa  retail 64e3  mov r14,r4                       ours 64e3  mov r14,r4
  ! 0c0b6ffc  retail 9023  mov.w 0x000000000c0b7046,r0      ours 9024  mov.w 0x000000000c0b7048,r0
    0c0b6ffe  retail e201  mov #1,r2                        ours e201  mov #1,r2
    0c0b7000  retail 03ec  mov.b @(r0,r14),r3               ours 03ec  mov.b @(r0,r14),r3
  ! 0c0b7002  retail 3323  cmp/ge r2,r3                     ours 633c  extu.b r3,r3
  ! 0c0b7004  retail 8b08  bf 0x000000000c0b7018            ours 3323  cmp/ge r2,r3
  ! 0c0b7006  retail 84e7  mov.b @(7,r14),r0                ours 8b08  bf 0x000000000c0b701a
  ! 0c0b7008  retail 64e3  mov r14,r4                       ours 84e7  mov.b @(7,r14),r0
  ! 0c0b700a  retail d317  mov.l 0x000000000c0b7068,r3      ours 64e3  mov r14,r4
  ! 0c0b700c  retail e510  mov #16,r5                       ours d317  mov.l 0x000000000c0b706c,r3
  ! 0c0b700e  retail 7001  add #1,r0                        ours e510  mov #16,r5
  ! 0c0b7010  retail 80e7  mov.b r0,@(7,r14)                ours 7001  add #1,r0
  ! 0c0b7012  retail 4f26  lds.l @r15+,pr                   ours 80e7  mov.b r0,@(7,r14)
  ! 0c0b7014  retail 432b  jmp @r3                          ours 4f26  lds.l @r15+,pr
  ! 0c0b7016  retail 6ef6  mov.l @r15+,r14                  ours 432b  jmp @r3
  ! 0c0b7018  retail 4f26  lds.l @r15+,pr                   ours 6ef6  mov.l @r15+,r14
  ! 0c0b701a  retail 000b  rts                              ours 4f26  lds.l @r15+,pr
  ! 0c0b701c  retail 6ef6  mov.l @r15+,r14                  ours 000b  rts
  ! 0c0b701e  retail 2fe6  mov.l r14,@-r15                  ours 6ef6  mov.l @r15+,r14
  ! 0c0b7020  retail 4f22  sts.l pr,@-r15                   ours 2fe6  mov.l r14,@-r15
  ! 0c0b7022  retail d30e  mov.l 0x000000000c0b705c,r3      ours 4f22  sts.l pr,@-r15
  ! 0c0b7024  retail 430b  jsr @r3                          ours d30e  mov.l 0x000000000c0b7060,r3
  ! 0c0b7026  retail 6e43  mov r4,r14                       ours 430b  jsr @r3
  ! 0c0b7028  retail 2008  tst r0,r0                        ours 6e43  mov r4,r14
  ! 0c0b702a  retail 8904  bt 0x000000000c0b7036            ours 2008  tst r0,r0
  ! 0c0b702c  retail 4f26  lds.l @r15+,pr                   ours 8904  bt 0x000000000c0b7038
  ! 0c0b702e  retail d30c  mov.l 0x000000000c0b7060,r3      ours 4f26  lds.l @r15+,pr
  ! 0c0b7030  retail 64e3  mov r14,r4                       ours d30c  mov.l 0x000000000c0b7064,r3
  ! 0c0b7032  retail 432b  jmp @r3                          ours 64e3  mov r14,r4
  ! 0c0b7034  retail 6ef6  mov.l @r15+,r14                  ours 432b  jmp @r3
  ! 0c0b7036  retail 4f26  lds.l @r15+,pr                   ours 6ef6  mov.l @r15+,r14
  ! 0c0b7038  retail d20a  mov.l 0x000000000c0b7064,r2      ours 4f26  lds.l @r15+,pr
  ! 0c0b703a  retail 64e3  mov r14,r4                       ours d20b  mov.l 0x000000000c0b7068,r2
  ! 0c0b703c  retail 422b  jmp @r2                          ours 64e3  mov r14,r4
  ! 0c0b703e  retail 6ef6  mov.l @r15+,r14                  ours 422b  jmp @r2
  ! 0c0b7040  retail 041c  mov.b @(r0,r1),r4                ours 6ef6  mov.l @r15+,r14
  ! 0c0b7042  retail 01fc  mov.b @(r0,r15),r1               ours 041c  mov.b @(r0,r1),r4
  ! 0c0b7044  retail 0141  error                            ours 01fc  mov.b @(r0,r15),r1
  ! 0c0b7046  retail 0140  error                            ours 0141  error
  ! 0c0b7048  retail 507c  mov.l @(48,r7),r0                ours 0140  error
  ! 0c0b704a  retail 0c24  mov.b r2,@(r0,r12)               ours 0000  error
  ! 0c0b704c  retail 5084  mov.l @(16,r8),r0                ours 507c  mov.l @(48,r7),r0
    0c0b704e  retail 0c24  mov.b r2,@(r0,r12)               ours 0c24  mov.b r2,@(r0,r12)
  ! 0c0b7050  retail 5098  mov.l @(32,r9),r0                ours 5084  mov.l @(16,r8),r0
    0c0b7052  retail 0c24  mov.b r2,@(r0,r12)               ours 0c24  mov.b r2,@(r0,r12)
  ! 0c0b7054  retail a39a  bra 0x000000000c0b778c           ours 5098  mov.l @(32,r9),r0
  ! 0c0b7056  retail 0c02  stc sr,r12                       ours 0c24  mov.b r2,@(r0,r12)
  ! 0c0b7058  retail a0c4  bra 0x000000000c0b71e4           ours a39a  bra 0x000000000c0b7790
    0c0b705a  retail 0c02  stc sr,r12                       ours 0c02  stc sr,r12
  ! 0c0b705c  retail 916c  mov.w 0x000000000c0b7138,r1      ours a0c4  bra 0x000000000c0b71e8
  ! 0c0b705e  retail 0c03  bsrf r12                         ours 0c02  stc sr,r12
  ! 0c0b7060  retail 37b8  sub r11,r7                       ours 916c  mov.w 0x000000000c0b713c,r1
  ! 0c0b7062  retail 0c04  mov.b r0,@(r0,r12)               ours 0c03  bsrf r12
  ! 0c0b7064  retail a026  bra 0x000000000c0b70b4           ours 37b8  sub r11,r7
  ! 0c0b7066  retail 0c02  stc sr,r12                       ours 0c04  mov.b r0,@(r0,r12)
  ! 0c0b7068  retail 72d4  add #-44,r2                      ours a026  bra 0x000000000c0b70b8
  ! 0c0b706a  retail 0c1a  sts macl,r12                     ours 0c02  stc sr,r12
PROBLEM Wrong exported symbol address: _func_0c0b6f44
PROBLEM Wrong exported symbol address: _func_0c0b6f56
PROBLEM Wrong exported symbol address: _func_0c0b701e
PROBLEM Not an exact section match: P
PROBLEM Linked image contains extra or missing initialized bytes
PROBLEM Linked image contains extra or missing memory bytes
DIFFERS
