P 0x0c0b7358 1044 bytes: 1044/1044 equal, linked 1044 at 0x0c0b7358
  _func_0c0b7358 0x0c0b7358 68 bytes: 68/68 equal
  _func_0c0b739c 0x0c0b739c 18 bytes: 18/18 equal
  _func_0c0b73ae 0x0c0b73ae 140 bytes: 140/140 equal
  _func_0c0b743a 0x0c0b743a 110 bytes: 110/110 equal
  _func_0c0b74ec 0x0c0b74ec 110 bytes: 110/110 equal
  _func_0c0b755a 0x0c0b755a 110 bytes: 110/110 equal
  _func_0c0b75c8 0x0c0b75c8 98 bytes: 98/98 equal
  _func_0c0b7640 0x0c0b7640 22 bytes: 22/22 equal
  _func_0c0b7656 0x0c0b7656 162 bytes: 162/162 equal
  _func_0c0b76f8 0x0c0b76f8 60 bytes: 60/60 equal
  pool 0x0c0b7488 68 bytes: 68/68 equal
  pool 0x0c0b75e2 22 bytes: 22/22 equal
  pool 0x0c0b7734 56 bytes: 56/56 equal
EXACT
RELEASED ptrtab_13 Cn0b74a0 to tu_0c0b7358
RELEASED bulk_040 Cn0b74a4 to tu_0c0b7358
RELEASED bulk_040 Cn0b74b8 to tu_0c0b7358
RELEASED bulk_040 Cn0b7748 to tu_0c0b7358
RELEASED bulk_040 Cn0b775c to tu_0c0b7358
RELEASED rest_034 Cn096488 to tu_0c0b7358
RELEASED rest_034 Cn0964b4 to tu_0c0b7358
RELEASED rest_034 Cn0964c8 to tu_0c0b7358
RELEASED rest_034 Cn0965e2 to tu_0c0b7358
RELEASED rest_034 Cn096734 to tu_0c0b7358
RELEASED rest_034 Cn096758 to tu_0c0b7358
REGISTERED tu_0c0b7358 as verified (1928 units)
