P 0x0c0b9e80 684 bytes: 558/684 equal, linked 684 at 0x0c0b9e80
  _func_0c0b9e80 0x0c0b9e80 126 bytes: 124/126 equal
  _func_0c0b9efe 0x0c0b9efe 90 bytes: 90/90 equal
  _func_0c0b9f58 0x0c0b9f58 6 bytes: 6/6 equal
  _func_0c0b9f5e 0x0c0b9f5e 26 bytes: 25/26 equal
  _func_0c0b9f78 0x0c0b9f78 102 bytes: 48/102 equal
  _func_0c0ba016 0x0c0ba016 32 bytes: 32/32 equal
  _func_0c0ba036 0x0c0ba036 204 bytes: 147/204 equal
  pool 0x0c0b9fd8 56 bytes: 48/56 equal
  pool 0x0c0ba102 42 bytes: 38/42 equal
    0c0b9ebe  retail f230  fadd fr3,fr2                     ours f230  fadd fr3,fr2
    0c0b9ec0  retail fe27  fmov fr2,@(r0,r14)               ours fe27  fmov fr2,@(r0,r14)
  ! 0c0b9ec2  retail 9089  mov.w 0x000000000c0b9fd8,r0      ours 908a  mov.w 0x000000000c0b9fda,r0
    0c0b9ec4  retail 03ec  mov.b @(r0,r14),r3               ours 03ec  mov.b @(r0,r14),r3
    0c0b9ec6  retail 2338  tst r3,r3                        ours 2338  tst r3,r3
    ...
    0c0b9ede  retail e06c  mov #108,r0                      ours e06c  mov #108,r0
    0c0b9ee0  retail fe47  fmov fr4,@(r0,r14)               ours fe47  fmov fr4,@(r0,r14)
  ! 0c0b9ee2  retail 907a  mov.w 0x000000000c0b9fda,r0      ours 907b  mov.w 0x000000000c0b9fdc,r0
    0c0b9ee4  retail 03ec  mov.b @(r0,r14),r3               ours 03ec  mov.b @(r0,r14),r3
    0c0b9ee6  retail 2338  tst r3,r3                        ours 2338  tst r3,r3
    ...
    0c0b9f5a  retail 432b  jmp @r3                          ours 432b  jmp @r3
    0c0b9f5c  retail 0009  nop                              ours 0009  nop
  ! 0c0b9f5e  retail 903d  mov.w 0x000000000c0b9fdc,r0      ours 903e  mov.w 0x000000000c0b9fde,r0
    0c0b9f60  retail e302  mov #2,r3                        ours e302  mov #2,r3
    0c0b9f62  retail 2fe6  mov.l r14,@-r15                  ours 2fe6  mov.l r14,@-r15
    ...
    0c0b9f74  retail 432b  jmp @r3                          ours 432b  jmp @r3
    0c0b9f76  retail 6ef6  mov.l @r15+,r14                  ours 6ef6  mov.l @r15+,r14
  ! 0c0b9f78  retail 9031  mov.w 0x000000000c0b9fde,r0      ours 9032  mov.w 0x000000000c0b9fe0,r0
    0c0b9f7a  retail e300  mov #0,r3                        ours e300  mov #0,r3
    0c0b9f7c  retail 2fe6  mov.l r14,@-r15                  ours 2fe6  mov.l r14,@-r15
    0c0b9f7e  retail 6e43  mov r4,r14                       ours 6e43  mov r4,r14
  ! 0c0b9f80  retail d11d  mov.l 0x000000000c0b9ff8,r1      ours 922f  mov.w 0x000000000c0b9fe2,r2
  ! 0c0b9f82  retail 922d  mov.w 0x000000000c0b9fe0,r2      ours e102  mov #2,r1
    0c0b9f84  retail 4f22  sts.l pr,@-r15                   ours 4f22  sts.l pr,@-r15
    0c0b9f86  retail 0e34  mov.b r3,@(r0,r14)               ours 0e34  mov.b r3,@(r0,r14)
    0c0b9f88  retail 701d  add #29,r0                       ours 701d  add #29,r0
  ! 0c0b9f8a  retail 0e24  mov.b r2,@(r0,r14)               ours d31b  mov.l 0x000000000c0b9ff8,r3
  ! 0c0b9f8c  retail e202  mov #2,r2                        ours 0e24  mov.b r2,@(r0,r14)
  ! 0c0b9f8e  retail 6310  mov.b @r1,r3                     ours 6230  mov.b @r3,r2
  ! 0c0b9f90  retail 633c  extu.b r3,r3                     ours 622c  extu.b r2,r2
  ! 0c0b9f92  retail 3323  cmp/ge r2,r3                     ours 3213  cmp/ge r1,r2
    0c0b9f94  retail 8b3c  bf 0x000000000c0ba010            ours 8b3c  bf 0x000000000c0ba010
    0c0b9f96  retail 84e6  mov.b @(6,r14),r0                ours 84e6  mov.b @(6,r14),r0
  ! 0c0b9f98  retail e301  mov #1,r3                        ours e201  mov #1,r2
  ! 0c0b9f9a  retail 7001  add #1,r0                        ours d318  mov.l 0x000000000c0b9ffc,r3
  ! 0c0b9f9c  retail 80e6  mov.b r0,@(6,r14)                ours 7001  add #1,r0
  ! 0c0b9f9e  retail 901e  mov.w 0x000000000c0b9fde,r0      ours 80e6  mov.b r0,@(6,r14)
  ! 0c0b9fa0  retail 0e34  mov.b r3,@(r0,r14)               ours 901e  mov.w 0x000000000c0b9fe0,r0
  ! 0c0b9fa2  retail d316  mov.l 0x000000000c0b9ffc,r3      ours 0e24  mov.b r2,@(r0,r14)
    0c0b9fa4  retail 430b  jsr @r3                          ours 430b  jsr @r3
    0c0b9fa6  retail 64e3  mov r14,r4                       ours 64e3  mov r14,r4
    ...
    0c0b9fb0  retail 64e3  mov r14,r4                       ours 64e3  mov r14,r4
    0c0b9fb2  retail c714  mova 0x000000000c0ba004,r0       ours c714  mova 0x000000000c0ba004,r0
  ! 0c0b9fb4  retail f48d  fldi0 fr4                        ours 63e3  mov r14,r3
    0c0b9fb6  retail f308  fmov @r0,fr3                     ours f308  fmov @r0,fr3
    0c0b9fb8  retail e074  mov #116,r0                      ours e074  mov #116,r0
  ! 0c0b9fba  retail d313  mov.l 0x000000000c0ba008,r3      ours 7378  add #120,r3
  ! 0c0b9fbc  retail fe37  fmov fr3,@(r0,r14)               ours f48d  fldi0 fr4
  ! 0c0b9fbe  retail e078  mov #120,r0                      ours fe37  fmov fr3,@(r0,r14)
  ! 0c0b9fc0  retail fe47  fmov fr4,@(r0,r14)               ours e07c  mov #124,r0
  ! 0c0b9fc2  retail e07c  mov #124,r0                      ours f34a  fmov fr4,@r3
    0c0b9fc4  retail fe47  fmov fr4,@(r0,r14)               ours fe47  fmov fr4,@(r0,r14)
    0c0b9fc6  retail 7004  add #4,r0                        ours 7004  add #4,r0
  ! 0c0b9fc8  retail fe47  fmov fr4,@(r0,r14)               ours d30f  mov.l 0x000000000c0ba008,r3
  ! 0c0b9fca  retail 430b  jsr @r3                          ours fe47  fmov fr4,@(r0,r14)
  ! 0c0b9fcc  retail 64e3  mov r14,r4                       ours 430b  jsr @r3
  ! 0c0b9fce  retail 4f26  lds.l @r15+,pr                   ours 64e3  mov r14,r4
  ! 0c0b9fd0  retail d20e  mov.l 0x000000000c0ba00c,r2      ours 4f26  lds.l @r15+,pr
  ! 0c0b9fd2  retail 64e3  mov r14,r4                       ours d20e  mov.l 0x000000000c0ba00c,r2
  ! 0c0b9fd4  retail 422b  jmp @r2                          ours 64e3  mov r14,r4
  ! 0c0b9fd6  retail 6ef6  mov.l @r15+,r14                  ours 422b  jmp @r2
  ! 0c0b9fd8  retail 0141  error                            ours 6ef6  mov.l @r15+,r14
  ! 0c0b9fda  retail 01d2  stc r5_bank,r1                   ours 0141  error
  ! 0c0b9fdc  retail 01f4  mov.b r15,@(r0,r1)               ours 01d2  stc r5_bank,r1
  ! 0c0b9fde  retail 012c  mov.b @(r0,r2),r1                ours 01f4  mov.b r15,@(r0,r1)
  ! 0c0b9fe0  retail 00ff  mac.l @r15+,@r0+                 ours 012c  mov.b @(r0,r2),r1
  ! 0c0b9fe2  retail 0000  error                            ours 00ff  mac.l @r15+,@r0+
    0c0b9fe4  retail a026  bra 0x000000000c0ba034           ours a026  bra 0x000000000c0ba034
    0c0b9fe6  retail 0c02  stc sr,r12                       ours 0c02  stc sr,r12
    ...
    0c0ba03e  retail 8d0a  bt.s 0x000000000c0ba056          ours 8d0a  bt.s 0x000000000c0ba056
    0c0ba040  retail e500  mov #0,r5                        ours e500  mov #0,r5
  ! 0c0ba042  retail 8802  cmp/eq #2,r0                     ours 8801  cmp/eq #1,r0
  ! 0c0ba044  retail 8907  bt 0x000000000c0ba056            ours 8950  bt 0x000000000c0ba0e8
  ! 0c0ba046  retail 8804  cmp/eq #4,r0                     ours 8802  cmp/eq #2,r0
    0c0ba048  retail 8905  bt 0x000000000c0ba056            ours 8905  bt 0x000000000c0ba056
  ! 0c0ba04a  retail 8801  cmp/eq #1,r0                     ours 8803  cmp/eq #3,r0
    0c0ba04c  retail 894c  bt 0x000000000c0ba0e8            ours 894c  bt 0x000000000c0ba0e8
  ! 0c0ba04e  retail 8803  cmp/eq #3,r0                     ours 8804  cmp/eq #4,r0
  ! 0c0ba050  retail 894a  bt 0x000000000c0ba0e8            ours 8901  bt 0x000000000c0ba056
    0c0ba052  retail a054  bra 0x000000000c0ba0fe           ours a054  bra 0x000000000c0ba0fe
    0c0ba054  retail 0009  nop                              ours 0009  nop
    ...
    0c0ba0a4  retail f210  fadd fr1,fr2                     ours f210  fadd fr1,fr2
    0c0ba0a6  retail c71d  mova 0x000000000c0ba11c,r0       ours c71d  mova 0x000000000c0ba11c,r0
  ! 0c0ba0a8  retail f108  fmov @r0,fr1                     ours f05c  fmov fr5,fr0
  ! 0c0ba0aa  retail f512  fmul fr1,fr5                     ours f108  fmov @r0,fr1
  ! 0c0ba0ac  retail f255  fcmp/gt fr5,fr2                  ours f012  fmul fr1,fr0
  ! 0c0ba0ae  retail 890f  bt 0x000000000c0ba0d0            ours f205  fcmp/gt fr0,fr2
  ! 0c0ba0b0  retail d31b  mov.l 0x000000000c0ba120,r3      ours 8b0e  bf 0x000000000c0ba0d0
  ! 0c0ba0b2  retail e03e  mov #62,r0                       ours d31b  mov.l 0x000000000c0ba120,r3
  ! 0c0ba0b4  retail 6232  mov.l @r3,r2                     ours e03e  mov #62,r0
  ! 0c0ba0b6  retail 012c  mov.b @(r0,r2),r1                ours 6232  mov.l @r3,r2
  ! 0c0ba0b8  retail 8442  mov.b @(2,r4),r0                 ours 012c  mov.b @(r0,r2),r1
  ! 0c0ba0ba  retail 600c  extu.b r0,r0                     ours 8442  mov.b @(2,r4),r0
  ! 0c0ba0bc  retail 3100  cmp/eq r0,r1                     ours 600c  extu.b r0,r0
  ! 0c0ba0be  retail 8b07  bf 0x000000000c0ba0d0            ours 3100  cmp/eq r0,r1
  ! 0c0ba0c0  retail 6132  mov.l @r3,r1                     ours 8b06  bf 0x000000000c0ba0d0
  ! 0c0ba0c2  retail 8413  mov.b @(3,r1),r0                 ours d317  mov.l 0x000000000c0ba120,r3
  ! 0c0ba0c4  retail 2008  tst r0,r0                        ours 6232  mov.l @r3,r2
  ! 0c0ba0c6  retail 8b03  bf 0x000000000c0ba0d0            ours 8423  mov.b @(3,r2),r0
  ! 0c0ba0c8  retail 901d  mov.w 0x000000000c0ba106,r0      ours 2008  tst r0,r0
  ! 0c0ba0ca  retail e208  mov #8,r2                        ours 8b01  bf 0x000000000c0ba0d0
  ! 0c0ba0cc  retail a014  bra 0x000000000c0ba0f8           ours a012  bra 0x000000000c0ba0f4
  ! 0c0ba0ce  retail 0424  mov.b r2,@(r0,r4)                ours e308  mov #8,r3
  ! 0c0ba0d0  retail d314  mov.l 0x000000000c0ba124,r3      ours d214  mov.l 0x000000000c0ba124,r2
  ! 0c0ba0d2  retail 9119  mov.w 0x000000000c0ba108,r1      ours 9118  mov.w 0x000000000c0ba106,r1
  ! 0c0ba0d4  retail 6032  mov.l @r3,r0                     ours 6022  mov.l @r2,r0
    0c0ba0d6  retail 001e  mov.l @(r0,r1),r0                ours 001e  mov.l @(r0,r1),r0
    0c0ba0d8  retail c801  tst #1,r0                        ours c801  tst #1,r0
    0c0ba0da  retail 8901  bt 0x000000000c0ba0e0            ours 8901  bt 0x000000000c0ba0e0
    0c0ba0dc  retail a001  bra 0x000000000c0ba0e2           ours a001  bra 0x000000000c0ba0e2
  ! 0c0ba0de  retail e206  mov #6,r2                        ours e106  mov #6,r1
  ! 0c0ba0e0  retail e207  mov #7,r2                        ours e107  mov #7,r1
  ! 0c0ba0e2  retail 9010  mov.w 0x000000000c0ba106,r0      ours 9011  mov.w 0x000000000c0ba108,r0
    0c0ba0e4  retail a008  bra 0x000000000c0ba0f8           ours a008  bra 0x000000000c0ba0f8
  ! 0c0ba0e6  retail 0424  mov.b r2,@(r0,r4)                ours 0414  mov.b r1,@(r0,r4)
    0c0ba0e8  retail 6053  mov r5,r0                        ours 6053  mov r5,r0
    0c0ba0ea  retail 0009  nop                              ours 0009  nop
  ! 0c0ba0ec  retail 8045  mov.b r0,@(5,r4)                 ours e30a  mov #10,r3
  ! 0c0ba0ee  retail e30a  mov #10,r3                       ours 8045  mov.b r0,@(5,r4)
    0c0ba0f0  retail 8047  mov.b r0,@(7,r4)                 ours 8047  mov.b r0,@(7,r4)
    0c0ba0f2  retail 8046  mov.b r0,@(6,r4)                 ours 8046  mov.b r0,@(6,r4)
  ! 0c0ba0f4  retail 9007  mov.w 0x000000000c0ba106,r0      ours 9008  mov.w 0x000000000c0ba108,r0
    0c0ba0f6  retail 0434  mov.b r3,@(r0,r4)                ours 0434  mov.b r3,@(r0,r4)
    0c0ba0f8  retail d30b  mov.l 0x000000000c0ba128,r3      ours d30b  mov.l 0x000000000c0ba128,r3
    ...
    0c0ba102  retail 020c  mov.b @(r0,r0),r2                ours 020c  mov.b @(r0,r0),r2
    0c0ba104  retail 01d2  stc r5_bank,r1                   ours 01d2  stc r5_bank,r1
  ! 0c0ba106  retail 01e9  error                            ours 0090  error
  ! 0c0ba108  retail 0090  error                            ours 01e9  error
    0c0ba10a  retail 0000  error                            ours 0000  error
    0c0ba10c  retail a026  bra 0x000000000c0ba15c           ours a026  bra 0x000000000c0ba15c
PROBLEM Not an exact section match: P
DIFFERS
