P 0x0c0c3fac 308 bytes: 296/308 equal, linked 308 at 0x0c0c3fac
  _func_0c0c3fac 0x0c0c3fac 128 bytes: 128/128 equal
  _func_0c0c402c 0x0c0c402c 54 bytes: 42/54 equal
  _func_0c0c4062 0x0c0c4062 48 bytes: 48/48 equal
  _func_0c0c4092 0x0c0c4092 26 bytes: 26/26 equal
  pool 0x0c0c40ac 52 bytes: 52/52 equal
    0c0c4032  retail 933c  mov.w 0x000000000c0c40ae,r3      ours 933c  mov.w 0x000000000c0c40ae,r3
    0c0c4034  retail 6e43  mov r4,r14                       ours 6e43  mov r4,r14
  ! 0c0c4036  retail 33ec  add r14,r3                       ours d226  mov.l 0x000000000c0c40d0,r2
  ! 0c0c4038  retail 2f32  mov.l r3,@r15                    ours 33ec  add r14,r3
  ! 0c0c403a  retail d325  mov.l 0x000000000c0c40d0,r3      ours 2f32  mov.l r3,@r15
  ! 0c0c403c  retail 430b  jsr @r3                          ours 420b  jsr @r2
    0c0c403e  retail 64e3  mov r14,r4                       ours 64e3  mov r14,r4
  ! 0c0c4040  retail d224  mov.l 0x000000000c0c40d4,r2      ours d324  mov.l 0x000000000c0c40d4,r3
  ! 0c0c4042  retail 420b  jsr @r2                          ours 430b  jsr @r3
    0c0c4044  retail 64e3  mov r14,r4                       ours 64e3  mov r14,r4
    0c0c4046  retail 9033  mov.w 0x000000000c0c40b0,r0      ours 9033  mov.w 0x000000000c0c40b0,r0
  ! 0c0c4048  retail 03ec  mov.b @(r0,r14),r3               ours 02ec  mov.b @(r0,r14),r2
  ! 0c0c404a  retail 2338  tst r3,r3                        ours 2228  tst r2,r2
    0c0c404c  retail 8905  bt 0x000000000c0c405a            ours 8905  bt 0x000000000c0c405a
    0c0c404e  retail 84e7  mov.b @(7,r14),r0                ours 84e7  mov.b @(7,r14),r0
PROBLEM Not an exact section match: P
DIFFERS
