P 0x0c0c71d4 1032 bytes: 1032/1032 equal, linked 1032 at 0x0c0c71d4
  _func_0c0c71d4 0x0c0c71d4 128 bytes: 128/128 equal
  _func_0c0c7254 0x0c0c7254 74 bytes: 74/74 equal
  _func_0c0c729e 0x0c0c729e 52 bytes: 52/52 equal
  _func_0c0c72d2 0x0c0c72d2 78 bytes: 78/78 equal
  _func_0c0c7360 0x0c0c7360 18 bytes: 18/18 equal
  _func_0c0c7372 0x0c0c7372 18 bytes: 18/18 equal
  _func_0c0c7384 0x0c0c7384 154 bytes: 154/154 equal
  _func_0c0c741e 0x0c0c741e 50 bytes: 50/50 equal
  _func_0c0c7450 0x0c0c7450 34 bytes: 34/34 equal
  _func_0c0c7472 0x0c0c7472 18 bytes: 18/18 equal
  _func_0c0c74c0 0x0c0c74c0 120 bytes: 120/120 equal
  _func_0c0c7538 0x0c0c7538 56 bytes: 56/56 equal
  _func_0c0c7570 0x0c0c7570 46 bytes: 46/46 equal
  _func_0c0c759e 0x0c0c759e 18 bytes: 18/18 equal
  pool 0x0c0c7320 64 bytes: 64/64 equal
  pool 0x0c0c7484 60 bytes: 60/60 equal
  pool 0x0c0c75b0 44 bytes: 44/44 equal
EXACT
RELEASED bulk_044 Cn0c7324 to tu_0c0c71d4
RELEASED bulk_044 Cn0c7340 to tu_0c0c71d4
RELEASED bulk_044 Cn0c748c to tu_0c0c71d4
RELEASED bulk_044 Cn0c74ac to tu_0c0c71d4
RELEASED bulk_044 Cn0c75c8 to tu_0c0c71d4
RELEASED rest_038 Cn0a6320 to tu_0c0c71d4
RELEASED rest_038 Cn0a6328 to tu_0c0c71d4
RELEASED rest_038 Cn0a648a to tu_0c0c71d4
RELEASED rest_038 Cn0a65b0 to tu_0c0c71d4
REGISTERED tu_0c0c71d4 as verified (1767 units)
