P 0x0c0c74c0 284 bytes: 127/284 equal, linked 292 at 0x0c0c74c0
  _func_0c0c74c0 0x0c0c74c0 120 bytes: 113/120 equal
  _func_0c0c7538 0x0c0c7538 56 bytes: 4/56 equal
  _func_0c0c7570 0x0c0c7570 46 bytes: 0/46 equal
  _func_0c0c759e 0x0c0c759e 18 bytes: 0/18 equal
  pool 0x0c0c75b0 44 bytes: 10/44 equal
    0c0c74c4  retail 4f22  sts.l pr,@-r15                   ours 4f22  sts.l pr,@-r15
    0c0c74c6  retail 84e7  mov.b @(7,r14),r0                ours 84e7  mov.b @(7,r14),r0
  ! 0c0c74c8  retail d33a  mov.l 0x000000000c0c75b4,r3      ours d33b  mov.l 0x000000000c0c75b8,r3
    0c0c74ca  retail 7001  add #1,r0                        ours 7001  add #1,r0
    0c0c74cc  retail 80e7  mov.b r0,@(7,r14)                ours 80e7  mov.b r0,@(7,r14)
    0c0c74ce  retail 430b  jsr @r3                          ours 430b  jsr @r3
    0c0c74d0  retail 64e3  mov r14,r4                       ours 64e3  mov r14,r4
  ! 0c0c74d2  retail c739  mova 0x000000000c0c75b8,r0       ours c73a  mova 0x000000000c0c75bc,r0
    0c0c74d4  retail f28d  fldi0 fr2                        ours f28d  fldi0 fr2
    0c0c74d6  retail f408  fmov @r0,fr4                     ours f408  fmov @r0,fr4
    ...
    0c0c74da  retail f3e6  fmov @(r0,r14),fr3               ours f3e6  fmov @(r0,r14),fr3
    0c0c74dc  retail e50a  mov #10,r5                       ours e50a  mov #10,r5
  ! 0c0c74de  retail d137  mov.l 0x000000000c0c75bc,r1      ours d138  mov.l 0x000000000c0c75c0,r1
    0c0c74e0  retail f343  fdiv fr4,fr3                     ours f343  fdiv fr4,fr3
  ! 0c0c74e2  retail d337  mov.l 0x000000000c0c75c0,r3      ours d338  mov.l 0x000000000c0c75c4,r3
    0c0c74e4  retail 415a  lds r1,fpul                      ours 415a  lds r1,fpul
    0c0c74e6  retail fe37  fmov fr3,@(r0,r14)               ours fe37  fmov fr3,@(r0,r14)
    ...
    0c0c74fe  retail 430b  jsr @r3                          ours 430b  jsr @r3
    0c0c7500  retail 64e3  mov r14,r4                       ours 64e3  mov r14,r4
  ! 0c0c7502  retail 9055  mov.w 0x000000000c0c75b0,r0      ours 9057  mov.w 0x000000000c0c75b4,r0
    0c0c7504  retail e234  mov #52,r2                       ours e234  mov #52,r2
    0c0c7506  retail e400  mov #0,r4                        ours e400  mov #0,r4
  ! 0c0c7508  retail d32e  mov.l 0x000000000c0c75c4,r3      ours d32f  mov.l 0x000000000c0c75c8,r3
    0c0c750a  retail 0e24  mov.b r2,@(r0,r14)               ours 0e24  mov.b r2,@(r0,r14)
    0c0c750c  retail 700b  add #11,r0                       ours 700b  add #11,r0
    ...
    0c0c7528  retail 7101  add #1,r1                        ours 7101  add #1,r1
    0c0c752a  retail 0215  mov.w r1,@(r0,r2)                ours 0215  mov.w r1,@(r0,r2)
  ! 0c0c752c  retail d226  mov.l 0x000000000c0c75c8,r2      ours d227  mov.l 0x000000000c0c75cc,r2
    0c0c752e  retail 420b  jsr @r2                          ours 420b  jsr @r2
    0c0c7530  retail 64e3  mov r14,r4                       ours 64e3  mov r14,r4
    ...
    0c0c7538  retail 2fe6  mov.l r14,@-r15                  ours 2fe6  mov.l r14,@-r15
    0c0c753a  retail 4f22  sts.l pr,@-r15                   ours 4f22  sts.l pr,@-r15
  ! 0c0c753c  retail bec9  bsr 0x000000000c0c72d2           ours d324  mov.l 0x000000000c0c75d0,r3
  ! 0c0c753e  retail 6e43  mov r4,r14                       ours 430b  jsr @r3
  ! 0c0c7540  retail d222  mov.l 0x000000000c0c75cc,r2      ours 6e43  mov r4,r14
  ! 0c0c7542  retail 420b  jsr @r2                          ours d224  mov.l 0x000000000c0c75d4,r2
  ! 0c0c7544  retail 64e3  mov r14,r4                       ours 420b  jsr @r2
  ! 0c0c7546  retail 9034  mov.w 0x000000000c0c75b2,r0      ours 64e3  mov r14,r4
  ! 0c0c7548  retail 03ec  mov.b @(r0,r14),r3               ours 9035  mov.w 0x000000000c0c75b6,r0
  ! 0c0c754a  retail 2338  tst r3,r3                        ours 03ec  mov.b @(r0,r14),r3
  ! 0c0c754c  retail 8b0d  bf 0x000000000c0c756a            ours 2338  tst r3,r3
  ! 0c0c754e  retail 84e7  mov.b @(7,r14),r0                ours 8b0d  bf 0x000000000c0c756c
  ! 0c0c7550  retail e300  mov #0,r3                        ours 84e7  mov.b @(7,r14),r0
  ! 0c0c7552  retail 64e3  mov r14,r4                       ours e300  mov #0,r3
  ! 0c0c7554  retail 7001  add #1,r0                        ours 64e3  mov r14,r4
  ! 0c0c7556  retail 80e7  mov.b r0,@(7,r14)                ours 7001  add #1,r0
  ! 0c0c7558  retail 902b  mov.w 0x000000000c0c75b2,r0      ours 80e7  mov.b r0,@(7,r14)
  ! 0c0c755a  retail 0e34  mov.b r3,@(r0,r14)               ours 902c  mov.w 0x000000000c0c75b6,r0
  ! 0c0c755c  retail 7062  add #98,r0                       ours 0e34  mov.b r3,@(r0,r14)
  ! 0c0c755e  retail 4f26  lds.l @r15+,pr                   ours 7062  add #98,r0
  ! 0c0c7560  retail 05ec  mov.b @(r0,r14),r5               ours 4f26  lds.l @r15+,pr
  ! 0c0c7562  retail d31b  mov.l 0x000000000c0c75d0,r3      ours 05ec  mov.b @(r0,r14),r5
  ! 0c0c7564  retail 7502  add #2,r5                        ours d31c  mov.l 0x000000000c0c75d8,r3
  ! 0c0c7566  retail 432b  jmp @r3                          ours 7502  add #2,r5
  ! 0c0c7568  retail 6ef6  mov.l @r15+,r14                  ours 432b  jmp @r3
  ! 0c0c756a  retail 4f26  lds.l @r15+,pr                   ours 6ef6  mov.l @r15+,r14
  ! 0c0c756c  retail 000b  rts                              ours 4f26  lds.l @r15+,pr
  ! 0c0c756e  retail 6ef6  mov.l @r15+,r14                  ours 000b  rts
  ! 0c0c7570  retail 2fe6  mov.l r14,@-r15                  ours 6ef6  mov.l @r15+,r14
  ! 0c0c7572  retail 4f22  sts.l pr,@-r15                   ours 2fe6  mov.l r14,@-r15
  ! 0c0c7574  retail bead  bsr 0x000000000c0c72d2           ours 4f22  sts.l pr,@-r15
  ! 0c0c7576  retail 6e43  mov r4,r14                       ours d316  mov.l 0x000000000c0c75d0,r3
  ! 0c0c7578  retail d214  mov.l 0x000000000c0c75cc,r2      ours 430b  jsr @r3
  ! 0c0c757a  retail 420b  jsr @r2                          ours 6e43  mov r4,r14
  ! 0c0c757c  retail 64e3  mov r14,r4                       ours d215  mov.l 0x000000000c0c75d4,r2
  ! 0c0c757e  retail 600e  exts.b r0,r0                     ours 420b  jsr @r2
  ! 0c0c7580  retail 4011  cmp/pz r0                        ours 64e3  mov r14,r4
  ! 0c0c7582  retail 8909  bt 0x000000000c0c7598            ours 600e  exts.b r0,r0
  ! 0c0c7584  retail e060  mov #96,r0                       ours 4011  cmp/pz r0
  ! 0c0c7586  retail f48d  fldi0 fr4                        ours 8909  bt 0x000000000c0c759c
  ! 0c0c7588  retail fe47  fmov fr4,@(r0,r14)               ours e060  mov #96,r0
  ! 0c0c758a  retail e06c  mov #108,r0                      ours f48d  fldi0 fr4
  ! 0c0c758c  retail d311  mov.l 0x000000000c0c75d4,r3      ours fe47  fmov fr4,@(r0,r14)
  ! 0c0c758e  retail 64e3  mov r14,r4                       ours e06c  mov #108,r0
  ! 0c0c7590  retail fe47  fmov fr4,@(r0,r14)               ours d312  mov.l 0x000000000c0c75dc,r3
  ! 0c0c7592  retail 4f26  lds.l @r15+,pr                   ours 64e3  mov r14,r4
  ! 0c0c7594  retail 432b  jmp @r3                          ours fe47  fmov fr4,@(r0,r14)
  ! 0c0c7596  retail 6ef6  mov.l @r15+,r14                  ours 4f26  lds.l @r15+,pr
  ! 0c0c7598  retail 4f26  lds.l @r15+,pr                   ours 432b  jmp @r3
  ! 0c0c759a  retail 000b  rts                              ours 6ef6  mov.l @r15+,r14
  ! 0c0c759c  retail 6ef6  mov.l @r15+,r14                  ours 4f26  lds.l @r15+,pr
  ! 0c0c759e  retail 6343  mov r4,r3                        ours 000b  rts
  ! 0c0c75a0  retail d10d  mov.l 0x000000000c0c75d8,r1      ours 6ef6  mov.l @r15+,r14
  ! 0c0c75a2  retail 2f46  mov.l r4,@-r15                   ours 6343  mov r4,r3
  ! 0c0c75a4  retail 8436  mov.b @(6,r3),r0                 ours d10e  mov.l 0x000000000c0c75e0,r1
  ! 0c0c75a6  retail 600c  extu.b r0,r0                     ours 2f46  mov.l r4,@-r15
  ! 0c0c75a8  retail 4008  shll2 r0                         ours 8436  mov.b @(6,r3),r0
  ! 0c0c75aa  retail 031e  mov.l @(r0,r1),r3                ours 600c  extu.b r0,r0
  ! 0c0c75ac  retail 432b  jmp @r3                          ours 4008  shll2 r0
  ! 0c0c75ae  retail 7f04  add #4,r15                       ours 031e  mov.l @(r0,r1),r3
  ! 0c0c75b0  retail 01a1  error                            ours 432b  jmp @r3
  ! 0c0c75b2  retail 0141  error                            ours 7f04  add #4,r15
  ! 0c0c75b4  retail 42fa  ldc r2,dbr                       ours 01a1  error
  ! 0c0c75b6  retail 0c04  mov.b r0,@(r0,r12)               ours 0141  error
  ! 0c0c75b8  retail 0000  error                            ours 42fa  ldc r2,dbr
  ! 0c0c75ba  retail 4100  shll r1                          ours 0c04  mov.b r0,@(r0,r12)
    0c0c75bc  retail 0000  error                            ours 0000  error
  ! 0c0c75be  retail 4280  error                            ours 4100  shll r1
  ! 0c0c75c0  retail 8bb0  bf 0x000000000c0c7524            ours 0000  error
  ! 0c0c75c2  retail 0c04  mov.b r0,@(r0,r12)               ours 4280  error
  ! 0c0c75c4  retail 83f8  error                            ours 8bb0  bf 0x000000000c0c7528
  ! 0c0c75c6  retail 0c2f  mac.l @r2+,@r12+                 ours 0c04  mov.b r0,@(r0,r12)
  ! 0c0c75c8  retail a0c4  bra 0x000000000c0c7754           ours 83f8  error
  ! 0c0c75ca  retail 0c02  stc sr,r12                       ours 0c2f  mac.l @r2+,@r12+
  ! 0c0c75cc  retail a026  bra 0x000000000c0c761c           ours a0c4  bra 0x000000000c0c7758
    0c0c75ce  retail 0c02  stc sr,r12                       ours 0c02  stc sr,r12
  ! 0c0c75d0  retail 05d8  error                            ours 72d2  add #-46,r2
  ! 0c0c75d2  retail 0c16  mov.l r1,@(r0,r12)               ours 0c0c  mov.b @(r0,r0),r12
  ! 0c0c75d4  retail 38de  addc r13,r8                      ours a026  bra 0x000000000c0c7624
  ! 0c0c75d6  retail 0c04  mov.b r0,@(r0,r12)               ours 0c02  stc sr,r12
  ! 0c0c75d8  retail 7988  add #-120,r9                     ours 05d8  error
  ! 0c0c75da  retail 0c24  mov.b r2,@(r0,r12)               ours 0c16  mov.l r1,@(r0,r12)
PROBLEM Wrong exported symbol address: _func_0c0c7570
PROBLEM Wrong exported symbol address: _func_0c0c759e
PROBLEM Not an exact section match: P
PROBLEM Linked image contains extra or missing initialized bytes
PROBLEM Linked image contains extra or missing memory bytes
DIFFERS
