P 0x0c0c9adc 388 bytes: 170/388 equal, linked 392 at 0x0c0c9adc
  _func_0c0c9adc 0x0c0c9adc 188 bytes: 134/188 equal
  _func_0c0c9b98 0x0c0c9b98 30 bytes: 0/30 equal
  _func_0c0c9bb6 0x0c0c9bb6 18 bytes: 0/18 equal
  _func_0c0c9bc8 0x0c0c9bc8 82 bytes: 1/82 equal
  pool 0x0c0c9c1a 70 bytes: 35/70 equal
    0c0c9ae0  retail 4f22  sts.l pr,@-r15                   ours 4f22  sts.l pr,@-r15
    0c0c9ae2  retail 7ff4  add #-12,r15                     ours 7ff4  add #-12,r15
  ! 0c0c9ae4  retail 9099  mov.w 0x000000000c0c9c1a,r0      ours 909a  mov.w 0x000000000c0c9c1c,r0
    0c0c9ae6  retail 6e43  mov r4,r14                       ours 6e43  mov r4,r14
    0c0c9ae8  retail ff8d  fldi0 fr15                       ours ff8d  fldi0 fr15
    ...
    0c0c9af2  retail c74e  mova 0x000000000c0c9c2c,r0       ours c74e  mova 0x000000000c0c9c2c,r0
    0c0c9af4  retail f308  fmov @r0,fr3                     ours f308  fmov @r0,fr3
  ! 0c0c9af6  retail 9091  mov.w 0x000000000c0c9c1c,r0      ours 9092  mov.w 0x000000000c0c9c1e,r0
    0c0c9af8  retail ff3a  fmov fr3,@r15                    ours ff3a  fmov fr3,@r15
    0c0c9afa  retail 03ec  mov.b @(r0,r14),r3               ours 03ec  mov.b @(r0,r14),r3
    ...
    0c0c9b02  retail f34d  fneg fr3                         ours f34d  fneg fr3
    0c0c9b04  retail ff3a  fmov fr3,@r15                    ours ff3a  fmov fr3,@r15
  ! 0c0c9b06  retail 9088  mov.w 0x000000000c0c9c1a,r0      ours 9089  mov.w 0x000000000c0c9c1c,r0
    0c0c9b08  retail 03ec  mov.b @(r0,r14),r3               ours 03ec  mov.b @(r0,r14),r3
    0c0c9b0a  retail 2338  tst r3,r3                        ours 2338  tst r3,r3
    ...
    0c0c9b30  retail c801  tst #1,r0                        ours c801  tst #1,r0
    0c0c9b32  retail 8908  bt 0x000000000c0c9b46            ours 8908  bt 0x000000000c0c9b46
  ! 0c0c9b34  retail 9072  mov.w 0x000000000c0c9c1c,r0      ours 9073  mov.w 0x000000000c0c9c1e,r0
    0c0c9b36  retail e301  mov #1,r3                        ours e301  mov #1,r3
    0c0c9b38  retail 02ec  mov.b @(r0,r14),r2               ours 02ec  mov.b @(r0,r14),r2
    ...
    0c0c9b3c  retail 0e24  mov.b r2,@(r0,r14)               ours 0e24  mov.b r2,@(r0,r14)
    0c0c9b3e  retail 01ec  mov.b @(r0,r14),r1               ours 01ec  mov.b @(r0,r14),r1
  ! 0c0c9b40  retail 906d  mov.w 0x000000000c0c9c1e,r0      ours 906e  mov.w 0x000000000c0c9c20,r0
    0c0c9b42  retail 611c  extu.b r1,r1                     ours 611c  extu.b r1,r1
    0c0c9b44  retail 0e15  mov.w r1,@(r0,r14)               ours 0e15  mov.w r1,@(r0,r14)
    ...
    0c0c9b58  retail 430b  jsr @r3                          ours 430b  jsr @r3
    0c0c9b5a  retail 64e3  mov r14,r4                       ours 64e3  mov r14,r4
  ! 0c0c9b5c  retail 9060  mov.w 0x000000000c0c9c20,r0      ours 9061  mov.w 0x000000000c0c9c22,r0
    0c0c9b5e  retail e20a  mov #10,r2                       ours e20a  mov #10,r2
  ! 0c0c9b60  retail f39d  fldi1 fr3                        ours d137  mov.l 0x000000000c0c9c40,r1
  ! 0c0c9b62  retail f330  fadd fr3,fr3                     ours 0e24  mov.b r2,@(r0,r14)
  ! 0c0c9b64  retail 0e24  mov.b r2,@(r0,r14)               ours e05c  mov #92,r0
  ! 0c0c9b66  retail e05c  mov #92,r0                       ours fef7  fmov fr15,@(r0,r14)
  ! 0c0c9b68  retail fef7  fmov fr15,@(r0,r14)              ours e068  mov #104,r0
  ! 0c0c9b6a  retail e068  mov #104,r0                      ours 415a  lds r1,fpul
    0c0c9b6c  retail fef7  fmov fr15,@(r0,r14)              ours fef7  fmov fr15,@(r0,r14)
    0c0c9b6e  retail e060  mov #96,r0                       ours e060  mov #96,r0
    0c0c9b70  retail f2e6  fmov @(r0,r14),fr2               ours f2e6  fmov @(r0,r14),fr2
  ! 0c0c9b72  retail d334  mov.l 0x000000000c0c9c44,r3      ours f30d  fsts fpul,fr3
    0c0c9b74  retail f233  fdiv fr3,fr2                     ours f233  fdiv fr3,fr2
  ! 0c0c9b76  retail fe27  fmov fr2,@(r0,r14)               ours d334  mov.l 0x000000000c0c9c48,r3
  ! 0c0c9b78  retail c731  mova 0x000000000c0c9c40,r0       ours fe27  fmov fr2,@(r0,r14)
  ! 0c0c9b7a  retail f208  fmov @r0,fr2                     ours c732  mova 0x000000000c0c9c44,r0
  ! 0c0c9b7c  retail e06c  mov #108,r0                      ours f208  fmov @r0,fr2
  ! 0c0c9b7e  retail fe27  fmov fr2,@(r0,r14)               ours e06c  mov #108,r0
  ! 0c0c9b80  retail 430b  jsr @r3                          ours fe27  fmov fr2,@(r0,r14)
  ! 0c0c9b82  retail 64e3  mov r14,r4                       ours 430b  jsr @r3
  ! 0c0c9b84  retail d230  mov.l 0x000000000c0c9c48,r2      ours 64e3  mov r14,r4
  ! 0c0c9b86  retail e50f  mov #15,r5                       ours d231  mov.l 0x000000000c0c9c4c,r2
  ! 0c0c9b88  retail e601  mov #1,r6                        ours e50f  mov #15,r5
  ! 0c0c9b8a  retail 420b  jsr @r2                          ours e601  mov #1,r6
  ! 0c0c9b8c  retail 64e3  mov r14,r4                       ours 420b  jsr @r2
  ! 0c0c9b8e  retail 7f0c  add #12,r15                      ours 64e3  mov r14,r4
  ! 0c0c9b90  retail 4f26  lds.l @r15+,pr                   ours 7f0c  add #12,r15
  ! 0c0c9b92  retail fff9  fmov @r15+,fr15                  ours 4f26  lds.l @r15+,pr
  ! 0c0c9b94  retail 000b  rts                              ours fff9  fmov @r15+,fr15
  ! 0c0c9b96  retail 6ef6  mov.l @r15+,r14                  ours 000b  rts
  ! 0c0c9b98  retail 9043  mov.w 0x000000000c0c9c22,r0      ours 6ef6  mov.l @r15+,r14
  ! 0c0c9b9a  retail e301  mov #1,r3                        ours 9043  mov.w 0x000000000c0c9c24,r0
  ! 0c0c9b9c  retail 2fe6  mov.l r14,@-r15                  ours e301  mov #1,r3
  ! 0c0c9b9e  retail 6e43  mov r4,r14                       ours 2fe6  mov.l r14,@-r15
  ! 0c0c9ba0  retail 0e34  mov.b r3,@(r0,r14)               ours 6e43  mov r4,r14
  ! 0c0c9ba2  retail 700d  add #13,r0                       ours 0e34  mov.b r3,@(r0,r14)
  ! 0c0c9ba4  retail 00ec  mov.b @(r0,r14),r0               ours 700d  add #13,r0
  ! 0c0c9ba6  retail 64e3  mov r14,r4                       ours 00ec  mov.b @(r0,r14),r0
  ! 0c0c9ba8  retail d128  mov.l 0x000000000c0c9c4c,r1      ours 64e3  mov r14,r4
  ! 0c0c9baa  retail 600c  extu.b r0,r0                     ours d129  mov.l 0x000000000c0c9c50,r1
  ! 0c0c9bac  retail c93f  and #63,r0                       ours 600c  extu.b r0,r0
  ! 0c0c9bae  retail 4008  shll2 r0                         ours c93f  and #63,r0
  ! 0c0c9bb0  retail 031e  mov.l @(r0,r1),r3                ours 4008  shll2 r0
  ! 0c0c9bb2  retail 432b  jmp @r3                          ours 031e  mov.l @(r0,r1),r3
  ! 0c0c9bb4  retail 6ef6  mov.l @r15+,r14                  ours 432b  jmp @r3
  ! 0c0c9bb6  retail 6343  mov r4,r3                        ours 6ef6  mov.l @r15+,r14
  ! 0c0c9bb8  retail d125  mov.l 0x000000000c0c9c50,r1      ours 6343  mov r4,r3
  ! 0c0c9bba  retail 2f46  mov.l r4,@-r15                   ours d126  mov.l 0x000000000c0c9c54,r1
  ! 0c0c9bbc  retail 8436  mov.b @(6,r3),r0                 ours 2f46  mov.l r4,@-r15
  ! 0c0c9bbe  retail 600c  extu.b r0,r0                     ours 8436  mov.b @(6,r3),r0
  ! 0c0c9bc0  retail 4008  shll2 r0                         ours 600c  extu.b r0,r0
  ! 0c0c9bc2  retail 031e  mov.l @(r0,r1),r3                ours 4008  shll2 r0
  ! 0c0c9bc4  retail 432b  jmp @r3                          ours 031e  mov.l @(r0,r1),r3
  ! 0c0c9bc6  retail 7f04  add #4,r15                       ours 432b  jmp @r3
  ! 0c0c9bc8  retail 2fe6  mov.l r14,@-r15                  ours 7f04  add #4,r15
  ! 0c0c9bca  retail 4f22  sts.l pr,@-r15                   ours 2fe6  mov.l r14,@-r15
  ! 0c0c9bcc  retail d321  mov.l 0x000000000c0c9c54,r3      ours 4f22  sts.l pr,@-r15
  ! 0c0c9bce  retail 430b  jsr @r3                          ours d322  mov.l 0x000000000c0c9c58,r3
  ! 0c0c9bd0  retail 6e43  mov r4,r14                       ours 430b  jsr @r3
  ! 0c0c9bd2  retail 9027  mov.w 0x000000000c0c9c24,r0      ours 6e43  mov r4,r14
  ! 0c0c9bd4  retail 00ec  mov.b @(r0,r14),r0               ours 9027  mov.w 0x000000000c0c9c26,r0
  ! 0c0c9bd6  retail 8801  cmp/eq #1,r0                     ours 00ec  mov.b @(r0,r14),r0
  ! 0c0c9bd8  retail 8b1c  bf 0x000000000c0c9c14            ours 8801  cmp/eq #1,r0
  ! 0c0c9bda  retail 84e6  mov.b @(6,r14),r0                ours 8b1c  bf 0x000000000c0c9c16
  ! 0c0c9bdc  retail e300  mov #0,r3                        ours 84e6  mov.b @(6,r14),r0
  ! 0c0c9bde  retail 911d  mov.w 0x000000000c0c9c1c,r1      ours e300  mov #0,r3
  ! 0c0c9be0  retail e201  mov #1,r2                        ours 911d  mov.w 0x000000000c0c9c1e,r1
  ! 0c0c9be2  retail 7001  add #1,r0                        ours e201  mov #1,r2
  ! 0c0c9be4  retail 80e6  mov.b r0,@(6,r14)                ours 7001  add #1,r0
  ! 0c0c9be6  retail 901d  mov.w 0x000000000c0c9c24,r0      ours 80e6  mov.b r0,@(6,r14)
  ! 0c0c9be8  retail 0e34  mov.b r3,@(r0,r14)               ours 901d  mov.w 0x000000000c0c9c26,r0
  ! 0c0c9bea  retail e320  mov #32,r3                       ours 0e34  mov.b r3,@(r0,r14)
  ! 0c0c9bec  retail 901b  mov.w 0x000000000c0c9c26,r0      ours e320  mov #32,r3
  ! 0c0c9bee  retail 04ee  mov.l @(r0,r14),r4               ours 901b  mov.w 0x000000000c0c9c28,r0
  ! 0c0c9bf0  retail 70ec  add #-20,r0                      ours 04ee  mov.l @(r0,r14),r4
  ! 0c0c9bf2  retail 04e6  mov.l r14,@(r0,r4)               ours 70ec  add #-20,r0
  ! 0c0c9bf4  retail 701e  add #30,r0                       ours 04e6  mov.l r14,@(r0,r4)
  ! 0c0c9bf6  retail 00ec  mov.b @(r0,r14),r0               ours 701e  add #30,r0
  ! 0c0c9bf8  retail 314c  add r4,r1                        ours 00ec  mov.b @(r0,r14),r0
  ! 0c0c9bfa  retail ca01  xor #1,r0                        ours 314c  add r4,r1
  ! 0c0c9bfc  retail 2100  mov.b r0,@r1                     ours ca01  xor #1,r0
  ! 0c0c9bfe  retail 9013  mov.w 0x000000000c0c9c28,r0      ours 2100  mov.b r0,@r1
  ! 0c0c9c00  retail 0434  mov.b r3,@(r0,r4)                ours 9013  mov.w 0x000000000c0c9c2a,r0
  ! 0c0c9c02  retail 7055  add #85,r0                       ours 0434  mov.b r3,@(r0,r4)
  ! 0c0c9c04  retail d314  mov.l 0x000000000c0c9c58,r3      ours 7055  add #85,r0
  ! 0c0c9c06  retail 430b  jsr @r3                          ours d315  mov.l 0x000000000c0c9c5c,r3
  ! 0c0c9c08  retail 0424  mov.b r2,@(r0,r4)                ours 430b  jsr @r3
  ! 0c0c9c0a  retail 4f26  lds.l @r15+,pr                   ours 0424  mov.b r2,@(r0,r4)
  ! 0c0c9c0c  retail d213  mov.l 0x000000000c0c9c5c,r2      ours 4f26  lds.l @r15+,pr
  ! 0c0c9c0e  retail 64e3  mov r14,r4                       ours d214  mov.l 0x000000000c0c9c60,r2
  ! 0c0c9c10  retail 422b  jmp @r2                          ours 64e3  mov r14,r4
  ! 0c0c9c12  retail 6ef6  mov.l @r15+,r14                  ours 422b  jmp @r2
  ! 0c0c9c14  retail 4f26  lds.l @r15+,pr                   ours 6ef6  mov.l @r15+,r14
  ! 0c0c9c16  retail 000b  rts                              ours 4f26  lds.l @r15+,pr
  ! 0c0c9c18  retail 6ef6  mov.l @r15+,r14                  ours 000b  rts
  ! 0c0c9c1a  retail 01d3  error                            ours 6ef6  mov.l @r15+,r14
  ! 0c0c9c1c  retail 01d2  stc r5_bank,r1                   ours 01d3  error
  ! 0c0c9c1e  retail 0130  error                            ours 01d2  stc r5_bank,r1
  ! 0c0c9c20  retail 01a0  error                            ours 0130  error
  ! 0c0c9c22  retail 01ea  error                            ours 01a0  error
  ! 0c0c9c24  retail 0141  error                            ours 01ea  error
  ! 0c0c9c26  retail 01c8  error                            ours 0141  error
  ! 0c0c9c28  retail 01a1  error                            ours 01c8  error
  ! 0c0c9c2a  retail 0000  error                            ours 01a1  error
    0c0c9c2c  retail 5555  mov.l @(20,r5),r5                ours 5555  mov.l @(20,r5),r5
    0c0c9c2e  retail c0d5  mov.b r0,@(213,gbr)              ours c0d5  mov.b r0,@(213,gbr)
    0c0c9c30  retail 2492  mov.l r9,@r4                     ours 2492  mov.l r9,@r4
    0c0c9c32  retail bf09  bsr 0x000000000c0c9a48           ours bf09  bsr 0x000000000c0c9a48
  ! 0c0c9c34  retail aaaa  bra 0x000000000c0c918c           ours aaa9  bra 0x000000000c0c918a
    0c0c9c36  retail c292  mov.l r0,@(584,gbr)              ours c292  mov.l r0,@(584,gbr)
    0c0c9c38  retail 4924  rotcl r9                         ours 4924  rotcl r9
    ...
    0c0c9c3c  retail 4610  dt r6                            ours 4610  dt r6
    0c0c9c3e  retail 0c1d  mov.w @(r0,r1),r12               ours 0c1d  mov.w @(r0,r1),r12
  ! 0c0c9c40  retail b6db  bsr 0x000000000c0ca9fa           ours 0000  error
  ! 0c0c9c42  retail bf4d  bsr 0x000000000c0c9ae0           ours 4000  shll r0
  ! 0c0c9c44  retail 8ce6  error                            ours b6db  bsr 0x000000000c0ca9fe
  ! 0c0c9c46  retail 0c04  mov.b r0,@(r0,r12)               ours bf4d  bsr 0x000000000c0c9ae4
  ! 0c0c9c48  retail a0c4  bra 0x000000000c0c9dd4           ours 8ce6  error
  ! 0c0c9c4a  retail 0c02  stc sr,r12                       ours 0c04  mov.b r0,@(r0,r12)
  ! 0c0c9c4c  retail 7d30  add #48,r13                      ours a0c4  bra 0x000000000c0c9dd8
  ! 0c0c9c4e  retail 0c24  mov.b r2,@(r0,r12)               ours 0c02  stc sr,r12
  ! 0c0c9c50  retail 7d38  add #56,r13                      ours 7d30  add #48,r13
    0c0c9c52  retail 0c24  mov.b r2,@(r0,r12)               ours 0c24  mov.b r2,@(r0,r12)
  ! 0c0c9c54  retail a026  bra 0x000000000c0c9ca4           ours 7d38  add #56,r13
  ! 0c0c9c56  retail 0c02  stc sr,r12                       ours 0c24  mov.b r2,@(r0,r12)
  ! 0c0c9c58  retail 5762  mov.l @(8,r6),r7                 ours a026  bra 0x000000000c0c9ca8
    0c0c9c5a  retail 0c02  stc sr,r12                       ours 0c02  stc sr,r12
  ! 0c0c9c5c  retail 489c  shad r9,r8                       ours 5762  mov.l @(8,r6),r7
  ! 0c0c9c5e  retail 0c03  bsrf r12                         ours 0c02  stc sr,r12
PROBLEM Wrong exported symbol address: _func_0c0c9b98
PROBLEM Wrong exported symbol address: _func_0c0c9bb6
PROBLEM Wrong exported symbol address: _func_0c0c9bc8
PROBLEM Not an exact section match: P
PROBLEM Linked image contains extra or missing initialized bytes
PROBLEM Linked image contains extra or missing memory bytes
DIFFERS
