P 1432 1268 1432 False
_func_0c0cb298 200 200
_func_0c0cb360 30 30
_func_0c0cb37e 84 84
_func_0c0cb412 118 116
_func_0c0cb488 34 34
_func_0c0cb4aa 30 30
_func_0c0cb4c8 68 68
_func_0c0cb50c 42 42
_func_0c0cb560 92 88
_func_0c0cb5bc 34 32
_func_0c0cb5de 18 17
_func_0c0cb5f0 20 18
_func_0c0cb604 52 49
_func_0c0cb638 66 1
_func_0c0cb67a 84 31
_func_0c0cb6f8 20 20
_func_0c0cb70c 54 54
_func_0c0cb742 22 22
_func_0c0cb758 102 102
_func_0c0cb7be 56 56
['Wrong exported symbol address: _func_0c0cb67a', 'Not an exact section match: P']
DIFFERS
