P 1432 1428 1432 False
_func_0c0cb298 200 200
_func_0c0cb360 30 30
_func_0c0cb37e 84 84
_func_0c0cb412 118 116
_func_0c0cb488 34 34
_func_0c0cb4aa 30 30
_func_0c0cb4c8 68 68
_func_0c0cb50c 42 42
_func_0c0cb560 92 90
_func_0c0cb5bc 34 34
_func_0c0cb5de 18 18
_func_0c0cb5f0 20 20
_func_0c0cb604 52 52
_func_0c0cb638 10 10
_func_0c0cb642 56 56
_func_0c0cb67a 84 84
_func_0c0cb6f8 20 20
_func_0c0cb70c 54 54
_func_0c0cb742 22 22
_func_0c0cb758 102 102
_func_0c0cb7be 56 56
['Not an exact section match: P']
DIFFERS
