P 3188 2690 3188 False
_func_0c0cfe70 26 26
_func_0c0cfe8a 26 26
_func_0c0cfea4 26 26
_func_0c0cfebe 72 72
_func_0c0cff06 20 20
_func_0c0cff1a 18 18
_func_0c0cff2c 106 106
_func_0c0cffcc 84 84
_func_0c0d0020 138 138
_func_0c0d00d8 306 306
_func_0c0d0244 132 121
_func_0c0d02c8 34 32
_func_0c0d02ea 306 25
_func_0c0d0470 268 268
_func_0c0d05ac 384 347
_func_0c0d075c 38 38
_func_0c0d0782 18 18
_func_0c0d0794 122 122
_func_0c0d080e 84 84
_func_0c0d0862 64 64
_func_0c0d08d8 146 36
_func_0c0d096a 34 34
_func_0c0d098c 22 22
_func_0c0d09cc 238 238
['Not an exact section match: P']
DIFFERS
