P 0x0c0d17f8 380 bytes: 234/380 equal, linked 384 at 0x0c0d17f8
  _func_0c0d17f8 0x0c0d17f8 234 bytes: 198/234 equal
  _func_0c0d18e2 0x0c0d18e2 82 bytes: 19/82 equal
  pool 0x0c0d1934 64 bytes: 17/64 equal
    0c0d1800  retail 4f22  sts.l pr,@-r15                   ours 4f22  sts.l pr,@-r15
    0c0d1802  retail 84e6  mov.b @(6,r14),r0                ours 84e6  mov.b @(6,r14),r0
  ! 0c0d1804  retail d34f  mov.l 0x000000000c0d1944,r3      ours d350  mov.l 0x000000000c0d1948,r3
    0c0d1806  retail 7001  add #1,r0                        ours 7001  add #1,r0
    0c0d1808  retail 80e6  mov.b r0,@(6,r14)                ours 80e6  mov.b r0,@(6,r14)
    ...
    0c0d180e  retail 430b  jsr @r3                          ours 430b  jsr @r3
    0c0d1810  retail 64e3  mov r14,r4                       ours 64e3  mov r14,r4
  ! 0c0d1812  retail d24d  mov.l 0x000000000c0d1948,r2      ours d24e  mov.l 0x000000000c0d194c,r2
    0c0d1814  retail e505  mov #5,r5                        ours e505  mov #5,r5
    0c0d1816  retail 420b  jsr @r2                          ours 420b  jsr @r2
    0c0d1818  retail 64e3  mov r14,r4                       ours 64e3  mov r14,r4
  ! 0c0d181a  retail 908b  mov.w 0x000000000c0d1934,r0      ours 908d  mov.w 0x000000000c0d1938,r0
    0c0d181c  retail 00ec  mov.b @(r0,r14),r0               ours 00ec  mov.b @(r0,r14),r0
    0c0d181e  retail 600c  extu.b r0,r0                     ours 600c  extu.b r0,r0
    ...
    0c0d1822  retail 8f3f  bf.s 0x000000000c0d18a4          ours 8f3f  bf.s 0x000000000c0d18a4
    0c0d1824  retail ed00  mov #0,r13                       ours ed00  mov #0,r13
  ! 0c0d1826  retail 9086  mov.w 0x000000000c0d1936,r0      ours 9088  mov.w 0x000000000c0d193a,r0
    0c0d1828  retail 00ec  mov.b @(r0,r14),r0               ours 00ec  mov.b @(r0,r14),r0
    0c0d182a  retail 600c  extu.b r0,r0                     ours 600c  extu.b r0,r0
    0c0d182c  retail 8802  cmp/eq #2,r0                     ours 8802  cmp/eq #2,r0
    0c0d182e  retail 8b20  bf 0x000000000c0d1872            ours 8b20  bf 0x000000000c0d1872
  ! 0c0d1830  retail d146  mov.l 0x000000000c0d194c,r1      ours d147  mov.l 0x000000000c0d1950,r1
    0c0d1832  retail e05c  mov #92,r0                       ours e05c  mov #92,r0
    0c0d1834  retail f2e6  fmov @(r0,r14),fr2               ours f2e6  fmov @(r0,r14),fr2
    0c0d1836  retail e52b  mov #43,r5                       ours e52b  mov #43,r5
    0c0d1838  retail 415a  lds r1,fpul                      ours 415a  lds r1,fpul
  ! 0c0d183a  retail d145  mov.l 0x000000000c0d1950,r1      ours d146  mov.l 0x000000000c0d1954,r1
  ! 0c0d183c  retail d346  mov.l 0x000000000c0d1958,r3      ours d347  mov.l 0x000000000c0d195c,r3
    0c0d183e  retail f30d  fsts fpul,fr3                    ours f30d  fsts fpul,fr3
    0c0d1840  retail f233  fdiv fr3,fr2                     ours f233  fdiv fr3,fr2
    0c0d1842  retail 415a  lds r1,fpul                      ours 415a  lds r1,fpul
  ! 0c0d1844  retail d143  mov.l 0x000000000c0d1954,r1      ours d144  mov.l 0x000000000c0d1958,r1
    0c0d1846  retail f38d  fldi0 fr3                        ours f38d  fldi0 fr3
    0c0d1848  retail fe27  fmov fr2,@(r0,r14)               ours fe27  fmov fr2,@(r0,r14)
    ...
    0c0d1864  retail 430b  jsr @r3                          ours 430b  jsr @r3
    0c0d1866  retail 64e3  mov r14,r4                       ours 64e3  mov r14,r4
  ! 0c0d1868  retail d23c  mov.l 0x000000000c0d195c,r2      ours d23d  mov.l 0x000000000c0d1960,r2
    0c0d186a  retail 420b  jsr @r2                          ours 420b  jsr @r2
    0c0d186c  retail 64e3  mov r14,r4                       ours 64e3  mov r14,r4
    0c0d186e  retail a003  bra 0x000000000c0d1878           ours a003  bra 0x000000000c0d1878
    0c0d1870  retail 0009  nop                              ours 0009  nop
  ! 0c0d1872  retail d23b  mov.l 0x000000000c0d1960,r2      ours d23c  mov.l 0x000000000c0d1964,r2
    0c0d1874  retail 420b  jsr @r2                          ours 420b  jsr @r2
    0c0d1876  retail 64e3  mov r14,r4                       ours 64e3  mov r14,r4
  ! 0c0d1878  retail 905e  mov.w 0x000000000c0d1938,r0      ours 9060  mov.w 0x000000000c0d193c,r0
    0c0d187a  retail e348  mov #72,r3                       ours e348  mov #72,r3
    0c0d187c  retail 0e34  mov.b r3,@(r0,r14)               ours 0e34  mov.b r3,@(r0,r14)
    ...
    0c0d1884  retail 0ed4  mov.b r13,@(r0,r14)              ours 0ed4  mov.b r13,@(r0,r14)
    0c0d1886  retail 7026  add #38,r0                       ours 7026  add #38,r0
  ! 0c0d1888  retail d336  mov.l 0x000000000c0d1964,r3      ours d337  mov.l 0x000000000c0d1968,r3
    0c0d188a  retail 0ed6  mov.l r13,@(r0,r14)              ours 0ed6  mov.l r13,@(r0,r14)
    0c0d188c  retail 84e2  mov.b @(2,r14),r0                ours 84e2  mov.b @(2,r14),r0
    ...
    0c0d1898  retail 7101  add #1,r1                        ours 7101  add #1,r1
    0c0d189a  retail 0215  mov.w r1,@(r0,r2)                ours 0215  mov.w r1,@(r0,r2)
  ! 0c0d189c  retail 904d  mov.w 0x000000000c0d193a,r0      ours 904f  mov.w 0x000000000c0d193e,r0
    0c0d189e  retail 06ec  mov.b @(r0,r14),r6               ours 06ec  mov.b @(r0,r14),r6
    0c0d18a0  retail a018  bra 0x000000000c0d18d4           ours a018  bra 0x000000000c0d18d4
    0c0d18a2  retail 760d  add #13,r6                       ours 760d  add #13,r6
  ! 0c0d18a4  retail d22e  mov.l 0x000000000c0d1960,r2      ours d32f  mov.l 0x000000000c0d1964,r3
  ! 0c0d18a6  retail 420b  jsr @r2                          ours 430b  jsr @r3
    0c0d18a8  retail 64e3  mov r14,r4                       ours 64e3  mov r14,r4
  ! 0c0d18aa  retail 9045  mov.w 0x000000000c0d1938,r0      ours 9047  mov.w 0x000000000c0d193c,r0
  ! 0c0d18ac  retail e332  mov #50,r3                       ours e232  mov #50,r2
  ! 0c0d18ae  retail 0e34  mov.b r3,@(r0,r14)               ours d32e  mov.l 0x000000000c0d1968,r3
  ! 0c0d18b0  retail 700b  add #11,r0                       ours 0e24  mov.b r2,@(r0,r14)
  ! 0c0d18b2  retail 0ed5  mov.w r13,@(r0,r14)              ours 700b  add #11,r0
  ! 0c0d18b4  retail 70f2  add #-14,r0                      ours 0ed5  mov.w r13,@(r0,r14)
  ! 0c0d18b6  retail 0ed4  mov.b r13,@(r0,r14)              ours 70f2  add #-14,r0
  ! 0c0d18b8  retail 7026  add #38,r0                       ours 0ed4  mov.b r13,@(r0,r14)
  ! 0c0d18ba  retail d32a  mov.l 0x000000000c0d1964,r3      ours 7026  add #38,r0
    0c0d18bc  retail 0ed6  mov.l r13,@(r0,r14)              ours 0ed6  mov.l r13,@(r0,r14)
    0c0d18be  retail 84e2  mov.b @(2,r14),r0                ours 84e2  mov.b @(2,r14),r0
    ...
    0c0d18ca  retail 7101  add #1,r1                        ours 7101  add #1,r1
    0c0d18cc  retail 0215  mov.w r1,@(r0,r2)                ours 0215  mov.w r1,@(r0,r2)
  ! 0c0d18ce  retail 9034  mov.w 0x000000000c0d193a,r0      ours 9036  mov.w 0x000000000c0d193e,r0
    0c0d18d0  retail 06ec  mov.b @(r0,r14),r6               ours 06ec  mov.b @(r0,r14),r6
    0c0d18d2  retail 7603  add #3,r6                        ours 7603  add #3,r6
    0c0d18d4  retail 4f26  lds.l @r15+,pr                   ours 4f26  lds.l @r15+,pr
  ! 0c0d18d6  retail d224  mov.l 0x000000000c0d1968,r2      ours d325  mov.l 0x000000000c0d196c,r3
    0c0d18d8  retail 64e3  mov r14,r4                       ours 64e3  mov r14,r4
    0c0d18da  retail e515  mov #21,r5                       ours e515  mov #21,r5
    0c0d18dc  retail 6df6  mov.l @r15+,r13                  ours 6df6  mov.l @r15+,r13
  ! 0c0d18de  retail 422b  jmp @r2                          ours 432b  jmp @r3
    0c0d18e0  retail 6ef6  mov.l @r15+,r14                  ours 6ef6  mov.l @r15+,r14
    0c0d18e2  retail 2fe6  mov.l r14,@-r15                  ours 2fe6  mov.l r14,@-r15
  ! 0c0d18e4  retail 2fd6  mov.l r13,@-r15                  ours 4f22  sts.l pr,@-r15
  ! 0c0d18e6  retail 4f22  sts.l pr,@-r15                   ours 7ffc  add #-4,r15
  ! 0c0d18e8  retail d320  mov.l 0x000000000c0d196c,r3      ours d321  mov.l 0x000000000c0d1970,r3
    0c0d18ea  retail 430b  jsr @r3                          ours 430b  jsr @r3
    0c0d18ec  retail 6e43  mov r4,r14                       ours 6e43  mov r4,r14
  ! 0c0d18ee  retail 9025  mov.w 0x000000000c0d193c,r0      ours 9027  mov.w 0x000000000c0d1940,r0
    0c0d18f0  retail 00ec  mov.b @(r0,r14),r0               ours 00ec  mov.b @(r0,r14),r0
    0c0d18f2  retail 8802  cmp/eq #2,r0                     ours 8802  cmp/eq #2,r0
  ! 0c0d18f4  retail 8b1a  bf 0x000000000c0d192c            ours 8b1c  bf 0x000000000c0d1930
  ! 0c0d18f6  retail 9021  mov.w 0x000000000c0d193c,r0      ours 9023  mov.w 0x000000000c0d1940,r0
  ! 0c0d18f8  retail ed00  mov #0,r13                       ours e400  mov #0,r4
    0c0d18fa  retail e310  mov #16,r3                       ours e310  mov #16,r3
  ! 0c0d18fc  retail 0ed4  mov.b r13,@(r0,r14)              ours 2f42  mov.l r4,@r15
  ! 0c0d18fe  retail 901e  mov.w 0x000000000c0d193e,r0      ours 0e44  mov.b r4,@(r0,r14)
  ! 0c0d1900  retail 0ed4  mov.b r13,@(r0,r14)              ours 901f  mov.w 0x000000000c0d1942,r0
  ! 0c0d1902  retail 70ff  add #-1,r0                       ours 0e44  mov.b r4,@(r0,r14)
  ! 0c0d1904  retail 0e34  mov.b r3,@(r0,r14)               ours 70ff  add #-1,r0
  ! 0c0d1906  retail 9015  mov.w 0x000000000c0d1934,r0      ours 0e34  mov.b r3,@(r0,r14)
  ! 0c0d1908  retail 00ec  mov.b @(r0,r14),r0               ours 9016  mov.w 0x000000000c0d1938,r0
  ! 0c0d190a  retail 600c  extu.b r0,r0                     ours 00ec  mov.b @(r0,r14),r0
  ! 0c0d190c  retail 880c  cmp/eq #12,r0                    ours 600c  extu.b r0,r0
  ! 0c0d190e  retail 8f03  bf.s 0x000000000c0d1918          ours 880c  cmp/eq #12,r0
  ! 0c0d1910  retail 64e3  mov r14,r4                       ours 8f03  bf.s 0x000000000c0d191a
  ! 0c0d1912  retail e600  mov #0,r6                        ours 64e3  mov r14,r4
  ! 0c0d1914  retail a002  bra 0x000000000c0d191c           ours e600  mov #0,r6
  ! 0c0d1916  retail e501  mov #1,r5                        ours a002  bra 0x000000000c0d191e
  ! 0c0d1918  retail e600  mov #0,r6                        ours e501  mov #1,r5
  ! 0c0d191a  retail 6563  mov r6,r5                        ours e600  mov #0,r6
  ! 0c0d191c  retail d214  mov.l 0x000000000c0d1970,r2      ours 6563  mov r6,r5
  ! 0c0d191e  retail 420b  jsr @r2                          ours d215  mov.l 0x000000000c0d1974,r2
  ! 0c0d1920  retail 0009  nop                              ours 420b  jsr @r2
  ! 0c0d1922  retail 900d  mov.w 0x000000000c0d1940,r0      ours 0009  nop
  ! 0c0d1924  retail 0ed6  mov.l r13,@(r0,r14)              ours 900e  mov.w 0x000000000c0d1944,r0
  ! 0c0d1926  retail 84e6  mov.b @(6,r14),r0                ours 63f2  mov.l @r15,r3
  ! 0c0d1928  retail 7001  add #1,r0                        ours 0e36  mov.l r3,@(r0,r14)
  ! 0c0d192a  retail 80e6  mov.b r0,@(6,r14)                ours 84e6  mov.b @(6,r14),r0
  ! 0c0d192c  retail 4f26  lds.l @r15+,pr                   ours 7001  add #1,r0
  ! 0c0d192e  retail 6df6  mov.l @r15+,r13                  ours 80e6  mov.b r0,@(6,r14)
  ! 0c0d1930  retail 000b  rts                              ours 7f04  add #4,r15
  ! 0c0d1932  retail 6ef6  mov.l @r15+,r14                  ours 4f26  lds.l @r15+,pr
  ! 0c0d1934  retail 01e9  error                            ours 000b  rts
  ! 0c0d1936  retail 01f9  error                            ours 6ef6  mov.l @r15+,r14
  ! 0c0d1938  retail 01a1  error                            ours 01e9  error
  ! 0c0d193a  retail 01a3  ocbp @r1                         ours 01f9  error
  ! 0c0d193c  retail 0141  error                            ours 01a1  error
  ! 0c0d193e  retail 027b  error                            ours 01a3  ocbp @r1
  ! 0c0d1940  retail 02f4  mov.b r15,@(r0,r2)               ours 0141  error
  ! 0c0d1942  retail 0000  error                            ours 027b  error
  ! 0c0d1944  retail a39a  bra 0x000000000c0d207c           ours 02f4  mov.b r15,@(r0,r2)
  ! 0c0d1946  retail 0c02  stc sr,r12                       ours 0000  error
  ! 0c0d1948  retail 8bb0  bf 0x000000000c0d18ac            ours a39a  bra 0x000000000c0d2080
  ! 0c0d194a  retail 0c04  mov.b r0,@(r0,r12)               ours 0c02  stc sr,r12
  ! 0c0d194c  retail 0000  error                            ours 8bb0  bf 0x000000000c0d18b0
  ! 0c0d194e  retail 4180  error                            ours 0c04  mov.b r0,@(r0,r12)
    0c0d1950  retail 0000  error                            ours 0000  error
  ! 0c0d1952  retail 4100  shll r1                          ours 4180  error
    0c0d1954  retail 0000  error                            ours 0000  error
  ! 0c0d1956  retail 4280  error                            ours 4100  shll r1
  ! 0c0d1958  retail 44a0  error                            ours 0000  error
  ! 0c0d195a  retail 0c03  bsrf r12                         ours 4280  error
  ! 0c0d195c  retail 42fa  ldc r2,dbr                       ours 44a0  error
  ! 0c0d195e  retail 0c04  mov.b r0,@(r0,r12)               ours 0c03  bsrf r12
  ! 0c0d1960  retail febe  fmac fr0,fr11,fr14               ours 42fa  ldc r2,dbr
  ! 0c0d1962  retail 0c0c  mov.b @(r0,r0),r12               ours 0c04  mov.b r0,@(r0,r12)
  ! 0c0d1964  retail 83f8  error                            ours febe  fmac fr0,fr11,fr14
  ! 0c0d1966  retail 0c2f  mac.l @r2+,@r12+                 ours 0c0c  mov.b @(r0,r0),r12
  ! 0c0d1968  retail a0c4  bra 0x000000000c0d1af4           ours 83f8  error
  ! 0c0d196a  retail 0c02  stc sr,r12                       ours 0c2f  mac.l @r2+,@r12+
  ! 0c0d196c  retail a026  bra 0x000000000c0d19bc           ours a0c4  bra 0x000000000c0d1af8
    0c0d196e  retail 0c02  stc sr,r12                       ours 0c02  stc sr,r12
  ! 0c0d1970  retail 2414  mov.b r1,@-r4                    ours a026  bra 0x000000000c0d19c0
  ! 0c0d1972  retail 0c16  mov.l r1,@(r0,r12)               ours 0c02  stc sr,r12
PROBLEM Not an exact section match: P
PROBLEM Linked image contains extra or missing initialized bytes
PROBLEM Linked image contains extra or missing memory bytes
DIFFERS
