P 0x0c0d1974 1132 bytes: 0/1132 equal, linked 1124 at 0x0c0d1974
  _func_0c0d1974 0x0c0d1974 66 bytes: 60/66 equal
  _func_0c0d19b6 0x0c0d19b6 52 bytes: 48/52 equal
  _func_0c0d19ea 0x0c0d19ea 36 bytes: 2/36 equal
  _func_0c0d1a0e 0x0c0d1a0e 162 bytes: 8/162 equal
  _func_0c0d1ade 0x0c0d1ade 168 bytes: 15/168 equal
  _func_0c0d1b86 0x0c0d1b86 18 bytes: 0/18 equal
  _func_0c0d1bc0 0x0c0d1bc0 78 bytes: 5/78 equal
  _func_0c0d1c0e 0x0c0d1c0e 62 bytes: 8/62 equal
  _func_0c0d1c4c 0x0c0d1c4c 94 bytes: 3/94 equal
  _func_0c0d1cd0 0x0c0d1cd0 110 bytes: 25/110 equal
  _func_0c0d1d3e 0x0c0d1d3e 100 bytes: 2/100 equal
  _func_0c0d1da2 0x0c0d1da2 18 bytes: 0/18 equal
  pool 0x0c0d1a66 46 bytes: 8/46 equal
  pool 0x0c0d1b98 40 bytes: 6/40 equal
  pool 0x0c0d1caa 38 bytes: 6/38 equal
  pool 0x0c0d1db4 44 bytes: 0/44 equal
  (P did not link at its address with its size; nothing to compare)
PROBLEM Wrong exported symbol address: _func_0c0d1a0e
PROBLEM Wrong exported symbol address: _func_0c0d1ade
PROBLEM Wrong exported symbol address: _func_0c0d1b86
PROBLEM Wrong exported symbol address: _func_0c0d1bc0
PROBLEM Wrong exported symbol address: _func_0c0d1c0e
PROBLEM Wrong exported symbol address: _func_0c0d1c4c
PROBLEM Wrong exported symbol address: _func_0c0d1cd0
PROBLEM Wrong exported symbol address: _func_0c0d1d3e
PROBLEM Wrong exported symbol address: _func_0c0d1da2
PROBLEM Not an exact section match: P
PROBLEM Linked image contains extra or missing initialized bytes
PROBLEM Linked image contains extra or missing memory bytes
DIFFERS
