P 0x0c0d1974 1132 bytes: 1132/1132 equal, linked 1132 at 0x0c0d1974
  _func_0c0d1974 0x0c0d1974 66 bytes: 66/66 equal
  _func_0c0d19b6 0x0c0d19b6 52 bytes: 52/52 equal
  _func_0c0d19ea 0x0c0d19ea 36 bytes: 36/36 equal
  _func_0c0d1a0e 0x0c0d1a0e 162 bytes: 162/162 equal
  _func_0c0d1ade 0x0c0d1ade 168 bytes: 168/168 equal
  _func_0c0d1b86 0x0c0d1b86 18 bytes: 18/18 equal
  _func_0c0d1bc0 0x0c0d1bc0 78 bytes: 78/78 equal
  _func_0c0d1c0e 0x0c0d1c0e 62 bytes: 62/62 equal
  _func_0c0d1c4c 0x0c0d1c4c 94 bytes: 94/94 equal
  _func_0c0d1cd0 0x0c0d1cd0 110 bytes: 110/110 equal
  _func_0c0d1d3e 0x0c0d1d3e 100 bytes: 100/100 equal
  _func_0c0d1da2 0x0c0d1da2 18 bytes: 18/18 equal
  pool 0x0c0d1a66 46 bytes: 46/46 equal
  pool 0x0c0d1b98 40 bytes: 40/40 equal
  pool 0x0c0d1caa 38 bytes: 38/38 equal
  pool 0x0c0d1db4 44 bytes: 44/44 equal
EXACT
RELEASED ptrtab_15 Cn0d1a84 to tu_0c0d1974
RELEASED bulk_047 Cn0d1a6e to tu_0c0d1974
RELEASED bulk_047 Cn0d1a74 to tu_0c0d1974
RELEASED bulk_047 Cn0d1b98 to tu_0c0d1974
RELEASED bulk_047 Cn0d1cac to tu_0c0d1974
RELEASED bulk_047 Cn0d1cb8 to tu_0c0d1974
RELEASED bulk_047 Cn0d1db6 to tu_0c0d1974
RELEASED bulk_047 Cn0d1dc4 to tu_0c0d1974
RELEASED rest_041 Cn0b0a66 to tu_0c0d1974
RELEASED rest_041 Cn0b0a70 to tu_0c0d1974
RELEASED rest_041 Cn0b0a88 to tu_0c0d1974
RELEASED rest_041 Cn0b0bbc to tu_0c0d1974
RELEASED rest_041 Cn0b0caa to tu_0c0d1974
RELEASED rest_041 Cn0b0cb0 to tu_0c0d1974
RELEASED rest_041 Cn0b0cc8 to tu_0c0d1974
RELEASED rest_041 Cn0b0db4 to tu_0c0d1974
RELEASED rest_041 Cn0b0dbc to tu_0c0d1974
RELEASED rest_041 Cn0b0dd4 to tu_0c0d1974
REGISTERED tu_0c0d1974 as verified (1929 units)
