P 0x0c0dc820 328 bytes: 322/328 equal, linked 328 at 0x0c0dc820
  _func_0c0dc820 0x0c0dc820 278 bytes: 272/278 equal
  pool 0x0c0dc936 50 bytes: 50/50 equal
    0c0dc82c  retail c745  mova 0x000000000c0dc944,r0       ours c745  mova 0x000000000c0dc944,r0
    0c0dc82e  retail dd46  mov.l 0x000000000c0dc948,r13     ours dd46  mov.l 0x000000000c0dc948,r13
  ! 0c0dc830  retail f508  fmov @r0,fr5                     ours f408  fmov @r0,fr4
    0c0dc832  retail e501  mov #1,r5                        ours e501  mov #1,r5
    0c0dc834  retail 907f  mov.w 0x000000000c0dc936,r0      ours 907f  mov.w 0x000000000c0dc936,r0
    ...
    0c0dc880  retail fe37  fmov fr3,@(r0,r14)               ours fe37  fmov fr3,@(r0,r14)
    0c0dc882  retail e06c  mov #108,r0                      ours e06c  mov #108,r0
  ! 0c0dc884  retail fe57  fmov fr5,@(r0,r14)               ours fe47  fmov fr4,@(r0,r14)
    0c0dc886  retail a011  bra 0x000000000c0dc8ac           ours a011  bra 0x000000000c0dc8ac
    0c0dc888  retail e604  mov #4,r6                        ours e604  mov #4,r6
    0c0dc88a  retail c734  mova 0x000000000c0dc95c,r0       ours c734  mova 0x000000000c0dc95c,r0
  ! 0c0dc88c  retail f408  fmov @r0,fr4                     ours f508  fmov @r0,fr5
    0c0dc88e  retail 9052  mov.w 0x000000000c0dc936,r0      ours 9052  mov.w 0x000000000c0dc936,r0
    0c0dc890  retail 03ec  mov.b @(r0,r14),r3               ours 03ec  mov.b @(r0,r14),r3
    ...
    0c0dc8a0  retail 0e44  mov.b r4,@(r0,r14)               ours 0e44  mov.b r4,@(r0,r14)
    0c0dc8a2  retail e060  mov #96,r0                       ours e060  mov #96,r0
  ! 0c0dc8a4  retail fe47  fmov fr4,@(r0,r14)               ours fe57  fmov fr5,@(r0,r14)
    0c0dc8a6  retail 9049  mov.w 0x000000000c0dc93c,r0      ours 9049  mov.w 0x000000000c0dc93c,r0
    0c0dc8a8  retail 06ec  mov.b @(r0,r14),r6               ours 06ec  mov.b @(r0,r14),r6
    ...
    0c0dc91c  retail fe37  fmov fr3,@(r0,r14)               ours fe37  fmov fr3,@(r0,r14)
    0c0dc91e  retail e060  mov #96,r0                       ours e060  mov #96,r0
  ! 0c0dc920  retail fe47  fmov fr4,@(r0,r14)               ours fe57  fmov fr5,@(r0,r14)
    0c0dc922  retail e06c  mov #108,r0                      ours e06c  mov #108,r0
    0c0dc924  retail e515  mov #21,r5                       ours e515  mov #21,r5
  ! 0c0dc926  retail fe57  fmov fr5,@(r0,r14)               ours fe47  fmov fr4,@(r0,r14)
    0c0dc928  retail e61f  mov #31,r6                       ours e61f  mov #31,r6
    0c0dc92a  retail 4d0b  jsr @r13                         ours 4d0b  jsr @r13
PROBLEM Not an exact section match: P
DIFFERS
