P 0x0c0dcbb8 392 bytes: 374/392 equal, linked 392 at 0x0c0dcbb8
  _func_0c0dcbb8 0x0c0dcbb8 170 bytes: 163/170 equal
  _func_0c0dcc62 0x0c0dcc62 118 bytes: 107/118 equal
  _func_0c0dccd8 0x0c0dccd8 34 bytes: 34/34 equal
  pool 0x0c0dccfa 70 bytes: 70/70 equal
    0c0dcbe2  retail 908b  mov.w 0x000000000c0dccfc,r0      ours 908b  mov.w 0x000000000c0dccfc,r0
    0c0dcbe4  retail e508  mov #8,r5                        ours e508  mov #8,r5
  ! 0c0dcbe6  retail d34b  mov.l 0x000000000c0dcd14,r3      ours 02ee  mov.l @(r0,r14),r2
  ! 0c0dcbe8  retail 02ee  mov.l @(r0,r14),r2               ours 2228  tst r2,r2
  ! 0c0dcbea  retail 2228  tst r2,r2                        ours d24a  mov.l 0x000000000c0dcd14,r2
  ! 0c0dcbec  retail 430b  jsr @r3                          ours 420b  jsr @r2
    0c0dcbee  retail 64e3  mov r14,r4                       ours 64e3  mov r14,r4
    0c0dcbf0  retail e05c  mov #92,r0                       ours e05c  mov #92,r0
    ...
    0c0dcc7a  retail 02ee  mov.l @(r0,r14),r2               ours 02ee  mov.l @(r0,r14),r2
    0c0dcc7c  retail 2228  tst r2,r2                        ours 2228  tst r2,r2
  ! 0c0dcc7e  retail 8f02  bf.s 0x000000000c0dcc86          ours 8d02  bt.s 0x000000000c0dcc86
    0c0dcc80  retail 64e3  mov r14,r4                       ours 64e3  mov r14,r4
    0c0dcc82  retail a001  bra 0x000000000c0dcc88           ours a001  bra 0x000000000c0dcc88
  ! 0c0dcc84  retail e500  mov #0,r5                        ours e506  mov #6,r5
  ! 0c0dcc86  retail e506  mov #6,r5                        ours e500  mov #0,r5
  ! 0c0dcc88  retail d329  mov.l 0x000000000c0dcd30,r3      ours d229  mov.l 0x000000000c0dcd30,r2
  ! 0c0dcc8a  retail 430b  jsr @r3                          ours 420b  jsr @r2
    0c0dcc8c  retail 0009  nop                              ours 0009  nop
  ! 0c0dcc8e  retail d229  mov.l 0x000000000c0dcd34,r2      ours d329  mov.l 0x000000000c0dcd34,r3
    0c0dcc90  retail e51e  mov #30,r5                       ours e51e  mov #30,r5
  ! 0c0dcc92  retail 420b  jsr @r2                          ours 430b  jsr @r3
    0c0dcc94  retail 64e3  mov r14,r4                       ours 64e3  mov r14,r4
    0c0dcc96  retail 9036  mov.w 0x000000000c0dcd06,r0      ours 9036  mov.w 0x000000000c0dcd06,r0
  ! 0c0dcc98  retail e300  mov #0,r3                        ours e200  mov #0,r2
  ! 0c0dcc9a  retail e210  mov #16,r2                       ours e310  mov #16,r3
  ! 0c0dcc9c  retail 0e34  mov.b r3,@(r0,r14)               ours 0e24  mov.b r2,@(r0,r14)
    0c0dcc9e  retail 70ff  add #-1,r0                       ours 70ff  add #-1,r0
  ! 0c0dcca0  retail 0e24  mov.b r2,@(r0,r14)               ours 0e34  mov.b r3,@(r0,r14)
    0c0dcca2  retail 85ee  mov.w @(28,r14),r0               ours 85ee  mov.w @(28,r14),r0
    0c0dcca4  retail 70ff  add #-1,r0                       ours 70ff  add #-1,r0
PROBLEM Not an exact section match: P
DIFFERS
