P 0x0c0e6d2c 776 bytes: 772/776 equal, linked 776 at 0x0c0e6d2c
  _func_0c0e6d2c 0x0c0e6d2c 142 bytes: 142/142 equal
  _func_0c0e6dba 0x0c0e6dba 38 bytes: 38/38 equal
  _func_0c0e6de0 0x0c0e6de0 18 bytes: 18/18 equal
  _func_0c0e6df2 0x0c0e6df2 118 bytes: 118/118 equal
  _func_0c0e6e68 0x0c0e6e68 106 bytes: 106/106 equal
  _func_0c0e6efe 0x0c0e6efe 100 bytes: 96/100 equal
  _func_0c0e6f62 0x0c0e6f62 18 bytes: 18/18 equal
  _func_0c0e6f74 0x0c0e6f74 128 bytes: 128/128 equal
  pool 0x0c0e6e88 44 bytes: 44/44 equal
  pool 0x0c0e6ff4 64 bytes: 64/64 equal
    0c0e6f28  retail 432b  jmp @r3                          ours 432b  jmp @r3
    0c0e6f2a  retail 6ef6  mov.l @r15+,r14                  ours 6ef6  mov.l @r15+,r14
  ! 0c0e6f2c  retail d33a  mov.l 0x000000000c0e7018,r3      ours d23a  mov.l 0x000000000c0e7018,r2
  ! 0c0e6f2e  retail 430b  jsr @r3                          ours 420b  jsr @r2
    0c0e6f30  retail 64e3  mov r14,r4                       ours 64e3  mov r14,r4
    0c0e6f32  retail 600e  exts.b r0,r0                     ours 600e  exts.b r0,r0
    0c0e6f34  retail 4011  cmp/pz r0                        ours 4011  cmp/pz r0
    0c0e6f36  retail 8911  bt 0x000000000c0e6f5c            ours 8911  bt 0x000000000c0e6f5c
  ! 0c0e6f38  retail d338  mov.l 0x000000000c0e701c,r3      ours d238  mov.l 0x000000000c0e701c,r2
    0c0e6f3a  retail e500  mov #0,r5                        ours e500  mov #0,r5
  ! 0c0e6f3c  retail 430b  jsr @r3                          ours 420b  jsr @r2
    0c0e6f3e  retail 64e3  mov r14,r4                       ours 64e3  mov r14,r4
    0c0e6f40  retail e05c  mov #92,r0                       ours e05c  mov #92,r0
PROBLEM Not an exact section match: P
DIFFERS
