P 0x0c0e9c50 1052 bytes: 1050/1052 equal, linked 1052 at 0x0c0e9c50
  _func_0c0e9c50 0x0c0e9c50 212 bytes: 212/212 equal
  _func_0c0e9d24 0x0c0e9d24 18 bytes: 18/18 equal
  _func_0c0e9d36 0x0c0e9d36 96 bytes: 96/96 equal
  _func_0c0e9dd0 0x0c0e9dd0 104 bytes: 104/104 equal
  _func_0c0e9e38 0x0c0e9e38 46 bytes: 46/46 equal
  _func_0c0e9e66 0x0c0e9e66 18 bytes: 18/18 equal
  _func_0c0e9e78 0x0c0e9e78 104 bytes: 104/104 equal
  _func_0c0e9f06 0x0c0e9f06 106 bytes: 106/106 equal
  _func_0c0e9f70 0x0c0e9f70 46 bytes: 46/46 equal
  _func_0c0e9f9e 0x0c0e9f9e 18 bytes: 18/18 equal
  _func_0c0e9fb0 0x0c0e9fb0 20 bytes: 20/20 equal
  _func_0c0e9fc4 0x0c0e9fc4 56 bytes: 56/56 equal
  _func_0c0e9ffc 0x0c0e9ffc 54 bytes: 54/54 equal
  _func_0c0ea032 0x0c0ea032 18 bytes: 18/18 equal
  pool 0x0c0e9d72 58 bytes: 58/58 equal
  pool 0x0c0e9eda 38 bytes: 36/38 equal
  pool 0x0c0ea044 40 bytes: 40/40 equal
    0c0e9ee2  retail c17d  mov.w r0,@(250,gbr)              ours c17d  mov.w r0,@(250,gbr)
    0c0e9ee4  retail 0000  error                            ours 0000  error
  ! 0c0e9ee6  retail bea0  bsr 0x000000000c0e9c2a           ours 3ea0  cmp/eq r10,r14
    0c0e9ee8  retail 0000  error                            ours 0000  error
  ! 0c0e9eea  retail 3ea0  cmp/eq r10,r14                   ours bea0  bsr 0x000000000c0e9c2e
    0c0e9eec  retail a026  bra 0x000000000c0e9f3c           ours a026  bra 0x000000000c0e9f3c
    0c0e9eee  retail 0c02  stc sr,r12                       ours 0c02  stc sr,r12
PROBLEM Not an exact section match: P
DIFFERS
