P 0x0c0eb30c 316 bytes: 156/316 equal, linked 320 at 0x0c0eb30c
  _func_0c0eb30c 0x0c0eb30c 260 bytes: 144/260 equal
  pool 0x0c0eb410 56 bytes: 12/56 equal
    0c0eb30e  retail 2fd6  mov.l r13,@-r15                  ours 2fd6  mov.l r13,@-r15
    0c0eb310  retail 2fc6  mov.l r12,@-r15                  ours 2fc6  mov.l r12,@-r15
  ! 0c0eb312  retail 4f22  sts.l pr,@-r15                   ours 2fb6  mov.l r11,@-r15
  ! 0c0eb314  retail 7ff4  add #-12,r15                     ours 4f22  sts.l pr,@-r15
  ! 0c0eb316  retail 907b  mov.w 0x000000000c0eb410,r0      ours 7ff4  add #-12,r15
  ! 0c0eb318  retail 6e43  mov r4,r14                       ours 907b  mov.w 0x000000000c0eb412,r0
  ! 0c0eb31a  retail e402  mov #2,r4                        ours 6e43  mov r4,r14
  ! 0c0eb31c  retail 0e44  mov.b r4,@(r0,r14)               ours e402  mov #2,r4
  ! 0c0eb31e  retail e305  mov #5,r3                        ours 0e44  mov.b r4,@(r0,r14)
  ! 0c0eb320  retail 9077  mov.w 0x000000000c0eb412,r0      ours e305  mov #5,r3
  ! 0c0eb322  retail e201  mov #1,r2                        ours 9077  mov.w 0x000000000c0eb414,r0
  ! 0c0eb324  retail 0e34  mov.b r3,@(r0,r14)               ours eb01  mov #1,r11
  ! 0c0eb326  retail 9075  mov.w 0x000000000c0eb414,r0      ours 0e34  mov.b r3,@(r0,r14)
  ! 0c0eb328  retail d33e  mov.l 0x000000000c0eb424,r3      ours 9075  mov.w 0x000000000c0eb416,r0
  ! 0c0eb32a  retail 0e24  mov.b r2,@(r0,r14)               ours d33f  mov.l 0x000000000c0eb428,r3
  ! 0c0eb32c  retail 7003  add #3,r0                        ours 0eb4  mov.b r11,@(r0,r14)
  ! 0c0eb32e  retail 0e44  mov.b r4,@(r0,r14)               ours 7003  add #3,r0
  ! 0c0eb330  retail 7008  add #8,r0                        ours 0e44  mov.b r4,@(r0,r14)
  ! 0c0eb332  retail 0e44  mov.b r4,@(r0,r14)               ours 7008  add #8,r0
  ! 0c0eb334  retail 430b  jsr @r3                          ours 0e44  mov.b r4,@(r0,r14)
  ! 0c0eb336  retail 64e3  mov r14,r4                       ours 430b  jsr @r3
  ! 0c0eb338  retail 906d  mov.w 0x000000000c0eb416,r0      ours 64e3  mov r14,r4
  ! 0c0eb33a  retail 02ec  mov.b @(r0,r14),r2               ours 906d  mov.w 0x000000000c0eb418,r0
  ! 0c0eb33c  retail 2228  tst r2,r2                        ours 02ec  mov.b @(r0,r14),r2
  ! 0c0eb33e  retail 8961  bt 0x000000000c0eb404            ours 2228  tst r2,r2
  ! 0c0eb340  retail 02ec  mov.b @(r0,r14),r2               ours 8960  bt 0x000000000c0eb404
  ! 0c0eb342  retail 4215  cmp/pl r2                        ours 03ec  mov.b @(r0,r14),r3
  ! 0c0eb344  retail 8f38  bf.s 0x000000000c0eb3b8          ours 33b3  cmp/ge r11,r3
  ! 0c0eb346  retail ed00  mov #0,r13                       ours 8f37  bf.s 0x000000000c0eb3b8
  ! 0c0eb348  retail 84e6  mov.b @(6,r14),r0                ours ed00  mov #0,r13
  ! 0c0eb34a  retail e301  mov #1,r3                        ours 84e6  mov.b @(6,r14),r0
    0c0eb34c  retail e600  mov #0,r6                        ours e600  mov #0,r6
  ! 0c0eb34e  retail 7001  add #1,r0                        ours d337  mov.l 0x000000000c0eb42c,r3
    0c0eb350  retail 6563  mov r6,r5                        ours 6563  mov r6,r5
  ! 0c0eb352  retail 80e6  mov.b r0,@(6,r14)                ours 7001  add #1,r0
  ! 0c0eb354  retail 9060  mov.w 0x000000000c0eb418,r0      ours 80e6  mov.b r0,@(6,r14)
  ! 0c0eb356  retail 0ed4  mov.b r13,@(r0,r14)              ours 9060  mov.w 0x000000000c0eb41a,r0
  ! 0c0eb358  retail 70ff  add #-1,r0                       ours 0ed4  mov.b r13,@(r0,r14)
  ! 0c0eb35a  retail 0ed4  mov.b r13,@(r0,r14)              ours 70ff  add #-1,r0
  ! 0c0eb35c  retail 905d  mov.w 0x000000000c0eb41a,r0      ours 0ed4  mov.b r13,@(r0,r14)
  ! 0c0eb35e  retail 0ed4  mov.b r13,@(r0,r14)              ours 905d  mov.w 0x000000000c0eb41c,r0
  ! 0c0eb360  retail 7001  add #1,r0                        ours 0ed4  mov.b r13,@(r0,r14)
  ! 0c0eb362  retail 0ed4  mov.b r13,@(r0,r14)              ours 7001  add #1,r0
  ! 0c0eb364  retail 9057  mov.w 0x000000000c0eb416,r0      ours 0ed4  mov.b r13,@(r0,r14)
  ! 0c0eb366  retail 0ed4  mov.b r13,@(r0,r14)              ours 9057  mov.w 0x000000000c0eb418,r0
  ! 0c0eb368  retail 9058  mov.w 0x000000000c0eb41c,r0      ours 0ed4  mov.b r13,@(r0,r14)
  ! 0c0eb36a  retail 0cee  mov.l @(r0,r14),r12              ours 9058  mov.w 0x000000000c0eb41e,r0
  ! 0c0eb36c  retail 70ec  add #-20,r0                      ours 0cee  mov.l @(r0,r14),r12
  ! 0c0eb36e  retail 0ce6  mov.l r14,@(r0,r12)              ours 70ec  add #-20,r0
  ! 0c0eb370  retail 7042  add #66,r0                       ours 0ce6  mov.l r14,@(r0,r12)
  ! 0c0eb372  retail 0c34  mov.b r3,@(r0,r12)               ours 7042  add #66,r0
  ! 0c0eb374  retail 7003  add #3,r0                        ours 0cb4  mov.b r11,@(r0,r12)
  ! 0c0eb376  retail d32c  mov.l 0x000000000c0eb428,r3      ours 7003  add #3,r0
    0c0eb378  retail 0cd4  mov.b r13,@(r0,r12)              ours 0cd4  mov.b r13,@(r0,r12)
    0c0eb37a  retail 430b  jsr @r3                          ours 430b  jsr @r3
    0c0eb37c  retail 64e3  mov r14,r4                       ours 64e3  mov r14,r4
  ! 0c0eb37e  retail 904e  mov.w 0x000000000c0eb41e,r0      ours 904f  mov.w 0x000000000c0eb420,r0
    0c0eb380  retail e222  mov #34,r2                       ours e222  mov #34,r2
    0c0eb382  retail f48d  fldi0 fr4                        ours f48d  fldi0 fr4
    ...
    0c0eb38a  retail e06c  mov #108,r0                      ours e06c  mov #108,r0
    0c0eb38c  retail fe47  fmov fr4,@(r0,r14)               ours fe47  fmov fr4,@(r0,r14)
  ! 0c0eb38e  retail c727  mova 0x000000000c0eb42c,r0       ours c728  mova 0x000000000c0eb430,r0
    0c0eb390  retail f308  fmov @r0,fr3                     ours f308  fmov @r0,fr3
    0c0eb392  retail e060  mov #96,r0                       ours e060  mov #96,r0
    0c0eb394  retail fe37  fmov fr3,@(r0,r14)               ours fe37  fmov fr3,@(r0,r14)
  ! 0c0eb396  retail c726  mova 0x000000000c0eb430,r0       ours c727  mova 0x000000000c0eb434,r0
    0c0eb398  retail f308  fmov @r0,fr3                     ours f308  fmov @r0,fr3
    0c0eb39a  retail e06c  mov #108,r0                      ours e06c  mov #108,r0
    0c0eb39c  retail fe37  fmov fr3,@(r0,r14)               ours fe37  fmov fr3,@(r0,r14)
  ! 0c0eb39e  retail c725  mova 0x000000000c0eb434,r0       ours c726  mova 0x000000000c0eb438,r0
    0c0eb3a0  retail f308  fmov @r0,fr3                     ours f308  fmov @r0,fr3
    0c0eb3a2  retail e05c  mov #92,r0                       ours e05c  mov #92,r0
    0c0eb3a4  retail fe37  fmov fr3,@(r0,r14)               ours fe37  fmov fr3,@(r0,r14)
  ! 0c0eb3a6  retail 903b  mov.w 0x000000000c0eb420,r0      ours 903c  mov.w 0x000000000c0eb422,r0
    0c0eb3a8  retail 03ec  mov.b @(r0,r14),r3               ours 03ec  mov.b @(r0,r14),r3
    0c0eb3aa  retail 2338  tst r3,r3                        ours 2338  tst r3,r3
    ...
    0c0eb3b8  retail 0ed4  mov.b r13,@(r0,r14)              ours 0ed4  mov.b r13,@(r0,r14)
    0c0eb3ba  retail e327  mov #39,r3                       ours e327  mov #39,r3
  ! 0c0eb3bc  retail 902e  mov.w 0x000000000c0eb41c,r0      ours 902f  mov.w 0x000000000c0eb41e,r0
    0c0eb3be  retail 0dee  mov.l @(r0,r14),r13              ours 0dee  mov.l @(r0,r14),r13
    0c0eb3c0  retail 70ec  add #-20,r0                      ours 70ec  add #-20,r0
    ...
    0c0eb3c4  retail 70ed  add #-19,r0                      ours 70ed  add #-19,r0
    0c0eb3c6  retail 0d34  mov.b r3,@(r0,r13)               ours 0d34  mov.b r3,@(r0,r13)
  ! 0c0eb3c8  retail c71b  mova 0x000000000c0eb438,r0       ours c71c  mova 0x000000000c0eb43c,r0
    0c0eb3ca  retail f308  fmov @r0,fr3                     ours f308  fmov @r0,fr3
    0c0eb3cc  retail e034  mov #52,r0                       ours e034  mov #52,r0
    0c0eb3ce  retail f2e6  fmov @(r0,r14),fr2               ours f2e6  fmov @(r0,r14),fr2
  ! 0c0eb3d0  retail 9026  mov.w 0x000000000c0eb420,r0      ours 9027  mov.w 0x000000000c0eb422,r0
    0c0eb3d2  retail f230  fadd fr3,fr2                     ours f230  fadd fr3,fr2
    0c0eb3d4  retail ff2a  fmov fr2,@r15                    ours ff2a  fmov fr2,@r15
    ...
    0c0eb3d8  retail 2338  tst r3,r3                        ours 2338  tst r3,r3
    0c0eb3da  retail 8b05  bf 0x000000000c0eb3e8            ours 8b05  bf 0x000000000c0eb3e8
  ! 0c0eb3dc  retail c717  mova 0x000000000c0eb43c,r0       ours c718  mova 0x000000000c0eb440,r0
    0c0eb3de  retail f208  fmov @r0,fr2                     ours f208  fmov @r0,fr2
    0c0eb3e0  retail e034  mov #52,r0                       ours e034  mov #52,r0
    ...
    0c0eb3e6  retail ff1a  fmov fr1,@r15                    ours ff1a  fmov fr1,@r15
    0c0eb3e8  retail e038  mov #56,r0                       ours e038  mov #56,r0
  ! 0c0eb3ea  retail d315  mov.l 0x000000000c0eb440,r3      ours d316  mov.l 0x000000000c0eb444,r3
    0c0eb3ec  retail f3e6  fmov @(r0,r14),fr3               ours f3e6  fmov @(r0,r14),fr3
    0c0eb3ee  retail e004  mov #4,r0                        ours e004  mov #4,r0
    ...
    0c0eb3f2  retail ff37  fmov fr3,@(r0,r15)               ours ff37  fmov fr3,@(r0,r15)
    0c0eb3f4  retail e601  mov #1,r6                        ours e601  mov #1,r6
  ! 0c0eb3f6  retail 9014  mov.w 0x000000000c0eb422,r0      ours 9015  mov.w 0x000000000c0eb424,r0
    0c0eb3f8  retail 05dd  mov.w @(r0,r13),r5               ours 05dd  mov.w @(r0,r13),r5
    0c0eb3fa  retail 430b  jsr @r3                          ours 430b  jsr @r3
    0c0eb3fc  retail 64f3  mov r15,r4                       ours 64f3  mov r15,r4
  ! 0c0eb3fe  retail d211  mov.l 0x000000000c0eb444,r2      ours d212  mov.l 0x000000000c0eb448,r2
    0c0eb400  retail 420b  jsr @r2                          ours 420b  jsr @r2
    0c0eb402  retail 64e3  mov r14,r4                       ours 64e3  mov r14,r4
    0c0eb404  retail 7f0c  add #12,r15                      ours 7f0c  add #12,r15
    0c0eb406  retail 4f26  lds.l @r15+,pr                   ours 4f26  lds.l @r15+,pr
  ! 0c0eb408  retail 6cf6  mov.l @r15+,r12                  ours 6bf6  mov.l @r15+,r11
  ! 0c0eb40a  retail 6df6  mov.l @r15+,r13                  ours 6cf6  mov.l @r15+,r12
  ! 0c0eb40c  retail 000b  rts                              ours 6df6  mov.l @r15+,r13
  ! 0c0eb40e  retail 6ef6  mov.l @r15+,r14                  ours 000b  rts
  ! 0c0eb410  retail 03f8  error                            ours 6ef6  mov.l @r15+,r14
  ! 0c0eb412  retail 0328  error                            ours 03f8  error
  ! 0c0eb414  retail 01ea  error                            ours 0328  error
  ! 0c0eb416  retail 0141  error                            ours 01ea  error
  ! 0c0eb418  retail 03f9  error                            ours 0141  error
  ! 0c0eb41a  retail 0327  mul.l r2,r3                      ours 03f9  error
  ! 0c0eb41c  retail 01c8  error                            ours 0327  mul.l r2,r3
  ! 0c0eb41e  retail 01a1  error                            ours 01c8  error
  ! 0c0eb420  retail 01d2  stc r5_bank,r1                   ours 01a1  error
  ! 0c0eb422  retail 0130  error                            ours 01d2  stc r5_bank,r1
  ! 0c0eb424  retail a026  bra 0x000000000c0eb474           ours 0130  error
  ! 0c0eb426  retail 0c02  stc sr,r12                       ours 0000  error
  ! 0c0eb428  retail 5900  mov.l @(0,r0),r9                 ours a026  bra 0x000000000c0eb478
    0c0eb42a  retail 0c02  stc sr,r12                       ours 0c02  stc sr,r12
  ! 0c0eb42c  retail 2492  mov.l r9,@r4                     ours 5900  mov.l @(0,r0),r9
  ! 0c0eb42e  retail 4189  error                            ours 0c02  stc sr,r12
  ! 0c0eb430  retail b6db  bsr 0x000000000c0ec1ea           ours 2492  mov.l r9,@r4
  ! 0c0eb432  retail becd  bsr 0x000000000c0eb1d0           ours 4189  error
  ! 0c0eb434  retail 0000  error                            ours b6db  bsr 0x000000000c0ec1ee
  ! 0c0eb436  retail 3fa0  cmp/eq r10,r15                   ours becd  bsr 0x000000000c0eb1d4
  ! 0c0eb438  retail 5555  mov.l @(20,r5),r5                ours 0000  error
  ! 0c0eb43a  retail c305  trapa #5                         ours 3fa0  cmp/eq r10,r15
    0c0eb43c  retail 5555  mov.l @(20,r5),r5                ours 5555  mov.l @(20,r5),r5
  ! 0c0eb43e  retail 4305  rotr r3                          ours c305  trapa #5
  ! 0c0eb440  retail e916  mov #22,r9                       ours 5555  mov.l @(20,r5),r5
  ! 0c0eb442  retail 0c1c  mov.b @(r0,r1),r12               ours 4305  rotr r3
  ! 0c0eb444  retail 489c  shad r9,r8                       ours e916  mov #22,r9
  ! 0c0eb446  retail 0c03  bsrf r12                         ours 0c1c  mov.b @(r0,r1),r12
PROBLEM Not an exact section match: P
PROBLEM Linked image contains extra or missing initialized bytes
PROBLEM Linked image contains extra or missing memory bytes
DIFFERS
