P 0x0c0f8250 872 bytes: 859/872 equal, linked 872 at 0x0c0f8250
  _func_0c0f8250 0x0c0f8250 28 bytes: 18/28 equal
  _func_0c0f826c 0x0c0f826c 142 bytes: 142/142 equal
  _func_0c0f82fa 0x0c0f82fa 80 bytes: 80/80 equal
  _func_0c0f8380 0x0c0f8380 80 bytes: 80/80 equal
  _func_0c0f83d0 0x0c0f83d0 70 bytes: 70/70 equal
  _func_0c0f8416 0x0c0f8416 78 bytes: 78/78 equal
  _func_0c0f8464 0x0c0f8464 78 bytes: 78/78 equal
  _func_0c0f84e0 0x0c0f84e0 56 bytes: 56/56 equal
  _func_0c0f8518 0x0c0f8518 64 bytes: 64/64 equal
  _func_0c0f8558 0x0c0f8558 56 bytes: 53/56 equal
  pool 0x0c0f834a 54 bytes: 54/54 equal
  pool 0x0c0f8482 46 bytes: 46/46 equal
  pool 0x0c0f8590 40 bytes: 40/40 equal
    0c0f8250  retail 907b  mov.w 0x000000000c0f834a,r0      ours 907b  mov.w 0x000000000c0f834a,r0
  ! 0c0f8252  retail e570  mov #112,r5                      ours e670  mov #112,r6
    0c0f8254  retail d73e  mov.l 0x000000000c0f8350,r7      ours d73e  mov.l 0x000000000c0f8350,r7
  ! 0c0f8256  retail 064e  mov.l @(r0,r4),r6                ours e500  mov #0,r5
  ! 0c0f8258  retail e400  mov #0,r4                        ours 044e  mov.l @(r0,r4),r4
  ! 0c0f825a  retail 6043  mov r4,r0                        ours 6053  mov r5,r0
    0c0f825c  retail 0009  nop                              ours 0009  nop
  ! 0c0f825e  retail 7404  add #4,r4                        ours 7504  add #4,r5
    0c0f8260  retail 037e  mov.l @(r0,r7),r3                ours 037e  mov.l @(r0,r7),r3
  ! 0c0f8262  retail 3452  cmp/hs r5,r4                     ours 3562  cmp/hs r6,r5
    0c0f8264  retail 8ff9  bf.s 0x000000000c0f825a          ours 8ff9  bf.s 0x000000000c0f825a
  ! 0c0f8266  retail 0636  mov.l r3,@(r0,r6)                ours 0436  mov.l r3,@(r0,r4)
    0c0f8268  retail 000b  rts                              ours 000b  rts
    0c0f826a  retail 0009  nop                              ours 0009  nop
    ...
    0c0f857e  retail 6ef6  mov.l @r15+,r14                  ours 6ef6  mov.l @r15+,r14
    0c0f8580  retail 900a  mov.w 0x000000000c0f8598,r0      ours 900a  mov.w 0x000000000c0f8598,r0
  ! 0c0f8582  retail e301  mov #1,r3                        ours e401  mov #1,r4
  ! 0c0f8584  retail 0e34  mov.b r3,@(r0,r14)               ours 0e44  mov.b r4,@(r0,r14)
  ! 0c0f8586  retail 6033  mov r3,r0                        ours 6043  mov r4,r0
    0c0f8588  retail 0009  nop                              ours 0009  nop
    0c0f858a  retail 4f26  lds.l @r15+,pr                   ours 4f26  lds.l @r15+,pr
PROBLEM Not an exact section match: P
DIFFERS
