P 0x0c0f9de4 668 bytes: 647/668 equal, linked 668 at 0x0c0f9de4
  _func_0c0f9de4 0x0c0f9de4 110 bytes: 110/110 equal
  _func_0c0f9e52 0x0c0f9e52 40 bytes: 40/40 equal
  _func_0c0f9e7a 0x0c0f9e7a 212 bytes: 212/212 equal
  _func_0c0f9f82 0x0c0f9f82 110 bytes: 110/110 equal
  _func_0c0f9ff0 0x0c0f9ff0 94 bytes: 77/94 equal
  pool 0x0c0f9f14 52 bytes: 52/52 equal
  pool 0x0c0fa04e 50 bytes: 46/50 equal
    0c0fa01a  retail 0e14  mov.b r1,@(r0,r14)               ours 0e14  mov.b r1,@(r0,r14)
    0c0fa01c  retail 9021  mov.w 0x000000000c0fa062,r0      ours 9021  mov.w 0x000000000c0fa062,r0
  ! 0c0fa01e  retail e3ff  mov #-1,r3                       ours e50f  mov #15,r5
    0c0fa020  retail 911d  mov.w 0x000000000c0fa05e,r1      ours 911d  mov.w 0x000000000c0fa05e,r1
  ! 0c0fa022  retail e50f  mov #15,r5                       ours 04ee  mov.l @(r0,r14),r4
  ! 0c0fa024  retail 04ee  mov.l @(r0,r14),r4               ours 700a  add #10,r0
  ! 0c0fa026  retail 700a  add #10,r0                       ours 00ec  mov.b @(r0,r14),r0
  ! 0c0fa028  retail 00ec  mov.b @(r0,r14),r0               ours 921a  mov.w 0x000000000c0fa060,r2
  ! 0c0fa02a  retail 9219  mov.w 0x000000000c0fa060,r2      ours 314c  add r4,r1
  ! 0c0fa02c  retail 314c  add r4,r1                        ours 600c  extu.b r0,r0
  ! 0c0fa02e  retail 600c  extu.b r0,r0                     ours 9319  mov.w 0x000000000c0fa064,r3
    0c0fa030  retail 324c  add r4,r2                        ours 324c  add r4,r2
    0c0fa032  retail 64e3  mov r14,r4                       ours 64e3  mov r14,r4
    ...
    0c0fa03a  retail e000  mov #0,r0                        ours e000  mov #0,r0
    0c0fa03c  retail 80e6  mov.b r0,@(6,r14)                ours 80e6  mov.b r0,@(6,r14)
  ! 0c0fa03e  retail 9011  mov.w 0x000000000c0fa064,r0      ours 9012  mov.w 0x000000000c0fa066,r0
    0c0fa040  retail 0e34  mov.b r3,@(r0,r14)               ours 0e34  mov.b r3,@(r0,r14)
    0c0fa042  retail 900a  mov.w 0x000000000c0fa05a,r0      ours 900a  mov.w 0x000000000c0fa05a,r0
    ...
    0c0fa060  retail 01d2  stc r5_bank,r1                   ours 01d2  stc r5_bank,r1
    0c0fa062  retail 01c8  error                            ours 01c8  error
  ! 0c0fa064  retail 02aa  error                            ours 00ff  mac.l @r15+,@r0+
  ! 0c0fa066  retail 0000  error                            ours 02aa  error
    0c0fa068  retail 0000  error                            ours 0000  error
    0c0fa06a  retail 42b4  error                            ours 42b4  error
PROBLEM Not an exact section match: P
DIFFERS
