P 0x0c0fd368 1024 bytes: 1024/1024 equal, linked 1024 at 0x0c0fd368
  _func_0c0fd368 0x0c0fd368 20 bytes: 20/20 equal
  _func_0c0fd37c 0x0c0fd37c 14 bytes: 14/14 equal
  _func_0c0fd38a 0x0c0fd38a 124 bytes: 124/124 equal
  _func_0c0fd406 0x0c0fd406 170 bytes: 170/170 equal
  _func_0c0fd4d6 0x0c0fd4d6 34 bytes: 34/34 equal
  _func_0c0fd4f8 0x0c0fd4f8 34 bytes: 34/34 equal
  _func_0c0fd51a 0x0c0fd51a 34 bytes: 34/34 equal
  _func_0c0fd53c 0x0c0fd53c 22 bytes: 22/22 equal
  _func_0c0fd552 0x0c0fd552 64 bytes: 64/64 equal
  _func_0c0fd592 0x0c0fd592 34 bytes: 34/34 equal
  _func_0c0fd5e0 0x0c0fd5e0 34 bytes: 34/34 equal
  _func_0c0fd602 0x0c0fd602 196 bytes: 196/196 equal
  _func_0c0fd6c6 0x0c0fd6c6 18 bytes: 18/18 equal
  _func_0c0fd6d8 0x0c0fd6d8 88 bytes: 88/88 equal
  pool 0x0c0fd472 38 bytes: 38/38 equal
  pool 0x0c0fd5b4 44 bytes: 44/44 equal
  pool 0x0c0fd730 56 bytes: 56/56 equal
EXACT
RELEASED ptrtab_19 Cn0fd5bc to tu_0c0fd368
RELEASED ptrtab_19 Cn0fd5dc to tu_0c0fd368
RELEASED ptrtab_19 Cn0fd738 to tu_0c0fd368
RELEASED bulk_057 Cn0fd47c to tu_0c0fd368
RELEASED bulk_057 Cn0fd5c0 to tu_0c0fd368
RELEASED bulk_057 Cn0fd734 to tu_0c0fd368
RELEASED bulk_057 Cn0fd744 to tu_0c0fd368
RELEASED bulk_057 Cn0fd764 to tu_0c0fd368
RELEASED rest_055 Cn0dc472 to tu_0c0fd368
RELEASED rest_055 Cn0dc490 to tu_0c0fd368
RELEASED rest_055 Cn0dc5b4 to tu_0c0fd368
RELEASED rest_055 Cn0dc730 to tu_0c0fd368
RELEASED rest_055 Cn0dc740 to tu_0c0fd368
REGISTERED tu_0c0fd368 as verified (1941 units)
