P 0x0c0fd368 1024 bytes: 1015/1024 equal, linked 1024 at 0x0c0fd368
  _func_0c0fd368 0x0c0fd368 20 bytes: 20/20 equal
  _func_0c0fd37c 0x0c0fd37c 14 bytes: 14/14 equal
  _func_0c0fd38a 0x0c0fd38a 124 bytes: 118/124 equal
  _func_0c0fd406 0x0c0fd406 170 bytes: 167/170 equal
  _func_0c0fd4d6 0x0c0fd4d6 34 bytes: 34/34 equal
  _func_0c0fd4f8 0x0c0fd4f8 34 bytes: 34/34 equal
  _func_0c0fd51a 0x0c0fd51a 34 bytes: 34/34 equal
  _func_0c0fd53c 0x0c0fd53c 22 bytes: 22/22 equal
  _func_0c0fd552 0x0c0fd552 64 bytes: 64/64 equal
  _func_0c0fd592 0x0c0fd592 34 bytes: 34/34 equal
  _func_0c0fd5e0 0x0c0fd5e0 34 bytes: 34/34 equal
  _func_0c0fd602 0x0c0fd602 196 bytes: 196/196 equal
  _func_0c0fd6c6 0x0c0fd6c6 18 bytes: 18/18 equal
  _func_0c0fd6d8 0x0c0fd6d8 88 bytes: 88/88 equal
  pool 0x0c0fd472 38 bytes: 38/38 equal
  pool 0x0c0fd5b4 44 bytes: 44/44 equal
  pool 0x0c0fd730 56 bytes: 56/56 equal
    0c0fd3d4  retail 8b0b  bf 0x000000000c0fd3ee            ours 8b0b  bf 0x000000000c0fd3ee
    0c0fd3d6  retail 904e  mov.w 0x000000000c0fd476,r0      ours 904e  mov.w 0x000000000c0fd476,r0
  ! 0c0fd3d8  retail 01ec  mov.b @(r0,r14),r1               ours 03ec  mov.b @(r0,r14),r3
  ! 0c0fd3da  retail 2118  tst r1,r1                        ours 2338  tst r3,r3
    0c0fd3dc  retail 8b03  bf 0x000000000c0fd3e6            ours 8b03  bf 0x000000000c0fd3e6
    0c0fd3de  retail 4f26  lds.l @r15+,pr                   ours 4f26  lds.l @r15+,pr
    ...
    0c0fd3ec  retail 6ef6  mov.l @r15+,r14                  ours 6ef6  mov.l @r15+,r14
    0c0fd3ee  retail 9042  mov.w 0x000000000c0fd476,r0      ours 9042  mov.w 0x000000000c0fd476,r0
  ! 0c0fd3f0  retail 02ec  mov.b @(r0,r14),r2               ours 03ec  mov.b @(r0,r14),r3
  ! 0c0fd3f2  retail 2228  tst r2,r2                        ours 2338  tst r3,r3
    0c0fd3f4  retail 8b03  bf 0x000000000c0fd3fe            ours 8b03  bf 0x000000000c0fd3fe
    0c0fd3f6  retail 4f26  lds.l @r15+,pr                   ours 4f26  lds.l @r15+,pr
    ...
    0c0fd496  retail 0c03  bsrf r12                         ours 0c03  bsrf r12
    0c0fd498  retail 908c  mov.w 0x000000000c0fd5b4,r0      ours 908c  mov.w 0x000000000c0fd5b4,r0
  ! 0c0fd49a  retail 02ec  mov.b @(r0,r14),r2               ours 03ec  mov.b @(r0,r14),r3
  ! 0c0fd49c  retail 2228  tst r2,r2                        ours 2338  tst r3,r3
    0c0fd49e  retail 8917  bt 0x000000000c0fd4d0            ours 8917  bt 0x000000000c0fd4d0
    0c0fd4a0  retail 0e44  mov.b r4,@(r0,r14)               ours 0e44  mov.b r4,@(r0,r14)
PROBLEM Not an exact section match: P
DIFFERS
