P 0x0c0fee24 360 bytes: 309/360 equal, linked 652 at 0x0c0fee24
  _func_0c0fee24 0x0c0fee24 22 bytes: 22/22 equal
  _func_0c0fee3a 0x0c0fee3a 276 bytes: 225/276 equal
  pool 0x0c0fef4e 62 bytes: 62/62 equal
    0c0fee44  retail 7ffc  add #-4,r15                      ours 7ffc  add #-4,r15
    0c0fee46  retail 9083  mov.w 0x000000000c0fef50,r0      ours 9083  mov.w 0x000000000c0fef50,r0
  ! 0c0fee48  retail 6e43  mov r4,r14                       ours 6d43  mov r4,r13
    0c0fee4a  retail ec02  mov #2,r12                       ours ec02  mov #2,r12
    0c0fee4c  retail 2f52  mov.l r5,@r15                    ours 2f52  mov.l r5,@r15
  ! 0c0fee4e  retail 0ec4  mov.b r12,@(r0,r14)              ours 0dc4  mov.b r12,@(r0,r13)
    0c0fee50  retail e305  mov #5,r3                        ours e305  mov #5,r3
    0c0fee52  retail 907e  mov.w 0x000000000c0fef52,r0      ours 907e  mov.w 0x000000000c0fef52,r0
    0c0fee54  retail e15c  mov #92,r1                       ours e15c  mov #92,r1
  ! 0c0fee56  retail 31ec  add r14,r1                       ours 31dc  add r13,r1
  ! 0c0fee58  retail 0e34  mov.b r3,@(r0,r14)               ours 0d34  mov.b r3,@(r0,r13)
    0c0fee5a  retail 907b  mov.w 0x000000000c0fef54,r0      ours 907b  mov.w 0x000000000c0fef54,r0
  ! 0c0fee5c  retail 0ec4  mov.b r12,@(r0,r14)              ours 0dc4  mov.b r12,@(r0,r13)
    0c0fee5e  retail e034  mov #52,r0                       ours e034  mov #52,r0
    0c0fee60  retail f318  fmov @r1,fr3                     ours f318  fmov @r1,fr3
    0c0fee62  retail e168  mov #104,r1                      ours e168  mov #104,r1
  ! 0c0fee64  retail f2e6  fmov @(r0,r14),fr2               ours f2d6  fmov @(r0,r13),fr2
  ! 0c0fee66  retail 31ec  add r14,r1                       ours 31dc  add r13,r1
    0c0fee68  retail f230  fadd fr3,fr2                     ours f230  fadd fr3,fr2
  ! 0c0fee6a  retail fe27  fmov fr2,@(r0,r14)               ours fd27  fmov fr2,@(r0,r13)
    0c0fee6c  retail e05c  mov #92,r0                       ours e05c  mov #92,r0
  ! 0c0fee6e  retail f2e6  fmov @(r0,r14),fr2               ours f2d6  fmov @(r0,r13),fr2
    0c0fee70  retail f318  fmov @r1,fr3                     ours f318  fmov @r1,fr3
    0c0fee72  retail e160  mov #96,r1                       ours e160  mov #96,r1
  ! 0c0fee74  retail 31ec  add r14,r1                       ours 31dc  add r13,r1
    0c0fee76  retail f230  fadd fr3,fr2                     ours f230  fadd fr3,fr2
  ! 0c0fee78  retail fe27  fmov fr2,@(r0,r14)               ours fd27  fmov fr2,@(r0,r13)
    0c0fee7a  retail e038  mov #56,r0                       ours e038  mov #56,r0
  ! 0c0fee7c  retail f2e6  fmov @(r0,r14),fr2               ours f2d6  fmov @(r0,r13),fr2
    0c0fee7e  retail f318  fmov @r1,fr3                     ours f318  fmov @r1,fr3
    0c0fee80  retail f230  fadd fr3,fr2                     ours f230  fadd fr3,fr2
  ! 0c0fee82  retail fe27  fmov fr2,@(r0,r14)               ours fd27  fmov fr2,@(r0,r13)
    0c0fee84  retail e060  mov #96,r0                       ours e060  mov #96,r0
    0c0fee86  retail e16c  mov #108,r1                      ours e16c  mov #108,r1
  ! 0c0fee88  retail f2e6  fmov @(r0,r14),fr2               ours f2d6  fmov @(r0,r13),fr2
  ! 0c0fee8a  retail 31ec  add r14,r1                       ours 31dc  add r13,r1
    0c0fee8c  retail d336  mov.l 0x000000000c0fef68,r3      ours d336  mov.l 0x000000000c0fef68,r3
    0c0fee8e  retail f318  fmov @r1,fr3                     ours f318  fmov @r1,fr3
    0c0fee90  retail f230  fadd fr3,fr2                     ours f230  fadd fr3,fr2
  ! 0c0fee92  retail fe27  fmov fr2,@(r0,r14)               ours fd27  fmov fr2,@(r0,r13)
    0c0fee94  retail 430b  jsr @r3                          ours 430b  jsr @r3
  ! 0c0fee96  retail 64e3  mov r14,r4                       ours 64d3  mov r13,r4
    0c0fee98  retail 905d  mov.w 0x000000000c0fef56,r0      ours 905d  mov.w 0x000000000c0fef56,r0
    0c0fee9a  retail ff8d  fldi0 fr15                       ours ff8d  fldi0 fr15
  ! 0c0fee9c  retail 02ec  mov.b @(r0,r14),r2               ours 02dc  mov.b @(r0,r13),r2
    0c0fee9e  retail 2228  tst r2,r2                        ours 2228  tst r2,r2
    0c0feea0  retail 8d19  bt.s 0x000000000c0feed6          ours 8d19  bt.s 0x000000000c0feed6
  ! 0c0feea2  retail ed00  mov #0,r13                       ours ee00  mov #0,r14
  ! 0c0feea4  retail 0ed4  mov.b r13,@(r0,r14)              ours 0de4  mov.b r14,@(r0,r13)
    0c0feea6  retail 9057  mov.w 0x000000000c0fef58,r0      ours 9057  mov.w 0x000000000c0fef58,r0
  ! 0c0feea8  retail 0ec4  mov.b r12,@(r0,r14)              ours 0dc4  mov.b r12,@(r0,r13)
    0c0feeaa  retail c730  mova 0x000000000c0fef6c,r0       ours c730  mova 0x000000000c0fef6c,r0
    0c0feeac  retail f308  fmov @r0,fr3                     ours f308  fmov @r0,fr3
    0c0feeae  retail e05c  mov #92,r0                       ours e05c  mov #92,r0
  ! 0c0feeb0  retail fe37  fmov fr3,@(r0,r14)               ours fd37  fmov fr3,@(r0,r13)
    0c0feeb2  retail 9052  mov.w 0x000000000c0fef5a,r0      ours 9052  mov.w 0x000000000c0fef5a,r0
  ! 0c0feeb4  retail 03ec  mov.b @(r0,r14),r3               ours 03dc  mov.b @(r0,r13),r3
    0c0feeb6  retail 2338  tst r3,r3                        ours 2338  tst r3,r3
    0c0feeb8  retail 8903  bt 0x000000000c0feec2            ours 8903  bt 0x000000000c0feec2
    0c0feeba  retail e05c  mov #92,r0                       ours e05c  mov #92,r0
  ! 0c0feebc  retail f3e6  fmov @(r0,r14),fr3               ours f3d6  fmov @(r0,r13),fr3
    0c0feebe  retail f34d  fneg fr3                         ours f34d  fneg fr3
  ! 0c0feec0  retail fe37  fmov fr3,@(r0,r14)               ours fd37  fmov fr3,@(r0,r13)
    0c0feec2  retail e068  mov #104,r0                      ours e068  mov #104,r0
  ! 0c0feec4  retail fef7  fmov fr15,@(r0,r14)              ours fdf7  fmov fr15,@(r0,r13)
    0c0feec6  retail c72a  mova 0x000000000c0fef70,r0       ours c72a  mova 0x000000000c0fef70,r0
    0c0feec8  retail f308  fmov @r0,fr3                     ours f308  fmov @r0,fr3
    0c0feeca  retail e060  mov #96,r0                       ours e060  mov #96,r0
  ! 0c0feecc  retail fe37  fmov fr3,@(r0,r14)               ours fd37  fmov fr3,@(r0,r13)
    0c0feece  retail c729  mova 0x000000000c0fef74,r0       ours c729  mova 0x000000000c0fef74,r0
    0c0feed0  retail f308  fmov @r0,fr3                     ours f308  fmov @r0,fr3
    0c0feed2  retail e06c  mov #108,r0                      ours e06c  mov #108,r0
  ! 0c0feed4  retail fe37  fmov fr3,@(r0,r14)               ours fd37  fmov fr3,@(r0,r13)
    0c0feed6  retail 9041  mov.w 0x000000000c0fef5c,r0      ours 9041  mov.w 0x000000000c0fef5c,r0
  ! 0c0feed8  retail 03ec  mov.b @(r0,r14),r3               ours 03dc  mov.b @(r0,r13),r3
    0c0feeda  retail 2338  tst r3,r3                        ours 2338  tst r3,r3
    0c0feedc  retail 8b01  bf 0x000000000c0feee2            ours 8b01  bf 0x000000000c0feee2
    ...
    0c0feee2  retail d325  mov.l 0x000000000c0fef78,r3      ours d325  mov.l 0x000000000c0fef78,r3
    0c0feee4  retail 430b  jsr @r3                          ours 430b  jsr @r3
  ! 0c0feee6  retail 64e3  mov r14,r4                       ours 64d3  mov r13,r4
    0c0feee8  retail 2008  tst r0,r0                        ours 2008  tst r0,r0
    0c0feeea  retail 8b4f  bf 0x000000000c0fef8c            ours 8b4f  bf 0x000000000c0fef8c
    0c0feeec  retail 9037  mov.w 0x000000000c0fef5e,r0      ours 9037  mov.w 0x000000000c0fef5e,r0
  ! 0c0feeee  retail 0ed4  mov.b r13,@(r0,r14)              ours 0de4  mov.b r14,@(r0,r13)
    0c0feef0  retail 70ff  add #-1,r0                       ours 70ff  add #-1,r0
  ! 0c0feef2  retail 0ed4  mov.b r13,@(r0,r14)              ours 0de4  mov.b r14,@(r0,r13)
    0c0feef4  retail 9034  mov.w 0x000000000c0fef60,r0      ours 9034  mov.w 0x000000000c0fef60,r0
  ! 0c0feef6  retail 0ed4  mov.b r13,@(r0,r14)              ours 0de4  mov.b r14,@(r0,r13)
    0c0feef8  retail 7001  add #1,r0                        ours 7001  add #1,r0
  ! 0c0feefa  retail 0ed4  mov.b r13,@(r0,r14)              ours 0de4  mov.b r14,@(r0,r13)
  ! 0c0feefc  retail 84e6  mov.b @(6,r14),r0                ours 84d6  mov.b @(6,r13),r0
    0c0feefe  retail 7001  add #1,r0                        ours 7001  add #1,r0
  ! 0c0fef00  retail 80e6  mov.b r0,@(6,r14)                ours 80d6  mov.b r0,@(6,r13)
    0c0fef02  retail e001  mov #1,r0                        ours e001  mov #1,r0
  ! 0c0fef04  retail 80e7  mov.b r0,@(7,r14)                ours 80d7  mov.b r0,@(7,r13)
    0c0fef06  retail c71d  mova 0x000000000c0fef7c,r0       ours c71d  mova 0x000000000c0fef7c,r0
    0c0fef08  retail f308  fmov @r0,fr3                     ours f308  fmov @r0,fr3
    0c0fef0a  retail e05c  mov #92,r0                       ours e05c  mov #92,r0
  ! 0c0fef0c  retail fe37  fmov fr3,@(r0,r14)               ours fd37  fmov fr3,@(r0,r13)
    0c0fef0e  retail 9024  mov.w 0x000000000c0fef5a,r0      ours 9024  mov.w 0x000000000c0fef5a,r0
  ! 0c0fef10  retail 03ec  mov.b @(r0,r14),r3               ours 03dc  mov.b @(r0,r13),r3
    0c0fef12  retail 2338  tst r3,r3                        ours 2338  tst r3,r3
    0c0fef14  retail 8903  bt 0x000000000c0fef1e            ours 8903  bt 0x000000000c0fef1e
    0c0fef16  retail e05c  mov #92,r0                       ours e05c  mov #92,r0
  ! 0c0fef18  retail f3e6  fmov @(r0,r14),fr3               ours f3d6  fmov @(r0,r13),fr3
    0c0fef1a  retail f34d  fneg fr3                         ours f34d  fneg fr3
  ! 0c0fef1c  retail fe37  fmov fr3,@(r0,r14)               ours fd37  fmov fr3,@(r0,r13)
    0c0fef1e  retail e068  mov #104,r0                      ours e068  mov #104,r0
  ! 0c0fef20  retail 64e3  mov r14,r4                       ours 64d3  mov r13,r4
  ! 0c0fef22  retail fef7  fmov fr15,@(r0,r14)              ours fdf7  fmov fr15,@(r0,r13)
    0c0fef24  retail c716  mova 0x000000000c0fef80,r0       ours c716  mova 0x000000000c0fef80,r0
    0c0fef26  retail f308  fmov @r0,fr3                     ours f308  fmov @r0,fr3
    0c0fef28  retail e060  mov #96,r0                       ours e060  mov #96,r0
    0c0fef2a  retail e501  mov #1,r5                        ours e501  mov #1,r5
  ! 0c0fef2c  retail fe37  fmov fr3,@(r0,r14)               ours fd37  fmov fr3,@(r0,r13)
    0c0fef2e  retail c715  mova 0x000000000c0fef84,r0       ours c715  mova 0x000000000c0fef84,r0
    0c0fef30  retail f308  fmov @r0,fr3                     ours f308  fmov @r0,fr3
    0c0fef32  retail e06c  mov #108,r0                      ours e06c  mov #108,r0
    0c0fef34  retail e602  mov #2,r6                        ours e602  mov #2,r6
  ! 0c0fef36  retail fe37  fmov fr3,@(r0,r14)               ours fd37  fmov fr3,@(r0,r13)
    0c0fef38  retail e70d  mov #13,r7                       ours e70d  mov #13,r7
    0c0fef3a  retail 900d  mov.w 0x000000000c0fef58,r0      ours 900d  mov.w 0x000000000c0fef58,r0
  ! 0c0fef3c  retail 0ec4  mov.b r12,@(r0,r14)              ours 0dc4  mov.b r12,@(r0,r13)
    0c0fef3e  retail 7f04  add #4,r15                       ours 7f04  add #4,r15
    0c0fef40  retail 4f26  lds.l @r15+,pr                   ours 4f26  lds.l @r15+,pr
PROBLEM Not an exact section match: P
PROBLEM Linked image contains extra or missing initialized bytes
PROBLEM Linked image contains extra or missing memory bytes
DIFFERS
