P 0x0c0ff0b0 284 bytes: 263/284 equal, linked 284 at 0x0c0ff0b0
  _func_0c0ff0b0 0x0c0ff0b0 242 bytes: 221/242 equal
  pool 0x0c0ff1a2 42 bytes: 42/42 equal
    0c0ff0ee  retail 890b  bt 0x000000000c0ff108            ours 890b  bt 0x000000000c0ff108
    0c0ff0f0  retail 905a  mov.w 0x000000000c0ff1a8,r0      ours 905a  mov.w 0x000000000c0ff1a8,r0
  ! 0c0ff0f2  retail 64f2  mov.l @r15,r4                    ours 63f2  mov.l @r15,r3
  ! 0c0ff0f4  retail 03ee  mov.l @(r0,r14),r3               ours 01ee  mov.l @(r0,r14),r1
  ! 0c0ff0f6  retail 5442  mov.l @(8,r4),r4                 ours 5232  mov.l @(8,r3),r2
  ! 0c0ff0f8  retail 3340  cmp/eq r4,r3                     ours 3120  cmp/eq r2,r1
    0c0ff0fa  retail 8905  bt 0x000000000c0ff108            ours 8905  bt 0x000000000c0ff108
  ! 0c0ff0fc  retail d12e  mov.l 0x000000000c0ff1b8,r1      ours d32e  mov.l 0x000000000c0ff1b8,r3
  ! 0c0ff0fe  retail 410b  jsr @r1                          ours 430b  jsr @r3
    0c0ff100  retail 0009  nop                              ours 0009  nop
  ! 0c0ff102  retail d32e  mov.l 0x000000000c0ff1bc,r3      ours d22e  mov.l 0x000000000c0ff1bc,r2
  ! 0c0ff104  retail 430b  jsr @r3                          ours 420b  jsr @r2
    0c0ff106  retail 64e3  mov r14,r4                       ours 64e3  mov r14,r4
    0c0ff108  retail 904f  mov.w 0x000000000c0ff1aa,r0      ours 904f  mov.w 0x000000000c0ff1aa,r0
  ! 0c0ff10a  retail 02ec  mov.b @(r0,r14),r2               ours 03ec  mov.b @(r0,r14),r3
  ! 0c0ff10c  retail 2228  tst r2,r2                        ours 2338  tst r3,r3
    0c0ff10e  retail 8d15  bt.s 0x000000000c0ff13c          ours 8d15  bt.s 0x000000000c0ff13c
    0c0ff110  retail e400  mov #0,r4                        ours e400  mov #0,r4
    ...
    0c0ff176  retail f34d  fneg fr3                         ours f34d  fneg fr3
    0c0ff178  retail fe37  fmov fr3,@(r0,r14)               ours fe37  fmov fr3,@(r0,r14)
  ! 0c0ff17a  retail 64f2  mov.l @r15,r4                    ours 63f2  mov.l @r15,r3
    0c0ff17c  retail e034  mov #52,r0                       ours e034  mov #52,r0
  ! 0c0ff17e  retail d312  mov.l 0x000000000c0ff1c8,r3      ours e500  mov #0,r5
  ! 0c0ff180  retail e500  mov #0,r5                        ours 5232  mov.l @(8,r3),r2
  ! 0c0ff182  retail 5442  mov.l @(8,r4),r4                 ours d311  mov.l 0x000000000c0ff1c8,r3
  ! 0c0ff184  retail f346  fmov @(r0,r4),fr3                ours f326  fmov @(r0,r2),fr3
    0c0ff186  retail fe37  fmov fr3,@(r0,r14)               ours fe37  fmov fr3,@(r0,r14)
    0c0ff188  retail 430b  jsr @r3                          ours 430b  jsr @r3
PROBLEM Not an exact section match: P
DIFFERS
