STRICT False ['Not an exact section match: P', 'Linked image contains extra or missing initialized bytes', 'Linked image contains extra or missing memory bytes']
[(184, 0)]
[('_func_0c1c2550', 6, 170)]
0c1c2550 9353 mov.w 0x000000000c1c25fa,r3         | 9351 mov.w 0x000000000c1c25f6,r3
0c1c2552 5546 mov.l @(24,r4),r5                   | 2fe6 mov.l r14,@-r15
0c1c2554 8447 mov.b @(7,r4),r0                    | 5546 mov.l @(24,r4),r5
0c1c2556 335c add r5,r3                           | 8447 mov.b @(7,r4),r0
0c1c2558 6330 mov.b @r3,r3                        | 335c add r5,r3
0c1c255a 3030 cmp/eq r3,r0                        | 6330 mov.b @r3,r3
0c1c255c 8b46 bf 0x000000000c1c25ec               | 3030 cmp/eq r3,r0
0c1c255e 904c mov.w 0x000000000c1c25fa,r0         | 8b42 bf 0x000000000c1c25e6
0c1c2560 005c mov.b @(r0,r5),r0                   | 9049 mov.w 0x000000000c1c25f6,r0
0c1c2562 8047 mov.b r0,@(7,r4)                    | 005c mov.b @(r0,r5),r0
0c1c2564 600c extu.b r0,r0                        | 8047 mov.b r0,@(7,r4)
0c1c2566 2008 tst r0,r0                           | 8447 mov.b @(7,r4),r0
0c1c2568 8940 bt 0x000000000c1c25ec               | 2008 tst r0,r0
0c1c256a 6350 mov.b @r5,r3                        | 893c bt 0x000000000c1c25e6
0c1c256c 2338 tst r3,r3                           | 6350 mov.b @r5,r3
0c1c256e 8b3d bf 0x000000000c1c25ec               | 2338 tst r3,r3
0c1c2570 9044 mov.w 0x000000000c1c25fc,r0         | 8b39 bf 0x000000000c1c25e6
0c1c2572 e200 mov #0,r2                           | 9041 mov.w 0x000000000c1c25f8,r0
0c1c2574 e701 mov #1,r7                           | e200 mov #0,r2
0c1c2576 d322 mov.l 0x000000000c1c2600,r3         | e701 mov #1,r7
0c1c2578 0424 mov.b r2,@(r0,r4)                   | d320 mov.l 0x000000000c1c25fc,r3
0c1c257a 8452 mov.b @(2,r5),r0                    | 0424 mov.b r2,@(r0,r4)
0c1c257c 6632 mov.l @r3,r6                        | 8452 mov.b @(2,r5),r0
0c1c257e 600c extu.b r0,r0                        | 6632 mov.l @r3,r6
0c1c2580 207a xor r7,r0                           | 600c extu.b r0,r0
0c1c2582 6163 mov r6,r1                           | 9e3a mov.w 0x000000000c1c25fa,r14
0c1c2584 6203 mov r0,r2                           | 207a xor r7,r0
0c1c2586 4000 shll r0                             | 6203 mov r0,r2
0c1c2588 302c add r2,r0                           | 4000 shll r0
0c1c258a 7118 add #24,r1                          | 302c add r2,r0
0c1c258e 021e mov.l @(r0,r1),r2                   | 7618 add #24,r6
0c1c2590 9035 mov.w 0x000000000c1c25fe,r0         | 006e mov.l @(r0,r6),r0
0c1c2592 012c mov.b @(r0,r2),r1                   | 01ec mov.b @(r0,r14),r1
0c1c2594 2118 tst r1,r1                           | 611c extu.b r1,r1
0c1c2596 8b2e bf 0x000000000c1c25f6               | 2118 tst r1,r1
0c1c2598 8452 mov.b @(2,r5),r0                    | 8b2b bf 0x000000000c1c25f2
0c1c259a 6263 mov r6,r2                           | 8452 mov.b @(2,r5),r0
0c1c259c 7218 add #24,r2                          | 600c extu.b r0,r0
0c1c259e 600c extu.b r0,r0                        | 207a xor r7,r0
0c1c25a0 207a xor r7,r0                           | 6303 mov r0,r3
0c1c25a2 6303 mov r0,r3                           | 4000 shll r0
0c1c25a4 4000 shll r0                             | 303c add r3,r0
0c1c25a6 303c add r3,r0                           | 4008 shll2 r0
0c1c25a8 4008 shll2 r0                            | 306c add r6,r0
0c1c25aa 302c add r2,r0                           | 5001 mov.l @(4,r0),r0
0c1c25ac 5301 mov.l @(4,r0),r3                    | 02ec mov.b @(r0,r14),r2
0c1c25ae 9026 mov.w 0x000000000c1c25fe,r0         | 622c extu.b r2,r2
0c1c25b0 023c mov.b @(r0,r3),r2                   | 2228 tst r2,r2
0c1c25b2 2228 tst r2,r2                           | 8b1e bf 0x000000000c1c25f2
0c1c25b4 8b1f bf 0x000000000c1c25f6               | 8452 mov.b @(2,r5),r0
0c1c25b6 8452 mov.b @(2,r5),r0                    | 600c extu.b r0,r0
0c1c25b8 6263 mov r6,r2                           | 207a xor r7,r0
0c1c25ba 7218 add #24,r2                          | 6303 mov r0,r3
0c1c25bc 600c extu.b r0,r0                        | 4000 shll r0
0c1c25be 207a xor r7,r0                           | 303c add r3,r0
0c1c25c0 6303 mov r0,r3                           | 4008 shll2 r0
0c1c25c2 4000 shll r0                             | 306c add r6,r0
0c1c25c4 303c add r3,r0                           | 5002 mov.l @(8,r0),r0
0c1c25c6 4008 shll2 r0                            | 02ec mov.b @(r0,r14),r2
0c1c25c8 302c add r2,r0                           | 622c extu.b r2,r2
0c1c25ca 5302 mov.l @(8,r0),r3                    | 2228 tst r2,r2
0c1c25cc 9017 mov.w 0x000000000c1c25fe,r0         | 8b11 bf 0x000000000c1c25f2
0c1c25ce 023c mov.b @(r0,r3),r2                   | d30c mov.l 0x000000000c1c2600,r3
0c1c25d0 2228 tst r2,r2                           | 6131 mov.w @r3,r1
0c1c25d2 8b10 bf 0x000000000c1c25f6               | 4111 cmp/pz r1
0c1c25d4 d10b mov.l 0x000000000c1c2604,r1         | 8b01 bf 0x000000000c1c25da
0c1c25d6 6211 mov.w @r1,r2                        | 900f mov.w 0x000000000c1c25f8,r0
0c1c25d8 4211 cmp/pz r2                           | 0474 mov.b r7,@(r0,r4)
0c1c25da 8b01 bf 0x000000000c1c25e0               | 854f mov.w @(30,r4),r0
0c1c25dc 900e mov.w 0x000000000c1c25fc,r0         | 70ff add #-1,r0
0c1c25de 0474 mov.b r7,@(r0,r4)                   | 814f mov.w r0,@(30,r4)
0c1c25e0 854f mov.w @(30,r4),r0                   | 600f exts.w r0,r0
0c1c25e2 70ff add #-1,r0                          | 4015 cmp/pl r0
0c1c25e4 814f mov.w r0,@(30,r4)                   | 8905 bt 0x000000000c1c25f2
0c1c25e6 600f exts.w r0,r0                        | 9007 mov.w 0x000000000c1c25f8,r0
0c1c25e8 4015 cmp/pl r0                           | e200 mov #0,r2
0c1c25ea 8904 bt 0x000000000c1c25f6               | d306 mov.l 0x000000000c1c2604,r3
0c1c25ec d306 mov.l 0x000000000c1c2608,r3         | 0424 mov.b r2,@(r0,r4)
0c1c25ee e200 mov #0,r2                           | 432b jmp @r3
0c1c25f0 9004 mov.w 0x000000000c1c25fc,r0         | 6ef6 mov.l @r15+,r14
0c1c25f2 432b jmp @r3                             | 000b rts
0c1c25f4 0424 mov.b r2,@(r0,r4)                   | 6ef6 mov.l @r15+,r14
0c1c25f6 000b rts                                 | 0411 error
0c1c25f8 0009 nop                                 | 012c mov.b @(r0,r2),r1
0c1c25fa 0411 error                               | 0277 mul.l r7,r2
0c1c25fc 012c mov.b @(r0,r2),r1                   | 83f8 error
0c1c25fe 0277 mul.l r7,r2                         | 0c2f mac.l @r2+,@r12+
0c1c2600 83f8 error                               | 891a bt 0x000000000c1c2638
0c1c2604 891a bt 0x000000000c1c263c               | 7688 add #-120,r6
0c1c2606 0c2f mac.l @r2+,@r12+                    | 0c03 bsrf r12
