P 0x0c0c8b54 916 bytes: 0/916 equal, linked 908 at 0x0c0c8b54
  _func_0c0c8b54 0x0c0c8b54 132 bytes: 132/132 equal
  _func_0c0c8bd8 0x0c0c8bd8 46 bytes: 46/46 equal
  _func_0c0c8c06 0x0c0c8c06 34 bytes: 34/34 equal
  _func_0c0c8c28 0x0c0c8c28 18 bytes: 18/18 equal
  _func_0c0c8c3a 0x0c0c8c3a 18 bytes: 18/18 equal
  _func_0c0c8c4c 0x0c0c8c4c 186 bytes: 185/186 equal
  _func_0c0c8d3e 0x0c0c8d3e 46 bytes: 46/46 equal
  _func_0c0c8d6c 0x0c0c8d6c 34 bytes: 34/34 equal
  _func_0c0c8d8e 0x0c0c8d8e 18 bytes: 18/18 equal
  _func_0c0c8dd0 0x0c0c8dd0 132 bytes: 123/132 equal
  _func_0c0c8e54 0x0c0c8e54 48 bytes: 5/48 equal
  _func_0c0c8e84 0x0c0c8e84 34 bytes: 0/34 equal
  _func_0c0c8ea6 0x0c0c8ea6 18 bytes: 0/18 equal
  pool 0x0c0c8c88 56 bytes: 56/56 equal
  pool 0x0c0c8da0 48 bytes: 48/48 equal
  pool 0x0c0c8eb8 48 bytes: 0/48 equal
  (P did not link at its address with its size; nothing to compare)
PROBLEM Wrong exported symbol address: _func_0c0c8e84
PROBLEM Wrong exported symbol address: _func_0c0c8ea6
PROBLEM Not an exact section match: P
PROBLEM Linked image contains extra or missing initialized bytes
PROBLEM Linked image contains extra or missing memory bytes
DIFFERS
