STRICT False ['Wrong exported symbol address: _func_0c0af6a4', 'Not an exact section match: P', 'Linked image contains extra or missing initialized bytes', 'Linked image contains extra or missing memory bytes']
[(1172, 864)]
[('_func_0c0af33c', 34, 34), ('_func_0c0af35e', 18, 18), ('_func_0c0af370', 136, 136), ('_func_0c0af3f8', 18, 18), ('_func_0c0af40a', 69, 82), ('_func_0c0af490', 421, 436), ('_func_0c0af6a4', 16, 274)]
0c0af416 9326 mov.w 0x000000000c0af466,r3         | 9226 mov.w 0x000000000c0af466,r2
0c0af418 024d mov.w @(r0,r4),r2                   | 034d mov.w @(r0,r4),r3
0c0af41a 622d extu.w r2,r2                        | 633d extu.w r3,r3
0c0af41c 2238 tst r3,r2                           | 2328 tst r2,r3
0c0af422 024c mov.b @(r0,r4),r2                   | 014c mov.b @(r0,r4),r1
0c0af424 2228 tst r2,r2                           | 2118 tst r1,r1
0c0af42a 921d mov.w 0x000000000c0af468,r2         | 931d mov.w 0x000000000c0af468,r3
0c0af430 2128 tst r2,r1                           | 2138 tst r3,r1
0c0af43a 9116 mov.w 0x000000000c0af46a,r1         | 9316 mov.w 0x000000000c0af46a,r3
0c0af440 2218 tst r1,r2                           | 2238 tst r3,r2
0c0af49e 6df3 mov r15,r13                         | 3cec add r14,r12
0c0af4a2 3cec add r14,r12                         | 6df3 mov r15,r13
0c0af568 d141 mov.l 0x000000000c0af670,r1         | d241 mov.l 0x000000000c0af670,r2
0c0af56e 410b jsr @r1                             | 420b jsr @r2
0c0af626 f340 fadd fr4,fr3                        | c71e mova 0x000000000c0af6a0,r0
0c0af628 c71d mova 0x000000000c0af6a0,r0          | f340 fadd fr4,fr3
0c0af62a f59d fldi1 fr5                           | fd3a fmov fr3,@r13
0c0af62c f550 fadd fr5,fr5                        | f508 fmov @r0,fr5
0c0af62e fd3a fmov fr3,@r13                       | c71d mova 0x000000000c0af6a4,r0
0c0af6a2 4200 shll r2                             | 4000 shll r0
0c0af6a4 2fe6 mov.l r14,@-r15                     | 0000 error
0c0af6a6 6e43 mov r4,r14                          | 4200 shll r2
0c0af6a8 2fd6 mov.l r13,@-r15                     | 2fe6 mov.l r14,@-r15
0c0af6aa 2fc6 mov.l r12,@-r15                     | 6e43 mov r4,r14
0c0af6ac 4f22 sts.l pr,@-r15                      | 2fd6 mov.l r13,@-r15
0c0af6ae d344 mov.l 0x000000000c0af7c0,r3         | 2fc6 mov.l r12,@-r15
0c0af6b0 9d81 mov.w 0x000000000c0af7b6,r13        | 4f22 sts.l pr,@-r15
0c0af6b2 430b jsr @r3                             | d344 mov.l 0x000000000c0af7c4,r3
0c0af6b4 3dec add r14,r13                         | 9d81 mov.w 0x000000000c0af7ba,r13
0c0af6b6 e15c mov #92,r1                          | 430b jsr @r3
0c0af6b8 31ec add r14,r1                          | 3dec add r14,r13
0c0af6ba e034 mov #52,r0                          | e15c mov #92,r1
0c0af6bc f318 fmov @r1,fr3                        | 31ec add r14,r1
0c0af6be f2e6 fmov @(r0,r14),fr2                  | e034 mov #52,r0
0c0af6c0 e168 mov #104,r1                         | f318 fmov @r1,fr3
0c0af6c2 31ec add r14,r1                          | f2e6 fmov @(r0,r14),fr2
0c0af6c4 f230 fadd fr3,fr2                        | e168 mov #104,r1
0c0af6c6 e403 mov #3,r4                           | 31ec add r14,r1
0c0af6c8 fe27 fmov fr2,@(r0,r14)                  | f230 fadd fr3,fr2
0c0af6ca e05c mov #92,r0                          | e403 mov #3,r4
0c0af6cc f2e6 fmov @(r0,r14),fr2                  | fe27 fmov fr2,@(r0,r14)
0c0af6ce f318 fmov @r1,fr3                        | e05c mov #92,r0
0c0af6d0 e160 mov #96,r1                          | f2e6 fmov @(r0,r14),fr2
0c0af6d2 31ec add r14,r1                          | f318 fmov @r1,fr3
0c0af6d4 f230 fadd fr3,fr2                        | e160 mov #96,r1
0c0af6d6 fe27 fmov fr2,@(r0,r14)                  | 31ec add r14,r1
0c0af6d8 e038 mov #56,r0                          | f230 fadd fr3,fr2
0c0af6da f2e6 fmov @(r0,r14),fr2                  | fe27 fmov fr2,@(r0,r14)
0c0af6dc f318 fmov @r1,fr3                        | e038 mov #56,r0
0c0af6de e16c mov #108,r1                         | f2e6 fmov @(r0,r14),fr2
0c0af6e0 31ec add r14,r1                          | f318 fmov @r1,fr3
0c0af6e2 f230 fadd fr3,fr2                        | e16c mov #108,r1
0c0af6e4 fe27 fmov fr2,@(r0,r14)                  | 31ec add r14,r1
0c0af6e6 e060 mov #96,r0                          | f230 fadd fr3,fr2
0c0af6e8 f2e6 fmov @(r0,r14),fr2                  | fe27 fmov fr2,@(r0,r14)
0c0af6ea f318 fmov @r1,fr3                        | e060 mov #96,r0
0c0af6ec f230 fadd fr3,fr2                        | f2e6 fmov @(r0,r14),fr2
0c0af6ee fe27 fmov fr2,@(r0,r14)                  | f318 fmov @r1,fr3
0c0af6f0 9062 mov.w 0x000000000c0af7b8,r0         | f230 fadd fr3,fr2
0c0af6f2 0e44 mov.b r4,@(r0,r14)                  | fe27 fmov fr2,@(r0,r14)
0c0af6f4 85ee mov.w @(28,r14),r0                  | 9062 mov.w 0x000000000c0af7bc,r0
0c0af6f6 70ff add #-1,r0                          | 0e44 mov.b r4,@(r0,r14)
0c0af6f8 81ee mov.w r0,@(28,r14)                  | 85ee mov.w @(28,r14),r0
0c0af6fa 85ef mov.w @(30,r14),r0                  | 70ff add #-1,r0
0c0af6fc 70ff add #-1,r0                          | 81ee mov.w r0,@(28,r14)
0c0af6fe 81ef mov.w r0,@(30,r14)                  | 85ef mov.w @(30,r14),r0
0c0af700 600f exts.w r0,r0                        | 70ff add #-1,r0
0c0af702 4011 cmp/pz r0                           | 81ef mov.w r0,@(30,r14)
0c0af704 8903 bt 0x000000000c0af70e               | 600f exts.w r0,r0
0c0af706 6043 mov r4,r0                           | 4011 cmp/pz r0
0c0af708 0009 nop                                 | 8903 bt 0x000000000c0af712
0c0af70a a04f bra 0x000000000c0af7ac              | 6043 mov r4,r0
0c0af70c 80e7 mov.b r0,@(7,r14)                   | 0009 nop
0c0af70e be7c bsr 0x000000000c0af40a              | a04f bra 0x000000000c0af7b0
0c0af710 64e3 mov r14,r4                          | 80e7 mov.b r0,@(7,r14)
0c0af712 84d5 mov.b @(5,r13),r0                   | be7a bsr 0x000000000c0af40a
0c0af714 e302 mov #2,r3                           | 64e3 mov r14,r4
0c0af716 3033 cmp/ge r3,r0                        | 84d5 mov.b @(5,r13),r0
0c0af718 8f0e bf.s 0x000000000c0af738             | e302 mov #2,r3
0c0af71a ec00 mov #0,r12                          | 3033 cmp/ge r3,r0
0c0af71c 84d6 mov.b @(6,r13),r0                   | 8f0e bf.s 0x000000000c0af73c
0c0af71e 2008 tst r0,r0                           | ec00 mov #0,r12
0c0af720 8b0a bf 0x000000000c0af738               | 84d6 mov.b @(6,r13),r0
0c0af722 e001 mov #1,r0                           | 2008 tst r0,r0
0c0af724 d327 mov.l 0x000000000c0af7c4,r3         | 8b0a bf 0x000000000c0af73c
0c0af726 80d6 mov.b r0,@(6,r13)                   | e001 mov #1,r0
0c0af728 e515 mov #21,r5                          | d327 mov.l 0x000000000c0af7c8,r3
0c0af72a 9046 mov.w 0x000000000c0af7ba,r0         | 80d6 mov.b r0,@(6,r13)
0c0af72c 06ec mov.b @(r0,r14),r6                  | e515 mov #21,r5
0c0af72e 7612 add #18,r6                          | 9046 mov.w 0x000000000c0af7be,r0
0c0af730 430b jsr @r3                             | 06ec mov.b @(r0,r14),r6
0c0af732 64e3 mov r14,r4                          | 7612 add #18,r6
0c0af734 a01a bra 0x000000000c0af76c              | 430b jsr @r3
0c0af736 0009 nop                                 | 64e3 mov r14,r4
0c0af738 9040 mov.w 0x000000000c0af7bc,r0         | a01a bra 0x000000000c0af770
0c0af73a 03ec mov.b @(r0,r14),r3                  | 0009 nop
0c0af73c 2338 tst r3,r3                           | 9040 mov.w 0x000000000c0af7c0,r0
0c0af73e 8915 bt 0x000000000c0af76c               | 03ec mov.b @(r0,r14),r3
0c0af740 903b mov.w 0x000000000c0af7ba,r0         | 2338 tst r3,r3
0c0af742 03ec mov.b @(r0,r14),r3                  | 8915 bt 0x000000000c0af770
0c0af744 70fe add #-2,r0                          | 903b mov.w 0x000000000c0af7be,r0
0c0af746 7332 add #50,r3                          | 03ec mov.b @(r0,r14),r3
0c0af748 0e34 mov.b r3,@(r0,r14)                  | 70fe add #-2,r0
0c0af74a 700b add #11,r0                          | 7332 add #50,r3
0c0af74c 0ec5 mov.w r12,@(r0,r14)                 | 0e34 mov.b r3,@(r0,r14)
0c0af74e 70f2 add #-14,r0                         | 700b add #11,r0
0c0af750 0ec4 mov.b r12,@(r0,r14)                 | 0ec5 mov.w r12,@(r0,r14)
0c0af752 7026 add #38,r0                          | 70f2 add #-14,r0
0c0af754 d31c mov.l 0x000000000c0af7c8,r3         | 0ec4 mov.b r12,@(r0,r14)
0c0af756 0ec6 mov.l r12,@(r0,r14)                 | 7026 add #38,r0
0c0af758 84e2 mov.b @(2,r14),r0                   | d31c mov.l 0x000000000c0af7cc,r3
0c0af75a 6232 mov.l @r3,r2                        | 0ec6 mov.l r12,@(r0,r14)
0c0af75c 600c extu.b r0,r0                        | 84e2 mov.b @(2,r14),r0
0c0af75e 4000 shll r0                             | 6232 mov.l @r3,r2
0c0af760 727c add #124,r2                         | 600c extu.b r0,r0
0c0af762 012d mov.w @(r0,r2),r1                   | 4000 shll r0
0c0af764 7101 add #1,r1                           | 727c add #124,r2
0c0af766 0215 mov.w r1,@(r0,r2)                   | 012d mov.w @(r0,r2),r1
0c0af768 9028 mov.w 0x000000000c0af7bc,r0         | 7101 add #1,r1
0c0af76a 0ec4 mov.b r12,@(r0,r14)                 | 0215 mov.w r1,@(r0,r2)
0c0af76c e060 mov #96,r0                          | 9028 mov.w 0x000000000c0af7c0,r0
0c0af76e f38d fldi0 fr3                           | 0ec4 mov.b r12,@(r0,r14)
0c0af770 f2e6 fmov @(r0,r14),fr2                  | e060 mov #96,r0
0c0af772 f325 fcmp/gt fr2,fr3                     | f38d fldi0 fr3
0c0af774 8b1a bf 0x000000000c0af7ac               | f2e6 fmov @(r0,r14),fr2
0c0af776 d313 mov.l 0x000000000c0af7c4,r3         | f325 fcmp/gt fr2,fr3
0c0af778 e002 mov #2,r0                           | 8b1a bf 0x000000000c0af7b0
0c0af77a e515 mov #21,r5                          | d313 mov.l 0x000000000c0af7c8,r3
0c0af77c 80e7 mov.b r0,@(7,r14)                   | e002 mov #2,r0
0c0af77e 6603 mov r0,r6                           | e515 mov #21,r5
0c0af780 430b jsr @r3                             | 80e7 mov.b r0,@(7,r14)
0c0af782 64e3 mov r14,r4                          | 6603 mov r0,r6
0c0af784 9019 mov.w 0x000000000c0af7ba,r0         | 430b jsr @r3
0c0af786 d310 mov.l 0x000000000c0af7c8,r3         | 64e3 mov r14,r4
0c0af788 02ec mov.b @(r0,r14),r2                  | 9019 mov.w 0x000000000c0af7be,r0
0c0af78a 70fe add #-2,r0                          | d310 mov.l 0x000000000c0af7cc,r3
0c0af78c 7242 add #66,r2                          | 02ec mov.b @(r0,r14),r2
0c0af78e 0e24 mov.b r2,@(r0,r14)                  | 70fe add #-2,r0
0c0af790 700b add #11,r0                          | 7242 add #66,r2
0c0af792 0ec5 mov.w r12,@(r0,r14)                 | 0e24 mov.b r2,@(r0,r14)
0c0af794 70f2 add #-14,r0                         | 700b add #11,r0
0c0af796 0ec4 mov.b r12,@(r0,r14)                 | 0ec5 mov.w r12,@(r0,r14)
0c0af798 7026 add #38,r0                          | 70f2 add #-14,r0
0c0af79a 0ec6 mov.l r12,@(r0,r14)                 | 0ec4 mov.b r12,@(r0,r14)
0c0af79c 84e2 mov.b @(2,r14),r0                   | 7026 add #38,r0
0c0af79e 6232 mov.l @r3,r2                        | 0ec6 mov.l r12,@(r0,r14)
0c0af7a0 600c extu.b r0,r0                        | 84e2 mov.b @(2,r14),r0
0c0af7a2 4000 shll r0                             | 6232 mov.l @r3,r2
0c0af7a4 727c add #124,r2                         | 600c extu.b r0,r0
0c0af7a6 012d mov.w @(r0,r2),r1                   | 4000 shll r0
0c0af7a8 7101 add #1,r1                           | 727c add #124,r2
0c0af7aa 0215 mov.w r1,@(r0,r2)                   | 012d mov.w @(r0,r2),r1
0c0af7ac 4f26 lds.l @r15+,pr                      | 7101 add #1,r1
0c0af7ae 6cf6 mov.l @r15+,r12                     | 0215 mov.w r1,@(r0,r2)
0c0af7b0 6df6 mov.l @r15+,r13                     | 4f26 lds.l @r15+,pr
0c0af7b2 000b rts                                 | 6cf6 mov.l @r15+,r12
0c0af7b4 6ef6 mov.l @r15+,r14                     | 6df6 mov.l @r15+,r13
0c0af7b6 02a4 mov.b r10,@(r0,r2)                  | 000b rts
0c0af7b8 01f5 mov.w r15,@(r0,r1)                  | 6ef6 mov.l @r15+,r14
0c0af7ba 01a3 ocbp @r1                            | 02a4 mov.b r10,@(r0,r2)
0c0af7bc 014b error                               | 01f5 mov.w r15,@(r0,r1)
0c0af7be 0000 error                               | 01a3 ocbp @r1
0c0af7c0 a026 bra 0x000000000c0af810              | 014b error
0c0af7c2 0c02 stc sr,r12                          | 0000 error
0c0af7c4 a0c4 bra 0x000000000c0af950              | a026 bra 0x000000000c0af814
0c0af7c8 83f8 error                               | a0c4 bra 0x000000000c0af954
0c0af7ca 0c2f mac.l @r2+,@r12+                    | 0c02 stc sr,r12
