P 0/2604 equal, linked 2600
_func_0c0993f8 154/154
_func_0c099492 20/20
_func_0c0994a6 72/72
_func_0c09950c 168/168
_func_0c0995b4 172/172
_func_0c099684 172/172
_func_0c099730 157/172
_func_0c099804 12/40
_func_0c09982c 1/18
_func_0c09983e 6/238
_func_0c09995a 10/238
_func_0c099a7e 0/20
_func_0c099a92 0/14
_func_0c099aa0 2/130
_func_0c099b5a 4/56
_func_0c099b92 5/116
_func_0c099c20 53/56
_func_0c099c58 17/64
_func_0c099c98 13/166
_func_0c099d5c 2/22
_func_0c099d72 0/66
_func_0c099db4 3/34
_func_0c099dd6 3/34
pool 0c0994ee 30/30
pool 0c099610 36/36
pool 0c099754 40/40
pool 0c099882 15/46
pool 0c0999aa 23/54
pool 0c099b08 20/56
pool 0c099c06 19/26
pool 0c099ce6 7/30
pool 0c099df8 0/44
0c09977c retail 9081 mov.w 0x000000000c099882,r0      ours 9080 mov.w 0x000000000c099880,r0
0c09978c retail 907a mov.w 0x000000000c099884,r0      ours 9079 mov.w 0x000000000c099882,r0
0c09978e retail d341 mov.l 0x000000000c099894,r3      ours d340 mov.l 0x000000000c099890,r3
0c099792 retail 9078 mov.w 0x000000000c099886,r0      ours 9077 mov.w 0x000000000c099884,r0
0c099798 retail 9073 mov.w 0x000000000c099882,r0      ours 9072 mov.w 0x000000000c099880,r0
0c0997aa retail 906b mov.w 0x000000000c099884,r0      ours 906a mov.w 0x000000000c099882,r0
0c0997ac retail d33a mov.l 0x000000000c099898,r3      ours d339 mov.l 0x000000000c099894,r3
0c0997b4 retail 9065 mov.w 0x000000000c099882,r0      ours 9064 mov.w 0x000000000c099880,r0
0c0997c6 retail 905d mov.w 0x000000000c099884,r0      ours 905c mov.w 0x000000000c099882,r0
0c0997ca retail d334 mov.l 0x000000000c09989c,r3      ours d333 mov.l 0x000000000c099898,r3
0c0997ce retail 905a mov.w 0x000000000c099886,r0      ours 9059 mov.w 0x000000000c099884,r0
0c0997d2 retail 9059 mov.w 0x000000000c099888,r0      ours 9058 mov.w 0x000000000c099886,r0
0c0997d6 retail d332 mov.l 0x000000000c0998a0,r3      ours d331 mov.l 0x000000000c09989c,r3
0c0997f6 retail 9044 mov.w 0x000000000c099882,r0      ours 9043 mov.w 0x000000000c099880,r0
0c0997f8 retail d22a mov.l 0x000000000c0998a4,r2      ours d229 mov.l 0x000000000c0998a0,r2
0c099804 retail 9041 mov.w 0x000000000c09988a,r0      ours 9040 mov.w 0x000000000c099888,r0
0c099806 retail 034c mov.b @(r0,r4),r3                ours 054c mov.b @(r0,r4),r5
0c099808 retail 2338 tst r3,r3                        ours 2558 tst r5,r5
0c09980c retail 903e mov.w 0x000000000c09988c,r0      ours 903d mov.w 0x000000000c09988a,r0
0c099812 retail 8b07 bf 0x000000000c099824            ours 8b06 bf 0x000000000c099822
0c099814 retail 9039 mov.w 0x000000000c09988a,r0      ours 625e exts.b r5,r2
0c099816 retail 024c mov.b @(r0,r4),r2                ours 2228 tst r2,r2
0c099818 retail 2228 tst r2,r2                        ours 8905 bt 0x000000000c099826
0c09981a retail 8905 bt 0x000000000c099828            ours 9036 mov.w 0x000000000c09988a,r0
0c09981c retail 9036 mov.w 0x000000000c09988c,r0      ours 004c mov.b @(r0,r4),r0
0c09981e retail 004c mov.b @(r0,r4),r0                ours c8f0 tst #-16,r0
0c099820 retail c8f0 tst #-16,r0                      ours 8901 bt 0x000000000c099826
0c099822 retail 8901 bt 0x000000000c099828            ours a002 bra 0x000000000c09982a
0c099824 retail a002 bra 0x000000000c09982c           ours 0009 nop
0c099826 retail 0009 nop                              ours 000b rts
0c099828 retail 000b rts                              ours 0009 nop
0c09982a retail 0009 nop                              ours 902d mov.w 0x000000000c099888,r0
0c09982c retail 902d mov.w 0x000000000c09988a,r0      ours 004c mov.b @(r0,r4),r0
0c09982e retail 004c mov.b @(r0,r4),r0                ours 600c extu.b r0,r0
0c099830 retail 600c extu.b r0,r0                     ours 8801 cmp/eq #1,r0
0c099832 retail 8801 cmp/eq #1,r0                     ours 8b01 bf 0x000000000c099838
0c099834 retail 8b01 bf 0x000000000c09983a            ours a08f bra 0x000000000c099956
0c099836 retail a090 bra 0x000000000c09995a           ours 0009 nop
0c099838 retail 0009 nop                              ours a000 bra 0x000000000c09983c
0c09983a retail a000 bra 0x000000000c09983e           ours 0009 nop
0c09983c retail 0009 nop                              ours 9026 mov.w 0x000000000c09988c,r0
0c09983e retail 9026 mov.w 0x000000000c09988e,r0      ours 2fe6 mov.l r14,@-r15
0c099840 retail 2fe6 mov.l r14,@-r15                  ours 6e43 mov r4,r14
0c099842 retail 6e43 mov r4,r14                       ours 2fd6 mov.l r13,@-r15
0c099844 retail 2fd6 mov.l r13,@-r15                  ours 2fc6 mov.l r12,@-r15
0c099846 retail 2fc6 mov.l r12,@-r15                  ours 4f22 sts.l pr,@-r15
0c099848 retail 4f22 sts.l pr,@-r15                   ours 00ec mov.b @(r0,r14),r0
0c09984a retail 00ec mov.b @(r0,r14),r0               ours dc16 mov.l 0x000000000c0998a4,r12
0c09984c retail dc16 mov.l 0x000000000c0998a8,r12     ours 600c extu.b r0,r0
0c09984e retail 600c extu.b r0,r0                     ours 8800 cmp/eq #0,r0
0c099850 retail 8800 cmp/eq #0,r0                     ours 8d06 bt.s 0x000000000c099860
0c099852 retail 8d06 bt.s 0x000000000c099862          ours ed00 mov #0,r13
0c099854 retail ed00 mov #0,r13                       ours 8801 cmp/eq #1,r0
0c099856 retail 8801 cmp/eq #1,r0                     ours 892f bt 0x000000000c0998b8
0c099858 retail 8930 bt 0x000000000c0998bc            ours 8802 cmp/eq #2,r0
0c09985a retail 8802 cmp/eq #2,r0                     ours 8943 bt 0x000000000c0998e4
0c09985c retail 8944 bt 0x000000000c0998e8            ours a059 bra 0x000000000c099912
0c09985e retail a05a bra 0x000000000c099916           ours 0009 nop
0c099860 retail 0009 nop                              ours 900e mov.w 0x000000000c099880,r0
0c099862 retail 900e mov.w 0x000000000c099882,r0      ours e30c mov #12,r3
0c099864 retail e30c mov #12,r3                       ours e514 mov #20,r5
0c099866 retail e514 mov #20,r5                       ours 0ed4 mov.b r13,@(r0,r14)
0c099868 retail 0ed4 mov.b r13,@(r0,r14)              ours 7049 add #73,r0
0c09986a retail 7049 add #73,r0                       ours 0e34 mov.b r3,@(r0,r14)
0c09986c retail 0e34 mov.b r3,@(r0,r14)               ours 4c0b jsr @r12
0c09986e retail 4c0b jsr @r12                         ours 64e3 mov r14,r4
0c099870 retail 64e3 mov r14,r4                       ours 900d mov.w 0x000000000c09988e,r0
0c099872 retail 900d mov.w 0x000000000c099890,r0      ours 03ec mov.b @(r0,r14),r3
0c099874 retail 03ec mov.b @(r0,r14),r3               ours 2338 tst r3,r3
0c099876 retail 2338 tst r3,r3                        ours 8b19 bf 0x000000000c0998ac
0c099878 retail 8b1a bf 0x000000000c0998b0            ours 9003 mov.w 0x000000000c099882,r0
0c09987a retail 9003 mov.w 0x000000000c099884,r0      ours d30b mov.l 0x000000000c0998a8,r3
0c09987c retail d30b mov.l 0x000000000c0998ac,r3      ours a019 bra 0x000000000c0998b2
0c09987e retail a01a bra 0x000000000c0998b6           ours 0e36 mov.l r3,@(r0,r14)
0c099880 retail 0e36 mov.l r3,@(r0,r14)               ours 0158 error
0c099882 retail 0158 error                            ours 03f4 mov.b r15,@(r0,r3)
0c099884 retail 03f4 mov.b r15,@(r0,r3)               ours 01a7 mul.l r10,r1
0c099886 retail 01a7 mul.l r10,r1                     ours 01ac mov.b @(r0,r10),r1
0c099888 retail 01ac mov.b @(r0,r10),r1               ours 01fe mov.l @(r0,r15),r1
0c09988a retail 01fe mov.l @(r0,r15),r1               ours 01d6 mov.l r13,@(r0,r1)
0c09988c retail 01d6 mov.l r13,@(r0,r1)               ours 01e8 error
0c09988e retail 01e8 error                            ours 01fc mov.b @(r0,r15),r1
0c099890 retail 01fc mov.b @(r0,r15),r1               ours 32f4 div1 r15,r2
0c099892 retail 0000 error                            ours 0c24 mov.b r2,@(r0,r12)
0c099894 retail 32f4 div1 r15,r2                      ours 32f8 sub r15,r2
0c099898 retail 32f8 sub r15,r2                       ours 32fc add r15,r2
0c09989c retail 32fc add r15,r2                       ours 83f8 error
0c09989e retail 0c24 mov.b r2,@(r0,r12)               ours 0c2f mac.l @r2+,@r12+
0c0998a0 retail 83f8 error                            ours a0c4 bra 0x000000000c099a2c
0c0998a2 retail 0c2f mac.l @r2+,@r12+                 ours 0c02 stc sr,r12
0c0998a4 retail a0c4 bra 0x000000000c099a30           ours 46da error
0c0998a6 retail 0c02 stc sr,r12                       ours 0c03 bsrf r12
0c0998a8 retail 46da error                            ours 3300 cmp/eq r0,r3
0c0998aa retail 0c03 bsrf r12                         ours 0c24 mov.b r2,@(r0,r12)
0c0998ac retail 3300 cmp/eq r0,r3                     ours 907b mov.w 0x000000000c0999a6,r0
0c0998ae retail 0c24 mov.b r2,@(r0,r12)               ours d141 mov.l 0x000000000c0999b4,r1
0c0998b0 retail 907b mov.w 0x000000000c0999aa,r0      ours 0e16 mov.l r1,@(r0,r14)
0c0998b2 retail d141 mov.l 0x000000000c0999b8,r1      ours 9079 mov.w 0x000000000c0999a8,r0
0c0998b4 retail 0e16 mov.l r1,@(r0,r14)               ours a02d bra 0x000000000c099912
0c0998b6 retail 9079 mov.w 0x000000000c0999ac,r0      ours 0ed4 mov.b r13,@(r0,r14)
0c0998b8 retail a02d bra 0x000000000c099916           ours 9077 mov.w 0x000000000c0999aa,r0
0c0998ba retail 0ed4 mov.b r13,@(r0,r14)              ours e201 mov #1,r2
0c0998bc retail 9077 mov.w 0x000000000c0999ae,r0      ours e30d mov #13,r3
0c0998be retail e201 mov #1,r2                        ours 0e24 mov.b r2,@(r0,r14)
0c0998c0 retail e30d mov #13,r3                       ours 7049 add #73,r0
0c0998c2 retail 0e24 mov.b r2,@(r0,r14)               ours e515 mov #21,r5
0c0998c4 retail 7049 add #73,r0                       ours 0e34 mov.b r3,@(r0,r14)
0c0998c6 retail e515 mov #21,r5                       ours 4c0b jsr @r12
0c0998c8 retail 0e34 mov.b r3,@(r0,r14)               ours 64e3 mov r14,r4
0c0998ca retail 4c0b jsr @r12                         ours 906f mov.w 0x000000000c0999ac,r0
0c0998cc retail 64e3 mov r14,r4                       ours 03ec mov.b @(r0,r14),r3
0c0998ce retail 906f mov.w 0x000000000c0999b0,r0      ours 2338 tst r3,r3
0c0998d0 retail 03ec mov.b @(r0,r14),r3               ours 8b03 bf 0x000000000c0998da
0c0998d2 retail 2338 tst r3,r3                        ours 9068 mov.w 0x000000000c0999a6,r0
0c0998d4 retail 8b03 bf 0x000000000c0998de            ours d338 mov.l 0x000000000c0999b8,r3
0c0998d6 retail 9068 mov.w 0x000000000c0999aa,r0      ours a003 bra 0x000000000c0998e0
0c0998d8 retail d338 mov.l 0x000000000c0999bc,r3      ours 0e36 mov.l r3,@(r0,r14)
0c0998da retail a003 bra 0x000000000c0998e4           ours 9064 mov.w 0x000000000c0999a6,r0
0c0998dc retail 0e36 mov.l r3,@(r0,r14)               ours d137 mov.l 0x000000000c0999bc,r1
0c0998de retail 9064 mov.w 0x000000000c0999aa,r0      ours 0e16 mov.l r1,@(r0,r14)
0c0998e0 retail d137 mov.l 0x000000000c0999c0,r1      ours a015 bra 0x000000000c09990e
0c0998e2 retail 0e16 mov.l r1,@(r0,r14)               ours e301 mov #1,r3
0c0998e4 retail a015 bra 0x000000000c099912           ours 9061 mov.w 0x000000000c0999aa,r0
0c0998e6 retail e301 mov #1,r3                        ours e102 mov #2,r1
0c0998e8 retail 9061 mov.w 0x000000000c0999ae,r0      ours e30e mov #14,r3
0c0998ea retail e102 mov #2,r1                        ours 0e14 mov.b r1,@(r0,r14)
0c0998ec retail e30e mov #14,r3                       ours 7049 add #73,r0
0c0998ee retail 0e14 mov.b r1,@(r0,r14)               ours e516 mov #22,r5
0c0998f0 retail 7049 add #73,r0                       ours 0e34 mov.b r3,@(r0,r14)
0c0998f2 retail e516 mov #22,r5                       ours 4c0b jsr @r12
0c0998f4 retail 0e34 mov.b r3,@(r0,r14)               ours 64e3 mov r14,r4
0c0998f6 retail 4c0b jsr @r12                         ours 9059 mov.w 0x000000000c0999ac,r0
0c0998f8 retail 64e3 mov r14,r4                       ours 03ec mov.b @(r0,r14),r3
0c0998fa retail 9059 mov.w 0x000000000c0999b0,r0      ours 2338 tst r3,r3
0c0998fc retail 03ec mov.b @(r0,r14),r3               ours 8b03 bf 0x000000000c099906
0c0998fe retail 2338 tst r3,r3                        ours 9052 mov.w 0x000000000c0999a6,r0
0c099900 retail 8b03 bf 0x000000000c09990a            ours d32f mov.l 0x000000000c0999c0,r3
0c099902 retail 9052 mov.w 0x000000000c0999aa,r0      ours a003 bra 0x000000000c09990c
0c099904 retail d32f mov.l 0x000000000c0999c4,r3      ours 0e36 mov.l r3,@(r0,r14)
0c099906 retail a003 bra 0x000000000c099910           ours 904e mov.w 0x000000000c0999a6,r0
0c099908 retail 0e36 mov.l r3,@(r0,r14)               ours d12e mov.l 0x000000000c0999c4,r1
0c09990a retail 904e mov.w 0x000000000c0999aa,r0      ours 0e16 mov.l r1,@(r0,r14)
0c09990c retail d12e mov.l 0x000000000c0999c8,r1      ours e302 mov #2,r3
0c09990e retail 0e16 mov.l r1,@(r0,r14)               ours 904b mov.w 0x000000000c0999a8,r0
0c099910 retail e302 mov #2,r3                        ours 0e34 mov.b r3,@(r0,r14)
0c099912 retail 904b mov.w 0x000000000c0999ac,r0      ours 904c mov.w 0x000000000c0999ae,r0
0c099914 retail 0e34 mov.b r3,@(r0,r14)               ours e50b mov #11,r5
0c099916 retail 904c mov.w 0x000000000c0999b2,r0      ours d32c mov.l 0x000000000c0999c8,r3
0c099918 retail e50b mov #11,r5                       ours 0ed5 mov.w r13,@(r0,r14)
0c09991a retail d32c mov.l 0x000000000c0999cc,r3      ours 70f2 add #-14,r0
0c09991c retail 0ed5 mov.w r13,@(r0,r14)              ours 0ed4 mov.b r13,@(r0,r14)
0c09991e retail 70f2 add #-14,r0                      ours 7026 add #38,r0
0c099920 retail 0ed4 mov.b r13,@(r0,r14)              ours 0ed6 mov.l r13,@(r0,r14)
0c099922 retail 7026 add #38,r0                       ours 84e2 mov.b @(2,r14),r0
0c099924 retail 0ed6 mov.l r13,@(r0,r14)              ours 6232 mov.l @r3,r2
0c099926 retail 84e2 mov.b @(2,r14),r0                ours 600c extu.b r0,r0
0c099928 retail 6232 mov.l @r3,r2                     ours 4000 shll r0
0c09992a retail 600c extu.b r0,r0                     ours 727c add #124,r2
0c09992c retail 4000 shll r0                          ours 012d mov.w @(r0,r2),r1
0c09992e retail 727c add #124,r2                      ours 7101 add #1,r1
0c099930 retail 012d mov.w @(r0,r2),r1                ours 0215 mov.w r1,@(r0,r2)
0c099932 retail 7101 add #1,r1                        ours 903a mov.w 0x000000000c0999aa,r0
0c099934 retail 0215 mov.w r1,@(r0,r2)                ours d225 mov.l 0x000000000c0999cc,r2
0c099936 retail 903a mov.w 0x000000000c0999ae,r0      ours 06ec mov.b @(r0,r14),r6
0c099938 retail d225 mov.l 0x000000000c0999d0,r2      ours 420b jsr @r2
0c09993a retail 06ec mov.b @(r0,r14),r6               ours 64e3 mov r14,r4
0c09993c retail 420b jsr @r2                          ours 9038 mov.w 0x000000000c0999b0,r0
0c09993e retail 64e3 mov r14,r4                       ours 00ec mov.b @(r0,r14),r0
0c099940 retail 9038 mov.w 0x000000000c0999b4,r0      ours c80f tst #15,r0
0c099942 retail 00ec mov.b @(r0,r14),r0               ours 8903 bt 0x000000000c09994c
0c099944 retail c80f tst #15,r0                       ours 9034 mov.w 0x000000000c0999b0,r0
0c099946 retail 8903 bt 0x000000000c099950            ours 02ec mov.b @(r0,r14),r2
0c099948 retail 9034 mov.w 0x000000000c0999b4,r0      ours 72ff add #-1,r2
0c09994a retail 02ec mov.b @(r0,r14),r2               ours 0e24 mov.b r2,@(r0,r14)
0c09994c retail 72ff add #-1,r2                       ours 4f26 lds.l @r15+,pr
0c09994e retail 0e24 mov.b r2,@(r0,r14)               ours 6cf6 mov.l @r15+,r12
0c099950 retail 4f26 lds.l @r15+,pr                   ours 6df6 mov.l @r15+,r13
0c099952 retail 6cf6 mov.l @r15+,r12                  ours 000b rts
0c099954 retail 6df6 mov.l @r15+,r13                  ours 6ef6 mov.l @r15+,r14
0c099956 retail 000b rts                              ours 902c mov.w 0x000000000c0999b2,r0
0c099958 retail 6ef6 mov.l @r15+,r14                  ours 2fe6 mov.l r14,@-r15
0c09995a retail 902c mov.w 0x000000000c0999b6,r0      ours 6e43 mov r4,r14
0c09995c retail 2fe6 mov.l r14,@-r15                  ours 2fd6 mov.l r13,@-r15
0c09995e retail 6e43 mov r4,r14                       ours 2fc6 mov.l r12,@-r15
0c099960 retail 2fd6 mov.l r13,@-r15                  ours 4f22 sts.l pr,@-r15
0c099962 retail 2fc6 mov.l r12,@-r15                  ours 00ec mov.b @(r0,r14),r0
0c099964 retail 4f22 sts.l pr,@-r15                   ours dc1a mov.l 0x000000000c0999d0,r12
0c099966 retail 00ec mov.b @(r0,r14),r0               ours 600c extu.b r0,r0
0c099968 retail dc1a mov.l 0x000000000c0999d4,r12     ours 8800 cmp/eq #0,r0
0c09996a retail 600c extu.b r0,r0                     ours 8d06 bt.s 0x000000000c09997a
0c09996c retail 8800 cmp/eq #0,r0                     ours ed00 mov #0,r13
0c09996e retail 8d06 bt.s 0x000000000c09997e          ours 8801 cmp/eq #1,r0
0c099970 retail ed00 mov #0,r13                       ours 8934 bt 0x000000000c0999dc
0c099972 retail 8801 cmp/eq #1,r0                     ours 8802 cmp/eq #2,r0
0c099974 retail 8934 bt 0x000000000c0999e0            ours 8948 bt 0x000000000c099a08
0c099976 retail 8802 cmp/eq #2,r0                     ours a05e bra 0x000000000c099a36
0c099978 retail 8948 bt 0x000000000c099a0c            ours 0009 nop
0c09997a retail a05e bra 0x000000000c099a3a           ours 9016 mov.w 0x000000000c0999aa,r0
0c09997c retail 0009 nop                              ours e30f mov #15,r3
0c09997e retail 9016 mov.w 0x000000000c0999ae,r0      ours e514 mov #20,r5
0c099980 retail e30f mov #15,r3                       ours 0ed4 mov.b r13,@(r0,r14)
0c099982 retail e514 mov #20,r5                       ours 7049 add #73,r0
0c099984 retail 0ed4 mov.b r13,@(r0,r14)              ours 0e34 mov.b r3,@(r0,r14)
0c099986 retail 7049 add #73,r0                       ours 4c0b jsr @r12
0c099988 retail 0e34 mov.b r3,@(r0,r14)               ours 64e3 mov r14,r4
0c09998a retail 4c0b jsr @r12                         ours 900f mov.w 0x000000000c0999ac,r0
0c09998c retail 64e3 mov r14,r4                       ours 03ec mov.b @(r0,r14),r3
0c09998e retail 900f mov.w 0x000000000c0999b0,r0      ours 2338 tst r3,r3
0c099990 retail 03ec mov.b @(r0,r14),r3               ours 8b03 bf 0x000000000c09999a
0c099992 retail 2338 tst r3,r3                        ours 9008 mov.w 0x000000000c0999a6,r0
0c099994 retail 8b03 bf 0x000000000c09999e            ours d30f mov.l 0x000000000c0999d4,r3
0c099996 retail 9008 mov.w 0x000000000c0999aa,r0      ours a003 bra 0x000000000c0999a0
0c099998 retail d30f mov.l 0x000000000c0999d8,r3      ours 0e36 mov.l r3,@(r0,r14)
0c09999a retail a003 bra 0x000000000c0999a4           ours 9004 mov.w 0x000000000c0999a6,r0
0c09999c retail 0e36 mov.l r3,@(r0,r14)               ours d10e mov.l 0x000000000c0999d8,r1
0c09999e retail 9004 mov.w 0x000000000c0999aa,r0      ours 0e16 mov.l r1,@(r0,r14)
0c0999a0 retail d10e mov.l 0x000000000c0999dc,r1      ours 9002 mov.w 0x000000000c0999a8,r0
0c0999a2 retail 0e16 mov.l r1,@(r0,r14)               ours a048 bra 0x000000000c099a36
0c0999a4 retail 9002 mov.w 0x000000000c0999ac,r0      ours 0ed4 mov.b r13,@(r0,r14)
0c0999a6 retail a048 bra 0x000000000c099a3a           ours 03f4 mov.b r15,@(r0,r3)
0c0999a8 retail 0ed4 mov.b r13,@(r0,r14)              ours 01a7 mul.l r10,r1
0c0999aa retail 03f4 mov.b r15,@(r0,r3)               ours 0158 error
0c0999ac retail 01a7 mul.l r10,r1                     ours 01fc mov.b @(r0,r15),r1
0c0999ae retail 0158 error                            ours 01ac mov.b @(r0,r10),r1
0c0999b0 retail 01fc mov.b @(r0,r15),r1               ours 01d6 mov.l r13,@(r0,r1)
0c0999b2 retail 01ac mov.b @(r0,r10),r1               ours 01e8 error
0c0999b4 retail 01d6 mov.l r13,@(r0,r1)               ours 3318 sub r1,r3
0c0999b6 retail 01e8 error                            ours 0c24 mov.b r2,@(r0,r12)
0c0999b8 retail 3318 sub r1,r3                        ours 3304 div1 r0,r3
0c0999bc retail 3304 div1 r0,r3                       ours 331c add r1,r3
0c0999c0 retail 331c add r1,r3                        ours 3308 sub r0,r3
0c0999c4 retail 3308 sub r0,r3                        ours 3320 cmp/eq r2,r3
0c0999c8 retail 3320 cmp/eq r2,r3                     ours 83f8 error
0c0999ca retail 0c24 mov.b r2,@(r0,r12)               ours 0c2f mac.l @r2+,@r12+
0c0999cc retail 83f8 error                            ours a0c4 bra 0x000000000c099b58
0c0999ce retail 0c2f mac.l @r2+,@r12+                 ours 0c02 stc sr,r12
0c0999d0 retail a0c4 bra 0x000000000c099b5c           ours 46da error
0c0999d2 retail 0c02 stc sr,r12                       ours 0c03 bsrf r12
0c0999d4 retail 46da error                            ours 330c add r0,r3
0c0999d6 retail 0c03 bsrf r12                         ours 0c24 mov.b r2,@(r0,r12)
0c0999d8 retail 330c add r0,r3                        ours 3324 div1 r2,r3
0c0999dc retail 3324 div1 r2,r3                       ours 9092 mov.w 0x000000000c099b04,r0
0c0999de retail 0c24 mov.b r2,@(r0,r12)               ours e201 mov #1,r2
0c0999e0 retail 9092 mov.w 0x000000000c099b08,r0      ours e310 mov #16,r3
0c0999e2 retail e201 mov #1,r2                        ours 0e24 mov.b r2,@(r0,r14)
0c0999e4 retail e310 mov #16,r3                       ours 7049 add #73,r0
0c0999e6 retail 0e24 mov.b r2,@(r0,r14)               ours e515 mov #21,r5
0c0999e8 retail 7049 add #73,r0                       ours 0e34 mov.b r3,@(r0,r14)
0c0999ea retail e515 mov #21,r5                       ours 4c0b jsr @r12
0c0999ec retail 0e34 mov.b r3,@(r0,r14)               ours 64e3 mov r14,r4
0c0999ee retail 4c0b jsr @r12                         ours 908a mov.w 0x000000000c099b06,r0
0c0999f0 retail 64e3 mov r14,r4                       ours 03ec mov.b @(r0,r14),r3
0c0999f2 retail 908a mov.w 0x000000000c099b0a,r0      ours 2338 tst r3,r3
0c0999f4 retail 03ec mov.b @(r0,r14),r3               ours 8b03 bf 0x000000000c0999fe
0c0999f6 retail 2338 tst r3,r3                        ours 9087 mov.w 0x000000000c099b08,r0
0c0999f8 retail 8b03 bf 0x000000000c099a02            ours d347 mov.l 0x000000000c099b18,r3
0c0999fa retail 9087 mov.w 0x000000000c099b0c,r0      ours a003 bra 0x000000000c099a04
0c0999fc retail d347 mov.l 0x000000000c099b1c,r3      ours 0e36 mov.l r3,@(r0,r14)
0c0999fe retail a003 bra 0x000000000c099a08           ours 9083 mov.w 0x000000000c099b08,r0
0c099a00 retail 0e36 mov.l r3,@(r0,r14)               ours d146 mov.l 0x000000000c099b1c,r1
0c099a02 retail 9083 mov.w 0x000000000c099b0c,r0      ours 0e16 mov.l r1,@(r0,r14)
0c099a04 retail d146 mov.l 0x000000000c099b20,r1      ours a015 bra 0x000000000c099a32
0c099a06 retail 0e16 mov.l r1,@(r0,r14)               ours e301 mov #1,r3
0c099a08 retail a015 bra 0x000000000c099a36           ours 907c mov.w 0x000000000c099b04,r0
0c099a0a retail e301 mov #1,r3                        ours e102 mov #2,r1
0c099a0c retail 907c mov.w 0x000000000c099b08,r0      ours e311 mov #17,r3
0c099a0e retail e102 mov #2,r1                        ours 0e14 mov.b r1,@(r0,r14)
0c099a10 retail e311 mov #17,r3                       ours 7049 add #73,r0
0c099a12 retail 0e14 mov.b r1,@(r0,r14)               ours e516 mov #22,r5
0c099a14 retail 7049 add #73,r0                       ours 0e34 mov.b r3,@(r0,r14)
0c099a16 retail e516 mov #22,r5                       ours 4c0b jsr @r12
0c099a18 retail 0e34 mov.b r3,@(r0,r14)               ours 64e3 mov r14,r4
0c099a1a retail 4c0b jsr @r12                         ours 9074 mov.w 0x000000000c099b06,r0
0c099a1c retail 64e3 mov r14,r4                       ours 03ec mov.b @(r0,r14),r3
0c099a1e retail 9074 mov.w 0x000000000c099b0a,r0      ours 2338 tst r3,r3
0c099a20 retail 03ec mov.b @(r0,r14),r3               ours 8b03 bf 0x000000000c099a2a
0c099a22 retail 2338 tst r3,r3                        ours 9071 mov.w 0x000000000c099b08,r0
0c099a24 retail 8b03 bf 0x000000000c099a2e            ours d33e mov.l 0x000000000c099b20,r3
0c099a26 retail 9071 mov.w 0x000000000c099b0c,r0      ours a003 bra 0x000000000c099a30
0c099a28 retail d33e mov.l 0x000000000c099b24,r3      ours 0e36 mov.l r3,@(r0,r14)
0c099a2a retail a003 bra 0x000000000c099a34           ours 906d mov.w 0x000000000c099b08,r0
0c099a2c retail 0e36 mov.l r3,@(r0,r14)               ours d13d mov.l 0x000000000c099b24,r1
0c099a2e retail 906d mov.w 0x000000000c099b0c,r0      ours 0e16 mov.l r1,@(r0,r14)
0c099a30 retail d13d mov.l 0x000000000c099b28,r1      ours e302 mov #2,r3
0c099a32 retail 0e16 mov.l r1,@(r0,r14)               ours 906a mov.w 0x000000000c099b0a,r0
0c099a34 retail e302 mov #2,r3                        ours 0e34 mov.b r3,@(r0,r14)
0c099a36 retail 906a mov.w 0x000000000c099b0e,r0      ours 9069 mov.w 0x000000000c099b0c,r0
0c099a38 retail 0e34 mov.b r3,@(r0,r14)               ours e50c mov #12,r5
0c099a3a retail 9069 mov.w 0x000000000c099b10,r0      ours d33b mov.l 0x000000000c099b28,r3
0c099a3c retail e50c mov #12,r5                       ours 0ed5 mov.w r13,@(r0,r14)
0c099a3e retail d33b mov.l 0x000000000c099b2c,r3      ours 70f2 add #-14,r0
0c099a40 retail 0ed5 mov.w r13,@(r0,r14)              ours 0ed4 mov.b r13,@(r0,r14)
0c099a42 retail 70f2 add #-14,r0                      ours 7026 add #38,r0
0c099a44 retail 0ed4 mov.b r13,@(r0,r14)              ours 0ed6 mov.l r13,@(r0,r14)
0c099a46 retail 7026 add #38,r0                       ours 84e2 mov.b @(2,r14),r0
0c099a48 retail 0ed6 mov.l r13,@(r0,r14)              ours 6232 mov.l @r3,r2
0c099a4a retail 84e2 mov.b @(2,r14),r0                ours 600c extu.b r0,r0
0c099a4c retail 6232 mov.l @r3,r2                     ours 4000 shll r0
0c099a4e retail 600c extu.b r0,r0                     ours 727c add #124,r2
0c099a50 retail 4000 shll r0                          ours 012d mov.w @(r0,r2),r1
0c099a52 retail 727c add #124,r2                      ours 7101 add #1,r1
0c099a54 retail 012d mov.w @(r0,r2),r1                ours 0215 mov.w r1,@(r0,r2)
0c099a56 retail 7101 add #1,r1                        ours 9055 mov.w 0x000000000c099b04,r0
0c099a58 retail 0215 mov.w r1,@(r0,r2)                ours d234 mov.l 0x000000000c099b2c,r2
0c099a5a retail 9055 mov.w 0x000000000c099b08,r0      ours 06ec mov.b @(r0,r14),r6
0c099a5c retail d234 mov.l 0x000000000c099b30,r2      ours 420b jsr @r2
0c099a5e retail 06ec mov.b @(r0,r14),r6               ours 64e3 mov r14,r4
0c099a60 retail 420b jsr @r2                          ours 9055 mov.w 0x000000000c099b0e,r0
0c099a62 retail 64e3 mov r14,r4                       ours 00ec mov.b @(r0,r14),r0
0c099a64 retail 9055 mov.w 0x000000000c099b12,r0      ours c8f0 tst #-16,r0
0c099a66 retail 00ec mov.b @(r0,r14),r0               ours 8903 bt 0x000000000c099a70
0c099a68 retail c8f0 tst #-16,r0                      ours 9051 mov.w 0x000000000c099b0e,r0
0c099a6a retail 8903 bt 0x000000000c099a74            ours 02ec mov.b @(r0,r14),r2
0c099a6c retail 9051 mov.w 0x000000000c099b12,r0      ours 72f0 add #-16,r2
0c099a6e retail 02ec mov.b @(r0,r14),r2               ours 0e24 mov.b r2,@(r0,r14)
0c099a70 retail 72f0 add #-16,r2                      ours 4f26 lds.l @r15+,pr
0c099a72 retail 0e24 mov.b r2,@(r0,r14)               ours 6cf6 mov.l @r15+,r12
0c099a74 retail 4f26 lds.l @r15+,pr                   ours 6df6 mov.l @r15+,r13
0c099a76 retail 6cf6 mov.l @r15+,r12                  ours 000b rts
0c099a78 retail 6df6 mov.l @r15+,r13                  ours 6ef6 mov.l @r15+,r14
0c099a7a retail 000b rts                              ours 9049 mov.w 0x000000000c099b10,r0
0c099a7c retail 6ef6 mov.l @r15+,r14                  ours 6343 mov r4,r3
0c099a7e retail 9049 mov.w 0x000000000c099b14,r0      ours 2f46 mov.l r4,@-r15
0c099a80 retail 6343 mov r4,r3                        ours 023c mov.b @(r0,r3),r2
0c099a82 retail 2f46 mov.l r4,@-r15                   ours d02b mov.l 0x000000000c099b30,r0
0c099a84 retail 023c mov.b @(r0,r3),r2                ours 622c extu.b r2,r2
0c099a86 retail d02b mov.l 0x000000000c099b34,r0      ours 4208 shll2 r2
0c099a88 retail 622c extu.b r2,r2                     ours 032e mov.l @(r0,r2),r3
0c099a8a retail 4208 shll2 r2                         ours 432b jmp @r3
0c099a8c retail 032e mov.l @(r0,r2),r3                ours 7f04 add #4,r15
0c099a8e retail 432b jmp @r3                          ours 4f22 sts.l pr,@-r15
0c099a90 retail 7f04 add #4,r15                       ours d328 mov.l 0x000000000c099b34,r3
0c099a92 retail 4f22 sts.l pr,@-r15                   ours 430b jsr @r3
0c099a94 retail d328 mov.l 0x000000000c099b38,r3      ours 2f46 mov.l r4,@-r15
0c099a96 retail 430b jsr @r3                          ours 64f2 mov.l @r15,r4
0c099a98 retail 2f46 mov.l r4,@-r15                   ours 7f04 add #4,r15
0c099a9a retail 64f2 mov.l @r15,r4                    ours 4f26 lds.l @r15+,pr
0c099a9c retail 7f04 add #4,r15                       ours 2fe6 mov.l r14,@-r15
0c099a9e retail 4f26 lds.l @r15+,pr                   ours e15c mov #92,r1
0c099aa0 retail 2fe6 mov.l r14,@-r15                  ours 6e43 mov r4,r14
0c099aa2 retail e15c mov #92,r1                       ours 31ec add r14,r1
0c099aa4 retail 6e43 mov r4,r14                       ours e034 mov #52,r0
0c099aa6 retail 31ec add r14,r1                       ours d324 mov.l 0x000000000c099b38,r3
0c099aa8 retail e034 mov #52,r0                       ours 4f22 sts.l pr,@-r15
0c099aaa retail d324 mov.l 0x000000000c099b3c,r3      ours f2e6 fmov @(r0,r14),fr2
0c099aac retail 4f22 sts.l pr,@-r15                   ours f318 fmov @r1,fr3
0c099aae retail f2e6 fmov @(r0,r14),fr2               ours e168 mov #104,r1
0c099ab0 retail f318 fmov @r1,fr3                     ours 31ec add r14,r1
0c099ab2 retail e168 mov #104,r1                      ours f230 fadd fr3,fr2
0c099ab4 retail 31ec add r14,r1                       ours fe27 fmov fr2,@(r0,r14)
0c099ab6 retail f230 fadd fr3,fr2                     ours e05c mov #92,r0
0c099ab8 retail fe27 fmov fr2,@(r0,r14)               ours f318 fmov @r1,fr3
0c099aba retail e05c mov #92,r0                       ours e160 mov #96,r1
0c099abc retail f318 fmov @r1,fr3                     ours f2e6 fmov @(r0,r14),fr2
0c099abe retail e160 mov #96,r1                       ours 31ec add r14,r1
0c099ac0 retail f2e6 fmov @(r0,r14),fr2               ours f230 fadd fr3,fr2
0c099ac2 retail 31ec add r14,r1                       ours fe27 fmov fr2,@(r0,r14)
0c099ac4 retail f230 fadd fr3,fr2                     ours e038 mov #56,r0
0c099ac6 retail fe27 fmov fr2,@(r0,r14)               ours f2e6 fmov @(r0,r14),fr2
0c099ac8 retail e038 mov #56,r0                       ours f318 fmov @r1,fr3
0c099aca retail f2e6 fmov @(r0,r14),fr2               ours e16c mov #108,r1
0c099acc retail f318 fmov @r1,fr3                     ours 31ec add r14,r1
0c099ace retail e16c mov #108,r1                      ours f230 fadd fr3,fr2
0c099ad0 retail 31ec add r14,r1                       ours fe27 fmov fr2,@(r0,r14)
0c099ad2 retail f230 fadd fr3,fr2                     ours e060 mov #96,r0
0c099ad4 retail fe27 fmov fr2,@(r0,r14)               ours f2e6 fmov @(r0,r14),fr2
0c099ad6 retail e060 mov #96,r0                       ours f318 fmov @r1,fr3
0c099ad8 retail f2e6 fmov @(r0,r14),fr2               ours f230 fadd fr3,fr2
0c099ada retail f318 fmov @r1,fr3                     ours fe27 fmov fr2,@(r0,r14)
0c099adc retail f230 fadd fr3,fr2                     ours 430b jsr @r3
0c099ade retail fe27 fmov fr2,@(r0,r14)               ours 64e3 mov r14,r4
0c099ae0 retail 430b jsr @r3                          ours 9017 mov.w 0x000000000c099b12,r0
0c099ae2 retail 64e3 mov r14,r4                       ours 00ec mov.b @(r0,r14),r0
0c099ae4 retail 9017 mov.w 0x000000000c099b16,r0      ours 600c extu.b r0,r0
0c099ae6 retail 00ec mov.b @(r0,r14),r0               ours 8801 cmp/eq #1,r0
0c099ae8 retail 600c extu.b r0,r0                     ours 8b28 bf 0x000000000c099b3c
0c099aea retail 8801 cmp/eq #1,r0                     ours 9013 mov.w 0x000000000c099b14,r0
0c099aec retail 8b28 bf 0x000000000c099b40            ours 00ec mov.b @(r0,r14),r0
0c099aee retail 9013 mov.w 0x000000000c099b18,r0      ours 600c extu.b r0,r0
0c099af0 retail 00ec mov.b @(r0,r14),r0               ours 8801 cmp/eq #1,r0
0c099af2 retail 600c extu.b r0,r0                     ours 8b03 bf 0x000000000c099afc
0c099af4 retail 8801 cmp/eq #1,r0                     ours 4f26 lds.l @r15+,pr
0c099af6 retail 8b03 bf 0x000000000c099b00            ours 64e3 mov r14,r4
0c099af8 retail 4f26 lds.l @r15+,pr                   ours a0ae bra 0x000000000c099c58
0c099afa retail 64e3 mov r14,r4                       ours 6ef6 mov.l @r15+,r14
0c099afc retail a0ac bra 0x000000000c099c58           ours 4f26 lds.l @r15+,pr
0c099afe retail 6ef6 mov.l @r15+,r14                  ours 64e3 mov r14,r4
0c099b00 retail 4f26 lds.l @r15+,pr                   ours a08e bra 0x000000000c099c20
0c099b02 retail 64e3 mov r14,r4                       ours 6ef6 mov.l @r15+,r14
0c099b04 retail a08c bra 0x000000000c099c20           ours 0158 error
0c099b06 retail 6ef6 mov.l @r15+,r14                  ours 01fc mov.b @(r0,r15),r1
0c099b08 retail 0158 error                            ours 03f4 mov.b r15,@(r0,r3)
0c099b0a retail 01fc mov.b @(r0,r15),r1               ours 01a7 mul.l r10,r1
0c099b0c retail 03f4 mov.b r15,@(r0,r3)               ours 01ac mov.b @(r0,r10),r1
0c099b0e retail 01a7 mul.l r10,r1                     ours 01d6 mov.l r13,@(r0,r1)
0c099b10 retail 01ac mov.b @(r0,r10),r1               ours 01ff mac.l @r15+,@r1+
0c099b12 retail 01d6 mov.l r13,@(r0,r1)               ours 01fe mov.l @(r0,r15),r1
0c099b14 retail 01ff mac.l @r15+,@r1+                 ours 01f9 error
0c099b16 retail 01fe mov.l @(r0,r15),r1               ours 0000 error
0c099b18 retail 01f9 error                            ours 3310 cmp/eq r1,r3
0c099b1a retail 0000 error                            ours 0c24 mov.b r2,@(r0,r12)
0c099b1c retail 3310 cmp/eq r1,r3                     ours 3328 sub r2,r3
0c099b20 retail 3328 sub r2,r3                        ours 3314 div1 r1,r3
0c099b24 retail 3314 div1 r1,r3                       ours 332c add r2,r3
0c099b28 retail 332c add r2,r3                        ours 83f8 error
0c099b2a retail 0c24 mov.b r2,@(r0,r12)               ours 0c2f mac.l @r2+,@r12+
0c099b2c retail 83f8 error                            ours a0c4 bra 0x000000000c099cb8
0c099b2e retail 0c2f mac.l @r2+,@r12+                 ours 0c02 stc sr,r12
0c099b30 retail a0c4 bra 0x000000000c099cbc           ours 3454 div1 r5,r4
0c099b32 retail 0c02 stc sr,r12                       ours 0c24 mov.b r2,@(r0,r12)
0c099b34 retail 3454 div1 r5,r4                       ours 3352 cmp/hs r5,r3
0c099b36 retail 0c24 mov.b r2,@(r0,r12)               ours 0c04 mov.b r0,@(r0,r12)
0c099b38 retail 3352 cmp/hs r5,r3                     ours 4df4 error
0c099b3c retail 4df4 error                            ours 9064 mov.w 0x000000000c099c08,r0
0c099b3e retail 0c04 mov.b r0,@(r0,r12)               ours 00ec mov.b @(r0,r14),r0
0c099b40 retail 9061 mov.w 0x000000000c099c06,r0      ours 600c extu.b r0,r0
0c099b42 retail 00ec mov.b @(r0,r14),r0               ours 8801 cmp/eq #1,r0
0c099b44 retail 600c extu.b r0,r0                     ours 8b03 bf 0x000000000c099b4e
0c099b46 retail 8801 cmp/eq #1,r0                     ours 4f26 lds.l @r15+,pr
0c099b48 retail 8b03 bf 0x000000000c099b52            ours 64e3 mov r14,r4
0c099b4a retail 4f26 lds.l @r15+,pr                   ours a020 bra 0x000000000c099b8e
0c099b4c retail 64e3 mov r14,r4                       ours 6ef6 mov.l @r15+,r14
0c099b4e retail a020 bra 0x000000000c099b92           ours 4f26 lds.l @r15+,pr
0c099b50 retail 6ef6 mov.l @r15+,r14                  ours 64e3 mov r14,r4
0c099b52 retail 4f26 lds.l @r15+,pr                   ours a000 bra 0x000000000c099b56
0c099b54 retail 64e3 mov r14,r4                       ours 6ef6 mov.l @r15+,r14
0c099b56 retail a000 bra 0x000000000c099b5a           ours 9058 mov.w 0x000000000c099c0a,r0
0c099b58 retail 6ef6 mov.l @r15+,r14                  ours 2fe6 mov.l r14,@-r15
0c099b5a retail 9055 mov.w 0x000000000c099c08,r0      ours 6e43 mov r4,r14
0c099b5c retail 2fe6 mov.l r14,@-r15                  ours 4f22 sts.l pr,@-r15
0c099b5e retail 6e43 mov r4,r14                       ours 00ec mov.b @(r0,r14),r0
0c099b60 retail 4f22 sts.l pr,@-r15                   ours 600c extu.b r0,r0
0c099b62 retail 00ec mov.b @(r0,r14),r0               ours 8800 cmp/eq #0,r0
0c099b64 retail 600c extu.b r0,r0                     ours 8905 bt 0x000000000c099b72
0c099b66 retail 8800 cmp/eq #0,r0                     ours 8801 cmp/eq #1,r0
0c099b68 retail 8905 bt 0x000000000c099b76            ours 8903 bt 0x000000000c099b72
0c099b6a retail 8801 cmp/eq #1,r0                     ours 8802 cmp/eq #2,r0
0c099b6c retail 8903 bt 0x000000000c099b76            ours 8901 bt 0x000000000c099b72
0c099b6e retail 8802 cmp/eq #2,r0                     ours a00b bra 0x000000000c099b88
0c099b70 retail 8901 bt 0x000000000c099b76            ours 0009 nop
0c099b72 retail a00b bra 0x000000000c099b8c           ours d327 mov.l 0x000000000c099c10,r3
0c099b74 retail 0009 nop                              ours 430b jsr @r3
0c099b76 retail d326 mov.l 0x000000000c099c10,r3      ours 64e3 mov r14,r4
0c099b78 retail 430b jsr @r3                          ours 600e exts.b r0,r0
0c099b7a retail 64e3 mov r14,r4                       ours 4011 cmp/pz r0
0c099b7c retail 600e exts.b r0,r0                     ours 8904 bt 0x000000000c099b88
0c099b7e retail 4011 cmp/pz r0                        ours 4f26 lds.l @r15+,pr
0c099b80 retail 8904 bt 0x000000000c099b8c            ours d324 mov.l 0x000000000c099c14,r3
0c099b82 retail 4f26 lds.l @r15+,pr                   ours 64e3 mov r14,r4
0c099b84 retail d323 mov.l 0x000000000c099c14,r3      ours 432b jmp @r3
0c099b86 retail 64e3 mov r14,r4                       ours 6ef6 mov.l @r15+,r14
0c099b88 retail 432b jmp @r3                          ours 4f26 lds.l @r15+,pr
0c099b8a retail 6ef6 mov.l @r15+,r14                  ours 000b rts
0c099b8c retail 4f26 lds.l @r15+,pr                   ours 6ef6 mov.l @r15+,r14
0c099b8e retail 000b rts                              ours 903c mov.w 0x000000000c099c0a,r0
0c099b90 retail 6ef6 mov.l @r15+,r14                  ours 2fe6 mov.l r14,@-r15
0c099b92 retail 9039 mov.w 0x000000000c099c08,r0      ours 6e43 mov r4,r14
0c099b94 retail 2fe6 mov.l r14,@-r15                  ours 4f22 sts.l pr,@-r15
0c099b96 retail 6e43 mov r4,r14                       ours 00ec mov.b @(r0,r14),r0
0c099b98 retail 4f22 sts.l pr,@-r15                   ours 600c extu.b r0,r0
0c099b9a retail 00ec mov.b @(r0,r14),r0               ours 8800 cmp/eq #0,r0
0c099b9c retail 600c extu.b r0,r0                     ours 8926 bt 0x000000000c099bec
0c099b9e retail 8802 cmp/eq #2,r0                     ours 8801 cmp/eq #1,r0
0c099ba0 retail 8905 bt 0x000000000c099bae            ours 8924 bt 0x000000000c099bec
0c099ba2 retail 8800 cmp/eq #0,r0                     ours 8802 cmp/eq #2,r0
0c099ba4 retail 8921 bt 0x000000000c099bea            ours 8b2d bf 0x000000000c099c02
0c099ba6 retail 8801 cmp/eq #1,r0                     ours d31a mov.l 0x000000000c099c10,r3
0c099ba8 retail 891f bt 0x000000000c099bea            ours 430b jsr @r3
0c099baa retail a029 bra 0x000000000c099c00           ours 64e3 mov r14,r4
0c099bac retail 0009 nop                              ours 600e exts.b r0,r0
0c099bae retail d318 mov.l 0x000000000c099c10,r3      ours 4011 cmp/pz r0
0c099bb0 retail 430b jsr @r3                          ours 8904 bt 0x000000000c099bbc
0c099bb2 retail 64e3 mov r14,r4                       ours 4f26 lds.l @r15+,pr
0c099bb4 retail 600e exts.b r0,r0                     ours d317 mov.l 0x000000000c099c14,r3
0c099bb6 retail 4011 cmp/pz r0                        ours 64e3 mov r14,r4
0c099bb8 retail 8b1d bf 0x000000000c099bf6            ours 432b jmp @r3
0c099bba retail 9026 mov.w 0x000000000c099c0a,r0      ours 6ef6 mov.l @r15+,r14
0c099bbc retail f38d fldi0 fr3                        ours 9026 mov.w 0x000000000c099c0c,r0
0c099bbe retail 03ec mov.b @(r0,r14),r3               ours f38d fldi0 fr3
0c099bc0 retail 435a lds r3,fpul                      ours 03ec mov.b @(r0,r14),r3
0c099bc2 retail f42d float fpul,fr4                   ours 435a lds r3,fpul
0c099bc4 retail f434 fcmp/eq fr3,fr4                  ours f42d float fpul,fr4
0c099bc6 retail 891b bt 0x000000000c099c00            ours f434 fcmp/eq fr3,fr4
0c099bc8 retail e100 mov #0,r1                        ours 891b bt 0x000000000c099c02
0c099bca retail 0e14 mov.b r1,@(r0,r14)               ours e100 mov #0,r1
0c099bcc retail 901e mov.w 0x000000000c099c0c,r0      ours 0e14 mov.b r1,@(r0,r14)
0c099bce retail 03ec mov.b @(r0,r14),r3               ours 901e mov.w 0x000000000c099c0e,r0
0c099bd0 retail 2338 tst r3,r3                        ours 03ec mov.b @(r0,r14),r3
0c099bd2 retail 8902 bt 0x000000000c099bda            ours 2338 tst r3,r3
0c099bd4 retail c710 mova 0x000000000c099c18,r0       ours 8902 bt 0x000000000c099bdc
0c099bd6 retail a002 bra 0x000000000c099bde           ours c710 mova 0x000000000c099c18,r0
0c099bd8 retail f308 fmov @r0,fr3                     ours a002 bra 0x000000000c099be0
0c099bda retail c710 mova 0x000000000c099c1c,r0       ours f308 fmov @r0,fr3
0c099bdc retail f308 fmov @r0,fr3                     ours c70f mova 0x000000000c099c1c,r0
0c099bde retail f432 fmul fr3,fr4                     ours f308 fmov @r0,fr3
0c099be0 retail e034 mov #52,r0                       ours f432 fmul fr3,fr4
0c099be2 retail f3e6 fmov @(r0,r14),fr3               ours e034 mov #52,r0
0c099be4 retail f340 fadd fr4,fr3                     ours f3e6 fmov @(r0,r14),fr3
0c099be6 retail a00b bra 0x000000000c099c00           ours f340 fadd fr4,fr3
0c099be8 retail fe37 fmov fr3,@(r0,r14)               ours a00b bra 0x000000000c099c02
0c099bea retail d209 mov.l 0x000000000c099c10,r2      ours fe37 fmov fr3,@(r0,r14)
0c099bec retail 420b jsr @r2                          ours d208 mov.l 0x000000000c099c10,r2
0c099bee retail 64e3 mov r14,r4                       ours 420b jsr @r2
0c099bf0 retail 600e exts.b r0,r0                     ours 64e3 mov r14,r4
0c099bf2 retail 4011 cmp/pz r0                        ours 600e exts.b r0,r0
0c099bf4 retail 8904 bt 0x000000000c099c00            ours 4011 cmp/pz r0
0c099bf6 retail 4f26 lds.l @r15+,pr                   ours 8904 bt 0x000000000c099c02
0c099bf8 retail d206 mov.l 0x000000000c099c14,r2      ours 4f26 lds.l @r15+,pr
0c099bfa retail 64e3 mov r14,r4                       ours d206 mov.l 0x000000000c099c14,r2
0c099bfc retail 422b jmp @r2                          ours 64e3 mov r14,r4
0c099bfe retail 6ef6 mov.l @r15+,r14                  ours 422b jmp @r2
0c099c00 retail 4f26 lds.l @r15+,pr                   ours 6ef6 mov.l @r15+,r14
0c099c02 retail 000b rts                              ours 4f26 lds.l @r15+,pr
0c099c04 retail 6ef6 mov.l @r15+,r14                  ours 000b rts
0c099c06 retail 01f9 error                            ours 6ef6 mov.l @r15+,r14
0c099c08 retail 01e8 error                            ours 01f9 error
0c099c0a retail 0141 error                            ours 01e8 error
0c099c0c retail 01d2 stc r5_bank,r1                   ours 0141 error
0c099c0e retail 0000 error                            ours 01d2 stc r5_bank,r1
0c099c20 retail 9061 mov.w 0x000000000c099ce6,r0      ours 905f mov.w 0x000000000c099ce2,r0
0c099c3c retail d32b mov.l 0x000000000c099cec,r3      ours d32a mov.l 0x000000000c099ce8,r3
0c099c4a retail d329 mov.l 0x000000000c099cf0,r3      ours d328 mov.l 0x000000000c099cec,r3
0c099c58 retail 9045 mov.w 0x000000000c099ce6,r0      ours 9043 mov.w 0x000000000c099ce2,r0
0c099c64 retail 8802 cmp/eq #2,r0                     ours 8800 cmp/eq #0,r0
0c099c66 retail 8905 bt 0x000000000c099c74            ours 8907 bt 0x000000000c099c78
0c099c68 retail 8800 cmp/eq #0,r0                     ours 8801 cmp/eq #1,r0
0c099c6a retail 8907 bt 0x000000000c099c7c            ours 8905 bt 0x000000000c099c78
0c099c6c retail 8801 cmp/eq #1,r0                     ours 8802 cmp/eq #2,r0
0c099c6e retail 8905 bt 0x000000000c099c7c            ours 8b0e bf 0x000000000c099c8e
0c099c70 retail a00f bra 0x000000000c099c92           ours 4f26 lds.l @r15+,pr
0c099c72 retail 0009 nop                              ours 64e3 mov r14,r4
0c099c74 retail 4f26 lds.l @r15+,pr                   ours a00e bra 0x000000000c099c94
0c099c76 retail 64e3 mov r14,r4                       ours 6ef6 mov.l @r15+,r14
0c099c78 retail a00e bra 0x000000000c099c98           ours d31b mov.l 0x000000000c099ce8,r3
0c099c7a retail 6ef6 mov.l @r15+,r14                  ours 430b jsr @r3
0c099c7c retail d31b mov.l 0x000000000c099cec,r3      ours 64e3 mov r14,r4
0c099c7e retail 430b jsr @r3                          ours 600e exts.b r0,r0
0c099c80 retail 64e3 mov r14,r4                       ours 4011 cmp/pz r0
0c099c82 retail 600e exts.b r0,r0                     ours 8904 bt 0x000000000c099c8e
0c099c84 retail 4011 cmp/pz r0                        ours 4f26 lds.l @r15+,pr
0c099c86 retail 8904 bt 0x000000000c099c92            ours d319 mov.l 0x000000000c099cec,r3
0c099c88 retail 4f26 lds.l @r15+,pr                   ours 64e3 mov r14,r4
0c099c8a retail d319 mov.l 0x000000000c099cf0,r3      ours 432b jmp @r3
0c099c8c retail 64e3 mov r14,r4                       ours 6ef6 mov.l @r15+,r14
0c099c8e retail 432b jmp @r3                          ours 4f26 lds.l @r15+,pr
0c099c90 retail 6ef6 mov.l @r15+,r14                  ours 000b rts
0c099c92 retail 4f26 lds.l @r15+,pr                   ours 6ef6 mov.l @r15+,r14
0c099c94 retail 000b rts                              ours 2fe6 mov.l r14,@-r15
0c099c96 retail 6ef6 mov.l @r15+,r14                  ours 6e43 mov r4,r14
0c099c98 retail 2fe6 mov.l r14,@-r15                  ours 4f22 sts.l pr,@-r15
0c099c9a retail 6e43 mov r4,r14                       ours 84e6 mov.b @(6,r14),r0
0c099c9c retail 4f22 sts.l pr,@-r15                   ours 2008 tst r0,r0
0c099c9e retail 84e6 mov.b @(6,r14),r0                ours 8b2f bf 0x000000000c099d00
0c099ca0 retail 2008 tst r0,r0                        ours d311 mov.l 0x000000000c099ce8,r3
0c099ca2 retail 8b2f bf 0x000000000c099d04            ours 430b jsr @r3
0c099ca4 retail d311 mov.l 0x000000000c099cec,r3      ours 64e3 mov r14,r4
0c099ca6 retail 430b jsr @r3                          ours 901d mov.w 0x000000000c099ce4,r0
0c099ca8 retail 64e3 mov r14,r4                       ours 02ec mov.b @(r0,r14),r2
0c099caa retail 901d mov.w 0x000000000c099ce8,r0      ours 2228 tst r2,r2
0c099cac retail 02ec mov.b @(r0,r14),r2               ours 8951 bt 0x000000000c099d52
0c099cae retail 2228 tst r2,r2                        ours 84e6 mov.b @(6,r14),r0
0c099cb0 retail 8951 bt 0x000000000c099d56            ours 7001 add #1,r0
0c099cb2 retail 84e6 mov.b @(6,r14),r0                ours 80e6 mov.b r0,@(6,r14)
0c099cb4 retail 7001 add #1,r0                        ours 9017 mov.w 0x000000000c099ce6,r0
0c099cb6 retail 80e6 mov.b r0,@(6,r14)                ours 03ec mov.b @(r0,r14),r3
0c099cb8 retail 9017 mov.w 0x000000000c099cea,r0      ours 2338 tst r3,r3
0c099cba retail 03ec mov.b @(r0,r14),r3               ours 8902 bt 0x000000000c099cc2
0c099cbc retail 2338 tst r3,r3                        ours c70c mova 0x000000000c099cf0,r0
0c099cbe retail 8902 bt 0x000000000c099cc6            ours a002 bra 0x000000000c099cc6
0c099cc0 retail c70c mova 0x000000000c099cf4,r0       ours f308 fmov @r0,fr3
0c099cc2 retail a002 bra 0x000000000c099cca           ours c70c mova 0x000000000c099cf4,r0
0c099cc6 retail c70c mova 0x000000000c099cf8,r0       ours e05c mov #92,r0
0c099cc8 retail f308 fmov @r0,fr3                     ours fe37 fmov fr3,@(r0,r14)
0c099cca retail e05c mov #92,r0                       ours 900c mov.w 0x000000000c099ce6,r0
0c099ccc retail fe37 fmov fr3,@(r0,r14)               ours 03ec mov.b @(r0,r14),r3
0c099cce retail 900c mov.w 0x000000000c099cea,r0      ours 2338 tst r3,r3
0c099cd0 retail 03ec mov.b @(r0,r14),r3               ours 8902 bt 0x000000000c099cd8
0c099cd2 retail 2338 tst r3,r3                        ours c709 mova 0x000000000c099cf8,r0
0c099cd4 retail 8902 bt 0x000000000c099cdc            ours a002 bra 0x000000000c099cdc
0c099cd6 retail c709 mova 0x000000000c099cfc,r0       ours f308 fmov @r0,fr3
0c099cd8 retail a002 bra 0x000000000c099ce0           ours c708 mova 0x000000000c099cfc,r0
0c099cdc retail c708 mova 0x000000000c099d00,r0       ours e068 mov #104,r0
0c099cde retail f308 fmov @r0,fr3                     ours a038 bra 0x000000000c099d52
0c099ce0 retail e068 mov #104,r0                      ours fe37 fmov fr3,@(r0,r14)
0c099ce2 retail a038 bra 0x000000000c099d56           ours 01e8 error
0c099ce4 retail fe37 fmov fr3,@(r0,r14)               ours 0141 error
0c099ce6 retail 01e8 error                            ours 01d2 stc r5_bank,r1
0c099ce8 retail 0141 error                            ours a026 bra 0x000000000c099d38
0c099cea retail 01d2 stc r5_bank,r1                   ours 0c02 stc sr,r12
0c099cec retail a026 bra 0x000000000c099d3c           ours 37b8 sub r11,r7
0c099cee retail 0c02 stc sr,r12                       ours 0c04 mov.b r0,@(r0,r12)
0c099cf0 retail 37b8 sub r11,r7                       ours aaa9 bra 0x000000000c099246
0c099cf2 retail 0c04 mov.b r0,@(r0,r12)               ours 4162 sts.l fpscr,@-r1
0c099cf4 retail aaaa bra 0x000000000c09924c           ours aaa9 bra 0x000000000c09924a
0c099cf6 retail 4162 sts.l fpscr,@-r1                 ours c162 mov.w r0,@(196,gbr)
0c099cf8 retail aaaa bra 0x000000000c099250           ours aaa9 bra 0x000000000c09924e
0c099cfa retail c162 mov.w r0,@(196,gbr)              ours bf3a bsr 0x000000000c099b72
0c099cfc retail aaaa bra 0x000000000c099254           ours aaa9 bra 0x000000000c099252
0c099cfe retail bf3a bsr 0x000000000c099b76           ours 3f3a subc r3,r15
0c099d00 retail aaaa bra 0x000000000c099258           ours d23d mov.l 0x000000000c099df8,r2
0c099d02 retail 3f3a subc r3,r15                      ours 420b jsr @r2
0c099d04 retail d23d mov.l 0x000000000c099dfc,r2      ours 64e3 mov r14,r4
0c099d06 retail 420b jsr @r2                          ours 9075 mov.w 0x000000000c099df4,r0
0c099d08 retail 64e3 mov r14,r4                       ours 03ec mov.b @(r0,r14),r3
0c099d0a retail 9075 mov.w 0x000000000c099df8,r0      ours 2338 tst r3,r3
0c099d0c retail 03ec mov.b @(r0,r14),r3               ours 8906 bt 0x000000000c099d1c
0c099d0e retail 2338 tst r3,r3                        ours e15c mov #92,r1
0c099d10 retail 8906 bt 0x000000000c099d20            ours 31ec add r14,r1
0c099d12 retail e15c mov #92,r1                       ours e034 mov #52,r0
0c099d14 retail 31ec add r14,r1                       ours f318 fmov @r1,fr3
0c099d16 retail e034 mov #52,r0                       ours f2e6 fmov @(r0,r14),fr2
0c099d18 retail f318 fmov @r1,fr3                     ours f230 fadd fr3,fr2
0c099d1a retail f2e6 fmov @(r0,r14),fr2               ours fe27 fmov fr2,@(r0,r14)
0c099d1c retail f230 fadd fr3,fr2                     ours e168 mov #104,r1
0c099d1e retail fe27 fmov fr2,@(r0,r14)               ours d337 mov.l 0x000000000c099dfc,r3
0c099d20 retail e168 mov #104,r1                      ours 31ec add r14,r1
0c099d22 retail d337 mov.l 0x000000000c099e00,r3      ours e05c mov #92,r0
0c099d24 retail 31ec add r14,r1                       ours f318 fmov @r1,fr3
0c099d26 retail e05c mov #92,r0                       ours f2e6 fmov @(r0,r14),fr2
0c099d28 retail f318 fmov @r1,fr3                     ours f230 fadd fr3,fr2
0c099d2a retail f2e6 fmov @(r0,r14),fr2               ours fe27 fmov fr2,@(r0,r14)
0c099d2c retail f230 fadd fr3,fr2                     ours 430b jsr @r3
0c099d2e retail fe27 fmov fr2,@(r0,r14)               ours 64e3 mov r14,r4
0c099d30 retail 430b jsr @r3                          ours 600e exts.b r0,r0
0c099d32 retail 64e3 mov r14,r4                       ours 4011 cmp/pz r0
0c099d34 retail 600e exts.b r0,r0                     ours 890d bt 0x000000000c099d52
0c099d36 retail 4011 cmp/pz r0                        ours e05c mov #92,r0
0c099d38 retail 890d bt 0x000000000c099d56            ours f48d fldi0 fr4
0c099d3a retail e05c mov #92,r0                       ours fe47 fmov fr4,@(r0,r14)
0c099d3c retail f48d fldi0 fr4                        ours e060 mov #96,r0
0c099d40 retail e060 mov #96,r0                       ours e068 mov #104,r0
0c099d44 retail e068 mov #104,r0                      ours e06c mov #108,r0
0c099d46 retail fe47 fmov fr4,@(r0,r14)               ours d32e mov.l 0x000000000c099e00,r3
0c099d48 retail e06c mov #108,r0                      ours 64e3 mov r14,r4
0c099d4a retail d32e mov.l 0x000000000c099e04,r3      ours fe47 fmov fr4,@(r0,r14)
0c099d4c retail 64e3 mov r14,r4                       ours 4f26 lds.l @r15+,pr
0c099d4e retail fe47 fmov fr4,@(r0,r14)               ours 432b jmp @r3
0c099d50 retail 4f26 lds.l @r15+,pr                   ours 6ef6 mov.l @r15+,r14
0c099d52 retail 432b jmp @r3                          ours 4f26 lds.l @r15+,pr
0c099d54 retail 6ef6 mov.l @r15+,r14                  ours 000b rts
0c099d56 retail 4f26 lds.l @r15+,pr                   ours 6ef6 mov.l @r15+,r14
0c099d58 retail 000b rts                              ours 2fe6 mov.l r14,@-r15
0c099d5a retail 6ef6 mov.l @r15+,r14                  ours 4f22 sts.l pr,@-r15
0c099d5c retail 2fe6 mov.l r14,@-r15                  ours d329 mov.l 0x000000000c099e04,r3
0c099d5e retail 4f22 sts.l pr,@-r15                   ours 430b jsr @r3
0c099d60 retail d329 mov.l 0x000000000c099e08,r3      ours 6e43 mov r4,r14
0c099d62 retail 430b jsr @r3                          ours d229 mov.l 0x000000000c099e08,r2
0c099d64 retail 6e43 mov r4,r14                       ours 420b jsr @r2
0c099d66 retail d229 mov.l 0x000000000c099e0c,r2      ours 64e3 mov r14,r4
0c099d68 retail 420b jsr @r2                          ours 4f26 lds.l @r15+,pr
0c099d6c retail 4f26 lds.l @r15+,pr                   ours 6ef6 mov.l @r15+,r14
0c099d6e retail 64e3 mov r14,r4                       ours 2fe6 mov.l r14,@-r15
0c099d70 retail 6ef6 mov.l @r15+,r14                  ours 4f22 sts.l pr,@-r15
0c099d72 retail 2fe6 mov.l r14,@-r15                  ours d326 mov.l 0x000000000c099e0c,r3
0c099d74 retail 4f22 sts.l pr,@-r15                   ours 430b jsr @r3
0c099d76 retail d326 mov.l 0x000000000c099e10,r3      ours 6e43 mov r4,r14
0c099d78 retail 430b jsr @r3                          ours d225 mov.l 0x000000000c099e10,r2
0c099d7a retail 6e43 mov r4,r14                       ours 420b jsr @r2
0c099d7c retail d225 mov.l 0x000000000c099e14,r2      ours 64e3 mov r14,r4
0c099d7e retail 420b jsr @r2                          ours 903a mov.w 0x000000000c099df6,r0
0c099d80 retail 64e3 mov r14,r4                       ours 00ec mov.b @(r0,r14),r0
0c099d82 retail 903a mov.w 0x000000000c099dfa,r0      ours 600c extu.b r0,r0
0c099d84 retail 00ec mov.b @(r0,r14),r0               ours 8801 cmp/eq #1,r0
0c099d86 retail 600c extu.b r0,r0                     ours 8b03 bf 0x000000000c099d90
0c099d88 retail 8801 cmp/eq #1,r0                     ours b023 bsr 0x000000000c099dd2
0c099d8a retail 8b03 bf 0x000000000c099d94            ours 64e3 mov r14,r4
0c099d8c retail b023 bsr 0x000000000c099dd6           ours a002 bra 0x000000000c099d94
0c099d8e retail 64e3 mov r14,r4                       ours 0009 nop
0c099d90 retail a002 bra 0x000000000c099d98           ours b00e bsr 0x000000000c099db0
0c099d92 retail 0009 nop                              ours 64e3 mov r14,r4
0c099d94 retail b00e bsr 0x000000000c099db4           ours d31f mov.l 0x000000000c099e14,r3
0c099d96 retail 64e3 mov r14,r4                       ours 430b jsr @r3
0c099d98 retail d31f mov.l 0x000000000c099e18,r3      ours 64e3 mov r14,r4
0c099d9a retail 430b jsr @r3                          ours 600c extu.b r0,r0
0c099d9c retail 64e3 mov r14,r4                       ours 2008 tst r0,r0
0c099d9e retail 600c extu.b r0,r0                     ours 8904 bt 0x000000000c099daa
0c099da0 retail 2008 tst r0,r0                        ours 4f26 lds.l @r15+,pr
0c099da2 retail 8904 bt 0x000000000c099dae            ours d31d mov.l 0x000000000c099e18,r3
0c099da4 retail 4f26 lds.l @r15+,pr                   ours 64e3 mov r14,r4
0c099da6 retail d31d mov.l 0x000000000c099e1c,r3      ours 432b jmp @r3
0c099da8 retail 64e3 mov r14,r4                       ours 6ef6 mov.l @r15+,r14
0c099daa retail 432b jmp @r3                          ours 4f26 lds.l @r15+,pr
0c099dac retail 6ef6 mov.l @r15+,r14                  ours 000b rts
0c099dae retail 4f26 lds.l @r15+,pr                   ours 6ef6 mov.l @r15+,r14
0c099db0 retail 000b rts                              ours 4f22 sts.l pr,@-r15
0c099db2 retail 6ef6 mov.l @r15+,r14                  ours 7ffc add #-4,r15
0c099db4 retail 4f22 sts.l pr,@-r15                   ours d311 mov.l 0x000000000c099dfc,r3
0c099db6 retail 7ffc add #-4,r15                      ours 430b jsr @r3
0c099db8 retail d311 mov.l 0x000000000c099e00,r3      ours 2f42 mov.l r4,@r15
0c099dba retail 430b jsr @r3                          ours 600e exts.b r0,r0
0c099dbc retail 2f42 mov.l r4,@r15                    ours 4011 cmp/pz r0
0c099dbe retail 600e exts.b r0,r0                     ours 8904 bt 0x000000000c099dca
0c099dc0 retail 4011 cmp/pz r0                        ours 64f2 mov.l @r15,r4
0c099dc2 retail 8904 bt 0x000000000c099dce            ours 7f04 add #4,r15
0c099dc4 retail 64f2 mov.l @r15,r4                    ours d315 mov.l 0x000000000c099e1c,r3
0c099dc6 retail 7f04 add #4,r15                       ours 432b jmp @r3
0c099dc8 retail d315 mov.l 0x000000000c099e20,r3      ours 4f26 lds.l @r15+,pr
0c099dca retail 432b jmp @r3                          ours 7f04 add #4,r15
0c099dce retail 7f04 add #4,r15                       ours 000b rts
0c099dd0 retail 4f26 lds.l @r15+,pr                   ours 0009 nop
0c099dd2 retail 000b rts                              ours 4f22 sts.l pr,@-r15
0c099dd4 retail 0009 nop                              ours 7ffc add #-4,r15
0c099dd6 retail 4f22 sts.l pr,@-r15                   ours d309 mov.l 0x000000000c099dfc,r3
0c099dd8 retail 7ffc add #-4,r15                      ours 430b jsr @r3
0c099dda retail d309 mov.l 0x000000000c099e00,r3      ours 2f42 mov.l r4,@r15
0c099ddc retail 430b jsr @r3                          ours 600e exts.b r0,r0
0c099dde retail 2f42 mov.l r4,@r15                    ours 4011 cmp/pz r0
0c099de0 retail 600e exts.b r0,r0                     ours 8904 bt 0x000000000c099dec
0c099de2 retail 4011 cmp/pz r0                        ours 64f2 mov.l @r15,r4
0c099de4 retail 8904 bt 0x000000000c099df0            ours 7f04 add #4,r15
0c099de6 retail 64f2 mov.l @r15,r4                    ours d30d mov.l 0x000000000c099e1c,r3
0c099de8 retail 7f04 add #4,r15                       ours 432b jmp @r3
0c099dea retail d30d mov.l 0x000000000c099e20,r3      ours 4f26 lds.l @r15+,pr
0c099dec retail 432b jmp @r3                          ours 7f04 add #4,r15
0c099df0 retail 7f04 add #4,r15                       ours 000b rts
0c099df2 retail 4f26 lds.l @r15+,pr                   ours 0009 nop
0c099df4 retail 000b rts                              ours 0141 error
0c099df6 retail 0009 nop                              ours 01fe mov.l @(r0,r15),r1
0c099df8 retail 0141 error                            ours 3352 cmp/hs r5,r3
0c099dfa retail 01fe mov.l @(r0,r15),r1               ours 0c04 mov.b r0,@(r0,r12)
0c099dfc retail 3352 cmp/hs r5,r3                     ours a026 bra 0x000000000c099e4c
0c099dfe retail 0c04 mov.b r0,@(r0,r12)               ours 0c02 stc sr,r12
0c099e00 retail a026 bra 0x000000000c099e50           ours 37b8 sub r11,r7
0c099e02 retail 0c02 stc sr,r12                       ours 0c04 mov.b r0,@(r0,r12)
0c099e04 retail 37b8 sub r11,r7                       ours 21f4 mov.b r15,@-r1
0c099e08 retail 21f4 mov.b r15,@-r1                   ours 20f8 tst r15,r0
0c099e0c retail 20f8 tst r15,r0                       ours 2018 tst r1,r0
0c099e10 retail 2018 tst r1,r0                        ours 21b8 tst r11,r1
0c099e14 retail 21b8 tst r11,r1                       ours 4e52 sts.l fpul,@-r14
0c099e18 retail 4e52 sts.l fpul,@-r14                 ours 4f1c shad r1,r15
0c099e1c retail 4f1c shad r1,r15                      ours 38de addc r13,r8
PROBLEM Wrong exported symbol address: _func_0c09982c
PROBLEM Wrong exported symbol address: _func_0c09983e
PROBLEM Wrong exported symbol address: _func_0c09995a
PROBLEM Wrong exported symbol address: _func_0c099a7e
PROBLEM Wrong exported symbol address: _func_0c099a92
PROBLEM Wrong exported symbol address: _func_0c099aa0
PROBLEM Wrong exported symbol address: _func_0c099b5a
PROBLEM Wrong exported symbol address: _func_0c099b92
PROBLEM Wrong exported symbol address: _func_0c099c98
PROBLEM Wrong exported symbol address: _func_0c099d5c
PROBLEM Wrong exported symbol address: _func_0c099d72
PROBLEM Wrong exported symbol address: _func_0c099db4
PROBLEM Wrong exported symbol address: _func_0c099dd6
PROBLEM Not an exact section match: P
PROBLEM Linked image contains extra or missing initialized bytes
PROBLEM Linked image contains extra or missing memory bytes
DIFFERS
