{
  "snapshot": "work/handoff-since-2f779d4-2630debe-v2",
  "proof_status": "PASS all frozen sources/header hashes unchanged; all whole comparisons complete",
  "draft_count": 17,
  "results": [
    {
      "name": "1a72d4",
      "status": "INEXACT",
      "proof": "work/handoff-since-2f779d4-2630debe-v2/proofs/tu_0c1a72d4-whole-proof.json",
      "proof_sha256": "996a1bc3bdb95c8c8b94aba51884faadf53a273940fa453dfa72e04f999c2d62",
      "log": "work/handoff-since-2f779d4-2630debe-v2/proofs/tu_0c1a72d4-whole-proof.log",
      "log_sha256": "3ebe05e512052498f9c7e70459fc1649e6975fb5935978bcb02ff95db51aac40",
      "sections": [
        {
          "section": "P",
          "equal_bytes": 605,
          "size": 1116,
          "linked_size": 1120
        }
      ],
      "problems": [
        "Wrong exported symbol address: _func_0c1a7546",
        "Wrong exported symbol address: _func_0c1a75c2",
        "Wrong exported symbol address: _func_0c1a769e",
        "Not an exact section match: P",
        "Linked image contains extra or missing initialized bytes",
        "Linked image contains extra or missing memory bytes"
      ],
      "credit": 0
    },
    {
      "name": "1a9e8c",
      "status": "INEXACT",
      "proof": "work/handoff-since-2f779d4-2630debe-v2/proofs/tu_0c1a9e8c-whole-proof.json",
      "proof_sha256": "adf84bbd708da0e463501a0491b735f37b8200152fd459073e48914d39a51170",
      "log": "work/handoff-since-2f779d4-2630debe-v2/proofs/tu_0c1a9e8c-whole-proof.log",
      "log_sha256": "7f037834c3f72edfc1d8e6372da04480abd7908dae2920844ce1999ecc6e4ce5",
      "sections": [
        {
          "section": "P",
          "equal_bytes": 0,
          "size": 1160,
          "linked_size": 1152
        }
      ],
      "problems": [
        "Wrong exported symbol address: _func_0c1aa00a",
        "Wrong exported symbol address: _func_0c1aa050",
        "Wrong exported symbol address: _func_0c1aa092",
        "Wrong exported symbol address: _func_0c1aa0b0",
        "Wrong exported symbol address: _func_0c1aa0ea",
        "Wrong exported symbol address: _func_0c1aa12a",
        "Wrong exported symbol address: _func_0c1aa162",
        "Wrong exported symbol address: _func_0c1aa200",
        "Wrong exported symbol address: _func_0c1aa232",
        "Wrong exported symbol address: _func_0c1aa260",
        "Wrong exported symbol address: _func_0c1aa26e",
        "Wrong exported symbol address: _func_0c1aa274",
        "Wrong exported symbol address: _func_0c1aa2bc",
        "Not an exact section match: P",
        "Linked image contains extra or missing initialized bytes",
        "Linked image contains extra or missing memory bytes"
      ],
      "credit": 0
    },
    {
      "name": "1b644c",
      "status": "INEXACT",
      "proof": "work/handoff-since-2f779d4-2630debe-v2/proofs/tu_0c1b644c-whole-proof.json",
      "proof_sha256": "17d51e5376b1327e26ce8a7e2d07a5045b1a40d464c2ddc9aba2d5c01248a044",
      "log": "work/handoff-since-2f779d4-2630debe-v2/proofs/tu_0c1b644c-whole-proof.log",
      "log_sha256": "5c59c7e24564afbb6cd938c0071abda4d07d78a6f111c21db15e0308a04af709",
      "sections": [
        {
          "section": "P",
          "equal_bytes": 0,
          "size": 1436,
          "linked_size": 1428
        }
      ],
      "problems": [
        "Wrong exported symbol address: _func_0c1b6650",
        "Not an exact section match: P",
        "Linked image contains extra or missing initialized bytes",
        "Linked image contains extra or missing memory bytes"
      ],
      "credit": 0
    },
    {
      "name": "1b8c4c",
      "status": "INEXACT",
      "proof": "work/handoff-since-2f779d4-2630debe-v2/proofs/tu_0c1b8c4c-whole-proof.json",
      "proof_sha256": "39d57d58364b2b1c4941ac8081d16075fe3c45b177b530bd08235748043a03b5",
      "log": "work/handoff-since-2f779d4-2630debe-v2/proofs/tu_0c1b8c4c-whole-proof.log",
      "log_sha256": "3e25fb86c132cabcc21b516970abaa560cc3400a5636affd1cd6b935b94cf3c1",
      "sections": [
        {
          "section": "P",
          "equal_bytes": 108,
          "size": 1428,
          "linked_size": 1444
        }
      ],
      "problems": [
        "Wrong exported symbol address: _func_0c1b8cac",
        "Wrong exported symbol address: _func_0c1b8cc0",
        "Wrong exported symbol address: _func_0c1b8d24",
        "Wrong exported symbol address: _func_0c1b8d36",
        "Wrong exported symbol address: _func_0c1b8e6c",
        "Wrong exported symbol address: _func_0c1b8f10",
        "Wrong exported symbol address: _func_0c1b8f3e",
        "Wrong exported symbol address: _func_0c1b8f70",
        "Wrong exported symbol address: _func_0c1b9028",
        "Wrong exported symbol address: _func_0c1b91b6",
        "Wrong exported symbol address: _func_0c1b91c4",
        "Not an exact section match: P",
        "Linked image contains extra or missing initialized bytes",
        "Linked image contains extra or missing memory bytes"
      ],
      "credit": 0
    },
    {
      "name": "1bb1d0",
      "status": "INEXACT",
      "proof": "work/handoff-since-2f779d4-2630debe-v2/proofs/tu_0c1bb1d0-whole-proof.json",
      "proof_sha256": "067841c49028a361c0d31cd3e151a79e8ffd179420f38f07ed15ec898fc9bca1",
      "log": "work/handoff-since-2f779d4-2630debe-v2/proofs/tu_0c1bb1d0-whole-proof.log",
      "log_sha256": "d39218860e3455777c992fab5c1aac81c994b6b0606e155490c676a39e24fc1c",
      "sections": [
        {
          "section": "P",
          "equal_bytes": 635,
          "size": 1336,
          "linked_size": 1340
        }
      ],
      "problems": [
        "Wrong exported symbol address: _func_0c1bb46c",
        "Wrong exported symbol address: _func_0c1bb4ae",
        "Wrong exported symbol address: _func_0c1bb4fc",
        "Wrong exported symbol address: _func_0c1bb548",
        "Wrong exported symbol address: _func_0c1bb640",
        "Wrong exported symbol address: _func_0c1bb676",
        "Wrong exported symbol address: _func_0c1bb688",
        "Not an exact section match: P",
        "Linked image contains extra or missing initialized bytes",
        "Linked image contains extra or missing memory bytes"
      ],
      "credit": 0
    },
    {
      "name": "1c5480",
      "status": "INEXACT",
      "proof": "work/handoff-since-2f779d4-2630debe-v2/proofs/tu_0c1c5480-whole-proof.json",
      "proof_sha256": "e709d657fd60eb93ac54024547bb5a0668155a4dd75f4dad4d46315e8820d648",
      "log": "work/handoff-since-2f779d4-2630debe-v2/proofs/tu_0c1c5480-whole-proof.log",
      "log_sha256": "e0b34cbea0259e0ebaf67588b27643da2de1cfd3ae473aae1f4edcef75d5b10a",
      "sections": [
        {
          "section": "P",
          "equal_bytes": 845,
          "size": 1016,
          "linked_size": 1016
        }
      ],
      "problems": [
        "Wrong exported symbol address: _func_0c1c567e",
        "Wrong exported symbol address: _func_0c1c5682",
        "Wrong exported symbol address: _func_0c1c5688",
        "Wrong exported symbol address: _func_0c1c56d8",
        "Not an exact section match: P"
      ],
      "credit": 0
    },
    {
      "name": "1c7ac4",
      "status": "INEXACT",
      "proof": "work/handoff-since-2f779d4-2630debe-v2/proofs/tu_0c1c7ac4-whole-proof.json",
      "proof_sha256": "9178a8ce5fb19b4515dd1f0eebee1e2e9b19c4cb6f26d45c3f8f38f4a290d8ba",
      "log": "work/handoff-since-2f779d4-2630debe-v2/proofs/tu_0c1c7ac4-whole-proof.log",
      "log_sha256": "eb5fee4a3a6deba9409067d952f4e20643c558ac5d635c1ac566f33d74fb750a",
      "sections": [
        {
          "section": "P",
          "equal_bytes": 742,
          "size": 776,
          "linked_size": 776
        }
      ],
      "problems": [
        "Not an exact section match: P"
      ],
      "credit": 0
    },
    {
      "name": "1c4294",
      "status": "INEXACT",
      "proof": "work/handoff-since-2f779d4-2630debe-v2/proofs/tu_0c1c4294-whole-proof.json",
      "proof_sha256": "ded861426ef44f642f7e61b91415a62d8700cb62b2d32a783e4f0a3d23e63f9e",
      "log": "work/handoff-since-2f779d4-2630debe-v2/proofs/tu_0c1c4294-whole-proof.log",
      "log_sha256": "07cc4cc89f62b8fd78778f52026e9c1e0f3a96482d3c84e30c465f5b847c369b",
      "sections": [
        {
          "section": "P",
          "equal_bytes": 74,
          "size": 1312,
          "linked_size": 1316
        }
      ],
      "problems": [
        "Wrong exported symbol address: _func_0c1c43ee",
        "Wrong exported symbol address: _func_0c1c4464",
        "Wrong exported symbol address: _func_0c1c4476",
        "Wrong exported symbol address: _func_0c1c44a0",
        "Wrong exported symbol address: _func_0c1c44dc",
        "Wrong exported symbol address: _func_0c1c4524",
        "Wrong exported symbol address: _func_0c1c45b2",
        "Wrong exported symbol address: _func_0c1c45d4",
        "Wrong exported symbol address: _func_0c1c465a",
        "Wrong exported symbol address: _func_0c1c46aa",
        "Not an exact section match: P",
        "Linked image contains extra or missing initialized bytes",
        "Linked image contains extra or missing memory bytes"
      ],
      "credit": 0
    },
    {
      "name": "1bc230",
      "status": "INEXACT",
      "proof": "work/handoff-since-2f779d4-2630debe-v2/proofs/tu_0c1bc230-whole-proof.json",
      "proof_sha256": "4b9eb6339535876a46c8b863369d18fb6e9d1590ac4aebe87c07794cdd65a1f6",
      "log": "work/handoff-since-2f779d4-2630debe-v2/proofs/tu_0c1bc230-whole-proof.log",
      "log_sha256": "c650eb10aec558c43a70a843bde87afb4088ddb61b133c4d45c3ff6b452d1be4",
      "sections": [
        {
          "section": "P",
          "equal_bytes": 61,
          "size": 268,
          "linked_size": 268
        }
      ],
      "problems": [
        "Not an exact section match: P"
      ],
      "credit": 0
    },
    {
      "name": "1b1910",
      "status": "INEXACT",
      "proof": "work/handoff-since-2f779d4-2630debe-v2/proofs/tu_0c1b1910-whole-proof.json",
      "proof_sha256": "a1ad38f3be4aa7d94bd2196f0dcb5412cd345110282eadaef35ed36073fd3e9b",
      "log": "work/handoff-since-2f779d4-2630debe-v2/proofs/tu_0c1b1910-whole-proof.log",
      "log_sha256": "dc29ca93d78efb87a762b735154f12d3bd63d70e09633f3a4ec5a6d2834716d3",
      "sections": [
        {
          "section": "P",
          "equal_bytes": 418,
          "size": 984,
          "linked_size": 996
        }
      ],
      "problems": [
        "Wrong exported symbol address: _func_0c1b1a74",
        "Wrong exported symbol address: _func_0c1b1b66",
        "Not an exact section match: P",
        "Linked image contains extra or missing initialized bytes",
        "Linked image contains extra or missing memory bytes"
      ],
      "credit": 0
    },
    {
      "name": "1b2a40",
      "status": "INEXACT",
      "proof": "work/handoff-since-2f779d4-2630debe-v2/proofs/tu_0c1b2a40-whole-proof.json",
      "proof_sha256": "bc76c4ee2089f5a523b9033f7766a738ef68133c83e16dc9686070e92acba235",
      "log": "work/handoff-since-2f779d4-2630debe-v2/proofs/tu_0c1b2a40-whole-proof.log",
      "log_sha256": "cae8db03f51c8e4ea1933acfbd5465ea06cb9539b3490b85b7b39fc76f40772d",
      "sections": [
        {
          "section": "P",
          "equal_bytes": 0,
          "size": 976,
          "linked_size": 968
        }
      ],
      "problems": [
        "Wrong exported symbol address: _func_0c1b2c36",
        "Wrong exported symbol address: _func_0c1b2c48",
        "Wrong exported symbol address: _func_0c1b2d3c",
        "Wrong exported symbol address: _func_0c1b2dd8",
        "Wrong exported symbol address: _func_0c1b2de2",
        "Not an exact section match: P",
        "Linked image contains extra or missing initialized bytes",
        "Linked image contains extra or missing memory bytes"
      ],
      "credit": 0
    },
    {
      "name": "1bc0ac",
      "status": "INEXACT",
      "proof": "work/handoff-since-2f779d4-2630debe-v2/proofs/tu_0c1bc0ac-whole-proof.json",
      "proof_sha256": "bfba33c663a22f89cabeedb325eba04aaf8b1cf4c55627d028f05ca13dfce48b",
      "log": "work/handoff-since-2f779d4-2630debe-v2/proofs/tu_0c1bc0ac-whole-proof.log",
      "log_sha256": "0f22ef0485d97fbb44c23330840e55fd18e4abff112ace07d01de9b049b7b7ec",
      "sections": [
        {
          "section": "P",
          "equal_bytes": 112,
          "size": 388,
          "linked_size": 388
        }
      ],
      "problems": [
        "Wrong exported symbol address: _func_0c1bc15e",
        "Wrong exported symbol address: _func_0c1bc17c",
        "Not an exact section match: P"
      ],
      "credit": 0
    },
    {
      "name": "1bbe90",
      "status": "INEXACT",
      "proof": "work/handoff-since-2f779d4-2630debe-v2/proofs/tu_0c1bbe90-whole-proof.json",
      "proof_sha256": "71f77f87d390f498a083b6d1fdb23474a494c5659f7d68bb27ca6812450a49b4",
      "log": "work/handoff-since-2f779d4-2630debe-v2/proofs/tu_0c1bbe90-whole-proof.log",
      "log_sha256": "02f6a0d6edca45a30610cb5ad6b37379d20f9d410a7f7b7022c84809919fd6ae",
      "sections": [
        {
          "section": "P",
          "equal_bytes": 13,
          "size": 540,
          "linked_size": 552
        }
      ],
      "problems": [
        "Wrong exported symbol address: _func_0c1bbfcc",
        "Wrong exported symbol address: _func_0c1bc070",
        "Wrong exported symbol address: _func_0c1bc07e",
        "Not an exact section match: P",
        "Linked image contains extra or missing initialized bytes",
        "Linked image contains extra or missing memory bytes"
      ],
      "credit": 0
    },
    {
      "name": "1b1050-148c",
      "status": "INEXACT",
      "proof": "work/handoff-since-2f779d4-2630debe-v2/proofs/tu_0c1b1050-148c-whole-proof.json",
      "proof_sha256": "3321399089c50ad965a50859f49f1a8c910ecb3cad4fd7398797c34380741e90",
      "log": "work/handoff-since-2f779d4-2630debe-v2/proofs/tu_0c1b1050-148c-whole-proof.log",
      "log_sha256": "981a74f3f37b92c0060056da5b631a33639fa5d223e17fa44b8b62d081ce634d",
      "sections": [
        {
          "section": "Pu1050",
          "equal_bytes": 232,
          "size": 232,
          "linked_size": 232
        },
        {
          "section": "Pu148c",
          "equal_bytes": 30,
          "size": 276,
          "linked_size": 284
        }
      ],
      "problems": [
        "Not an exact section match: Pu148c",
        "Linked image contains extra or missing initialized bytes",
        "Linked image contains extra or missing memory bytes"
      ],
      "credit": 0
    },
    {
      "name": "1e6e36",
      "status": "INEXACT",
      "proof": "work/handoff-since-2f779d4-2630debe-v2/proofs/tu_0c1e6e36-whole-proof.json",
      "proof_sha256": "a3e52b28f5f0c3cb7b5e7930bd21101768474e0583b13fcc9fa2f318d7f6890f",
      "log": "work/handoff-since-2f779d4-2630debe-v2/proofs/tu_0c1e6e36-whole-proof.log",
      "log_sha256": "edbcb4036fa953d5f2e038c56a9d1b2e0371fe20b480d34cc9eba90f57d6feae",
      "sections": [
        {
          "section": "P",
          "equal_bytes": 14,
          "size": 182,
          "linked_size": 184
        }
      ],
      "problems": [
        "Not an exact section match: P",
        "Linked image contains extra or missing initialized bytes",
        "Linked image contains extra or missing memory bytes"
      ],
      "credit": 0
    },
    {
      "name": "1c75a0",
      "status": "INEXACT",
      "proof": "work/handoff-since-2f779d4-2630debe-v2/proofs/tu_0c1c75a0-whole-proof.json",
      "proof_sha256": "89ea6c01ae10dc5a11630976f4f1cbbc026f9fbcd496b727e5f472e0b54cd3bc",
      "log": "work/handoff-since-2f779d4-2630debe-v2/proofs/tu_0c1c75a0-whole-proof.log",
      "log_sha256": "3cedb6e6a1d2aa07fab7064cb0f38d38bf11b8d933a3d7d7e48c6f63804be843",
      "sections": [
        {
          "section": "P",
          "equal_bytes": 168,
          "size": 284,
          "linked_size": 284
        }
      ],
      "problems": [
        "Wrong exported symbol address: _func_0c1c766a",
        "Wrong exported symbol address: _func_0c1c7682",
        "Not an exact section match: P"
      ],
      "credit": 0
    },
    {
      "name": "1c9210",
      "status": "INEXACT",
      "proof": "work/handoff-since-2f779d4-2630debe-v2/proofs/tu_0c1c9210-whole-proof.json",
      "proof_sha256": "437633dbe27b505db02d4d87a213b47bf0f77ec480333eeba919628921807416",
      "log": "work/handoff-since-2f779d4-2630debe-v2/proofs/tu_0c1c9210-whole-proof.log",
      "log_sha256": "c66320b0366f135a77af117fbb80df2d5206008186d16c9d6243189253cd8e91",
      "sections": [
        {
          "section": "P",
          "equal_bytes": 0,
          "size": 356,
          "linked_size": 352
        }
      ],
      "problems": [
        "Wrong exported symbol address: _func_0c1c9318",
        "Not an exact section match: P",
        "Linked image contains extra or missing initialized bytes",
        "Linked image contains extra or missing memory bytes"
      ],
      "credit": 0
    }
  ]
}
