STRICT False ['Wrong exported symbol address: _func_0c19c55c', 'Wrong exported symbol address: _func_0c19c5c4', 'Wrong exported symbol address: _func_0c19c5d6', 'Wrong exported symbol address: _func_0c19c63a', 'Wrong exported symbol address: _func_0c19c686', 'Wrong exported symbol address: _func_0c19c698', 'Wrong exported symbol address: _func_0c19c6c6', 'Wrong exported symbol address: _func_0c19c7aa', 'Wrong exported symbol address: _func_0c19c840', 'Wrong exported symbol address: _func_0c19c8c8', 'Wrong exported symbol address: _func_0c19c8ee', 'Wrong exported symbol address: _func_0c19c8fe', 'Wrong exported symbol address: _func_0c19c904', 'Wrong exported symbol address: _func_0c19c91a', 'Wrong exported symbol address: _func_0c19c942', 'Not an exact section match: P', 'Linked image contains extra or missing initialized bytes', 'Linked image contains extra or missing memory bytes']
[(3596, 0)]
[('_func_0c19be60', 122, 122), ('_func_0c19beda', 66, 66), ('_func_0c19bf1c', 125, 126), ('_func_0c19bfc4', 37, 38), ('_func_0c19bfea', 18, 18), ('_func_0c19bffc', 44, 44), ('_func_0c19c028', 37, 38), ('_func_0c19c04e', 35, 36), ('_func_0c19c072', 44, 44), ('_func_0c19c09e', 6, 6), ('_func_0c19c0a4', 18, 18), ('_func_0c19c0b6', 69, 70), ('_func_0c19c11c', 80, 82), ('_func_0c19c16e', 123, 124), ('_func_0c19c200', 62, 62), ('_func_0c19c23e', 91, 92), ('_func_0c19c29a', 82, 82), ('_func_0c19c30c', 112, 114), ('_func_0c19c37e', 52, 52), ('_func_0c19c3b2', 18, 18), ('_func_0c19c3c4', 80, 80), ('_func_0c19c414', 56, 56), ('_func_0c19c474', 46, 48), ('_func_0c19c4a4', 17, 18), ('_func_0c19c4b6', 144, 166), ('_func_0c19c55c', 0, 76), ('_func_0c19c5c4', 0, 18), ('_func_0c19c5d6', 3, 100), ('_func_0c19c63a', 2, 76), ('_func_0c19c686', 0, 18), ('_func_0c19c698', 0, 46), ('_func_0c19c6c6', 4, 192), ('_func_0c19c7aa', 2, 114), ('_func_0c19c840', 3, 136), ('_func_0c19c8c8', 1, 38), ('_func_0c19c8ee', 0, 16), ('_func_0c19c8fe', 0, 6), ('_func_0c19c904', 2, 22), ('_func_0c19c91a', 0, 40), ('_func_0c19c942', 61, 712)]
0c19bf4a b4e6 bsr 0x000000000c19c91a              | b4f3 bsr 0x000000000c19c934
0c19bfa8 5555 mov.l @(20,r5),r5                   | 5554 mov.l @(16,r5),r5
0c19bfb0 5555 mov.l @(20,r5),r5                   | 5554 mov.l @(16,r5),r5
0c19bfde a4b0 bra 0x000000000c19c942              | a4bd bra 0x000000000c19c95c
0c19c042 a47e bra 0x000000000c19c942              | a48b bra 0x000000000c19c95c
0c19c05e a470 bra 0x000000000c19c942              | a47d bra 0x000000000c19c95c
0c19c0c2 b42a bsr 0x000000000c19c91a              | b437 bsr 0x000000000c19c934
0c19c12e b3f4 bsr 0x000000000c19c91a              | b401 bsr 0x000000000c19c934
0c19c19c b3bd bsr 0x000000000c19c91a              | b3ca bsr 0x000000000c19c934
0c19c258 b35f bsr 0x000000000c19c91a              | b36c bsr 0x000000000c19c934
0c19c338 d246 mov.l 0x000000000c19c454,r2         | d346 mov.l 0x000000000c19c454,r3
0c19c340 f228 fmov @r2,fr2                        | f238 fmov @r3,fr2
0c19c47a d34a mov.l 0x000000000c19c5a4,r3         | d339 mov.l 0x000000000c19c560,r3
0c19c498 a253 bra 0x000000000c19c942              | a260 bra 0x000000000c19c95c
0c19c4a6 d140 mov.l 0x000000000c19c5a8,r1         | d12f mov.l 0x000000000c19c564,r1
0c19c4c8 b227 bsr 0x000000000c19c91a              | b234 bsr 0x000000000c19c934
0c19c4d2 f59d fldi1 fr5                           | c725 mova 0x000000000c19c568,r0
0c19c4d4 f401 fsub fr0,fr4                        | f508 fmov @r0,fr5
0c19c4d6 f54d fneg fr5                            | f401 fsub fr0,fr4
0c19c4de 905f mov.w 0x000000000c19c5a0,r0         | 903d mov.w 0x000000000c19c55c,r0
0c19c4e6 905b mov.w 0x000000000c19c5a0,r0         | 9039 mov.w 0x000000000c19c55c,r0
0c19c4ec c72f mova 0x000000000c19c5ac,r0          | c71f mova 0x000000000c19c56c,r0
0c19c506 a066 bra 0x000000000c19c5d6              | a068 bra 0x000000000c19c5da
0c19c50a 9049 mov.w 0x000000000c19c5a0,r0         | 9027 mov.w 0x000000000c19c55c,r0
0c19c50c 03ed mov.w @(r0,r14),r3                  | 02ed mov.w @(r0,r14),r2
0c19c50e 02dd mov.w @(r0,r13),r2                  | 03dd mov.w @(r0,r13),r3
0c19c510 3230 cmp/eq r3,r2                        | 3320 cmp/eq r2,r3
0c19c514 c726 mova 0x000000000c19c5b0,r0          | c716 mova 0x000000000c19c570,r0
0c19c51a c726 mova 0x000000000c19c5b4,r0          | c716 mova 0x000000000c19c574,r0
0c19c528 903a mov.w 0x000000000c19c5a0,r0         | 9018 mov.w 0x000000000c19c55c,r0
0c19c538 9333 mov.w 0x000000000c19c5a2,r3         | 9311 mov.w 0x000000000c19c55e,r3
0c19c546 d31c mov.l 0x000000000c19c5b8,r3         | d30c mov.l 0x000000000c19c578,r3
0c19c558 a000 bra 0x000000000c19c55c              | a010 bra 0x000000000c19c57c
0c19c55c 2fe6 mov.l r14,@-r15                     | 0130 error
0c19c55e 4f22 sts.l pr,@-r15                      | 00cc mov.b @(r0,r12),r0
0c19c560 7ffc add #-4,r15                         | a026 bra 0x000000000c19c5b0
0c19c562 d310 mov.l 0x000000000c19c5a4,r3         | 0c02 stc sr,r12
0c19c564 6e43 mov r4,r14                          | 8850 cmp/eq #80,r0
0c19c566 2f52 mov.l r5,@r15                       | 0c25 mov.w r2,@(r0,r12)
0c19c568 430b jsr @r3                             | 0000 error
0c19c56a 64e3 mov r14,r4                          | bf80 bsr 0x000000000c19c46e
0c19c56c e15c mov #92,r1                          | aaaa bra 0x000000000c19bac4
0c19c56e 31ec add r14,r1                          | 42ba error
0c19c570 e034 mov #52,r0                          | 5555 mov.l @(20,r5),r5
0c19c572 f318 fmov @r1,fr3                        | c0d5 mov.b r0,@(213,gbr)
0c19c574 f2e6 fmov @(r0,r14),fr2                  | 0000 error
0c19c576 e168 mov #104,r1                         | c0a0 mov.b r0,@(160,gbr)
0c19c578 31ec add r14,r1                          | a0c4 bra 0x000000000c19c704
0c19c57a f230 fadd fr3,fr2                        | 0c02 stc sr,r12
0c19c57c fe27 fmov fr2,@(r0,r14)                  | 2fe6 mov.l r14,@-r15
0c19c57e e05c mov #92,r0                          | 4f22 sts.l pr,@-r15
0c19c580 f2e6 fmov @(r0,r14),fr2                  | 7ffc add #-4,r15
0c19c582 f318 fmov @r1,fr3                        | d347 mov.l 0x000000000c19c6a0,r3
0c19c584 f230 fadd fr3,fr2                        | 6e43 mov r4,r14
0c19c586 fe27 fmov fr2,@(r0,r14)                  | 2f52 mov.l r5,@r15
0c19c588 85ef mov.w @(30,r14),r0                  | 430b jsr @r3
0c19c58a 70ff add #-1,r0                          | 64e3 mov r14,r4
0c19c58c 81ef mov.w r0,@(30,r14)                  | e15c mov #92,r1
0c19c58e 600f exts.w r0,r0                        | 31ec add r14,r1
0c19c590 2008 tst r0,r0                           | e034 mov #52,r0
0c19c592 8b13 bf 0x000000000c19c5bc               | f318 fmov @r1,fr3
0c19c594 65f2 mov.l @r15,r5                       | f2e6 fmov @(r0,r14),fr2
0c19c596 64e3 mov r14,r4                          | e168 mov #104,r1
0c19c598 7f04 add #4,r15                          | 31ec add r14,r1
0c19c59a 4f26 lds.l @r15+,pr                      | f230 fadd fr3,fr2
0c19c59c a1d1 bra 0x000000000c19c942              | fe27 fmov fr2,@(r0,r14)
0c19c59e 6ef6 mov.l @r15+,r14                     | e05c mov #92,r0
0c19c5a0 0130 error                               | f2e6 fmov @(r0,r14),fr2
0c19c5a2 00cc mov.b @(r0,r12),r0                  | f318 fmov @r1,fr3
0c19c5a4 a026 bra 0x000000000c19c5f4              | f230 fadd fr3,fr2
0c19c5a6 0c02 stc sr,r12                          | fe27 fmov fr2,@(r0,r14)
0c19c5a8 8850 cmp/eq #80,r0                       | 85ef mov.w @(30,r14),r0
0c19c5aa 0c25 mov.w r2,@(r0,r12)                  | 70ff add #-1,r0
0c19c5ac aaaa bra 0x000000000c19bb04              | 81ef mov.w r0,@(30,r14)
0c19c5ae 42ba error                               | 600f exts.w r0,r0
0c19c5b0 5555 mov.l @(20,r5),r5                   | 2008 tst r0,r0
0c19c5b2 c0d5 mov.b r0,@(213,gbr)                 | 8b05 bf 0x000000000c19c5c0
0c19c5b4 0000 error                               | 65f2 mov.l @r15,r5
0c19c5b6 c0a0 mov.b r0,@(160,gbr)                 | 64e3 mov r14,r4
0c19c5b8 a0c4 bra 0x000000000c19c744              | 7f04 add #4,r15
0c19c5ba 0c02 stc sr,r12                          | 4f26 lds.l @r15+,pr
0c19c5bc 7f04 add #4,r15                          | a1ce bra 0x000000000c19c95c
0c19c5be 4f26 lds.l @r15+,pr                      | 6ef6 mov.l @r15+,r14
0c19c5c0 000b rts                                 | 7f04 add #4,r15
0c19c5c2 6ef6 mov.l @r15+,r14                     | 4f26 lds.l @r15+,pr
0c19c5c4 6343 mov r4,r3                           | 000b rts
0c19c5c6 d14c mov.l 0x000000000c19c6f8,r1         | 6ef6 mov.l @r15+,r14
0c19c5c8 2f46 mov.l r4,@-r15                      | 6343 mov r4,r3
0c19c5ca 8437 mov.b @(7,r3),r0                    | d136 mov.l 0x000000000c19c6a4,r1
0c19c5cc 600c extu.b r0,r0                        | 2f46 mov.l r4,@-r15
0c19c5ce 4008 shll2 r0                            | 8437 mov.b @(7,r3),r0
0c19c5d0 031e mov.l @(r0,r1),r3                   | 600c extu.b r0,r0
0c19c5d2 432b jmp @r3                             | 4008 shll2 r0
0c19c5d4 7f04 add #4,r15                          | 031e mov.l @(r0,r1),r3
0c19c5d6 2fe6 mov.l r14,@-r15                     | 432b jmp @r3
0c19c5d8 4f22 sts.l pr,@-r15                      | 7f04 add #4,r15
0c19c5da 7ffc add #-4,r15                         | 2fe6 mov.l r14,@-r15
0c19c5dc 6e43 mov r4,r14                          | 4f22 sts.l pr,@-r15
0c19c5de 2f52 mov.l r5,@r15                       | 7ffc add #-4,r15
0c19c5e0 84e7 mov.b @(7,r14),r0                   | 6e43 mov r4,r14
0c19c5e2 e538 mov #56,r5                          | 2f52 mov.l r5,@r15
0c19c5e4 7001 add #1,r0                           | 84e7 mov.b @(7,r14),r0
0c19c5e6 80e7 mov.b r0,@(7,r14)                   | e538 mov #56,r5
0c19c5e8 b197 bsr 0x000000000c19c91a              | 7001 add #1,r0
0c19c5ea 64f2 mov.l @r15,r4                       | 80e7 mov.b r0,@(7,r14)
0c19c5ec e034 mov #52,r0                          | b1a2 bsr 0x000000000c19c934
0c19c5ee f28d fldi0 fr2                           | 64f2 mov.l @r15,r4
0c19c5f0 f3e6 fmov @(r0,r14),fr3                  | e034 mov #52,r0
0c19c5f2 f301 fsub fr0,fr3                        | f38d fldi0 fr3
0c19c5f4 f235 fcmp/gt fr3,fr2                     | f4e6 fmov @(r0,r14),fr4
0c19c5f6 8905 bt 0x000000000c19c604               | f401 fsub fr0,fr4
0c19c5f8 9078 mov.w 0x000000000c19c6ec,r0         | f345 fcmp/gt fr4,fr3
0c19c5fa e200 mov #0,r2                           | 8b05 bf 0x000000000c19c608
0c19c5fc 0e25 mov.w r2,@(r0,r14)                  | 904e mov.w 0x000000000c19c69c,r0
0c19c5fe c73f mova 0x000000000c19c6fc,r0          | e201 mov #1,r2
0c19c600 a005 bra 0x000000000c19c60e              | 0e25 mov.w r2,@(r0,r14)
0c19c602 f308 fmov @r0,fr3                        | c729 mova 0x000000000c19c6a8,r0
0c19c604 9072 mov.w 0x000000000c19c6ec,r0         | a005 bra 0x000000000c19c612
0c19c606 e201 mov #1,r2                           | f208 fmov @r0,fr2
0c19c608 0e25 mov.w r2,@(r0,r14)                  | 9048 mov.w 0x000000000c19c69c,r0
0c19c60a c73d mova 0x000000000c19c700,r0          | e200 mov #0,r2
0c19c60c f308 fmov @r0,fr3                        | 0e25 mov.w r2,@(r0,r14)
0c19c60e e05c mov #92,r0                          | c727 mova 0x000000000c19c6ac,r0
0c19c610 936d mov.w 0x000000000c19c6ee,r3         | f208 fmov @r0,fr2
0c19c612 fe37 fmov fr3,@(r0,r14)                  | e05c mov #92,r0
0c19c614 e068 mov #104,r0                         | 9343 mov.w 0x000000000c19c69e,r3
0c19c616 f38d fldi0 fr3                           | fe27 fmov fr2,@(r0,r14)
0c19c618 33ec add r14,r3                          | e068 mov #104,r0
0c19c61a fe37 fmov fr3,@(r0,r14)                  | f38d fldi0 fr3
0c19c61c 84e6 mov.b @(6,r14),r0                   | 33ec add r14,r3
0c19c61e 6332 mov.l @r3,r3                        | fe37 fmov fr3,@(r0,r14)
0c19c620 600c extu.b r0,r0                        | 84e6 mov.b @(6,r14),r0
0c19c622 3030 cmp/eq r3,r0                        | 6332 mov.l @r3,r3
0c19c624 8904 bt 0x000000000c19c630               | 600c extu.b r0,r0
0c19c626 d337 mov.l 0x000000000c19c704,r3         | 3030 cmp/eq r3,r0
0c19c628 e517 mov #23,r5                          | 8904 bt 0x000000000c19c634
0c19c62a e60d mov #13,r6                          | d321 mov.l 0x000000000c19c6b0,r3
0c19c62c 430b jsr @r3                             | e517 mov #23,r5
0c19c62e 64e3 mov r14,r4                          | e60d mov #13,r6
0c19c630 65f2 mov.l @r15,r5                       | 430b jsr @r3
0c19c634 7f04 add #4,r15                          | 65f2 mov.l @r15,r5
0c19c636 4f26 lds.l @r15+,pr                      | 64e3 mov r14,r4
0c19c638 6ef6 mov.l @r15+,r14                     | 7f04 add #4,r15
0c19c63a 2fe6 mov.l r14,@-r15                     | 4f26 lds.l @r15+,pr
0c19c63c 4f22 sts.l pr,@-r15                      | 6ef6 mov.l @r15+,r14
0c19c63e 7ffc add #-4,r15                         | 2fe6 mov.l r14,@-r15
0c19c640 d331 mov.l 0x000000000c19c708,r3         | 4f22 sts.l pr,@-r15
0c19c642 6e43 mov r4,r14                          | 7ffc add #-4,r15
0c19c644 2f52 mov.l r5,@r15                       | d316 mov.l 0x000000000c19c6a0,r3
0c19c646 430b jsr @r3                             | 6e43 mov r4,r14
0c19c648 64e3 mov r14,r4                          | 2f52 mov.l r5,@r15
0c19c64a e15c mov #92,r1                          | 430b jsr @r3
0c19c64c 31ec add r14,r1                          | 64e3 mov r14,r4
0c19c64e e034 mov #52,r0                          | e15c mov #92,r1
0c19c650 f318 fmov @r1,fr3                        | 31ec add r14,r1
0c19c652 f2e6 fmov @(r0,r14),fr2                  | e034 mov #52,r0
0c19c654 e168 mov #104,r1                         | f318 fmov @r1,fr3
0c19c656 31ec add r14,r1                          | f2e6 fmov @(r0,r14),fr2
0c19c658 f230 fadd fr3,fr2                        | e168 mov #104,r1
0c19c65a fe27 fmov fr2,@(r0,r14)                  | 31ec add r14,r1
0c19c65c e05c mov #92,r0                          | f230 fadd fr3,fr2
0c19c65e f2e6 fmov @(r0,r14),fr2                  | fe27 fmov fr2,@(r0,r14)
0c19c660 f318 fmov @r1,fr3                        | e05c mov #92,r0
0c19c662 f230 fadd fr3,fr2                        | f2e6 fmov @(r0,r14),fr2
0c19c664 fe27 fmov fr2,@(r0,r14)                  | f318 fmov @r1,fr3
0c19c666 85ef mov.w @(30,r14),r0                  | f230 fadd fr3,fr2
0c19c668 70ff add #-1,r0                          | fe27 fmov fr2,@(r0,r14)
0c19c66a 81ef mov.w r0,@(30,r14)                  | 85ef mov.w @(30,r14),r0
0c19c66c 600f exts.w r0,r0                        | 70ff add #-1,r0
0c19c66e 2008 tst r0,r0                           | 81ef mov.w r0,@(30,r14)
0c19c670 8b05 bf 0x000000000c19c67e               | 600f exts.w r0,r0
0c19c672 65f2 mov.l @r15,r5                       | 2008 tst r0,r0
0c19c674 64e3 mov r14,r4                          | 8b05 bf 0x000000000c19c682
0c19c676 7f04 add #4,r15                          | 65f2 mov.l @r15,r5
0c19c678 4f26 lds.l @r15+,pr                      | 64e3 mov r14,r4
0c19c67a a162 bra 0x000000000c19c942              | 7f04 add #4,r15
0c19c67c 6ef6 mov.l @r15+,r14                     | 4f26 lds.l @r15+,pr
0c19c67e 7f04 add #4,r15                          | a16d bra 0x000000000c19c95c
0c19c680 4f26 lds.l @r15+,pr                      | 6ef6 mov.l @r15+,r14
0c19c682 000b rts                                 | 7f04 add #4,r15
0c19c684 6ef6 mov.l @r15+,r14                     | 4f26 lds.l @r15+,pr
0c19c686 6343 mov r4,r3                           | 000b rts
0c19c688 d120 mov.l 0x000000000c19c70c,r1         | 6ef6 mov.l @r15+,r14
0c19c68a 2f46 mov.l r4,@-r15                      | 6343 mov r4,r3
0c19c68c 8437 mov.b @(7,r3),r0                    | d109 mov.l 0x000000000c19c6b4,r1
0c19c68e 600c extu.b r0,r0                        | 2f46 mov.l r4,@-r15
0c19c690 4008 shll2 r0                            | 8437 mov.b @(7,r3),r0
0c19c692 031e mov.l @(r0,r1),r3                   | 600c extu.b r0,r0
0c19c694 432b jmp @r3                             | 4008 shll2 r0
0c19c696 7f04 add #4,r15                          | 031e mov.l @(r0,r1),r3
0c19c698 2fe6 mov.l r14,@-r15                     | 432b jmp @r3
0c19c69a 6e43 mov r4,r14                          | 7f04 add #4,r15
0c19c69c 2fd6 mov.l r13,@-r15                     | 0130 error
0c19c69e 6d53 mov r5,r13                          | 00cc mov.b @(r0,r12),r0
0c19c6a0 4f22 sts.l pr,@-r15                      | a026 bra 0x000000000c19c6f0
0c19c6a2 84e7 mov.b @(7,r14),r0                   | 0c02 stc sr,r12
0c19c6a4 e517 mov #23,r5                          | 8858 cmp/eq #88,r0
0c19c6a6 7001 add #1,r0                           | 0c25 mov.w r2,@(r0,r12)
0c19c6a8 80e7 mov.b r0,@(7,r14)                   | 5555 mov.l @(20,r5),r5
0c19c6aa 901f mov.w 0x000000000c19c6ec,r0         | 40fd shld r15,r0
0c19c6ac 03dd mov.w @(r0,r13),r3                  | 5555 mov.l @(20,r5),r5
0c19c6ae 0e35 mov.w r3,@(r0,r14)                  | c0fd mov.b r0,@(253,gbr)
0c19c6b0 901e mov.w 0x000000000c19c6f0,r0         | a0c4 bra 0x000000000c19c83c
0c19c6b2 d314 mov.l 0x000000000c19c704,r3         | 0c02 stc sr,r12
0c19c6b4 06dc mov.b @(r0,r13),r6                  | 8860 cmp/eq #96,r0
0c19c6b6 7604 add #4,r6                           | 0c25 mov.w r2,@(r0,r12)
0c19c6b8 430b jsr @r3                             | 2fe6 mov.l r14,@-r15
0c19c6ba 64e3 mov r14,r4                          | 6e43 mov r4,r14
0c19c6bc 4f26 lds.l @r15+,pr                      | 2fd6 mov.l r13,@-r15
0c19c6be 65d3 mov r13,r5                          | 6d53 mov r5,r13
0c19c6c0 64e3 mov r14,r4                          | 4f22 sts.l pr,@-r15
0c19c6c2 6df6 mov.l @r15+,r13                     | 84e7 mov.b @(7,r14),r0
0c19c6c4 6ef6 mov.l @r15+,r14                     | e517 mov #23,r5
0c19c6c6 2fe6 mov.l r14,@-r15                     | 7001 add #1,r0
0c19c6c8 9013 mov.w 0x000000000c19c6f2,r0         | 80e7 mov.b r0,@(7,r14)
0c19c6ca 2fd6 mov.l r13,@-r15                     | 906c mov.w 0x000000000c19c7a6,r0
0c19c6cc 6d53 mov r5,r13                          | 03dd mov.w @(r0,r13),r3
0c19c6ce 4f22 sts.l pr,@-r15                      | 0e35 mov.w r3,@(r0,r14)
0c19c6d0 00dc mov.b @(r0,r13),r0                  | 906a mov.w 0x000000000c19c7a8,r0
0c19c6d2 600c extu.b r0,r0                        | d338 mov.l 0x000000000c19c7b4,r3
0c19c6d4 881d cmp/eq #29,r0                       | 06dc mov.b @(r0,r13),r6
0c19c6d6 8f36 bf.s 0x000000000c19c746             | 7604 add #4,r6
0c19c6d8 6e43 mov r4,r14                          | 430b jsr @r3
0c19c6da 900b mov.w 0x000000000c19c6f4,r0         | 64e3 mov r14,r4
0c19c6dc 00dc mov.b @(r0,r13),r0                  | 4f26 lds.l @r15+,pr
0c19c6de 600c extu.b r0,r0                        | 65d3 mov r13,r5
0c19c6e0 8805 cmp/eq #5,r0                        | 64e3 mov r14,r4
0c19c6e2 8915 bt 0x000000000c19c710               | 6df6 mov.l @r15+,r13
0c19c6e4 8804 cmp/eq #4,r0                        | 6ef6 mov.l @r15+,r14
0c19c6e6 891f bt 0x000000000c19c728               | 2fe6 mov.l r14,@-r15
0c19c6e8 a05b bra 0x000000000c19c7a2              | 905f mov.w 0x000000000c19c7aa,r0
0c19c6ea 0009 nop                                 | 2fd6 mov.l r13,@-r15
0c19c6ec 0130 error                               | 6d53 mov r5,r13
0c19c6ee 00cc mov.b @(r0,r12),r0                  | 4f22 sts.l pr,@-r15
0c19c6f0 01d3 error                               | 00dc mov.b @(r0,r13),r0
0c19c6f2 01d0 error                               | 600c extu.b r0,r0
0c19c6f4 01e9 error                               | 881d cmp/eq #29,r0
0c19c6f6 0000 error                               | 8f24 bf.s 0x000000000c19c742
0c19c6f8 8858 cmp/eq #88,r0                       | 6e43 mov r4,r14
0c19c6fa 0c25 mov.w r2,@(r0,r12)                  | 9057 mov.w 0x000000000c19c7ac,r0
0c19c6fc 5555 mov.l @(20,r5),r5                   | 00dc mov.b @(r0,r13),r0
0c19c6fe c0fd mov.b r0,@(253,gbr)                 | 600c extu.b r0,r0
0c19c700 5555 mov.l @(20,r5),r5                   | 8804 cmp/eq #4,r0
0c19c702 40fd shld r15,r0                         | 8d0e bt.s 0x000000000c19c722
0c19c704 a0c4 bra 0x000000000c19c890              | e400 mov #0,r4
0c19c706 0c02 stc sr,r12                          | 8805 cmp/eq #5,r0
0c19c708 a026 bra 0x000000000c19c758              | 8b49 bf 0x000000000c19c79e
0c19c70a 0c02 stc sr,r12                          | 9150 mov.w 0x000000000c19c7ae,r1
0c19c70c 8860 cmp/eq #96,r0                       | 84e6 mov.b @(6,r14),r0
0c19c70e 0c25 mov.w r2,@(r0,r12)                  | 31ec add r14,r1
0c19c710 9184 mov.w 0x000000000c19c81c,r1         | 600c extu.b r0,r0
0c19c712 84e6 mov.b @(6,r14),r0                   | 2102 mov.l r0,@r1
0c19c714 31ec add r14,r1                          | 914c mov.w 0x000000000c19c7b0,r1
0c19c716 600c extu.b r0,r0                        | 84e7 mov.b @(7,r14),r0
0c19c718 2102 mov.l r0,@r1                        | 31ec add r14,r1
0c19c71a 9180 mov.w 0x000000000c19c81e,r1         | 600c extu.b r0,r0
0c19c71c 84e7 mov.b @(7,r14),r0                   | 2102 mov.l r0,@r1
0c19c71e 31ec add r14,r1                          | a00b bra 0x000000000c19c738
0c19c720 600c extu.b r0,r0                        | e00f mov #15,r0
0c19c722 2102 mov.l r0,@r1                        | 9144 mov.w 0x000000000c19c7ae,r1
0c19c724 a00b bra 0x000000000c19c73e              | 84e6 mov.b @(6,r14),r0
0c19c726 e00f mov #15,r0                          | 31ec add r14,r1
0c19c728 9178 mov.w 0x000000000c19c81c,r1         | 600c extu.b r0,r0
0c19c72a 84e6 mov.b @(6,r14),r0                   | 2102 mov.l r0,@r1
0c19c72c 31ec add r14,r1                          | 9140 mov.w 0x000000000c19c7b0,r1
0c19c72e 600c extu.b r0,r0                        | 84e7 mov.b @(7,r14),r0
0c19c730 2102 mov.l r0,@r1                        | 31ec add r14,r1
0c19c732 9174 mov.w 0x000000000c19c81e,r1         | 600c extu.b r0,r0
0c19c734 84e7 mov.b @(7,r14),r0                   | 2102 mov.l r0,@r1
0c19c736 31ec add r14,r1                          | e011 mov #17,r0
0c19c738 600c extu.b r0,r0                        | 80e6 mov.b r0,@(6,r14)
0c19c73a 2102 mov.l r0,@r1                        | 6043 mov r4,r0
0c19c73c e011 mov #17,r0                          | 0009 nop
0c19c73e 80e6 mov.b r0,@(6,r14)                   | a02e bra 0x000000000c19c79e
0c19c740 e000 mov #0,r0                           | 80e7 mov.b r0,@(7,r14)
0c19c742 a02e bra 0x000000000c19c7a2              | d31d mov.l 0x000000000c19c7b8,r3
0c19c744 80e7 mov.b r0,@(7,r14)                   | 430b jsr @r3
0c19c746 d238 mov.l 0x000000000c19c828,r2         | 64e3 mov r14,r4
0c19c748 420b jsr @r2                             | 9033 mov.w 0x000000000c19c7b2,r0
0c19c74a 64e3 mov r14,r4                          | 02ec mov.b @(r0,r14),r2
0c19c74c 9068 mov.w 0x000000000c19c820,r0         | 2228 tst r2,r2
0c19c74e 03ec mov.b @(r0,r14),r3                  | 8b26 bf 0x000000000c19c79e
0c19c750 2338 tst r3,r3                           | 84e7 mov.b @(7,r14),r0
0c19c752 8b26 bf 0x000000000c19c7a2               | 7001 add #1,r0
0c19c754 84e7 mov.b @(7,r14),r0                   | 80e7 mov.b r0,@(7,r14)
0c19c756 7001 add #1,r0                           | 9027 mov.w 0x000000000c19c7a8,r0
0c19c758 80e7 mov.b r0,@(7,r14)                   | 03dc mov.b @(r0,r13),r3
0c19c75a 9062 mov.w 0x000000000c19c822,r0         | 2338 tst r3,r3
0c19c75c 03dc mov.b @(r0,r13),r3                  | 8f03 bf.s 0x000000000c19c766
0c19c75e 2338 tst r3,r3                           | f48d fldi0 fr4
0c19c760 8f03 bf.s 0x000000000c19c76a             | c716 mova 0x000000000c19c7bc,r0
0c19c762 f48d fldi0 fr4                           | a005 bra 0x000000000c19c770
0c19c764 c731 mova 0x000000000c19c82c,r0          | f308 fmov @r0,fr3
0c19c766 a005 bra 0x000000000c19c774              | 00dc mov.b @(r0,r13),r0
0c19c768 f308 fmov @r0,fr3                        | 8801 cmp/eq #1,r0
0c19c76a 00dc mov.b @(r0,r13),r0                  | 8b04 bf 0x000000000c19c776
0c19c76c 8801 cmp/eq #1,r0                        | c714 mova 0x000000000c19c7c0,r0
0c19c76e 8b04 bf 0x000000000c19c77a               | f308 fmov @r0,fr3
0c19c770 c72f mova 0x000000000c19c830,r0          | e05c mov #92,r0
0c19c772 f308 fmov @r0,fr3                        | a002 bra 0x000000000c19c77a
0c19c774 e05c mov #92,r0                          | fe37 fmov fr3,@(r0,r14)
0c19c776 a002 bra 0x000000000c19c77e              | e05c mov #92,r0
0c19c778 fe37 fmov fr3,@(r0,r14)                  | fe47 fmov fr4,@(r0,r14)
0c19c77a e05c mov #92,r0                          | 9014 mov.w 0x000000000c19c7a6,r0
0c19c77c fe47 fmov fr4,@(r0,r14)                  | 03ed mov.w @(r0,r14),r3
0c19c77e 9051 mov.w 0x000000000c19c824,r0         | 2338 tst r3,r3
0c19c780 03ed mov.w @(r0,r14),r3                  | 8903 bt 0x000000000c19c78a
0c19c782 2338 tst r3,r3                           | e05c mov #92,r0
0c19c784 8903 bt 0x000000000c19c78e               | f3e6 fmov @(r0,r14),fr3
0c19c786 e05c mov #92,r0                          | f34d fneg fr3
0c19c788 f3e6 fmov @(r0,r14),fr3                  | fe37 fmov fr3,@(r0,r14)
0c19c78a f34d fneg fr3                            | e068 mov #104,r0
0c19c78c fe37 fmov fr3,@(r0,r14)                  | fe47 fmov fr4,@(r0,r14)
0c19c78e e068 mov #104,r0                         | c70d mova 0x000000000c19c7c4,r0
0c19c790 fe47 fmov fr4,@(r0,r14)                  | f308 fmov @r0,fr3
0c19c792 c728 mova 0x000000000c19c834,r0          | e060 mov #96,r0
0c19c794 f308 fmov @r0,fr3                        | fe37 fmov fr3,@(r0,r14)
0c19c796 e060 mov #96,r0                          | c70c mova 0x000000000c19c7c8,r0
0c19c798 fe37 fmov fr3,@(r0,r14)                  | f308 fmov @r0,fr3
0c19c79a c727 mova 0x000000000c19c838,r0          | e06c mov #108,r0
0c19c79c f308 fmov @r0,fr3                        | fe37 fmov fr3,@(r0,r14)
0c19c79e e06c mov #108,r0                         | 4f26 lds.l @r15+,pr
0c19c7a0 fe37 fmov fr3,@(r0,r14)                  | 6df6 mov.l @r15+,r13
0c19c7a2 4f26 lds.l @r15+,pr                      | 000b rts
0c19c7a4 6df6 mov.l @r15+,r13                     | 6ef6 mov.l @r15+,r14
0c19c7a6 000b rts                                 | 0130 error
0c19c7a8 6ef6 mov.l @r15+,r14                     | 01d3 error
0c19c7aa 2fe6 mov.l r14,@-r15                     | 01d0 error
0c19c7ac 4f22 sts.l pr,@-r15                      | 01e9 error
0c19c7ae 7ffc add #-4,r15                         | 00cc mov.b @(r0,r12),r0
0c19c7b0 e15c mov #92,r1                          | 00d0 error
0c19c7b2 6e43 mov r4,r14                          | 0141 error
0c19c7b4 31ec add r14,r1                          | a0c4 bra 0x000000000c19c940
0c19c7b6 2f52 mov.l r5,@r15                       | 0c02 stc sr,r12
0c19c7b8 e034 mov #52,r0                          | a026 bra 0x000000000c19c808
0c19c7ba f318 fmov @r1,fr3                        | 0c02 stc sr,r12
0c19c7bc f2e6 fmov @(r0,r14),fr2                  | 0000 error
0c19c7be e168 mov #104,r1                         | c0a0 mov.b r0,@(160,gbr)
0c19c7c0 31ec add r14,r1                          | 0000 error
0c19c7c2 f230 fadd fr3,fr2                        | 40a0 error
0c19c7c4 fe27 fmov fr2,@(r0,r14)                  | 2492 mov.l r9,@r4
0c19c7c6 e05c mov #92,r0                          | 4209 shlr2 r2
0c19c7c8 f2e6 fmov @(r0,r14),fr2                  | b6db bsr 0x000000000c19d582
0c19c7ca f318 fmov @r1,fr3                        | bf4d bsr 0x000000000c19c668
0c19c7cc e160 mov #96,r1                          | 2fe6 mov.l r14,@-r15
0c19c7ce 31ec add r14,r1                          | 4f22 sts.l pr,@-r15
0c19c7d0 f230 fadd fr3,fr2                        | 7ffc add #-4,r15
0c19c7d2 fe27 fmov fr2,@(r0,r14)                  | e15c mov #92,r1
0c19c7d4 e038 mov #56,r0                          | 6e43 mov r4,r14
0c19c7d6 f2e6 fmov @(r0,r14),fr2                  | 31ec add r14,r1
0c19c7d8 f318 fmov @r1,fr3                        | 2f52 mov.l r5,@r15
0c19c7da e16c mov #108,r1                         | e034 mov #52,r0
0c19c7dc 31ec add r14,r1                          | f318 fmov @r1,fr3
0c19c7de f230 fadd fr3,fr2                        | f2e6 fmov @(r0,r14),fr2
0c19c7e0 fe27 fmov fr2,@(r0,r14)                  | e168 mov #104,r1
0c19c7e2 e060 mov #96,r0                          | 31ec add r14,r1
0c19c7e4 f2e6 fmov @(r0,r14),fr2                  | f230 fadd fr3,fr2
0c19c7e6 f318 fmov @r1,fr3                        | fe27 fmov fr2,@(r0,r14)
0c19c7e8 f230 fadd fr3,fr2                        | e05c mov #92,r0
0c19c7ea f39d fldi1 fr3                           | f2e6 fmov @(r0,r14),fr2
0c19c7ec fe27 fmov fr2,@(r0,r14)                  | f318 fmov @r1,fr3
0c19c7ee 63f2 mov.l @r15,r3                       | e160 mov #96,r1
0c19c7f0 f330 fadd fr3,fr3                        | 31ec add r14,r1
0c19c7f2 e060 mov #96,r0                          | f230 fadd fr3,fr2
0c19c7f4 f236 fmov @(r0,r3),fr2                   | fe27 fmov fr2,@(r0,r14)
0c19c7f6 f235 fcmp/gt fr3,fr2                     | e038 mov #56,r0
0c19c7f8 890a bt 0x000000000c19c810               | f2e6 fmov @(r0,r14),fr2
0c19c7fa 84e7 mov.b @(7,r14),r0                   | f318 fmov @r1,fr3
0c19c7fc e517 mov #23,r5                          | e16c mov #108,r1
0c19c7fe d30f mov.l 0x000000000c19c83c,r3         | 31ec add r14,r1
0c19c800 7001 add #1,r0                           | f230 fadd fr3,fr2
0c19c802 80e7 mov.b r0,@(7,r14)                   | fe27 fmov fr2,@(r0,r14)
0c19c804 900d mov.w 0x000000000c19c822,r0         | e060 mov #96,r0
0c19c806 66f2 mov.l @r15,r6                       | f2e6 fmov @(r0,r14),fr2
0c19c808 066c mov.b @(r0,r6),r6                   | f318 fmov @r1,fr3
0c19c80a 7607 add #7,r6                           | f230 fadd fr3,fr2
0c19c80c 430b jsr @r3                             | fe27 fmov fr2,@(r0,r14)
0c19c80e 64e3 mov r14,r4                          | c744 mova 0x000000000c19c920,r0
0c19c810 64e3 mov r14,r4                          | 63f2 mov.l @r15,r3
0c19c812 7f04 add #4,r15                          | f308 fmov @r0,fr3
0c19c814 4f26 lds.l @r15+,pr                      | e060 mov #96,r0
0c19c816 d204 mov.l 0x000000000c19c828,r2         | f236 fmov @(r0,r3),fr2
0c19c818 422b jmp @r2                             | f235 fcmp/gt fr3,fr2
0c19c81a 6ef6 mov.l @r15+,r14                     | 890a bt 0x000000000c19c832
0c19c81c 00cc mov.b @(r0,r12),r0                  | 84e7 mov.b @(7,r14),r0
0c19c81e 00d0 error                               | e517 mov #23,r5
0c19c820 0141 error                               | d340 mov.l 0x000000000c19c924,r3
0c19c822 01d3 error                               | 7001 add #1,r0
0c19c824 0130 error                               | 80e7 mov.b r0,@(7,r14)
0c19c826 0000 error                               | 9077 mov.w 0x000000000c19c918,r0
0c19c828 a026 bra 0x000000000c19c878              | 66f2 mov.l @r15,r6
0c19c82a 0c02 stc sr,r12                          | 066c mov.b @(r0,r6),r6
0c19c82c 0000 error                               | 7607 add #7,r6
0c19c82e c0a0 mov.b r0,@(160,gbr)                 | 430b jsr @r3
0c19c830 0000 error                               | 64e3 mov r14,r4
0c19c832 40a0 error                               | 64e3 mov r14,r4
0c19c834 2492 mov.l r9,@r4                        | 7f04 add #4,r15
0c19c836 4209 shlr2 r2                            | 4f26 lds.l @r15+,pr
0c19c838 b6db bsr 0x000000000c19d5f2              | d23b mov.l 0x000000000c19c928,r2
0c19c83a bf4d bsr 0x000000000c19c6d8              | 422b jmp @r2
0c19c83c a0c4 bra 0x000000000c19c9c8              | 6ef6 mov.l @r15+,r14
0c19c83e 0c02 stc sr,r12                          | 2fe6 mov.l r14,@-r15
0c19c840 2fe6 mov.l r14,@-r15                     | e15c mov #92,r1
0c19c842 e15c mov #92,r1                          | 6e43 mov r4,r14
0c19c844 6e43 mov r4,r14                          | 31ec add r14,r1
0c19c846 31ec add r14,r1                          | e034 mov #52,r0
0c19c848 e034 mov #52,r0                          | 2fd6 mov.l r13,@-r15
0c19c84a 2fd6 mov.l r13,@-r15                     | 4f22 sts.l pr,@-r15
0c19c84c 4f22 sts.l pr,@-r15                      | f318 fmov @r1,fr3
0c19c84e f318 fmov @r1,fr3                        | e168 mov #104,r1
0c19c850 e168 mov #104,r1                         | f2e6 fmov @(r0,r14),fr2
0c19c852 f2e6 fmov @(r0,r14),fr2                  | 31ec add r14,r1
0c19c854 31ec add r14,r1                          | f230 fadd fr3,fr2
0c19c856 f230 fadd fr3,fr2                        | fe27 fmov fr2,@(r0,r14)
0c19c858 fe27 fmov fr2,@(r0,r14)                  | e05c mov #92,r0
0c19c85a e05c mov #92,r0                          | f318 fmov @r1,fr3
0c19c85c f318 fmov @r1,fr3                        | e160 mov #96,r1
0c19c85e e160 mov #96,r1                          | f2e6 fmov @(r0,r14),fr2
0c19c860 f2e6 fmov @(r0,r14),fr2                  | 31ec add r14,r1
0c19c862 31ec add r14,r1                          | f230 fadd fr3,fr2
0c19c864 f230 fadd fr3,fr2                        | fe27 fmov fr2,@(r0,r14)
0c19c866 fe27 fmov fr2,@(r0,r14)                  | e038 mov #56,r0
0c19c868 e038 mov #56,r0                          | f318 fmov @r1,fr3
0c19c86a f318 fmov @r1,fr3                        | e16c mov #108,r1
0c19c86c e16c mov #108,r1                         | f2e6 fmov @(r0,r14),fr2
0c19c86e f2e6 fmov @(r0,r14),fr2                  | 31ec add r14,r1
0c19c870 31ec add r14,r1                          | f230 fadd fr3,fr2
0c19c872 f230 fadd fr3,fr2                        | fe27 fmov fr2,@(r0,r14)
0c19c874 fe27 fmov fr2,@(r0,r14)                  | e060 mov #96,r0
0c19c876 e060 mov #96,r0                          | f318 fmov @r1,fr3
0c19c878 f318 fmov @r1,fr3                        | f2e6 fmov @(r0,r14),fr2
0c19c87a f2e6 fmov @(r0,r14),fr2                  | f230 fadd fr3,fr2
0c19c87c f230 fadd fr3,fr2                        | fe27 fmov fr2,@(r0,r14)
0c19c87e fe27 fmov fr2,@(r0,r14)                  | c72b mova 0x000000000c19c92c,r0
0c19c880 c744 mova 0x000000000c19c994,r0          | f308 fmov @r0,fr3
0c19c882 f308 fmov @r0,fr3                        | e060 mov #96,r0
0c19c884 e060 mov #96,r0                          | f2e6 fmov @(r0,r14),fr2
0c19c886 f2e6 fmov @(r0,r14),fr2                  | f235 fcmp/gt fr3,fr2
0c19c888 f235 fcmp/gt fr3,fr2                     | 8d03 bt.s 0x000000000c19c892
0c19c88a 8d03 bt.s 0x000000000c19c894             | 6d53 mov r5,r13
0c19c88c 6d53 mov r5,r13                          | e06c mov #108,r0
0c19c88e e06c mov #108,r0                         | f28d fldi0 fr2
0c19c890 f28d fldi0 fr2                           | fe27 fmov fr2,@(r0,r14)
0c19c892 fe27 fmov fr2,@(r0,r14)                  | 9042 mov.w 0x000000000c19c91a,r0
0c19c894 9076 mov.w 0x000000000c19c984,r0         | f3d6 fmov @(r0,r13),fr3
0c19c896 f3d6 fmov @(r0,r13),fr3                  | e038 mov #56,r0
0c19c898 e038 mov #56,r0                          | f2e6 fmov @(r0,r14),fr2
0c19c89a f2e6 fmov @(r0,r14),fr2                  | f235 fcmp/gt fr3,fr2
0c19c89c f235 fcmp/gt fr3,fr2                     | 890d bt 0x000000000c19c8ba
0c19c89e 890d bt 0x000000000c19c8bc               | 84e7 mov.b @(7,r14),r0
0c19c8a0 84e7 mov.b @(7,r14),r0                   | e517 mov #23,r5
0c19c8a2 e517 mov #23,r5                          | d320 mov.l 0x000000000c19c924,r3
0c19c8a4 d33c mov.l 0x000000000c19c998,r3         | 7001 add #1,r0
0c19c8a6 7001 add #1,r0                           | 80e7 mov.b r0,@(7,r14)
0c19c8a8 80e7 mov.b r0,@(7,r14)                   | 9037 mov.w 0x000000000c19c91a,r0
0c19c8aa 906b mov.w 0x000000000c19c984,r0         | f3d6 fmov @(r0,r13),fr3
0c19c8ac f3d6 fmov @(r0,r13),fr3                  | e038 mov #56,r0
0c19c8ae e038 mov #56,r0                          | fe37 fmov fr3,@(r0,r14)
0c19c8b0 fe37 fmov fr3,@(r0,r14)                  | 9032 mov.w 0x000000000c19c918,r0
0c19c8b2 9068 mov.w 0x000000000c19c986,r0         | 06dc mov.b @(r0,r13),r6
0c19c8b4 06dc mov.b @(r0,r13),r6                  | 760a add #10,r6
0c19c8b6 760a add #10,r6                          | 430b jsr @r3
0c19c8b8 430b jsr @r3                             | 64e3 mov r14,r4
0c19c8ba 64e3 mov r14,r4                          | 4f26 lds.l @r15+,pr
0c19c8bc 4f26 lds.l @r15+,pr                      | d21a mov.l 0x000000000c19c928,r2
0c19c8be d237 mov.l 0x000000000c19c99c,r2         | 64e3 mov r14,r4
0c19c8c0 64e3 mov r14,r4                          | 6df6 mov.l @r15+,r13
0c19c8c2 6df6 mov.l @r15+,r13                     | 422b jmp @r2
0c19c8c4 422b jmp @r2                             | 6ef6 mov.l @r15+,r14
0c19c8c6 6ef6 mov.l @r15+,r14                     | 4f22 sts.l pr,@-r15
0c19c8c8 4f22 sts.l pr,@-r15                      | 7ff8 add #-8,r15
0c19c8ca 7ff8 add #-8,r15                         | d317 mov.l 0x000000000c19c928,r3
0c19c8cc d333 mov.l 0x000000000c19c99c,r3         | 2f42 mov.l r4,@r15
0c19c8ce 2f42 mov.l r4,@r15                       | 1f51 mov.l r5,@(4,r15)
0c19c8d0 1f51 mov.l r5,@(4,r15)                   | 430b jsr @r3
0c19c8d2 430b jsr @r3                             | 64f2 mov.l @r15,r4
0c19c8d4 64f2 mov.l @r15,r4                       | 600e exts.b r0,r0
0c19c8d6 600e exts.b r0,r0                        | 4011 cmp/pz r0
0c19c8d8 4011 cmp/pz r0                           | 8904 bt 0x000000000c19c8e4
0c19c8da 8904 bt 0x000000000c19c8e6               | 64f2 mov.l @r15,r4
0c19c8dc 64f2 mov.l @r15,r4                       | 55f1 mov.l @(4,r15),r5
0c19c8de 55f1 mov.l @(4,r15),r5                   | 7f08 add #8,r15
0c19c8e0 7f08 add #8,r15                          | a03c bra 0x000000000c19c95c
0c19c8e2 a02e bra 0x000000000c19c942              | 4f26 lds.l @r15+,pr
0c19c8e4 4f26 lds.l @r15+,pr                      | 7f08 add #8,r15
0c19c8e6 7f08 add #8,r15                          | 4f26 lds.l @r15+,pr
0c19c8e8 4f26 lds.l @r15+,pr                      | 000b rts
0c19c8ea 000b rts                                 | 0009 nop
0c19c8ec 0009 nop                                 | 8444 mov.b @(4,r4),r0
0c19c8ee 8444 mov.b @(4,r4),r0                    | e500 mov #0,r5
0c19c8f0 e500 mov #0,r5                           | 7001 add #1,r0
0c19c8f2 7001 add #1,r0                           | 8044 mov.b r0,@(4,r4)
0c19c8f4 8044 mov.b r0,@(4,r4)                    | 9012 mov.w 0x000000000c19c91c,r0
0c19c8f6 9047 mov.w 0x000000000c19c988,r0         | 0454 mov.b r5,@(r0,r4)
0c19c8f8 0454 mov.b r5,@(r0,r4)                   | 000b rts
0c19c8fa 000b rts                                 | 2450 mov.b r5,@r4
0c19c8fc 2450 mov.b r5,@r4                        | d30c mov.l 0x000000000c19c930,r3
0c19c8fe d328 mov.l 0x000000000c19c9a0,r3         | 432b jmp @r3
0c19c900 432b jmp @r3                             | 0009 nop
0c19c902 0009 nop                                 | e301 mov #1,r3
0c19c904 e301 mov #1,r3                           | 655f exts.w r5,r5
0c19c906 655f exts.w r5,r5                        | 644f exts.w r4,r4
0c19c908 644f exts.w r4,r4                        | 435c shad r5,r3
0c19c90a 435c shad r5,r3                          | 2348 tst r4,r3
0c19c90c 2348 tst r4,r3                           | 8901 bt 0x000000000c19c912
0c19c90e 8901 bt 0x000000000c19c914               | 000b rts
0c19c910 000b rts                                 | e001 mov #1,r0
0c19c912 e001 mov #1,r0                           | e000 mov #0,r0
0c19c914 e000 mov #0,r0                           | 000b rts
0c19c916 000b rts                                 | 0009 nop
0c19c918 0009 nop                                 | 01d3 error
0c19c91a 655f exts.w r5,r5                        | 041c mov.b @(r0,r1),r4
0c19c91c 455a lds r5,fpul                         | 012c mov.b @(r0,r2),r1
0c19c91e c721 mova 0x000000000c19c9a4,r0          | 0000 error
0c19c920 f208 fmov @r0,fr2                        | 0000 error
0c19c922 9032 mov.w 0x000000000c19c98a,r0         | 4000 shll r0
0c19c924 f32d float fpul,fr3                      | a0c4 bra 0x000000000c19cab0
0c19c926 034d mov.w @(r0,r4),r3                   | 0c02 stc sr,r12
0c19c928 2338 tst r3,r3                           | a026 bra 0x000000000c19c978
0c19c92a f43c fmov fr3,fr4                        | 0c02 stc sr,r12
0c19c92c 8f04 bf.s 0x000000000c19c938             | 4924 rotcl r9
0c19c92e f422 fmul fr2,fr4                        | c19a mov.w r0,@(308,gbr)
0c19c930 e034 mov #52,r0                          | 7688 add #-120,r6
0c19c932 f046 fmov @(r0,r4),fr0                   | 0c03 bsrf r12
0c19c934 000b rts                                 | 655f exts.w r5,r5
0c19c936 f040 fadd fr4,fr0                        | 455a lds r5,fpul
0c19c938 e034 mov #52,r0                          | c743 mova 0x000000000c19ca48,r0
0c19c93a f046 fmov @(r0,r4),fr0                   | f208 fmov @r0,fr2
0c19c93c f041 fsub fr4,fr0                        | 907c mov.w 0x000000000c19ca38,r0
0c19c93e 000b rts                                 | f32d float fpul,fr3
0c19c940 0009 nop                                 | 034d mov.w @(r0,r4),r3
0c19c942 2fe6 mov.l r14,@-r15                     | 2338 tst r3,r3
0c19c944 2fd6 mov.l r13,@-r15                     | f43c fmov fr3,fr4
0c19c946 2fc6 mov.l r12,@-r15                     | 8f04 bf.s 0x000000000c19c952
0c19c948 2fb6 mov.l r11,@-r15                     | f422 fmul fr2,fr4
0c19c94a 4f22 sts.l pr,@-r15                      | e034 mov #52,r0
0c19c94c 7ff8 add #-8,r15                         | f046 fmov @(r0,r4),fr0
0c19c94e e004 mov #4,r0                           | 000b rts
0c19c950 6e43 mov r4,r14                          | f040 fadd fr4,fr0
0c19c952 81ef mov.w r0,@(30,r14)                  | e034 mov #52,r0
0c19c954 6d53 mov r5,r13                          | f046 fmov @(r0,r4),fr0
0c19c956 9019 mov.w 0x000000000c19c98c,r0         | f041 fsub fr4,fr0
0c19c958 00dc mov.b @(r0,r13),r0                  | 000b rts
0c19c95a 600c extu.b r0,r0                        | 0009 nop
0c19c95c 881d cmp/eq #29,r0                       | 2fe6 mov.l r14,@-r15
0c19c95e 8f3a bf.s 0x000000000c19c9d6             | 2fd6 mov.l r13,@-r15
0c19c960 ec00 mov #0,r12                          | 2fc6 mov.l r12,@-r15
0c19c962 9014 mov.w 0x000000000c19c98e,r0         | 2fb6 mov.l r11,@-r15
0c19c964 00dc mov.b @(r0,r13),r0                  | 4f22 sts.l pr,@-r15
0c19c966 600c extu.b r0,r0                        | 7ff8 add #-8,r15
0c19c968 8805 cmp/eq #5,r0                        | e004 mov #4,r0
0c19c96a 8b1d bf 0x000000000c19c9a8               | 6e43 mov r4,r14
0c19c96c 9110 mov.w 0x000000000c19c990,r1         | 81ef mov.w r0,@(30,r14)
0c19c96e 84e6 mov.b @(6,r14),r0                   | 6d53 mov r5,r13
0c19c970 31ec add r14,r1                          | 9063 mov.w 0x000000000c19ca3a,r0
0c19c972 600c extu.b r0,r0                        | 00dc mov.b @(r0,r13),r0
0c19c974 2102 mov.l r0,@r1                        | 600c extu.b r0,r0
0c19c976 910c mov.w 0x000000000c19c992,r1         | 881d cmp/eq #29,r0
0c19c978 84e7 mov.b @(7,r14),r0                   | 8f27 bf.s 0x000000000c19c9ca
0c19c97a 31ec add r14,r1                          | ec00 mov #0,r12
0c19c97c 600c extu.b r0,r0                        | 905e mov.w 0x000000000c19ca3c,r0
0c19c97e 2102 mov.l r0,@r1                        | 00dc mov.b @(r0,r13),r0
0c19c980 a0b7 bra 0x000000000c19caf2              | 600c extu.b r0,r0
0c19c982 e00f mov #15,r0                          | 8805 cmp/eq #5,r0
0c19c984 041c mov.b @(r0,r1),r4                   | 8b0b bf 0x000000000c19c99e
0c19c986 01d3 error                               | 915a mov.w 0x000000000c19ca3e,r1
0c19c988 012c mov.b @(r0,r2),r1                   | 84e6 mov.b @(6,r14),r0
0c19c98a 0130 error                               | 31ec add r14,r1
0c19c98c 01d0 error                               | 600c extu.b r0,r0
0c19c98e 01e9 error                               | 2102 mov.l r0,@r1
0c19c990 00cc mov.b @(r0,r12),r0                  | 9156 mov.w 0x000000000c19ca40,r1
0c19c992 00d0 error                               | 84e7 mov.b @(7,r14),r0
0c19c994 4924 rotcl r9                            | 31ec add r14,r1
0c19c996 c19a mov.w r0,@(308,gbr)                 | 600c extu.b r0,r0
0c19c998 a0c4 bra 0x000000000c19cb24              | 2102 mov.l r0,@r1
0c19c99a 0c02 stc sr,r12                          | a152 bra 0x000000000c19cc42
0c19c99c a026 bra 0x000000000c19c9ec              | e00f mov #15,r0
0c19c99e 0c02 stc sr,r12                          | 904c mov.w 0x000000000c19ca3a,r0
0c19c9a0 7688 add #-120,r6                        | 00dc mov.b @(r0,r13),r0
0c19c9a2 0c03 bsrf r12                            | 600c extu.b r0,r0
0c19c9a4 5555 mov.l @(20,r5),r5                   | 881d cmp/eq #29,r0
0c19c9a6 3fd5 dmulu.l r13,r15                     | 8b10 bf 0x000000000c19c9ca
0c19c9a8 906e mov.w 0x000000000c19ca88,r0         | 9048 mov.w 0x000000000c19ca3c,r0
0c19c9ae 881d cmp/eq #29,r0                       | 8804 cmp/eq #4,r0
0c19c9b0 8b11 bf 0x000000000c19c9d6               | 8b0b bf 0x000000000c19c9ca
0c19c9b2 906a mov.w 0x000000000c19ca8a,r0         | 9144 mov.w 0x000000000c19ca3e,r1
0c19c9b4 00dc mov.b @(r0,r13),r0                  | 84e6 mov.b @(6,r14),r0
0c19c9b6 600c extu.b r0,r0                        | 31ec add r14,r1
0c19c9b8 8804 cmp/eq #4,r0                        | 600c extu.b r0,r0
0c19c9ba 8b0c bf 0x000000000c19c9d6               | 2102 mov.l r0,@r1
0c19c9bc 9166 mov.w 0x000000000c19ca8c,r1         | 9140 mov.w 0x000000000c19ca40,r1
0c19c9be 84e6 mov.b @(6,r14),r0                   | 84e7 mov.b @(7,r14),r0
0c19c9c6 9162 mov.w 0x000000000c19ca8e,r1         | a13c bra 0x000000000c19cc42
0c19c9c8 84e7 mov.b @(7,r14),r0                   | e011 mov #17,r0
0c19c9ca 31ec add r14,r1                          | 903a mov.w 0x000000000c19ca42,r0
0c19c9cc 600c extu.b r0,r0                        | 02dc mov.b @(r0,r13),r2
0c19c9ce 2102 mov.l r0,@r1                        | 2228 tst r2,r2
0c19c9d0 e011 mov #17,r0                          | 8903 bt 0x000000000c19c9da
0c19c9d2 a0eb bra 0x000000000c19cbac              | 9037 mov.w 0x000000000c19ca44,r0
0c19c9d4 0009 nop                                 | 03dc mov.b @(r0,r13),r3
0c19c9d6 905b mov.w 0x000000000c19ca90,r0         | 2338 tst r3,r3
0c19c9d8 02dc mov.b @(r0,r13),r2                  | 890d bt 0x000000000c19c9f6
0c19c9da 2228 tst r2,r2                           | d31c mov.l 0x000000000c19ca4c,r3
0c19c9dc 8903 bt 0x000000000c19c9e6               | 84d2 mov.b @(2,r13),r0
0c19c9de 9058 mov.w 0x000000000c19ca92,r0         | 6430 mov.b @r3,r4
0c19c9e0 03dc mov.b @(r0,r13),r3                  | 650c extu.b r0,r5
0c19c9e2 2338 tst r3,r3                           | bf8e bsr 0x000000000c19c902
0c19c9e4 890d bt 0x000000000c19ca02               | 644c extu.b r4,r4
0c19c9e6 d32c mov.l 0x000000000c19ca98,r3         | 2008 tst r0,r0
0c19c9e8 84d2 mov.b @(2,r13),r0                   | 8911 bt 0x000000000c19ca0e
0c19c9ea 6430 mov.b @r3,r4                        | d219 mov.l 0x000000000c19ca50,r2
0c19c9ec 650c extu.b r0,r5                        | e105 mov #5,r1
0c19c9ee bf89 bsr 0x000000000c19c904              | 6320 mov.b @r2,r3
0c19c9f0 644c extu.b r4,r4                        | 633c extu.b r3,r3
0c19c9f2 2008 tst r0,r0                           | 3313 cmp/ge r1,r3
0c19c9f4 8911 bt 0x000000000c19ca1a               | 8b0b bf 0x000000000c19ca0e
0c19c9f6 d329 mov.l 0x000000000c19ca9c,r3         | 9122 mov.w 0x000000000c19ca3e,r1
0c19c9f8 e105 mov #5,r1                           | 84e6 mov.b @(6,r14),r0
0c19c9fa 6230 mov.b @r3,r2                        | 31ec add r14,r1
0c19c9fc 622c extu.b r2,r2                        | 600c extu.b r0,r0
0c19c9fe 3213 cmp/ge r1,r2                        | 2102 mov.l r0,@r1
0c19ca00 8b0b bf 0x000000000c19ca1a               | 911e mov.w 0x000000000c19ca40,r1
0c19ca02 9143 mov.w 0x000000000c19ca8c,r1         | 84e7 mov.b @(7,r14),r0
0c19ca04 84e6 mov.b @(6,r14),r0                   | 31ec add r14,r1
0c19ca06 31ec add r14,r1                          | 600c extu.b r0,r0
0c19ca08 600c extu.b r0,r0                        | 2102 mov.l r0,@r1
0c19ca0a 2102 mov.l r0,@r1                        | a11a bra 0x000000000c19cc42
0c19ca0c 913f mov.w 0x000000000c19ca8e,r1         | e001 mov #1,r0
0c19ca0e 84e7 mov.b @(7,r14),r0                   | 9014 mov.w 0x000000000c19ca3a,r0
0c19ca10 31ec add r14,r1                          | 00dc mov.b @(r0,r13),r0
0c19ca14 2102 mov.l r0,@r1                        | 881c cmp/eq #28,r0
0c19ca16 a0c9 bra 0x000000000c19cbac              | 8b1d bf 0x000000000c19ca54
0c19ca18 e001 mov #1,r0                           | 9015 mov.w 0x000000000c19ca46,r0
0c19ca1a 9035 mov.w 0x000000000c19ca88,r0         | 02dc mov.b @(r0,r13),r2
0c19ca1c 00dc mov.b @(r0,r13),r0                  | 2228 tst r2,r2
0c19ca1e 600c extu.b r0,r0                        | 8b19 bf 0x000000000c19ca54
0c19ca20 881c cmp/eq #28,r0                       | 910d mov.w 0x000000000c19ca3e,r1
0c19ca22 8b0f bf 0x000000000c19ca44               | 84e6 mov.b @(6,r14),r0
0c19ca24 9036 mov.w 0x000000000c19ca94,r0         | 31ec add r14,r1
0c19ca26 02dc mov.b @(r0,r13),r2                  | 600c extu.b r0,r0
0c19ca28 2228 tst r2,r2                           | 2102 mov.l r0,@r1
0c19ca2a 8b0b bf 0x000000000c19ca44               | 9109 mov.w 0x000000000c19ca40,r1
0c19ca2c 912e mov.w 0x000000000c19ca8c,r1         | 84e7 mov.b @(7,r14),r0
0c19ca2e 84e6 mov.b @(6,r14),r0                   | 31ec add r14,r1
0c19ca30 31ec add r14,r1                          | 600c extu.b r0,r0
0c19ca32 600c extu.b r0,r0                        | 2102 mov.l r0,@r1
0c19ca34 2102 mov.l r0,@r1                        | a105 bra 0x000000000c19cc42
0c19ca36 912a mov.w 0x000000000c19ca8e,r1         | e006 mov #6,r0
0c19ca38 84e7 mov.b @(7,r14),r0                   | 0130 error
0c19ca3a 31ec add r14,r1                          | 01d0 error
0c19ca3c 600c extu.b r0,r0                        | 01e9 error
0c19ca3e 2102 mov.l r0,@r1                        | 00cc mov.b @(r0,r12),r0
0c19ca40 a0b4 bra 0x000000000c19cbac              | 00d0 error
0c19ca42 e006 mov #6,r0                           | 0411 error
0c19ca44 d216 mov.l 0x000000000c19caa0,r2         | 0255 mov.w r5,@(r0,r2)
0c19ca46 420b jsr @r2                             | 0256 mov.l r5,@(r0,r2)
0c19ca48 64e3 mov r14,r4                          | 5555 mov.l @(20,r5),r5
0c19ca4a 2008 tst r0,r0                           | 3fd5 dmulu.l r13,r15
0c19ca4c 8b0b bf 0x000000000c19ca66               | 8370 error
0c19ca4e 911d mov.w 0x000000000c19ca8c,r1         | 0c2f mac.l @r2+,@r12+
0c19ca50 84e6 mov.b @(6,r14),r0                   | 8338 error
0c19ca52 31ec add r14,r1                          | 0c2f mac.l @r2+,@r12+
0c19ca54 600c extu.b r0,r0                        | d230 mov.l 0x000000000c19cb18,r2
0c19ca56 2102 mov.l r0,@r1                        | 420b jsr @r2
0c19ca58 9119 mov.w 0x000000000c19ca8e,r1         | 64e3 mov r14,r4
0c19ca5a 84e7 mov.b @(7,r14),r0                   | 2008 tst r0,r0
0c19ca5c 31ec add r14,r1                          | 8b0b bf 0x000000000c19ca76
0c19ca5e 600c extu.b r0,r0                        | 9153 mov.w 0x000000000c19cb08,r1
0c19ca60 2102 mov.l r0,@r1                        | 84e6 mov.b @(6,r14),r0
0c19ca62 a0a3 bra 0x000000000c19cbac              | 31ec add r14,r1
0c19ca64 e004 mov #4,r0                           | 600c extu.b r0,r0
0c19ca66 9016 mov.w 0x000000000c19ca96,r0         | 2102 mov.l r0,@r1
0c19ca68 e203 mov #3,r2                           | 914f mov.w 0x000000000c19cb0a,r1
0c19ca6a 03dd mov.w @(r0,r13),r3                  | 84e7 mov.b @(7,r14),r0
0c19ca6c 3323 cmp/ge r2,r3                        | 31ec add r14,r1
0c19ca6e 8b19 bf 0x000000000c19caa4               | 600c extu.b r0,r0
0c19ca70 910c mov.w 0x000000000c19ca8c,r1         | 2102 mov.l r0,@r1
0c19ca72 84e6 mov.b @(6,r14),r0                   | a0e6 bra 0x000000000c19cc42
0c19ca74 31ec add r14,r1                          | e004 mov #4,r0
0c19ca76 600c extu.b r0,r0                        | 9049 mov.w 0x000000000c19cb0c,r0
0c19ca78 2102 mov.l r0,@r1                        | e303 mov #3,r3
0c19ca7a 9108 mov.w 0x000000000c19ca8e,r1         | 02dd mov.w @(r0,r13),r2
0c19ca7c 84e7 mov.b @(7,r14),r0                   | 3233 cmp/ge r3,r2
0c19ca7e 31ec add r14,r1                          | 8b0b bf 0x000000000c19ca98
0c19ca80 600c extu.b r0,r0                        | 9142 mov.w 0x000000000c19cb08,r1
0c19ca82 2102 mov.l r0,@r1                        | 84e6 mov.b @(6,r14),r0
0c19ca84 a092 bra 0x000000000c19cbac              | 31ec add r14,r1
0c19ca86 e010 mov #16,r0                          | 600c extu.b r0,r0
0c19ca88 01d0 error                               | 2102 mov.l r0,@r1
0c19ca8a 01e9 error                               | 913e mov.w 0x000000000c19cb0a,r1
0c19ca8c 00cc mov.b @(r0,r12),r0                  | 84e7 mov.b @(7,r14),r0
0c19ca8e 00d0 error                               | 31ec add r14,r1
0c19ca90 0411 error                               | 600c extu.b r0,r0
0c19ca92 0255 mov.w r5,@(r0,r2)                   | 2102 mov.l r0,@r1
0c19ca94 0256 mov.l r5,@(r0,r2)                   | a0d5 bra 0x000000000c19cc42
0c19ca96 026c mov.b @(r0,r6),r2                   | e010 mov #16,r0
0c19ca98 8370 error                               | 9039 mov.w 0x000000000c19cb0e,r0
0c19ca9a 0c2f mac.l @r2+,@r12+                    | 00dc mov.b @(r0,r13),r0
0c19ca9c 8338 error                               | 600c extu.b r0,r0
0c19ca9e 0c2f mac.l @r2+,@r12+                    | 8815 cmp/eq #21,r0
0c19caa0 8642 error                               | 8b10 bf 0x000000000c19cac4
0c19caa2 0c02 stc sr,r12                          | 9035 mov.w 0x000000000c19cb10,r0
0c19caa4 9067 mov.w 0x000000000c19cb76,r0         | 00dc mov.b @(r0,r13),r0
0c19caa6 00dc mov.b @(r0,r13),r0                  | 600c extu.b r0,r0
0c19caa8 600c extu.b r0,r0                        | 8803 cmp/eq #3,r0
0c19caaa 8815 cmp/eq #21,r0                       | 8b0b bf 0x000000000c19cac4
0c19caac 8b10 bf 0x000000000c19cad0               | 912c mov.w 0x000000000c19cb08,r1
0c19caae 9063 mov.w 0x000000000c19cb78,r0         | 84e6 mov.b @(6,r14),r0
0c19cab0 00dc mov.b @(r0,r13),r0                  | 31ec add r14,r1
0c19cab4 8803 cmp/eq #3,r0                        | 2102 mov.l r0,@r1
0c19cab6 8b0b bf 0x000000000c19cad0               | 9128 mov.w 0x000000000c19cb0a,r1
0c19cab8 915f mov.w 0x000000000c19cb7a,r1         | 84e7 mov.b @(7,r14),r0
0c19caba 84e6 mov.b @(6,r14),r0                   | 31ec add r14,r1
0c19cabc 31ec add r14,r1                          | 600c extu.b r0,r0
0c19cabe 600c extu.b r0,r0                        | 2102 mov.l r0,@r1
0c19cac0 2102 mov.l r0,@r1                        | a0bf bra 0x000000000c19cc42
0c19cac2 915b mov.w 0x000000000c19cb7c,r1         | e00a mov #10,r0
0c19cac4 84e7 mov.b @(7,r14),r0                   | 9025 mov.w 0x000000000c19cb12,r0
0c19cac6 31ec add r14,r1                          | 9325 mov.w 0x000000000c19cb14,r3
0c19cac8 600c extu.b r0,r0                        | 02dd mov.w @(r0,r13),r2
0c19caca 2102 mov.l r0,@r1                        | 622d extu.w r2,r2
0c19cacc a06e bra 0x000000000c19cbac              | 3230 cmp/eq r3,r2
0c19cace e00a mov #10,r0                          | 8b0b bf 0x000000000c19cae8
0c19cad0 9055 mov.w 0x000000000c19cb7e,r0         | 911a mov.w 0x000000000c19cb08,r1
0c19cad2 9255 mov.w 0x000000000c19cb80,r2         | 84e6 mov.b @(6,r14),r0
0c19cad4 03dd mov.w @(r0,r13),r3                  | 31ec add r14,r1
0c19cad6 633d extu.w r3,r3                        | 600c extu.b r0,r0
0c19cad8 3320 cmp/eq r2,r3                        | 2102 mov.l r0,@r1
0c19cada 8b0c bf 0x000000000c19caf6               | 9116 mov.w 0x000000000c19cb0a,r1
0c19cadc 914d mov.w 0x000000000c19cb7a,r1         | 84e7 mov.b @(7,r14),r0
0c19cade 84e6 mov.b @(6,r14),r0                   | 31ec add r14,r1
0c19cae0 31ec add r14,r1                          | 600c extu.b r0,r0
0c19cae2 600c extu.b r0,r0                        | 2102 mov.l r0,@r1
0c19cae4 2102 mov.l r0,@r1                        | a0ad bra 0x000000000c19cc42
0c19cae6 9149 mov.w 0x000000000c19cb7c,r1         | e00e mov #14,r0
0c19cae8 84e7 mov.b @(7,r14),r0                   | 9015 mov.w 0x000000000c19cb16,r0
0c19caea 31ec add r14,r1                          | 03de mov.l @(r0,r13),r3
0c19caec 600c extu.b r0,r0                        | 2338 tst r3,r3
0c19caee 2102 mov.l r0,@r1                        | 8915 bt 0x000000000c19cb1c
0c19caf0 e00e mov #14,r0                          | 910a mov.w 0x000000000c19cb08,r1
0c19caf2 a0a8 bra 0x000000000c19cc46              | 84e6 mov.b @(6,r14),r0
0c19caf4 80e6 mov.b r0,@(6,r14)                   | 31ec add r14,r1
0c19caf6 9044 mov.w 0x000000000c19cb82,r0         | 600c extu.b r0,r0
0c19caf8 02de mov.l @(r0,r13),r2                  | 2102 mov.l r0,@r1
0c19cafa 2228 tst r2,r2                           | 9106 mov.w 0x000000000c19cb0a,r1
0c19cafc 890c bt 0x000000000c19cb18               | 84e7 mov.b @(7,r14),r0
0c19cafe 913c mov.w 0x000000000c19cb7a,r1         | 31ec add r14,r1
0c19cb00 84e6 mov.b @(6,r14),r0                   | 600c extu.b r0,r0
0c19cb02 31ec add r14,r1                          | 2102 mov.l r0,@r1
0c19cb04 600c extu.b r0,r0                        | a09d bra 0x000000000c19cc42
0c19cb06 2102 mov.l r0,@r1                        | e012 mov #18,r0
0c19cb08 9138 mov.w 0x000000000c19cb7c,r1         | 00cc mov.b @(r0,r12),r0
0c19cb0a 84e7 mov.b @(7,r14),r0                   | 00d0 error
0c19cb0c 31ec add r14,r1                          | 026c mov.b @(r0,r6),r2
0c19cb0e 600c extu.b r0,r0                        | 01d0 error
0c19cb10 2102 mov.l r0,@r1                        | 01e9 error
0c19cb12 e012 mov #18,r0                          | 0158 error
0c19cb14 a097 bra 0x000000000c19cc46              | 1803 mov.l r0,@(12,r8)
0c19cb16 80e6 mov.b r0,@(6,r14)                   | 02e4 mov.b r14,@(r0,r2)
0c19cb18 902d mov.w 0x000000000c19cb76,r0         | 8642 error
0c19cb1a 00dc mov.b @(r0,r13),r0                  | 0c02 stc sr,r12
0c19cb1c 600c extu.b r0,r0                        | 9058 mov.w 0x000000000c19cbd0,r0
0c19cb1e 8816 cmp/eq #22,r0                       | 00dc mov.b @(r0,r13),r0
0c19cb20 8f34 bf.s 0x000000000c19cb8c             | 600c extu.b r0,r0
0c19cb22 e40c mov #12,r4                          | 8816 cmp/eq #22,r0
0c19cb24 9129 mov.w 0x000000000c19cb7a,r1         | 8f2d bf.s 0x000000000c19cb82
0c19cb26 84e6 mov.b @(6,r14),r0                   | e40c mov #12,r4
0c19cb28 31ec add r14,r1                          | 9153 mov.w 0x000000000c19cbd2,r1
0c19cb2a 600c extu.b r0,r0                        | 84e6 mov.b @(6,r14),r0
0c19cb2c 2102 mov.l r0,@r1                        | 31ec add r14,r1
0c19cb2e 9125 mov.w 0x000000000c19cb7c,r1         | 600c extu.b r0,r0
0c19cb30 84e7 mov.b @(7,r14),r0                   | 2102 mov.l r0,@r1
0c19cb32 31ec add r14,r1                          | 914f mov.w 0x000000000c19cbd4,r1
0c19cb34 600c extu.b r0,r0                        | 84e7 mov.b @(7,r14),r0
0c19cb36 2102 mov.l r0,@r1                        | 31ec add r14,r1
0c19cb38 e020 mov #32,r0                          | 600c extu.b r0,r0
0c19cb3a 00dc mov.b @(r0,r13),r0                  | 2102 mov.l r0,@r1
0c19cb3c 600c extu.b r0,r0                        | e020 mov #32,r0
0c19cb3e 8800 cmp/eq #0,r0                        | 00dc mov.b @(r0,r13),r0
0c19cb40 8915 bt 0x000000000c19cb6e               | 600c extu.b r0,r0
0c19cb42 8802 cmp/eq #2,r0                        | 8800 cmp/eq #0,r0
0c19cb44 8913 bt 0x000000000c19cb6e               | 8915 bt 0x000000000c19cb72
0c19cb46 8805 cmp/eq #5,r0                        | 8801 cmp/eq #1,r0
0c19cb48 8911 bt 0x000000000c19cb6e               | 8917 bt 0x000000000c19cb7a
0c19cb4a 8806 cmp/eq #6,r0                        | 8802 cmp/eq #2,r0
0c19cb4c 890f bt 0x000000000c19cb6e               | 8911 bt 0x000000000c19cb72
0c19cb4e 8807 cmp/eq #7,r0                        | 8803 cmp/eq #3,r0
0c19cb50 890d bt 0x000000000c19cb6e               | 8913 bt 0x000000000c19cb7a
0c19cb52 8808 cmp/eq #8,r0                        | 8804 cmp/eq #4,r0
0c19cb54 890d bt 0x000000000c19cb72               | 8911 bt 0x000000000c19cb7a
0c19cb56 8809 cmp/eq #9,r0                        | 8805 cmp/eq #5,r0
0c19cb5a 880a cmp/eq #10,r0                       | 8806 cmp/eq #6,r0
0c19cb5e 8801 cmp/eq #1,r0                        | 8807 cmp/eq #7,r0
0c19cb60 8910 bt 0x000000000c19cb84               | 8907 bt 0x000000000c19cb72
0c19cb62 8803 cmp/eq #3,r0                        | 8808 cmp/eq #8,r0
0c19cb64 890e bt 0x000000000c19cb84               | 8907 bt 0x000000000c19cb76
0c19cb66 8804 cmp/eq #4,r0                        | 8809 cmp/eq #9,r0
0c19cb68 890c bt 0x000000000c19cb84               | 8905 bt 0x000000000c19cb76
0c19cb6a a06c bra 0x000000000c19cc46              | 880a cmp/eq #10,r0
0c19cb6c 0009 nop                                 | 8903 bt 0x000000000c19cb76
0c19cb6e a00b bra 0x000000000c19cb88              | a069 bra 0x000000000c19cc44
0c19cb70 e008 mov #8,r0                           | 0009 nop
0c19cb72 a009 bra 0x000000000c19cb88              | a004 bra 0x000000000c19cb7e
0c19cb74 e00d mov #13,r0                          | e008 mov #8,r0
0c19cb76 01d0 error                               | a002 bra 0x000000000c19cb7e
0c19cb78 01e9 error                               | e00d mov #13,r0
0c19cb7a 00cc mov.b @(r0,r12),r0                  | 6043 mov r4,r0
0c19cb7c 00d0 error                               | 0009 nop
0c19cb7e 0158 error                               | a061 bra 0x000000000c19cc44
0c19cb80 1803 mov.l r0,@(12,r8)                   | 80e6 mov.b r0,@(6,r14)
0c19cb82 02e4 mov.b r14,@(r0,r2)                  | 9028 mov.w 0x000000000c19cbd6,r0
0c19cb84 6043 mov r4,r0                           | 02dd mov.w @(r0,r13),r2
0c19cb86 0009 nop                                 | 4215 cmp/pl r2
0c19cb88 a05d bra 0x000000000c19cc46              | 890b bt 0x000000000c19cba2
0c19cb8a 80e6 mov.b r0,@(6,r14)                   | 9122 mov.w 0x000000000c19cbd2,r1
0c19cb8c 9064 mov.w 0x000000000c19cc58,r0         | 84e6 mov.b @(6,r14),r0
0c19cb8e 03dd mov.w @(r0,r13),r3                  | 31ec add r14,r1
0c19cb90 4315 cmp/pl r3                           | 600c extu.b r0,r0
0c19cb92 890d bt 0x000000000c19cbb0               | 2102 mov.l r0,@r1
0c19cb94 9161 mov.w 0x000000000c19cc5a,r1         | 911e mov.w 0x000000000c19cbd4,r1
0c19cb96 84e6 mov.b @(6,r14),r0                   | 84e7 mov.b @(7,r14),r0
0c19cb9e 915d mov.w 0x000000000c19cc5c,r1         | a050 bra 0x000000000c19cc42
0c19cba0 84e7 mov.b @(7,r14),r0                   | 6043 mov r4,r0
0c19cba2 31ec add r14,r1                          | 9015 mov.w 0x000000000c19cbd0,r0
0c19cba4 600c extu.b r0,r0                        | 00dc mov.b @(r0,r13),r0
0c19cba6 2102 mov.l r0,@r1                        | 600c extu.b r0,r0
0c19cba8 6043 mov r4,r0                           | 880e cmp/eq #14,r0
0c19cbaa 0009 nop                                 | 8b17 bf 0x000000000c19cbdc
0c19cbac a04b bra 0x000000000c19cc46              | c70a mova 0x000000000c19cbd8,r0
0c19cbae 80e6 mov.b r0,@(6,r14)                   | f308 fmov @r0,fr3
0c19cbb0 9055 mov.w 0x000000000c19cc5e,r0         | e060 mov #96,r0
0c19cbb2 00dc mov.b @(r0,r13),r0                  | f2d6 fmov @(r0,r13),fr2
0c19cbb4 600c extu.b r0,r0                        | f235 fcmp/gt fr3,fr2
0c19cbb6 880e cmp/eq #14,r0                       | 8b11 bf 0x000000000c19cbdc
0c19cbb8 8b11 bf 0x000000000c19cbde               | 910b mov.w 0x000000000c19cbd2,r1
0c19cbba c729 mova 0x000000000c19cc60,r0          | 84e6 mov.b @(6,r14),r0
0c19cbbc f308 fmov @r0,fr3                        | 31ec add r14,r1
0c19cbbe e060 mov #96,r0                          | 600c extu.b r0,r0
0c19cbc0 f2d6 fmov @(r0,r13),fr2                  | 2102 mov.l r0,@r1
0c19cbc2 f235 fcmp/gt fr3,fr2                     | 9107 mov.w 0x000000000c19cbd4,r1
0c19cbc4 8b0b bf 0x000000000c19cbde               | 84e7 mov.b @(7,r14),r0
0c19cbc6 9148 mov.w 0x000000000c19cc5a,r1         | 31ec add r14,r1
0c19cbc8 84e6 mov.b @(6,r14),r0                   | 600c extu.b r0,r0
0c19cbca 31ec add r14,r1                          | 2102 mov.l r0,@r1
0c19cbcc 600c extu.b r0,r0                        | a039 bra 0x000000000c19cc42
0c19cbce 2102 mov.l r0,@r1                        | e009 mov #9,r0
0c19cbd0 9144 mov.w 0x000000000c19cc5c,r1         | 01d0 error
0c19cbd2 84e7 mov.b @(7,r14),r0                   | 00cc mov.b @(r0,r12),r0
0c19cbd4 31ec add r14,r1                          | 00d0 error
0c19cbd6 600c extu.b r0,r0                        | 0420 error
0c19cbd8 2102 mov.l r0,@r1                        | 2492 mov.l r9,@r4
0c19cbda afe7 bra 0x000000000c19cbac              | 4189 error
0c19cbdc e009 mov #9,r0                           | e538 mov #56,r5
0c19cbde e538 mov #56,r5                          | 6bf3 mov r15,r11
0c19cbe0 6bf3 mov r15,r11                         | bea8 bsr 0x000000000c19c934
0c19cbe2 be9a bsr 0x000000000c19c91a              | 64d3 mov r13,r4
0c19cbe4 64d3 mov r13,r4                          | e034 mov #52,r0
0c19cbe6 e034 mov #52,r0                          | f3e6 fmov @(r0,r14),fr3
0c19cbe8 f3e6 fmov @(r0,r14),fr3                  | e038 mov #56,r0
0c19cbea e038 mov #56,r0                          | f031 fsub fr3,fr0
0c19cbec f031 fsub fr3,fr0                        | fb0a fmov fr0,@r11
0c19cbee fb0a fmov fr0,@r11                       | f3d6 fmov @(r0,r13),fr3
0c19cbf0 f3d6 fmov @(r0,r13),fr3                  | e004 mov #4,r0
0c19cbf2 e004 mov #4,r0                           | fb37 fmov fr3,@(r0,r11)
0c19cbf4 fb37 fmov fr3,@(r0,r11)                  | c719 mova 0x000000000c19cc5c,r0
0c19cbf6 c71b mova 0x000000000c19cc64,r0          | f308 fmov @r0,fr3
0c19cbf8 f308 fmov @r0,fr3                        | e038 mov #56,r0
0c19cbfa e038 mov #56,r0                          | f2e6 fmov @(r0,r14),fr2
0c19cbfc f2e6 fmov @(r0,r14),fr2                  | e004 mov #4,r0
0c19cbfe e004 mov #4,r0                           | f1b6 fmov @(r0,r11),fr1
0c19cc00 f1b6 fmov @(r0,r11),fr1                  | f230 fadd fr3,fr2
0c19cc02 f230 fadd fr3,fr2                        | f215 fcmp/gt fr1,fr2
0c19cc04 f215 fcmp/gt fr1,fr2                     | 8d01 bt.s 0x000000000c19cc0a
0c19cc06 8d01 bt.s 0x000000000c19cc0c             | f38d fldi0 fr3
0c19cc08 f38d fldi0 fr3                           | ec01 mov #1,r12
0c19cc0a ec01 mov #1,r12                          | f2b8 fmov @r11,fr2
0c19cc0c f2b8 fmov @r11,fr2                       | f325 fcmp/gt fr2,fr3
0c19cc0e f325 fcmp/gt fr2,fr3                     | 8b04 bf 0x000000000c19cc1a
0c19cc10 8b04 bf 0x000000000c19cc1c               | c713 mova 0x000000000c19cc60,r0
0c19cc14 f29d fldi1 fr2                           | f208 fmov @r0,fr2
0c19cc16 f24d fneg fr2                            | f122 fmul fr2,fr1
0c19cc18 f122 fmul fr2,fr1                        | fb1a fmov fr1,@r11
0c19cc1a fb1a fmov fr1,@r11                       | c712 mova 0x000000000c19cc64,r0
0c19cc1c c712 mova 0x000000000c19cc68,r0          | f2b8 fmov @r11,fr2
0c19cc1e f2b8 fmov @r11,fr2                       | f308 fmov @r0,fr3
0c19cc20 f308 fmov @r0,fr3                        | f325 fcmp/gt fr2,fr3
0c19cc22 f325 fcmp/gt fr2,fr3                     | 8d01 bt.s 0x000000000c19cc28
0c19cc24 8d01 bt.s 0x000000000c19cc2a             | 84e6 mov.b @(6,r14),r0
0c19cc26 84e6 mov.b @(6,r14),r0                   | 7c02 add #2,r12
0c19cc28 7c02 add #2,r12                          | 9115 mov.w 0x000000000c19cc56,r1
0c19cc2a 9116 mov.w 0x000000000c19cc5a,r1         | 600c extu.b r0,r0
0c19cc2c 600c extu.b r0,r0                        | 31ec add r14,r1
0c19cc2e 31ec add r14,r1                          | 2102 mov.l r0,@r1
0c19cc30 2102 mov.l r0,@r1                        | 9112 mov.w 0x000000000c19cc58,r1
0c19cc32 9113 mov.w 0x000000000c19cc5c,r1         | 84e7 mov.b @(7,r14),r0
0c19cc34 84e7 mov.b @(7,r14),r0                   | 31ec add r14,r1
0c19cc36 31ec add r14,r1                          | 600c extu.b r0,r0
0c19cc38 600c extu.b r0,r0                        | 2102 mov.l r0,@r1
0c19cc3a 2102 mov.l r0,@r1                        | 60cc extu.b r12,r0
0c19cc3c 60cc extu.b r12,r0                       | d10a mov.l 0x000000000c19cc68,r1
0c19cc3e d10b mov.l 0x000000000c19cc6c,r1         | 4000 shll r0
0c19cc40 4000 shll r0                             | 001c mov.b @(r0,r1),r0
0c19cc42 001c mov.b @(r0,r1),r0                   | 80e6 mov.b r0,@(6,r14)
0c19cc44 80e6 mov.b r0,@(6,r14)                   | e000 mov #0,r0
0c19cc46 e000 mov #0,r0                           | 80e7 mov.b r0,@(7,r14)
0c19cc48 80e7 mov.b r0,@(7,r14)                   | 7f08 add #8,r15
0c19cc4a 7f08 add #8,r15                          | 4f26 lds.l @r15+,pr
0c19cc4c 4f26 lds.l @r15+,pr                      | 6bf6 mov.l @r15+,r11
0c19cc4e 6bf6 mov.l @r15+,r11                     | 6cf6 mov.l @r15+,r12
0c19cc50 6cf6 mov.l @r15+,r12                     | 6df6 mov.l @r15+,r13
0c19cc52 6df6 mov.l @r15+,r13                     | 000b rts
0c19cc54 000b rts                                 | 6ef6 mov.l @r15+,r14
0c19cc56 6ef6 mov.l @r15+,r14                     | 00cc mov.b @(r0,r12),r0
0c19cc58 0420 error                               | 00d0 error
0c19cc5a 00cc mov.b @(r0,r12),r0                  | 0000 error
0c19cc5c 00d0 error                               | b6db bsr 0x000000000c19da16
0c19cc5e 01d0 error                               | 42cd shld r12,r2
0c19cc60 2492 mov.l r9,@r4                        | 0000 error
0c19cc62 4189 error                               | bf80 bsr 0x000000000c19cb66
0c19cc64 b6db bsr 0x000000000c19da1e              | 5555 mov.l @(20,r5),r5
0c19cc66 42cd shld r12,r2                         | 4285 error
0c19cc68 5555 mov.l @(20,r5),r5                   | 8874 cmp/eq #116,r0
0c19cc6a 4285 error                               | 0c25 mov.w r2,@(r0,r12)
