HOST Darwin arm64 — bundled wibo-macos
test_two_aligned_noop_links_at_retail_address (test_align2.Align2Tests.test_two_aligned_noop_links_at_retail_address) ... ok
test_ab50_jmp_delay_slot_is_code_and_pool_starts_after_existing_word (test_boot_init_map.BootInitMappingTests.test_ab50_jmp_delay_slot_is_code_and_pool_starts_after_existing_word) ... ok
test_boot_init_code_excludes_pool_and_includes_loop_delay_slot (test_boot_init_map.BootInitMappingTests.test_boot_init_code_excludes_pool_and_includes_loop_delay_slot) ... ok
test_copy_loop_word_literal_and_its_pad_are_separate_ranges (test_boot_init_map.BootInitMappingTests.test_copy_loop_word_literal_and_its_pad_are_separate_ranges) ... ok
test_leaf_rts_delay_slot_is_inside_reviewed_code (test_boot_init_map.BootInitMappingTests.test_leaf_rts_delay_slot_is_inside_reviewed_code) ... ok
test_mask_apply_pool_is_data_and_bra_delay_is_code (test_boot_init_map.BootInitMappingTests.test_mask_apply_pool_is_data_and_bra_delay_is_code) ... ok
test_wait_loop_pool_does_not_absorb_unreferenced_words (test_boot_init_map.BootInitMappingTests.test_wait_loop_pool_does_not_absorb_unreferenced_words) ... ok
test_braces_in_comments_and_literals_do_not_truncate_definition (test_clone.CloneHeaderTests.test_braces_in_comments_and_literals_do_not_truncate_definition) ... ok
test_compact_definition_skips_prototype_and_keeps_nested_body (test_clone.CloneHeaderTests.test_compact_definition_skips_prototype_and_keeps_nested_body) ... ok
test_nested_declaration_stays_whole (test_clone.CloneHeaderTests.test_nested_declaration_stays_whole) ... ok
test_one_line_struct_does_not_swallow_following_extern (test_clone.CloneHeaderTests.test_one_line_struct_does_not_swallow_following_extern) ... ok
test_new_verified_source_is_added_to_mapping (test_core.CurrentMappingTests.test_new_verified_source_is_added_to_mapping) ... ok
test_decoder_distinguishes_return_from_literal (test_core.InspectionTests.test_decoder_distinguishes_return_from_literal) ... ok
test_literal_address_includes_pc_alignment (test_core.InspectionTests.test_literal_address_includes_pc_alignment) ... ok
test_mapping_preserves_unknown_and_rejects_overlap (test_core.InspectionTests.test_mapping_preserves_unknown_and_rejects_overlap) ... ok
test_unsupported_host_has_actionable_fallback (test_core.InspectionTests.test_unsupported_host_has_actionable_fallback) ... ok
test_candidate_without_matching_functions_has_no_progress_credit (test_core.ProofTests.test_candidate_without_matching_functions_has_no_progress_credit) ... ok
test_changed_byte_fails (test_core.ProofTests.test_changed_byte_fails) ... ok
test_every_source_unit_is_registered (test_core.ProofTests.test_every_source_unit_is_registered) ... ok
test_exact_linked_code (test_core.ProofTests.test_exact_linked_code) ... ok
test_identical_bytes_at_wrong_address_fail (test_core.ProofTests.test_identical_bytes_at_wrong_address_fail) ... ok
test_map_and_elf_cannot_hide_extra_bytes (test_core.ProofTests.test_map_and_elf_cannot_hide_extra_bytes) ... ok
test_matching_prefix_with_extra_bytes_fails (test_core.ProofTests.test_matching_prefix_with_extra_bytes_fails) ... ok
test_missing_export_fails (test_core.ProofTests.test_missing_export_fails) ... ok
test_overlapping_references_fail (test_core.ProofTests.test_overlapping_references_fail) ... ok
test_progress_provenance_sums_to_credited_bytes (test_core.ProofTests.test_progress_provenance_sums_to_credited_bytes) ... ok
test_relocatable_object_is_not_proof (test_core.ProofTests.test_relocatable_object_is_not_proof) ... ok
test_treemap_area_and_bounds (test_core.ProofTests.test_treemap_area_and_bounds) ... ok
test_unknown_bytes_stay_in_lower_bound (test_core.ProofTests.test_unknown_bytes_stay_in_lower_bound) ... ok
test_verified_literal_pool_counts_as_data (test_core.ProofTests.test_verified_literal_pool_counts_as_data) ... ok
test_work_queue_separates_near_match_from_wrong_extent (test_core.ProofTests.test_work_queue_separates_near_match_from_wrong_extent) ... ok
test_ci_only_writes_generated_readme_progress (test_core.RepositoryStateTests.test_ci_only_writes_generated_readme_progress) ... ok
test_progress_bar_is_deterministic (test_core.RepositoryStateTests.test_progress_bar_is_deterministic) ... ok
test_readme_has_generated_progress_without_task_queue (test_core.RepositoryStateTests.test_readme_has_generated_progress_without_task_queue) ... ok
test_backward_bra_past_entry_is_tail_not_same_function (test_flow_map.FlowMapTests.test_backward_bra_past_entry_is_tail_not_same_function) ... ok
test_boot_init_jsr_r11_survives_intervening_other_jsrs (test_flow_map.FlowMapTests.test_boot_init_jsr_r11_survives_intervening_other_jsrs) ... ok
test_boot_init_splits_pool_and_keeps_loop_delay_slot (test_flow_map.FlowMapTests.test_boot_init_splits_pool_and_keeps_loop_delay_slot) ... ok
test_braf_and_shll2_follows_case_slots (test_flow_map.FlowMapTests.test_braf_and_shll2_follows_case_slots) ... ok
test_braf_mova_word_table_is_data_and_cases_are_code (test_flow_map.FlowMapTests.test_braf_mova_word_table_is_data_and_cases_are_code) ... ok
test_callback_cell_from_mov_l_then_jsr_is_data (test_flow_map.FlowMapTests.test_callback_cell_from_mov_l_then_jsr_is_data) ... ok
test_code_after_tail_jump_is_a_function_start (test_flow_map.FlowMapTests.test_code_after_tail_jump_is_a_function_start) ... ok
test_indexed_jmp_table_is_data_and_seeds_in_image_pointers (test_flow_map.FlowMapTests.test_indexed_jmp_table_is_data_and_seeds_in_image_pointers) ... ok
test_jsr_lookback_recovers_pointer_across_straight_line_stores (test_flow_map.FlowMapTests.test_jsr_lookback_recovers_pointer_across_straight_line_stores) ... ok
test_jump_table_words_are_not_kept_as_code (test_flow_map.FlowMapTests.test_jump_table_words_are_not_kept_as_code) ... ok
test_leaf_includes_rts_delay_and_stops (test_flow_map.FlowMapTests.test_leaf_includes_rts_delay_and_stops) ... ok
test_ledger_records_braf_word_table_as_data (test_flow_map.FlowMapTests.test_ledger_records_braf_word_table_as_data) ... ok
test_ledger_records_callback_cell (test_flow_map.FlowMapTests.test_ledger_records_callback_cell) ... ok
test_ledger_records_indexed_jump_table_as_data (test_flow_map.FlowMapTests.test_ledger_records_indexed_jump_table_as_data) ... ok
test_pcrel_loaded_prologs_are_reviewed_code (test_flow_map.FlowMapTests.test_pcrel_loaded_prologs_are_reviewed_code) ... ok
test_declared_interior_data_is_not_part_of_the_last_function (test_function_credit.FunctionCreditTests.test_declared_interior_data_is_not_part_of_the_last_function) ... ok
test_each_function_is_judged_on_its_own_bytes (test_function_credit.FunctionCreditTests.test_each_function_is_judged_on_its_own_bytes) ... ok
test_function_continues_after_an_interior_pool (test_function_credit.FunctionCreditTests.test_function_continues_after_an_interior_pool) ... ok
test_matching_instructions_with_wrong_literal_are_not_credited (test_function_credit.FunctionCreditTests.test_matching_instructions_with_wrong_literal_are_not_credited) ... ok
test_misplaced_section_credits_nothing (test_function_credit.FunctionCreditTests.test_misplaced_section_credits_nothing) ... ok
test_report_counts_candidate_functions_and_verified_units (test_function_credit.FunctionCreditTests.test_report_counts_candidate_functions_and_verified_units) ... ok
test_identity_leaves_match_retail (test_leaves_id.LeavesIdTests.test_identity_leaves_match_retail) ... ok
test_a_library_unit_compiles_nothing (test_library_units.LibraryUnitTests.test_a_library_unit_compiles_nothing) ... ok
test_a_library_unit_names_a_module_and_its_exports (test_library_units.LibraryUnitTests.test_a_library_unit_names_a_module_and_its_exports) ... ok
test_a_library_unit_validates (test_library_units.LibraryUnitTests.test_a_library_unit_validates) ... ok
test_library_units_do_not_overlap_each_other (test_library_units.LibraryUnitTests.test_library_units_do_not_overlap_each_other) ... ok
test_registered_library_units_name_a_checked_in_library_and_module (test_library_units.LibraryUnitTests.test_registered_library_units_name_a_checked_in_library_and_module) ... ok
test_the_library_comes_from_the_checked_in_sdk (test_library_units.LibraryUnitTests.test_the_library_comes_from_the_checked_in_sdk) ... ok
test_ranges_are_sorted_non_overlapping_hashed_and_evidenced (test_mapping_ledger.MappingLedgerTests.test_ranges_are_sorted_non_overlapping_hashed_and_evidenced) ... ok
test_review_accepts_ledger (test_mapping_ledger.MappingLedgerTests.test_review_accepts_ledger) ... ok
test_sampled_delay_slots_and_pool_kinds (test_mapping_ledger.MappingLedgerTests.test_sampled_delay_slots_and_pool_kinds) ... ok
test_verified_source_classifies_unknown_literal_pool_as_data (test_mapping_ledger.MappingLedgerTests.test_verified_source_classifies_unknown_literal_pool_as_data) ... ok
test_compile_unit_has_no_instruction_rewriters (test_no_asm_rewrite.NoAsmRewriteTests.test_compile_unit_has_no_instruction_rewriters) ... ok
test_units_do_not_request_instruction_rewrites (test_no_asm_rewrite.NoAsmRewriteTests.test_units_do_not_request_instruction_rewrites) ... ok
test_decoder_accepts_every_compiler_verified_word (test_nonexecutable.NonExecutableTests.test_decoder_accepts_every_compiler_verified_word)
The elimination only holds if a valid instruction never reads as error. ... ok
test_every_proposed_word_is_undecodable (test_nonexecutable.NonExecutableTests.test_every_proposed_word_is_undecodable) ... ok
test_proposals_do_not_touch_reviewed_bytes (test_nonexecutable.NonExecutableTests.test_proposals_do_not_touch_reviewed_bytes) ... ok
test_every_cluster_is_code_then_its_own_pool (test_pool_clusters.PoolClusterTests.test_every_cluster_is_code_then_its_own_pool) ... ok
test_pc_relative_targets (test_pool_clusters.PoolClusterTests.test_pc_relative_targets) ... ok
test_recovers_the_mask_tu_span (test_pool_clusters.PoolClusterTests.test_recovers_the_mask_tu_span)
src/candidates/mask_tu.c is four functions sharing the 0x0c047b2e pool. ... ok
test_a_declaration_does_not_excuse_an_undeclared_conflict (test_unit_interior.UnitInteriorTests.test_a_declaration_does_not_excuse_an_undeclared_conflict) ... ok
test_declared_pool_lets_the_section_own_the_whole_range (test_unit_interior.UnitInteriorTests.test_declared_pool_lets_the_section_own_the_whole_range) ... ok
test_interior_must_lie_inside_its_section (test_unit_interior.UnitInteriorTests.test_interior_must_lie_inside_its_section) ... ok
test_pool_inside_a_code_section_conflicts_without_a_declaration (test_unit_interior.UnitInteriorTests.test_pool_inside_a_code_section_conflicts_without_a_declaration) ... ok
test_branch_into_later_code_invalidates_start_after_gap (test_unit_spans.UnitSpanTests.test_branch_into_later_code_invalidates_start_after_gap) ... ok
test_earlier_code_reading_later_pool_invalidates_start_after_gap (test_unit_spans.UnitSpanTests.test_earlier_code_reading_later_pool_invalidates_start_after_gap) ... ok
test_evidence_identifies_literal_pool_owner_and_crossing (test_unit_spans.UnitSpanTests.test_evidence_identifies_literal_pool_owner_and_crossing) ... ok
test_literal_load_crosses_earlier_pool_boundary (test_unit_spans.UnitSpanTests.test_literal_load_crosses_earlier_pool_boundary) ... ok
test_long_branch_crosses_pool_boundary (test_unit_spans.UnitSpanTests.test_long_branch_crosses_pool_boundary) ... ok
test_owned_pool_excludes_proposal (test_unit_spans.UnitSpanTests.test_owned_pool_excludes_proposal) ... ok
test_previously_registered_data_pool_can_be_released (test_unit_spans.UnitSpanTests.test_previously_registered_data_pool_can_be_released) ... ok
test_unreviewed_gap_does_not_hide_later_unit (test_unit_spans.UnitSpanTests.test_unreviewed_gap_does_not_hide_later_unit) ... ok
test_no_reviewed_code_range_holds_an_undecodable_word (test_walk_rejection.LedgerCodeIsDecodableTests.test_no_reviewed_code_range_holds_an_undecodable_word)
Every even address in a code range is an instruction boundary. ... ok
test_branch_pairs_with_stc_delay_slots_stay_code (test_walk_rejection.PointerTableTests.test_branch_pairs_with_stc_delay_slots_stay_code) ... ok
test_in_image_pointer_runs_are_not_code (test_walk_rejection.PointerTableTests.test_in_image_pointer_runs_are_not_code) ... ok
test_accepted_walk_has_no_undecodable_word (test_walk_rejection.WalkRejectionTests.test_accepted_walk_has_no_undecodable_word) ... ok
test_filler_is_not_accepted_as_code (test_walk_rejection.WalkRejectionTests.test_filler_is_not_accepted_as_code) ... ok
test_proposals_do_not_overlap_each_other (test_walk_rejection.WalkRejectionTests.test_proposals_do_not_overlap_each_other) ... ok

----------------------------------------------------------------------
Ran 92 tests in 8.596s

OK
PASS Hitachi code, data, BSS, imported and local pointer relocation
