registries read 8 small unowned spans 96
[
  {
    "start": "0x0c1a0e68",
    "size": 304
  },
  {
    "start": "0x0c1a30d8",
    "size": 876
  },
  {
    "start": "0x0c1a390c",
    "size": 652
  },
  {
    "start": "0x0c1a5048",
    "size": 364
  },
  {
    "start": "0x0c1a7ed8",
    "size": 728
  },
  {
    "start": "0x0c1a94b0",
    "size": 356
  },
  {
    "start": "0x0c1a9814",
    "size": 276
  },
  {
    "start": "0x0c1a9cf0",
    "size": 412
  },
  {
    "start": "0x0c1aca28",
    "size": 304
  },
  {
    "start": "0x0c1ad5bc",
    "size": 348
  },
  {
    "start": "0x0c1aede8",
    "size": 484
  },
  {
    "start": "0x0c1af2b8",
    "size": 620
  },
  {
    "start": "0x0c1af850",
    "size": 272
  },
  {
    "start": "0x0c1b148c",
    "size": 276
  },
  {
    "start": "0x0c1b1910",
    "size": 984
  },
  {
    "start": "0x0c1b1fb0",
    "size": 492
  },
  {
    "start": "0x0c1b2a40",
    "size": 976
  },
  {
    "start": "0x0c1b3874",
    "size": 368
  },
  {
    "start": "0x0c1b39e4",
    "size": 516
  },
  {
    "start": "0x0c1b3be8",
    "size": 644
  },
  {
    "start": "0x0c1b40b8",
    "size": 356
  },
  {
    "start": "0x0c1b4548",
    "size": 448
  },
  {
    "start": "0x0c1b48fc",
    "size": 588
  },
  {
    "start": "0x0c1b4d0c",
    "size": 416
  },
  {
    "start": "0x0c1b4f20",
    "size": 336
  },
  {
    "start": "0x0c1b526c",
    "size": 404
  },
  {
    "start": "0x0c1b56d4",
    "size": 352
  },
  {
    "start": "0x0c1b5e2c",
    "size": 352
  },
  {
    "start": "0x0c1b61b8",
    "size": 304
  },
  {
    "start": "0x0c1b62e8",
    "size": 356
  },
  {
    "start": "0x0c1b6e04",
    "size": 320
  },
  {
    "start": "0x0c1b7200",
    "size": 352
  },
  {
    "start": "0x0c1ba5d4",
    "size": 464
  },
  {
    "start": "0x0c1bae18",
    "size": 272
  },
  {
    "start": "0x0c1bb838",
    "size": 600
  },
  {
    "start": "0x0c1bbe90",
    "size": 540
  },
  {
    "start": "0x0c1bc0ac",
    "size": 388
  },
  {
    "start": "0x0c1bc230",
    "size": 268
  },
  {
    "start": "0x0c1bd13c",
    "size": 376
  },
  {
    "start": "0x0c1bd744",
    "size": 352
  }
]
