STRICT False ['Wrong exported symbol address: _func_0c0bdc40', 'Wrong exported symbol address: _func_0c0bdc52', 'Wrong exported symbol address: _func_0c0bddb8', 'Wrong exported symbol address: _func_0c0bde0c', 'Wrong exported symbol address: _func_0c0bde1c', 'Wrong exported symbol address: _func_0c0bde74', 'Wrong exported symbol address: _func_0c0bdf64', 'Wrong exported symbol address: _func_0c0bdf76', 'Wrong exported symbol address: _func_0c0be082', 'Wrong exported symbol address: _func_0c0be19c', 'Wrong exported symbol address: _func_0c0be1be', 'Wrong exported symbol address: _func_0c0be1d4', 'Not an exact section match: P', 'Linked image contains extra or missing initialized bytes', 'Linked image contains extra or missing memory bytes']
[(1684, 0)]
[('_func_0c0bdc00', 29, 64), ('_func_0c0bdc40', 0, 18), ('_func_0c0bdc52', 15, 300), ('_func_0c0bddb8', 25, 84), ('_func_0c0bde0c', 0, 16), ('_func_0c0bde1c', 0, 38), ('_func_0c0bde74', 16, 240), ('_func_0c0bdf64', 0, 18), ('_func_0c0bdf76', 13, 236), ('_func_0c0be082', 15, 222), ('_func_0c0be19c', 2, 34), ('_func_0c0be1be', 0, 22), ('_func_0c0be1d4', 12, 142)]
0c0bdc04 d345 mov.l 0x000000000c0bdd1c,r3         | d346 mov.l 0x000000000c0bdd20,r3
0c0bdc12 d343 mov.l 0x000000000c0bdd20,r3         | d344 mov.l 0x000000000c0bdd24,r3
0c0bdc1a 9078 mov.w 0x000000000c0bdd0e,r0         | 907a mov.w 0x000000000c0bdd12,r0
0c0bdc20 c801 tst #1,r0                           | 600c extu.b r0,r0
0c0bdc22 890a bt 0x000000000c0bdc3a               | c801 tst #1,r0
0c0bdc24 9273 mov.w 0x000000000c0bdd0e,r2         | 890a bt 0x000000000c0bdc3c
0c0bdc26 e000 mov #0,r0                           | 9274 mov.w 0x000000000c0bdd12,r2
0c0bdc28 d33e mov.l 0x000000000c0bdd24,r3         | e000 mov #0,r0
0c0bdc2a 64e3 mov r14,r4                          | d33f mov.l 0x000000000c0bdd28,r3
0c0bdc2c 32ec add r14,r2                          | 64e3 mov r14,r4
0c0bdc2e 6603 mov r0,r6                           | 32ec add r14,r2
0c0bdc30 8021 mov.b r0,@(1,r2)                    | 6603 mov r0,r6
0c0bdc32 6503 mov r0,r5                           | 8021 mov.b r0,@(1,r2)
0c0bdc34 4f26 lds.l @r15+,pr                      | 6503 mov r0,r5
0c0bdc36 432b jmp @r3                             | 4f26 lds.l @r15+,pr
0c0bdc38 6ef6 mov.l @r15+,r14                     | 432b jmp @r3
0c0bdc3a 4f26 lds.l @r15+,pr                      | 6ef6 mov.l @r15+,r14
0c0bdc3c 000b rts                                 | 4f26 lds.l @r15+,pr
0c0bdc3e 6ef6 mov.l @r15+,r14                     | 000b rts
0c0bdc40 6343 mov r4,r3                           | 6ef6 mov.l @r15+,r14
0c0bdc42 d139 mov.l 0x000000000c0bdd28,r1         | 6343 mov r4,r3
0c0bdc44 2f46 mov.l r4,@-r15                      | d139 mov.l 0x000000000c0bdd2c,r1
0c0bdc46 8436 mov.b @(6,r3),r0                    | 2f46 mov.l r4,@-r15
0c0bdc48 600c extu.b r0,r0                        | 8436 mov.b @(6,r3),r0
0c0bdc4a 4008 shll2 r0                            | 600c extu.b r0,r0
0c0bdc4c 031e mov.l @(r0,r1),r3                   | 4008 shll2 r0
0c0bdc4e 432b jmp @r3                             | 031e mov.l @(r0,r1),r3
0c0bdc50 7f04 add #4,r15                          | 432b jmp @r3
0c0bdc52 2fe6 mov.l r14,@-r15                     | 7f04 add #4,r15
0c0bdc54 6e43 mov r4,r14                          | 2fe6 mov.l r14,@-r15
0c0bdc56 2fd6 mov.l r13,@-r15                     | 6e43 mov r4,r14
0c0bdc58 4f22 sts.l pr,@-r15                      | 2fd6 mov.l r13,@-r15
0c0bdc5a 84e6 mov.b @(6,r14),r0                   | 4f22 sts.l pr,@-r15
0c0bdc5c 7001 add #1,r0                           | 84e6 mov.b @(6,r14),r0
0c0bdc5e 80e6 mov.b r0,@(6,r14)                   | 7001 add #1,r0
0c0bdc60 9056 mov.w 0x000000000c0bdd10,r0         | 80e6 mov.b r0,@(6,r14)
0c0bdc62 02ec mov.b @(r0,r14),r2                  | 9057 mov.w 0x000000000c0bdd14,r0
0c0bdc64 2228 tst r2,r2                           | 02ec mov.b @(r0,r14),r2
0c0bdc66 8901 bt 0x000000000c0bdc6c               | 2228 tst r2,r2
0c0bdc68 a001 bra 0x000000000c0bdc6e              | 8901 bt 0x000000000c0bdc6e
0c0bdc6a e337 mov #55,r3                          | a001 bra 0x000000000c0bdc70
0c0bdc6c e334 mov #52,r3                          | e337 mov #55,r3
0c0bdc6e 9050 mov.w 0x000000000c0bdd12,r0         | e334 mov #52,r3
0c0bdc70 ed00 mov #0,r13                          | 9051 mov.w 0x000000000c0bdd16,r0
0c0bdc72 e50c mov #12,r5                          | ed00 mov #0,r13
0c0bdc74 0e34 mov.b r3,@(r0,r14)                  | e50c mov #12,r5
0c0bdc76 700b add #11,r0                          | 0e34 mov.b r3,@(r0,r14)
0c0bdc78 0ed5 mov.w r13,@(r0,r14)                 | 700b add #11,r0
0c0bdc7a 70f2 add #-14,r0                         | 0ed5 mov.w r13,@(r0,r14)
0c0bdc7c 0ed4 mov.b r13,@(r0,r14)                 | 70f2 add #-14,r0
0c0bdc7e 7026 add #38,r0                          | 0ed4 mov.b r13,@(r0,r14)
0c0bdc80 d32a mov.l 0x000000000c0bdd2c,r3         | 7026 add #38,r0
0c0bdc82 0ed6 mov.l r13,@(r0,r14)                 | d32b mov.l 0x000000000c0bdd30,r3
0c0bdc84 84e2 mov.b @(2,r14),r0                   | 0ed6 mov.l r13,@(r0,r14)
0c0bdc86 6232 mov.l @r3,r2                        | 84e2 mov.b @(2,r14),r0
0c0bdc88 600c extu.b r0,r0                        | 6232 mov.l @r3,r2
0c0bdc8a 4000 shll r0                             | 600c extu.b r0,r0
0c0bdc8c 727c add #124,r2                         | 4000 shll r0
0c0bdc8e 012d mov.w @(r0,r2),r1                   | 727c add #124,r2
0c0bdc90 7101 add #1,r1                           | 012d mov.w @(r0,r2),r1
0c0bdc92 0215 mov.w r1,@(r0,r2)                   | 7101 add #1,r1
0c0bdc94 d226 mov.l 0x000000000c0bdd30,r2         | 0215 mov.w r1,@(r0,r2)
0c0bdc96 420b jsr @r2                             | d227 mov.l 0x000000000c0bdd34,r2
0c0bdc98 64e3 mov r14,r4                          | 420b jsr @r2
0c0bdc9a d326 mov.l 0x000000000c0bdd34,r3         | 64e3 mov r14,r4
0c0bdc9c 430b jsr @r3                             | d326 mov.l 0x000000000c0bdd38,r3
0c0bdc9e 64e3 mov r14,r4                          | 430b jsr @r3
0c0bdca0 9038 mov.w 0x000000000c0bdd14,r0         | 64e3 mov r14,r4
0c0bdca2 d225 mov.l 0x000000000c0bdd38,r2         | 9039 mov.w 0x000000000c0bdd18,r0
0c0bdca4 0ed4 mov.b r13,@(r0,r14)                 | d325 mov.l 0x000000000c0bdd3c,r3
0c0bdca6 9036 mov.w 0x000000000c0bdd16,r0         | 0ed4 mov.b r13,@(r0,r14)
0c0bdca8 f3e6 fmov @(r0,r14),fr3                  | 9037 mov.w 0x000000000c0bdd1a,r0
0c0bdcaa e038 mov #56,r0                          | f3e6 fmov @(r0,r14),fr3
0c0bdcac fe37 fmov fr3,@(r0,r14)                  | e038 mov #56,r0
0c0bdcae e045 mov #69,r0                          | fe37 fmov fr3,@(r0,r14)
0c0bdcb0 6322 mov.l @r2,r3                        | e045 mov #69,r0
0c0bdcb2 013c mov.b @(r0,r3),r1                   | 6532 mov.l @r3,r5
0c0bdcb4 2118 tst r1,r1                           | 025c mov.b @(r0,r5),r2
0c0bdcb6 8d02 bt.s 0x000000000c0bdcbe             | 2228 tst r2,r2
0c0bdcb8 64e3 mov r14,r4                          | 8d02 bt.s 0x000000000c0bdcc0
0c0bdcba a001 bra 0x000000000c0bdcc0              | 64e3 mov r14,r4
0c0bdcbc e514 mov #20,r5                          | a001 bra 0x000000000c0bdcc2
0c0bdcbe e51a mov #26,r5                          | e514 mov #20,r5
0c0bdcc0 d31e mov.l 0x000000000c0bdd3c,r3         | e51a mov #26,r5
0c0bdcc2 430b jsr @r3                             | d21f mov.l 0x000000000c0bdd40,r2
0c0bdcc4 0009 nop                                 | 420b jsr @r2
0c0bdcc6 9027 mov.w 0x000000000c0bdd18,r0         | 0009 nop
0c0bdcc8 03ec mov.b @(r0,r14),r3                  | 9028 mov.w 0x000000000c0bdd1c,r0
0c0bdcca 2338 tst r3,r3                           | d41e mov.l 0x000000000c0bdd44,r4
0c0bdccc 8908 bt 0x000000000c0bdce0               | 03ec mov.b @(r0,r14),r3
0c0bdcce 901f mov.w 0x000000000c0bdd10,r0         | 2338 tst r3,r3
0c0bdcd0 03ec mov.b @(r0,r14),r3                  | 8d08 bt.s 0x000000000c0bdce4
0c0bdcd2 d01b mov.l 0x000000000c0bdd40,r0         | 6543 mov r4,r5
0c0bdcd4 633c extu.b r3,r3                        | 901e mov.w 0x000000000c0bdd14,r0
0c0bdcd6 4308 shll2 r3                            | 03ec mov.b @(r0,r14),r3
0c0bdcd8 4308 shll2 r3                            | 633c extu.b r3,r3
0c0bdcda f336 fmov @(r0,r3),fr3                   | 4308 shll2 r3
0c0bdcdc a008 bra 0x000000000c0bdcf0              | 4308 shll2 r3
0c0bdcde 0009 nop                                 | 353c add r3,r5
0c0bdce0 9016 mov.w 0x000000000c0bdd10,r0         | a008 bra 0x000000000c0bdcf4
0c0bdce2 02ec mov.b @(r0,r14),r2                  | f358 fmov @r5,fr3
0c0bdce4 d016 mov.l 0x000000000c0bdd40,r0         | 9016 mov.w 0x000000000c0bdd14,r0
0c0bdce6 622c extu.b r2,r2                        | 02ec mov.b @(r0,r14),r2
0c0bdce8 4208 shll2 r2                            | 622c extu.b r2,r2
0c0bdcec f326 fmov @(r0,r2),fr3                   | 4208 shll2 r2
0c0bdcee f34d fneg fr3                            | 352c add r2,r5
0c0bdcf0 e05c mov #92,r0                          | f358 fmov @r5,fr3
0c0bdcf2 fe37 fmov fr3,@(r0,r14)                  | f34d fneg fr3
0c0bdcf4 9010 mov.w 0x000000000c0bdd18,r0         | e05c mov #92,r0
0c0bdcf6 03ec mov.b @(r0,r14),r3                  | d514 mov.l 0x000000000c0bdd48,r5
0c0bdcf8 2338 tst r3,r3                           | fe37 fmov fr3,@(r0,r14)
0c0bdcfa 8925 bt 0x000000000c0bdd48               | 900f mov.w 0x000000000c0bdd1c,r0
0c0bdcfc 9008 mov.w 0x000000000c0bdd10,r0         | 03ec mov.b @(r0,r14),r3
0c0bdcfe 03ec mov.b @(r0,r14),r3                  | 2338 tst r3,r3
0c0bdd00 d010 mov.l 0x000000000c0bdd44,r0         | 8924 bt 0x000000000c0bdd4c
0c0bdd02 633c extu.b r3,r3                        | 9007 mov.w 0x000000000c0bdd14,r0
0c0bdd04 4308 shll2 r3                            | 03ec mov.b @(r0,r14),r3
0c0bdd06 4308 shll2 r3                            | 633c extu.b r3,r3
0c0bdd08 f336 fmov @(r0,r3),fr3                   | 4308 shll2 r3
0c0bdd0a a025 bra 0x000000000c0bdd58              | 4308 shll2 r3
0c0bdd0c 0009 nop                                 | 353c add r3,r5
0c0bdd0e 0150 error                               | a025 bra 0x000000000c0bdd5c
0c0bdd10 01a3 ocbp @r1                            | f358 fmov @r5,fr3
0c0bdd12 01a1 error                               | 0150 error
0c0bdd14 01f9 error                               | 01a3 ocbp @r1
0c0bdd16 041c mov.b @(r0,r1),r4                   | 01a1 error
0c0bdd18 01d2 stc r5_bank,r1                      | 01f9 error
0c0bdd1a 0000 error                               | 041c mov.b @(r0,r1),r4
0c0bdd1c a026 bra 0x000000000c0bdd6c              | 01d2 stc r5_bank,r1
0c0bdd1e 0c02 stc sr,r12                          | 0000 error
0c0bdd20 37b8 sub r11,r7                          | a026 bra 0x000000000c0bdd70
0c0bdd22 0c04 mov.b r0,@(r0,r12)                  | 0c02 stc sr,r12
0c0bdd24 ba0c bsr 0x000000000c0bd140              | 37b8 sub r11,r7
0c0bdd26 0c15 mov.w r1,@(r0,r12)                  | 0c04 mov.b r0,@(r0,r12)
0c0bdd28 5c24 mov.l @(16,r2),r12                  | ba0c bsr 0x000000000c0bd144
0c0bdd2a 0c24 mov.b r2,@(r0,r12)                  | 0c15 mov.w r1,@(r0,r12)
0c0bdd2c 83f8 error                               | 5c24 mov.l @(16,r2),r12
0c0bdd2e 0c2f mac.l @r2+,@r12+                    | 0c24 mov.b r2,@(r0,r12)
0c0bdd30 8bb0 bf 0x000000000c0bdc94               | 83f8 error
0c0bdd32 0c04 mov.b r0,@(r0,r12)                  | 0c2f mac.l @r2+,@r12+
0c0bdd34 42fa ldc r2,dbr                          | 8bb0 bf 0x000000000c0bdc98
0c0bdd38 6f84 mov.b @r8+,r15                      | 42fa ldc r2,dbr
0c0bdd3a 0c2d mov.w @(r0,r2),r12                  | 0c04 mov.b r0,@(r0,r12)
0c0bdd3c 44a0 error                               | 6f84 mov.b @r8+,r15
0c0bdd3e 0c03 bsrf r12                            | 0c2d mov.w @(r0,r2),r12
0c0bdd40 5c34 mov.l @(16,r3),r12                  | 44a0 error
0c0bdd42 0c24 mov.b r2,@(r0,r12)                  | 0c03 bsrf r12
0c0bdd44 5c38 mov.l @(32,r3),r12                  | 5c34 mov.l @(16,r3),r12
0c0bdd48 907b mov.w 0x000000000c0bde42,r0         | 5c38 mov.l @(32,r3),r12
0c0bdd4a 02ec mov.b @(r0,r14),r2                  | 0c24 mov.b r2,@(r0,r12)
0c0bdd4c d03f mov.l 0x000000000c0bde4c,r0         | 9078 mov.w 0x000000000c0bde40,r0
0c0bdd4e 622c extu.b r2,r2                        | 02ec mov.b @(r0,r14),r2
0c0bdd50 4208 shll2 r2                            | 622c extu.b r2,r2
0c0bdd54 f326 fmov @(r0,r2),fr3                   | 4208 shll2 r2
0c0bdd56 f34d fneg fr3                            | 352c add r2,r5
0c0bdd58 e068 mov #104,r0                         | f358 fmov @r5,fr3
0c0bdd5a d43d mov.l 0x000000000c0bde50,r4         | f34d fneg fr3
0c0bdd5c fe37 fmov fr3,@(r0,r14)                  | e068 mov #104,r0
0c0bdd5e 9070 mov.w 0x000000000c0bde42,r0         | fe37 fmov fr3,@(r0,r14)
0c0bdd60 03ec mov.b @(r0,r14),r3                  | 906e mov.w 0x000000000c0bde40,r0
0c0bdd62 e008 mov #8,r0                           | 03ec mov.b @(r0,r14),r3
0c0bdd64 633c extu.b r3,r3                        | e008 mov #8,r0
0c0bdd66 4308 shll2 r3                            | 633c extu.b r3,r3
0c0bdd6a 334c add r4,r3                           | 4308 shll2 r3
0c0bdd6c f336 fmov @(r0,r3),fr3                   | 334c add r4,r3
0c0bdd6e e060 mov #96,r0                          | f336 fmov @(r0,r3),fr3
0c0bdd70 fe37 fmov fr3,@(r0,r14)                  | e060 mov #96,r0
0c0bdd72 9066 mov.w 0x000000000c0bde42,r0         | fe37 fmov fr3,@(r0,r14)
0c0bdd74 03ec mov.b @(r0,r14),r3                  | 9064 mov.w 0x000000000c0bde40,r0
0c0bdd76 e00c mov #12,r0                          | 03ec mov.b @(r0,r14),r3
0c0bdd78 633c extu.b r3,r3                        | e00c mov #12,r0
0c0bdd7a 4308 shll2 r3                            | 633c extu.b r3,r3
0c0bdd7e 343c add r3,r4                           | 4308 shll2 r3
0c0bdd80 d334 mov.l 0x000000000c0bde54,r3         | 343c add r3,r4
0c0bdd82 f346 fmov @(r0,r4),fr3                   | d332 mov.l 0x000000000c0bde4c,r3
0c0bdd84 e06c mov #108,r0                         | f346 fmov @(r0,r4),fr3
0c0bdd86 fe37 fmov fr3,@(r0,r14)                  | e06c mov #108,r0
0c0bdd88 430b jsr @r3                             | fe37 fmov fr3,@(r0,r14)
0c0bdd8a 64e3 mov r14,r4                          | 430b jsr @r3
0c0bdd8c d232 mov.l 0x000000000c0bde58,r2         | 64e3 mov r14,r4
0c0bdd8e e504 mov #4,r5                           | d230 mov.l 0x000000000c0bde50,r2
0c0bdd90 e602 mov #2,r6                           | e504 mov #4,r5
0c0bdd92 420b jsr @r2                             | e602 mov #2,r6
0c0bdd94 64e3 mov r14,r4                          | 420b jsr @r2
0c0bdd96 9054 mov.w 0x000000000c0bde42,r0         | 64e3 mov r14,r4
0c0bdd98 02ec mov.b @(r0,r14),r2                  | 9052 mov.w 0x000000000c0bde40,r0
0c0bdd9a 2228 tst r2,r2                           | 02ec mov.b @(r0,r14),r2
0c0bdd9c 8901 bt 0x000000000c0bdda2               | 2228 tst r2,r2
0c0bdd9e a001 bra 0x000000000c0bdda4              | 8901 bt 0x000000000c0bdda4
0c0bdda0 e303 mov #3,r3                           | a001 bra 0x000000000c0bdda6
0c0bdda2 e301 mov #1,r3                           | e303 mov #3,r3
0c0bdda4 904e mov.w 0x000000000c0bde44,r0         | e301 mov #1,r3
0c0bdda6 e515 mov #21,r5                          | 904c mov.w 0x000000000c0bde42,r0
0c0bdda8 64e3 mov r14,r4                          | e515 mov #21,r5
0c0bddaa 0e34 mov.b r3,@(r0,r14)                  | 64e3 mov r14,r4
0c0bddac 4f26 lds.l @r15+,pr                      | 0e34 mov.b r3,@(r0,r14)
0c0bddae 06ec mov.b @(r0,r14),r6                  | 4f26 lds.l @r15+,pr
0c0bddb0 d32a mov.l 0x000000000c0bde5c,r3         | 06ec mov.b @(r0,r14),r6
0c0bddb2 6df6 mov.l @r15+,r13                     | d328 mov.l 0x000000000c0bde54,r3
0c0bddb4 432b jmp @r3                             | 6df6 mov.l @r15+,r13
0c0bddb6 6ef6 mov.l @r15+,r14                     | 432b jmp @r3
0c0bddb8 2fe6 mov.l r14,@-r15                     | 6ef6 mov.l @r15+,r14
0c0bddba 2f86 mov.l r8,@-r15                      | 2fe6 mov.l r14,@-r15
0c0bddbe d328 mov.l 0x000000000c0bde60,r3         | d326 mov.l 0x000000000c0bde58,r3
0c0bddc4 903f mov.w 0x000000000c0bde46,r0         | 903e mov.w 0x000000000c0bde44,r0
0c0bddca c801 tst #1,r0                           | 600c extu.b r0,r0
0c0bddcc 891a bt 0x000000000c0bde04               | c801 tst #1,r0
0c0bddce 84e6 mov.b @(6,r14),r0                   | 8919 bt 0x000000000c0bde04
0c0bddd0 d324 mov.l 0x000000000c0bde64,r3         | 84e6 mov.b @(6,r14),r0
0c0bddd2 7001 add #1,r0                           | d322 mov.l 0x000000000c0bde5c,r3
0c0bddd4 80e6 mov.b r0,@(6,r14)                   | 7001 add #1,r0
0c0bddd6 430b jsr @r3                             | 80e6 mov.b r0,@(6,r14)
0c0bddd8 64e3 mov r14,r4                          | 430b jsr @r3
0c0bddda 9035 mov.w 0x000000000c0bde48,r0         | 64e3 mov r14,r4
0c0bdddc e834 mov #52,r8                          | 9033 mov.w 0x000000000c0bde46,r0
0c0bddde 03ec mov.b @(r0,r14),r3                  | 02ec mov.b @(r0,r14),r2
0c0bdde0 2338 tst r3,r3                           | 2228 tst r2,r2
0c0bdde2 8d04 bt.s 0x000000000c0bddee             | 8904 bt 0x000000000c0bddee
0c0bdde4 38ec add r14,r8                          | d11e mov.l 0x000000000c0bde60,r1
0c0bdde6 d120 mov.l 0x000000000c0bde68,r1         | e034 mov #52,r0
0c0bddea a003 bra 0x000000000c0bddf4              | a004 bra 0x000000000c0bddf6
0c0bddee d21f mov.l 0x000000000c0bde6c,r2         | d11d mov.l 0x000000000c0bde64,r1
0c0bddf0 425a lds r2,fpul                         | e034 mov #52,r0
0c0bddf2 f30d fsts fpul,fr3                       | 415a lds r1,fpul
0c0bddf4 f288 fmov @r8,fr2                        | f30d fsts fpul,fr3
0c0bddf6 64e3 mov r14,r4                          | f2e6 fmov @(r0,r14),fr2
0c0bddf8 f230 fadd fr3,fr2                        | 64e3 mov r14,r4
0c0bddfa f82a fmov fr2,@r8                        | f230 fadd fr3,fr2
0c0bddfc 4f26 lds.l @r15+,pr                      | fe27 fmov fr2,@(r0,r14)
0c0bddfe 68f6 mov.l @r15+,r8                      | 4f26 lds.l @r15+,pr
0c0bde00 a038 bra 0x000000000c0bde74              | a034 bra 0x000000000c0bde6c
0c0bde06 68f6 mov.l @r15+,r8                      | 000b rts
0c0bde08 000b rts                                 | 6ef6 mov.l @r15+,r14
0c0bde0a 6ef6 mov.l @r15+,r14                     | 4f22 sts.l pr,@-r15
0c0bde0c 4f22 sts.l pr,@-r15                      | d312 mov.l 0x000000000c0bde58,r3
0c0bde0e d314 mov.l 0x000000000c0bde60,r3         | 430b jsr @r3
0c0bde10 430b jsr @r3                             | 2f46 mov.l r4,@-r15
0c0bde12 2f46 mov.l r4,@-r15                      | 64f2 mov.l @r15,r4
0c0bde14 64f2 mov.l @r15,r4                       | 7f04 add #4,r15
0c0bde16 7f04 add #4,r15                          | a029 bra 0x000000000c0bde6c
0c0bde18 a02c bra 0x000000000c0bde74              | 4f26 lds.l @r15+,pr
0c0bde1a 4f26 lds.l @r15+,pr                      | 2fe6 mov.l r14,@-r15
0c0bde1c 2fe6 mov.l r14,@-r15                     | 4f22 sts.l pr,@-r15
0c0bde1e 4f22 sts.l pr,@-r15                      | d30e mov.l 0x000000000c0bde58,r3
0c0bde20 d30f mov.l 0x000000000c0bde60,r3         | 430b jsr @r3
0c0bde22 430b jsr @r3                             | 6e43 mov r4,r14
0c0bde24 6e43 mov r4,r14                          | 600e exts.b r0,r0
0c0bde26 600e exts.b r0,r0                        | 4011 cmp/pz r0
0c0bde28 4011 cmp/pz r0                           | 8907 bt 0x000000000c0bde3a
0c0bde2a 8907 bt 0x000000000c0bde3c               | 900d mov.w 0x000000000c0bde48,r0
0c0bde2c 900d mov.w 0x000000000c0bde4a,r0         | e301 mov #1,r3
0c0bde2e e301 mov #1,r3                           | 64e3 mov r14,r4
0c0bde30 64e3 mov r14,r4                          | 0e34 mov.b r3,@(r0,r14)
0c0bde32 0e34 mov.b r3,@(r0,r14)                  | 4f26 lds.l @r15+,pr
0c0bde34 4f26 lds.l @r15+,pr                      | d30c mov.l 0x000000000c0bde68,r3
0c0bde36 d30e mov.l 0x000000000c0bde70,r3         | 432b jmp @r3
0c0bde38 432b jmp @r3                             | 6ef6 mov.l @r15+,r14
0c0bde3a 6ef6 mov.l @r15+,r14                     | 4f26 lds.l @r15+,pr
0c0bde3c 4f26 lds.l @r15+,pr                      | 000b rts
0c0bde3e 000b rts                                 | 6ef6 mov.l @r15+,r14
0c0bde40 6ef6 mov.l @r15+,r14                     | 01a3 ocbp @r1
0c0bde42 01a3 ocbp @r1                            | 0158 error
0c0bde44 0158 error                               | 0150 error
0c0bde46 0150 error                               | 01d2 stc r5_bank,r1
0c0bde48 01d2 stc r5_bank,r1                      | 01f9 error
0c0bde4a 01f9 error                               | 0000 error
0c0bde4c 5c38 mov.l @(32,r3),r12                  | 32ca subc r12,r2
0c0bde4e 0c24 mov.b r2,@(r0,r12)                  | 0c04 mov.b r0,@(r0,r12)
0c0bde50 5c34 mov.l @(16,r3),r12                  | ba0c bsr 0x000000000c0bd26c
0c0bde52 0c24 mov.b r2,@(r0,r12)                  | 0c15 mov.w r1,@(r0,r12)
0c0bde54 32ca subc r12,r2                         | a0c4 bra 0x000000000c0bdfe0
0c0bde56 0c04 mov.b r0,@(r0,r12)                  | 0c02 stc sr,r12
0c0bde58 ba0c bsr 0x000000000c0bd274              | a026 bra 0x000000000c0bdea8
0c0bde5a 0c15 mov.w r1,@(r0,r12)                  | 0c02 stc sr,r12
0c0bde5c a0c4 bra 0x000000000c0bdfe8              | 51f2 mov.l @(8,r15),r1
0c0bde5e 0c02 stc sr,r12                          | 0c04 mov.b r0,@(r0,r12)
0c0bde60 a026 bra 0x000000000c0bdeb0              | 0000 error
0c0bde62 0c02 stc sr,r12                          | 4220 shal r2
0c0bde64 51f2 mov.l @(8,r15),r1                   | 0000 error
0c0bde66 0c04 mov.b r0,@(r0,r12)                  | c220 mov.l r0,@(128,gbr)
0c0bde68 0000 error                               | 37b8 sub r11,r7
0c0bde6a 4220 shal r2                             | 0c04 mov.b r0,@(r0,r12)
0c0bde6c 0000 error                               | 2fe6 mov.l r14,@-r15
0c0bde6e c220 mov.l r0,@(128,gbr)                 | e15c mov #92,r1
0c0bde70 37b8 sub r11,r7                          | 6e43 mov r4,r14
0c0bde72 0c04 mov.b r0,@(r0,r12)                  | 31ec add r14,r1
0c0bde74 2fe6 mov.l r14,@-r15                     | e034 mov #52,r0
0c0bde76 e15c mov #92,r1                          | 4f22 sts.l pr,@-r15
0c0bde78 6e43 mov r4,r14                          | f2e6 fmov @(r0,r14),fr2
0c0bde7a 31ec add r14,r1                          | f318 fmov @r1,fr3
0c0bde7c e034 mov #52,r0                          | e168 mov #104,r1
0c0bde7e 4f22 sts.l pr,@-r15                      | 31ec add r14,r1
0c0bde80 f2e6 fmov @(r0,r14),fr2                  | f230 fadd fr3,fr2
0c0bde82 f318 fmov @r1,fr3                        | fe27 fmov fr2,@(r0,r14)
0c0bde84 e168 mov #104,r1                         | e05c mov #92,r0
0c0bde86 31ec add r14,r1                          | f318 fmov @r1,fr3
0c0bde88 f230 fadd fr3,fr2                        | e160 mov #96,r1
0c0bde8a fe27 fmov fr2,@(r0,r14)                  | f2e6 fmov @(r0,r14),fr2
0c0bde8c e05c mov #92,r0                          | 31ec add r14,r1
0c0bde8e f318 fmov @r1,fr3                        | f230 fadd fr3,fr2
0c0bde90 e160 mov #96,r1                          | fe27 fmov fr2,@(r0,r14)
0c0bde92 f2e6 fmov @(r0,r14),fr2                  | e038 mov #56,r0
0c0bde94 31ec add r14,r1                          | f2e6 fmov @(r0,r14),fr2
0c0bde96 f230 fadd fr3,fr2                        | f318 fmov @r1,fr3
0c0bde98 fe27 fmov fr2,@(r0,r14)                  | e16c mov #108,r1
0c0bde9a e038 mov #56,r0                          | 31ec add r14,r1
0c0bde9c f2e6 fmov @(r0,r14),fr2                  | f230 fadd fr3,fr2
0c0bde9e f318 fmov @r1,fr3                        | fe27 fmov fr2,@(r0,r14)
0c0bdea0 e16c mov #108,r1                         | e060 mov #96,r0
0c0bdea2 31ec add r14,r1                          | f2e6 fmov @(r0,r14),fr2
0c0bdea4 f230 fadd fr3,fr2                        | f318 fmov @r1,fr3
0c0bdea6 fe27 fmov fr2,@(r0,r14)                  | f230 fadd fr3,fr2
0c0bdea8 e060 mov #96,r0                          | fe27 fmov fr2,@(r0,r14)
0c0bdeaa f2e6 fmov @(r0,r14),fr2                  | 906d mov.w 0x000000000c0bdf88,r0
0c0bdeac f318 fmov @r1,fr3                        | 04ec mov.b @(r0,r14),r4
0c0bdeae f230 fadd fr3,fr2                        | 634c extu.b r4,r3
0c0bdeb0 fe27 fmov fr2,@(r0,r14)                  | 2338 tst r3,r3
0c0bdeb2 906d mov.w 0x000000000c0bdf90,r0         | 8f05 bf.s 0x000000000c0bdec0
0c0bdeb4 04ec mov.b @(r0,r14),r4                  | f48d fldi0 fr4
0c0bdeb6 634c extu.b r4,r3                        | e05c mov #92,r0
0c0bdeb8 2338 tst r3,r3                           | f38d fldi0 fr3
0c0bdeba 8f05 bf.s 0x000000000c0bdec8             | f2e6 fmov @(r0,r14),fr2
0c0bdebc f48d fldi0 fr4                           | f235 fcmp/gt fr3,fr2
0c0bdebe e05c mov #92,r0                          | 8907 bt 0x000000000c0bded0
0c0bdec0 f38d fldi0 fr3                           | 624c extu.b r4,r2
0c0bdec2 f2e6 fmov @(r0,r14),fr2                  | 2228 tst r2,r2
0c0bdec4 f235 fcmp/gt fr3,fr2                     | 8908 bt 0x000000000c0bded8
0c0bdec6 8907 bt 0x000000000c0bded8               | e05c mov #92,r0
0c0bdec8 624c extu.b r4,r2                        | f38d fldi0 fr3
0c0bdeca 2228 tst r2,r2                           | f2e6 fmov @(r0,r14),fr2
0c0bdecc 8908 bt 0x000000000c0bdee0               | f325 fcmp/gt fr2,fr3
0c0bdece e05c mov #92,r0                          | 8b03 bf 0x000000000c0bded8
0c0bded0 f38d fldi0 fr3                           | e05c mov #92,r0
0c0bded2 f2e6 fmov @(r0,r14),fr2                  | fe47 fmov fr4,@(r0,r14)
0c0bded4 f325 fcmp/gt fr2,fr3                     | e068 mov #104,r0
0c0bded6 8b03 bf 0x000000000c0bdee0               | fe47 fmov fr4,@(r0,r14)
0c0bded8 e05c mov #92,r0                          | 9057 mov.w 0x000000000c0bdf8a,r0
0c0bdeda fe47 fmov fr4,@(r0,r14)                  | 03ec mov.b @(r0,r14),r3
0c0bdedc e068 mov #104,r0                         | 2338 tst r3,r3
0c0bdede fe47 fmov fr4,@(r0,r14)                  | 8d19 bt.s 0x000000000c0bdf14
0c0bdee0 9057 mov.w 0x000000000c0bdf92,r0         | e400 mov #0,r4
0c0bdee4 2338 tst r3,r3                           | d02b mov.l 0x000000000c0bdf94,r0
0c0bdee6 8d19 bt.s 0x000000000c0bdf1c             | 4321 shar r3
0c0bdee8 e400 mov #0,r4                           | 73ff add #-1,r3
0c0bdeea 03ec mov.b @(r0,r14),r3                  | 4308 shll2 r3
0c0bdeec d02b mov.l 0x000000000c0bdf9c,r0         | 023e mov.l @(r0,r3),r2
0c0bdeee 4321 shar r3                             | 904d mov.w 0x000000000c0bdf8c,r0
0c0bdef0 73ff add #-1,r3                          | d329 mov.l 0x000000000c0bdf98,r3
0c0bdef2 4308 shll2 r3                            | 0e24 mov.b r2,@(r0,r14)
0c0bdef4 013e mov.l @(r0,r3),r1                   | 700b add #11,r0
0c0bdef6 904d mov.w 0x000000000c0bdf94,r0         | 0e45 mov.w r4,@(r0,r14)
0c0bdef8 d329 mov.l 0x000000000c0bdfa0,r3         | 70f2 add #-14,r0
0c0bdefa 0e14 mov.b r1,@(r0,r14)                  | 0e44 mov.b r4,@(r0,r14)
0c0bdefc 700b add #11,r0                          | 7026 add #38,r0
0c0bdefe 0e45 mov.w r4,@(r0,r14)                  | 0e46 mov.l r4,@(r0,r14)
0c0bdf00 70f2 add #-14,r0                         | 84e2 mov.b @(2,r14),r0
0c0bdf02 0e44 mov.b r4,@(r0,r14)                  | 6232 mov.l @r3,r2
0c0bdf04 7026 add #38,r0                          | 600c extu.b r0,r0
0c0bdf06 0e46 mov.l r4,@(r0,r14)                  | 4000 shll r0
0c0bdf08 84e2 mov.b @(2,r14),r0                   | 727c add #124,r2
0c0bdf0a 6232 mov.l @r3,r2                        | 012d mov.w @(r0,r2),r1
0c0bdf0c 600c extu.b r0,r0                        | 7101 add #1,r1
0c0bdf0e 4000 shll r0                             | 0215 mov.w r1,@(r0,r2)
0c0bdf10 727c add #124,r2                         | 903b mov.w 0x000000000c0bdf8a,r0
0c0bdf12 012d mov.w @(r0,r2),r1                   | 0e44 mov.b r4,@(r0,r14)
0c0bdf14 7101 add #1,r1                           | 903b mov.w 0x000000000c0bdf8e,r0
0c0bdf16 0215 mov.w r1,@(r0,r2)                   | f3e6 fmov @(r0,r14),fr3
0c0bdf18 903b mov.w 0x000000000c0bdf92,r0         | e038 mov #56,r0
0c0bdf1a 0e44 mov.b r4,@(r0,r14)                  | f2e6 fmov @(r0,r14),fr2
0c0bdf1c 903b mov.w 0x000000000c0bdf96,r0         | f235 fcmp/gt fr3,fr2
0c0bdf1e f3e6 fmov @(r0,r14),fr3                  | 891a bt 0x000000000c0bdf56
0c0bdf20 e038 mov #56,r0                          | 84e6 mov.b @(6,r14),r0
0c0bdf22 f2e6 fmov @(r0,r14),fr2                  | d31e mov.l 0x000000000c0bdf9c,r3
0c0bdf24 f235 fcmp/gt fr3,fr2                     | 7001 add #1,r0
0c0bdf26 891a bt 0x000000000c0bdf5e               | 80e6 mov.b r0,@(6,r14)
0c0bdf28 84e6 mov.b @(6,r14),r0                   | 9031 mov.w 0x000000000c0bdf8e,r0
0c0bdf2a d31e mov.l 0x000000000c0bdfa4,r3         | f3e6 fmov @(r0,r14),fr3
0c0bdf2c 7001 add #1,r0                           | e038 mov #56,r0
0c0bdf2e 80e6 mov.b r0,@(6,r14)                   | fe37 fmov fr3,@(r0,r14)
0c0bdf30 9031 mov.w 0x000000000c0bdf96,r0         | 902e mov.w 0x000000000c0bdf90,r0
0c0bdf32 f3e6 fmov @(r0,r14),fr3                  | 0e44 mov.b r4,@(r0,r14)
0c0bdf34 e038 mov #56,r0                          | e05c mov #92,r0
0c0bdf36 fe37 fmov fr3,@(r0,r14)                  | fe47 fmov fr4,@(r0,r14)
0c0bdf38 902e mov.w 0x000000000c0bdf98,r0         | e060 mov #96,r0
0c0bdf3a 0e44 mov.b r4,@(r0,r14)                  | fe47 fmov fr4,@(r0,r14)
0c0bdf3c e05c mov #92,r0                          | e068 mov #104,r0
0c0bdf40 e060 mov #96,r0                          | e06c mov #108,r0
0c0bdf44 e068 mov #104,r0                         | 430b jsr @r3
0c0bdf46 fe47 fmov fr4,@(r0,r14)                  | 64e3 mov r14,r4
0c0bdf48 e06c mov #108,r0                         | 4f26 lds.l @r15+,pr
0c0bdf4a fe47 fmov fr4,@(r0,r14)                  | d215 mov.l 0x000000000c0bdfa0,r2
0c0bdf4c 430b jsr @r3                             | 64e3 mov r14,r4
0c0bdf4e 64e3 mov r14,r4                          | e61a mov #26,r6
0c0bdf50 4f26 lds.l @r15+,pr                      | e515 mov #21,r5
0c0bdf52 d215 mov.l 0x000000000c0bdfa8,r2         | 422b jmp @r2
0c0bdf54 64e3 mov r14,r4                          | 6ef6 mov.l @r15+,r14
0c0bdf56 e61a mov #26,r6                          | 4f26 lds.l @r15+,pr
0c0bdf58 e515 mov #21,r5                          | 000b rts
0c0bdf5a 422b jmp @r2                             | 6ef6 mov.l @r15+,r14
0c0bdf5c 6ef6 mov.l @r15+,r14                     | 6343 mov r4,r3
0c0bdf5e 4f26 lds.l @r15+,pr                      | d111 mov.l 0x000000000c0bdfa4,r1
0c0bdf60 000b rts                                 | 2f46 mov.l r4,@-r15
0c0bdf62 6ef6 mov.l @r15+,r14                     | 8436 mov.b @(6,r3),r0
0c0bdf64 6343 mov r4,r3                           | 600c extu.b r0,r0
0c0bdf66 d111 mov.l 0x000000000c0bdfac,r1         | 4008 shll2 r0
0c0bdf68 2f46 mov.l r4,@-r15                      | 031e mov.l @(r0,r1),r3
0c0bdf6a 8436 mov.b @(6,r3),r0                    | 432b jmp @r3
0c0bdf6c 600c extu.b r0,r0                        | 7f04 add #4,r15
0c0bdf6e 4008 shll2 r0                            | 2fe6 mov.l r14,@-r15
0c0bdf70 031e mov.l @(r0,r1),r3                   | 6e43 mov r4,r14
0c0bdf72 432b jmp @r3                             | 2fd6 mov.l r13,@-r15
0c0bdf74 7f04 add #4,r15                          | 4f22 sts.l pr,@-r15
0c0bdf76 2fe6 mov.l r14,@-r15                     | 84e6 mov.b @(6,r14),r0
0c0bdf78 6e43 mov r4,r14                          | 7001 add #1,r0
0c0bdf7a 2fd6 mov.l r13,@-r15                     | 80e6 mov.b r0,@(6,r14)
0c0bdf7c 4f22 sts.l pr,@-r15                      | 9009 mov.w 0x000000000c0bdf92,r0
0c0bdf7e 84e6 mov.b @(6,r14),r0                   | 02ec mov.b @(r0,r14),r2
0c0bdf80 7001 add #1,r0                           | 2228 tst r2,r2
0c0bdf82 80e6 mov.b r0,@(6,r14)                   | 8911 bt 0x000000000c0bdfa8
0c0bdf84 9009 mov.w 0x000000000c0bdf9a,r0         | a011 bra 0x000000000c0bdfaa
0c0bdf86 02ec mov.b @(r0,r14),r2                  | e33b mov #59,r3
0c0bdf88 2228 tst r2,r2                           | 01d2 stc r5_bank,r1
0c0bdf8a 8911 bt 0x000000000c0bdfb0               | 0141 error
0c0bdf8c a011 bra 0x000000000c0bdfb2              | 01a1 error
0c0bdf8e e33b mov #59,r3                          | 041c mov.b @(r0,r1),r4
0c0bdf90 01d2 stc r5_bank,r1                      | 01f9 error
0c0bdf92 0141 error                               | 01a3 ocbp @r1
0c0bdf94 01a1 error                               | 5c54 mov.l @(16,r5),r12
0c0bdf96 041c mov.b @(r0,r1),r4                   | 0c24 mov.b r2,@(r0,r12)
0c0bdf98 01f9 error                               | 83f8 error
0c0bdf9a 01a3 ocbp @r1                            | 0c2f mac.l @r2+,@r12+
0c0bdf9c 5c54 mov.l @(16,r5),r12                  | 3324 div1 r2,r3
0c0bdf9e 0c24 mov.b r2,@(r0,r12)                  | 0c04 mov.b r0,@(r0,r12)
0c0bdfa0 83f8 error                               | a0c4 bra 0x000000000c0be12c
0c0bdfa2 0c2f mac.l @r2+,@r12+                    | 0c02 stc sr,r12
0c0bdfa4 3324 div1 r2,r3                          | 5c6c mov.l @(48,r6),r12
0c0bdfa6 0c04 mov.b r0,@(r0,r12)                  | 0c24 mov.b r2,@(r0,r12)
0c0bdfa8 a0c4 bra 0x000000000c0be134              | e339 mov #57,r3
0c0bdfaa 0c02 stc sr,r12                          | 9091 mov.w 0x000000000c0be0d0,r0
0c0bdfac 5c6c mov.l @(48,r6),r12                  | ed00 mov #0,r13
0c0bdfae 0c24 mov.b r2,@(r0,r12)                  | e50c mov #12,r5
0c0bdfb0 e339 mov #57,r3                          | 0e34 mov.b r3,@(r0,r14)
0c0bdfb2 9091 mov.w 0x000000000c0be0d8,r0         | 700b add #11,r0
0c0bdfb4 ed00 mov #0,r13                          | 0ed5 mov.w r13,@(r0,r14)
0c0bdfb6 e50c mov #12,r5                          | 70f2 add #-14,r0
0c0bdfb8 0e34 mov.b r3,@(r0,r14)                  | 0ed4 mov.b r13,@(r0,r14)
0c0bdfba 700b add #11,r0                          | 7026 add #38,r0
0c0bdfbc 0ed5 mov.w r13,@(r0,r14)                 | d349 mov.l 0x000000000c0be0e4,r3
0c0bdfbe 70f2 add #-14,r0                         | 0ed6 mov.l r13,@(r0,r14)
0c0bdfc0 0ed4 mov.b r13,@(r0,r14)                 | 84e2 mov.b @(2,r14),r0
0c0bdfc2 7026 add #38,r0                          | 6232 mov.l @r3,r2
0c0bdfc4 d349 mov.l 0x000000000c0be0ec,r3         | 600c extu.b r0,r0
0c0bdfc6 0ed6 mov.l r13,@(r0,r14)                 | 4000 shll r0
0c0bdfc8 84e2 mov.b @(2,r14),r0                   | 727c add #124,r2
0c0bdfca 6232 mov.l @r3,r2                        | 012d mov.w @(r0,r2),r1
0c0bdfcc 600c extu.b r0,r0                        | 7101 add #1,r1
0c0bdfce 4000 shll r0                             | 0215 mov.w r1,@(r0,r2)
0c0bdfd0 727c add #124,r2                         | d245 mov.l 0x000000000c0be0e8,r2
0c0bdfd2 012d mov.w @(r0,r2),r1                   | 420b jsr @r2
0c0bdfd4 7101 add #1,r1                           | 64e3 mov r14,r4
0c0bdfd6 0215 mov.w r1,@(r0,r2)                   | d345 mov.l 0x000000000c0be0ec,r3
0c0bdfd8 d245 mov.l 0x000000000c0be0f0,r2         | 430b jsr @r3
0c0bdfda 420b jsr @r2                             | 64e3 mov r14,r4
0c0bdfdc 64e3 mov r14,r4                          | 9079 mov.w 0x000000000c0be0d2,r0
0c0bdfde d345 mov.l 0x000000000c0be0f4,r3         | f48d fldi0 fr4
0c0bdfe0 430b jsr @r3                             | 0ed4 mov.b r13,@(r0,r14)
0c0bdfe2 64e3 mov r14,r4                          | 9077 mov.w 0x000000000c0be0d4,r0
0c0bdfe4 9079 mov.w 0x000000000c0be0da,r0         | f3e6 fmov @(r0,r14),fr3
0c0bdfe6 f48d fldi0 fr4                           | e038 mov #56,r0
0c0bdfe8 0ed4 mov.b r13,@(r0,r14)                 | fe37 fmov fr3,@(r0,r14)
0c0bdfea 9077 mov.w 0x000000000c0be0dc,r0         | e05c mov #92,r0
0c0bdfec f3e6 fmov @(r0,r14),fr3                  | fe47 fmov fr4,@(r0,r14)
0c0bdfee e038 mov #56,r0                          | e060 mov #96,r0
0c0bdff0 fe37 fmov fr3,@(r0,r14)                  | fe47 fmov fr4,@(r0,r14)
0c0bdff2 e05c mov #92,r0                          | e068 mov #104,r0
0c0bdff6 e060 mov #96,r0                          | e06c mov #108,r0
0c0bdffa e068 mov #104,r0                         | 60d3 mov r13,r0
0c0bdffc fe47 fmov fr4,@(r0,r14)                  | 0009 nop
0c0bdffe e06c mov #108,r0                         | 81ef mov.w r0,@(30,r14)
0c0be000 fe47 fmov fr4,@(r0,r14)                  | 9069 mov.w 0x000000000c0be0d6,r0
0c0be002 60d3 mov r13,r0                          | d43b mov.l 0x000000000c0be0f0,r4
0c0be004 0009 nop                                 | 03ec mov.b @(r0,r14),r3
0c0be006 81ef mov.w r0,@(30,r14)                  | 2338 tst r3,r3
0c0be008 9069 mov.w 0x000000000c0be0de,r0         | 8907 bt 0x000000000c0be01a
0c0be00a 03ec mov.b @(r0,r14),r3                  | 9065 mov.w 0x000000000c0be0d8,r0
0c0be00c 2338 tst r3,r3                           | 03ec mov.b @(r0,r14),r3
0c0be00e 8908 bt 0x000000000c0be022               | 633c extu.b r3,r3
0c0be010 9066 mov.w 0x000000000c0be0e0,r0         | 4308 shll2 r3
0c0be012 03ec mov.b @(r0,r14),r3                  | 4300 shll r3
0c0be014 d038 mov.l 0x000000000c0be0f8,r0         | 343c add r3,r4
0c0be016 633c extu.b r3,r3                        | a008 bra 0x000000000c0be02a
0c0be018 4308 shll2 r3                            | f348 fmov @r4,fr3
0c0be01a 4300 shll r3                             | 905d mov.w 0x000000000c0be0d8,r0
0c0be01c f336 fmov @(r0,r3),fr3                   | 02ec mov.b @(r0,r14),r2
0c0be01e a008 bra 0x000000000c0be032              | 622c extu.b r2,r2
0c0be020 0009 nop                                 | 4208 shll2 r2
0c0be022 905d mov.w 0x000000000c0be0e0,r0         | 4200 shll r2
0c0be024 02ec mov.b @(r0,r14),r2                  | 342c add r2,r4
0c0be026 d034 mov.l 0x000000000c0be0f8,r0         | f348 fmov @r4,fr3
0c0be028 622c extu.b r2,r2                        | f34d fneg fr3
0c0be02a 4208 shll2 r2                            | e05c mov #92,r0
0c0be02c 4200 shll r2                             | fe37 fmov fr3,@(r0,r14)
0c0be02e f326 fmov @(r0,r2),fr3                   | 9053 mov.w 0x000000000c0be0d8,r0
0c0be030 f34d fneg fr3                            | 03ec mov.b @(r0,r14),r3
0c0be032 e05c mov #92,r0                          | d030 mov.l 0x000000000c0be0f4,r0
0c0be034 fe37 fmov fr3,@(r0,r14)                  | 633c extu.b r3,r3
0c0be036 9053 mov.w 0x000000000c0be0e0,r0         | 4308 shll2 r3
0c0be038 03ec mov.b @(r0,r14),r3                  | 4300 shll r3
0c0be03a d030 mov.l 0x000000000c0be0fc,r0         | f336 fmov @(r0,r3),fr3
0c0be03c 633c extu.b r3,r3                        | e060 mov #96,r0
0c0be03e 4308 shll2 r3                            | d32f mov.l 0x000000000c0be0fc,r3
0c0be040 4300 shll r3                             | fe37 fmov fr3,@(r0,r14)
0c0be042 f336 fmov @(r0,r3),fr3                   | c72d mova 0x000000000c0be0f8,r0
0c0be044 e060 mov #96,r0                          | f308 fmov @r0,fr3
0c0be046 d32f mov.l 0x000000000c0be104,r3         | e06c mov #108,r0
0c0be04a c72d mova 0x000000000c0be100,r0          | 430b jsr @r3
0c0be04c f308 fmov @r0,fr3                        | 64e3 mov r14,r4
0c0be04e e06c mov #108,r0                         | d22c mov.l 0x000000000c0be100,r2
0c0be050 fe37 fmov fr3,@(r0,r14)                  | e504 mov #4,r5
0c0be052 430b jsr @r3                             | e601 mov #1,r6
0c0be054 64e3 mov r14,r4                          | 420b jsr @r2
0c0be056 d22c mov.l 0x000000000c0be108,r2         | 64e3 mov r14,r4
0c0be058 e504 mov #4,r5                           | 903e mov.w 0x000000000c0be0d8,r0
0c0be05a e601 mov #1,r6                           | 02ec mov.b @(r0,r14),r2
0c0be05c 420b jsr @r2                             | 2228 tst r2,r2
0c0be05e 64e3 mov r14,r4                          | 8901 bt 0x000000000c0be064
0c0be060 903e mov.w 0x000000000c0be0e0,r0         | a001 bra 0x000000000c0be066
0c0be062 02ec mov.b @(r0,r14),r2                  | e306 mov #6,r3
0c0be064 2228 tst r2,r2                           | e304 mov #4,r3
0c0be066 8901 bt 0x000000000c0be06c               | 9038 mov.w 0x000000000c0be0da,r0
0c0be068 a001 bra 0x000000000c0be06e              | e515 mov #21,r5
0c0be06a e306 mov #6,r3                           | 64e3 mov r14,r4
0c0be06c e304 mov #4,r3                           | 0e34 mov.b r3,@(r0,r14)
0c0be06e 9038 mov.w 0x000000000c0be0e2,r0         | 4f26 lds.l @r15+,pr
0c0be070 e515 mov #21,r5                          | 06ec mov.b @(r0,r14),r6
0c0be072 64e3 mov r14,r4                          | d324 mov.l 0x000000000c0be104,r3
0c0be074 0e34 mov.b r3,@(r0,r14)                  | 6df6 mov.l @r15+,r13
0c0be076 4f26 lds.l @r15+,pr                      | 432b jmp @r3
0c0be078 06ec mov.b @(r0,r14),r6                  | 6ef6 mov.l @r15+,r14
0c0be07a d324 mov.l 0x000000000c0be10c,r3         | 902f mov.w 0x000000000c0be0dc,r0
0c0be07c 6df6 mov.l @r15+,r13                     | 2fe6 mov.l r14,@-r15
0c0be07e 432b jmp @r3                             | 6e43 mov r4,r14
0c0be080 6ef6 mov.l @r15+,r14                     | 4f22 sts.l pr,@-r15
0c0be082 902f mov.w 0x000000000c0be0e4,r0         | 03ec mov.b @(r0,r14),r3
0c0be084 2fe6 mov.l r14,@-r15                     | 2338 tst r3,r3
0c0be086 6e43 mov r4,r14                          | 8904 bt 0x000000000c0be092
0c0be088 4f22 sts.l pr,@-r15                      | 85ef mov.w @(30,r14),r0
0c0be08a 03ec mov.b @(r0,r14),r3                  | 2008 tst r0,r0
0c0be08c 2338 tst r3,r3                           | 8b01 bf 0x000000000c0be092
0c0be08e 8904 bt 0x000000000c0be09a               | e001 mov #1,r0
0c0be090 85ef mov.w @(30,r14),r0                  | 81ef mov.w r0,@(30,r14)
0c0be092 2008 tst r0,r0                           | 9024 mov.w 0x000000000c0be0de,r0
0c0be094 8b01 bf 0x000000000c0be09a               | 03ec mov.b @(r0,r14),r3
0c0be096 e001 mov #1,r0                           | 2338 tst r3,r3
0c0be098 81ef mov.w r0,@(30,r14)                  | 8b02 bf 0x000000000c0be0a0
0c0be09a 9024 mov.w 0x000000000c0be0e6,r0         | d31b mov.l 0x000000000c0be108,r3
0c0be09c 03ec mov.b @(r0,r14),r3                  | 430b jsr @r3
0c0be09e 2338 tst r3,r3                           | 64e3 mov r14,r4
0c0be0a0 8b02 bf 0x000000000c0be0a8               | 901e mov.w 0x000000000c0be0e0,r0
0c0be0a2 d31b mov.l 0x000000000c0be110,r3         | 02ec mov.b @(r0,r14),r2
0c0be0a4 430b jsr @r3                             | 2228 tst r2,r2
0c0be0a6 64e3 mov r14,r4                          | 8972 bt 0x000000000c0be18e
0c0be0a8 901e mov.w 0x000000000c0be0e8,r0         | 03ec mov.b @(r0,r14),r3
0c0be0aa 02ec mov.b @(r0,r14),r2                  | 4311 cmp/pz r3
0c0be0ac 2228 tst r2,r2                           | 8b2e bf 0x000000000c0be10c
0c0be0ae 8972 bt 0x000000000c0be196               | e15c mov #92,r1
0c0be0b0 02ec mov.b @(r0,r14),r2                  | 31ec add r14,r1
0c0be0b2 4211 cmp/pz r2                           | e034 mov #52,r0
0c0be0b4 8b2e bf 0x000000000c0be114               | f318 fmov @r1,fr3
0c0be0b6 e15c mov #92,r1                          | f2e6 fmov @(r0,r14),fr2
0c0be0b8 31ec add r14,r1                          | e168 mov #104,r1
0c0be0ba e034 mov #52,r0                          | 31ec add r14,r1
0c0be0bc f318 fmov @r1,fr3                        | f230 fadd fr3,fr2
0c0be0be f2e6 fmov @(r0,r14),fr2                  | fe27 fmov fr2,@(r0,r14)
0c0be0c0 e168 mov #104,r1                         | e05c mov #92,r0
0c0be0c2 31ec add r14,r1                          | f2e6 fmov @(r0,r14),fr2
0c0be0c4 f230 fadd fr3,fr2                        | f318 fmov @r1,fr3
0c0be0c6 fe27 fmov fr2,@(r0,r14)                  | f230 fadd fr3,fr2
0c0be0c8 e05c mov #92,r0                          | fe27 fmov fr2,@(r0,r14)
0c0be0ca f2e6 fmov @(r0,r14),fr2                  | 4f26 lds.l @r15+,pr
0c0be0cc f318 fmov @r1,fr3                        | 000b rts
0c0be0ce f230 fadd fr3,fr2                        | 6ef6 mov.l @r15+,r14
0c0be0d0 fe27 fmov fr2,@(r0,r14)                  | 01a1 error
0c0be0d2 4f26 lds.l @r15+,pr                      | 01f9 error
0c0be0d4 000b rts                                 | 041c mov.b @(r0,r1),r4
0c0be0d6 6ef6 mov.l @r15+,r14                     | 01d2 stc r5_bank,r1
0c0be0d8 01a1 error                               | 01a3 ocbp @r1
0c0be0da 01f9 error                               | 0158 error
0c0be0dc 041c mov.b @(r0,r1),r4                   | 019e mov.l @(r0,r9),r1
0c0be0de 01d2 stc r5_bank,r1                      | 014b error
0c0be0e0 01a3 ocbp @r1                            | 0141 error
0c0be0e2 0158 error                               | 0000 error
0c0be0e4 019e mov.l @(r0,r9),r1                   | 83f8 error
0c0be0e6 014b error                               | 0c2f mac.l @r2+,@r12+
0c0be0e8 0141 error                               | 8bb0 bf 0x000000000c0be04c
0c0be0ea 0000 error                               | 0c04 mov.b r0,@(r0,r12)
0c0be0ec 83f8 error                               | 42fa ldc r2,dbr
0c0be0ee 0c2f mac.l @r2+,@r12+                    | 0c04 mov.b r0,@(r0,r12)
0c0be0f0 8bb0 bf 0x000000000c0be054               | 5c78 mov.l @(32,r7),r12
0c0be0f2 0c04 mov.b r0,@(r0,r12)                  | 0c24 mov.b r2,@(r0,r12)
0c0be0f4 42fa ldc r2,dbr                          | 5c7c mov.l @(48,r7),r12
0c0be0f6 0c04 mov.b r0,@(r0,r12)                  | 0c24 mov.b r2,@(r0,r12)
0c0be0f8 5c78 mov.l @(32,r7),r12                  | 2492 mov.l r9,@r4
0c0be0fa 0c24 mov.b r2,@(r0,r12)                  | c009 mov.b r0,@(9,gbr)
0c0be0fc 5c7c mov.l @(48,r7),r12                  | 32ca subc r12,r2
0c0be0fe 0c24 mov.b r2,@(r0,r12)                  | 0c04 mov.b r0,@(r0,r12)
0c0be100 2492 mov.l r9,@r4                        | ba0c bsr 0x000000000c0bd51c
0c0be102 c009 mov.b r0,@(9,gbr)                   | 0c15 mov.w r1,@(r0,r12)
0c0be104 32ca subc r12,r2                         | a0c4 bra 0x000000000c0be290
0c0be106 0c04 mov.b r0,@(r0,r12)                  | 0c02 stc sr,r12
0c0be108 ba0c bsr 0x000000000c0bd524              | a026 bra 0x000000000c0be158
0c0be10a 0c15 mov.w r1,@(r0,r12)                  | 0c02 stc sr,r12
0c0be10c a0c4 bra 0x000000000c0be298              | d356 mov.l 0x000000000c0be268,r3
0c0be10e 0c02 stc sr,r12                          | 430b jsr @r3
0c0be110 a026 bra 0x000000000c0be160              | 64e3 mov r14,r4
0c0be112 0c02 stc sr,r12                          | e15c mov #92,r1
0c0be114 d356 mov.l 0x000000000c0be270,r3         | 31ec add r14,r1
0c0be116 430b jsr @r3                             | e034 mov #52,r0
0c0be118 64e3 mov r14,r4                          | f318 fmov @r1,fr3
0c0be11a e15c mov #92,r1                          | f2e6 fmov @(r0,r14),fr2
0c0be11c 31ec add r14,r1                          | e168 mov #104,r1
0c0be11e e034 mov #52,r0                          | 31ec add r14,r1
0c0be120 f318 fmov @r1,fr3                        | f230 fadd fr3,fr2
0c0be122 f2e6 fmov @(r0,r14),fr2                  | fe27 fmov fr2,@(r0,r14)
0c0be124 e168 mov #104,r1                         | e05c mov #92,r0
0c0be126 31ec add r14,r1                          | f2e6 fmov @(r0,r14),fr2
0c0be128 f230 fadd fr3,fr2                        | f318 fmov @r1,fr3
0c0be12a fe27 fmov fr2,@(r0,r14)                  | e160 mov #96,r1
0c0be12c e05c mov #92,r0                          | 31ec add r14,r1
0c0be12e f2e6 fmov @(r0,r14),fr2                  | f230 fadd fr3,fr2
0c0be130 f318 fmov @r1,fr3                        | fe27 fmov fr2,@(r0,r14)
0c0be132 e160 mov #96,r1                          | e038 mov #56,r0
0c0be134 31ec add r14,r1                          | f2e6 fmov @(r0,r14),fr2
0c0be136 f230 fadd fr3,fr2                        | f318 fmov @r1,fr3
0c0be138 fe27 fmov fr2,@(r0,r14)                  | e16c mov #108,r1
0c0be13a e038 mov #56,r0                          | 31ec add r14,r1
0c0be13c f2e6 fmov @(r0,r14),fr2                  | f230 fadd fr3,fr2
0c0be13e f318 fmov @r1,fr3                        | fe27 fmov fr2,@(r0,r14)
0c0be140 e16c mov #108,r1                         | e060 mov #96,r0
0c0be142 31ec add r14,r1                          | f2e6 fmov @(r0,r14),fr2
0c0be144 f230 fadd fr3,fr2                        | f318 fmov @r1,fr3
0c0be146 fe27 fmov fr2,@(r0,r14)                  | f230 fadd fr3,fr2
0c0be148 e060 mov #96,r0                          | fe27 fmov fr2,@(r0,r14)
0c0be14a f2e6 fmov @(r0,r14),fr2                  | 9086 mov.w 0x000000000c0be25a,r0
0c0be14c f318 fmov @r1,fr3                        | f3e6 fmov @(r0,r14),fr3
0c0be14e f230 fadd fr3,fr2                        | e038 mov #56,r0
0c0be150 fe27 fmov fr2,@(r0,r14)                  | f2e6 fmov @(r0,r14),fr2
0c0be152 9086 mov.w 0x000000000c0be262,r0         | f235 fcmp/gt fr3,fr2
0c0be154 f3e6 fmov @(r0,r14),fr3                  | 891b bt 0x000000000c0be18e
0c0be156 e038 mov #56,r0                          | 84e6 mov.b @(6,r14),r0
0c0be158 f2e6 fmov @(r0,r14),fr2                  | e300 mov #0,r3
0c0be15a f235 fcmp/gt fr3,fr2                     | f48d fldi0 fr4
0c0be15c 891b bt 0x000000000c0be196               | 7001 add #1,r0
0c0be15e 84e6 mov.b @(6,r14),r0                   | 80e6 mov.b r0,@(6,r14)
0c0be160 e300 mov #0,r3                           | 907b mov.w 0x000000000c0be25a,r0
0c0be162 f48d fldi0 fr4                           | f3e6 fmov @(r0,r14),fr3
0c0be164 7001 add #1,r0                           | e038 mov #56,r0
0c0be166 80e6 mov.b r0,@(6,r14)                   | fe37 fmov fr3,@(r0,r14)
0c0be168 907b mov.w 0x000000000c0be262,r0         | 9078 mov.w 0x000000000c0be25c,r0
0c0be16a f3e6 fmov @(r0,r14),fr3                  | 0e34 mov.b r3,@(r0,r14)
0c0be16c e038 mov #56,r0                          | e05c mov #92,r0
0c0be16e fe37 fmov fr3,@(r0,r14)                  | fe47 fmov fr4,@(r0,r14)
0c0be170 9078 mov.w 0x000000000c0be264,r0         | e060 mov #96,r0
0c0be172 0e34 mov.b r3,@(r0,r14)                  | fe47 fmov fr4,@(r0,r14)
0c0be174 e05c mov #92,r0                          | e068 mov #104,r0
0c0be178 e060 mov #96,r0                          | e06c mov #108,r0
0c0be17a fe47 fmov fr4,@(r0,r14)                  | d33c mov.l 0x000000000c0be26c,r3
0c0be17c e068 mov #104,r0                         | fe47 fmov fr4,@(r0,r14)
0c0be17e fe47 fmov fr4,@(r0,r14)                  | 430b jsr @r3
0c0be180 e06c mov #108,r0                         | 64e3 mov r14,r4
0c0be182 d33c mov.l 0x000000000c0be274,r3         | 4f26 lds.l @r15+,pr
0c0be184 fe47 fmov fr4,@(r0,r14)                  | d23a mov.l 0x000000000c0be270,r2
0c0be186 430b jsr @r3                             | e534 mov #52,r5
0c0be18a 4f26 lds.l @r15+,pr                      | 422b jmp @r2
0c0be18c d23a mov.l 0x000000000c0be278,r2         | 6ef6 mov.l @r15+,r14
0c0be18e e534 mov #52,r5                          | 4f26 lds.l @r15+,pr
0c0be190 64e3 mov r14,r4                          | 000b rts
0c0be192 422b jmp @r2                             | 6ef6 mov.l @r15+,r14
0c0be194 6ef6 mov.l @r15+,r14                     | 4f22 sts.l pr,@-r15
0c0be196 4f26 lds.l @r15+,pr                      | 7ffc add #-4,r15
0c0be198 000b rts                                 | d336 mov.l 0x000000000c0be274,r3
0c0be19a 6ef6 mov.l @r15+,r14                     | 430b jsr @r3
0c0be19c 4f22 sts.l pr,@-r15                      | 2f42 mov.l r4,@r15
0c0be19e 7ffc add #-4,r15                         | 600e exts.b r0,r0
0c0be1a0 d336 mov.l 0x000000000c0be27c,r3         | 4011 cmp/pz r0
0c0be1a2 430b jsr @r3                             | 8904 bt 0x000000000c0be1ae
0c0be1a4 2f42 mov.l r4,@r15                       | 64f2 mov.l @r15,r4
0c0be1a6 600e exts.b r0,r0                        | 7f04 add #4,r15
0c0be1a8 4011 cmp/pz r0                           | d333 mov.l 0x000000000c0be278,r3
0c0be1aa 8904 bt 0x000000000c0be1b6               | 432b jmp @r3
0c0be1ac 64f2 mov.l @r15,r4                       | 4f26 lds.l @r15+,pr
0c0be1b0 d333 mov.l 0x000000000c0be280,r3         | 4f26 lds.l @r15+,pr
0c0be1b2 432b jmp @r3                             | 000b rts
0c0be1b4 4f26 lds.l @r15+,pr                      | 0009 nop
0c0be1b6 7f04 add #4,r15                          | 2fe6 mov.l r14,@-r15
0c0be1b8 4f26 lds.l @r15+,pr                      | 6e43 mov r4,r14
0c0be1ba 000b rts                                 | 84e6 mov.b @(6,r14),r0
0c0be1bc 0009 nop                                 | d12f mov.l 0x000000000c0be27c,r1
0c0be1be 2fe6 mov.l r14,@-r15                     | 600c extu.b r0,r0
0c0be1c0 6e43 mov r4,r14                          | 954d mov.w 0x000000000c0be25e,r5
0c0be1c2 84e6 mov.b @(6,r14),r0                   | 4008 shll2 r0
0c0be1c4 d12f mov.l 0x000000000c0be284,r1         | 031e mov.l @(r0,r1),r3
0c0be1c6 600c extu.b r0,r0                        | 35ec add r14,r5
0c0be1c8 954d mov.w 0x000000000c0be266,r5         | 432b jmp @r3
0c0be1ca 4008 shll2 r0                            | 6ef6 mov.l @r15+,r14
0c0be1cc 031e mov.l @(r0,r1),r3                   | 9048 mov.w 0x000000000c0be260,r0
0c0be1ce 35ec add r14,r5                          | 2fe6 mov.l r14,@-r15
0c0be1d0 432b jmp @r3                             | 6e43 mov r4,r14
0c0be1d2 6ef6 mov.l @r15+,r14                     | 2fd6 mov.l r13,@-r15
0c0be1d4 9048 mov.w 0x000000000c0be268,r0         | 4f22 sts.l pr,@-r15
0c0be1d6 2fe6 mov.l r14,@-r15                     | 00ec mov.b @(r0,r14),r0
0c0be1d8 6e43 mov r4,r14                          | 600c extu.b r0,r0
0c0be1da 2fd6 mov.l r13,@-r15                     | 8806 cmp/eq #6,r0
0c0be1dc 4f22 sts.l pr,@-r15                      | 8b05 bf 0x000000000c0be1ea
0c0be1de 00ec mov.b @(r0,r14),r0                  | 9041 mov.w 0x000000000c0be264,r0
0c0be1e0 600c extu.b r0,r0                        | e310 mov #16,r3
0c0be1e2 8806 cmp/eq #6,r0                        | 923e mov.w 0x000000000c0be262,r2
0c0be1e4 8b05 bf 0x000000000c0be1f2               | 0e24 mov.b r2,@(r0,r14)
0c0be1e6 9041 mov.w 0x000000000c0be26c,r0         | 7001 add #1,r0
0c0be1e8 e310 mov #16,r3                          | 0e34 mov.b r3,@(r0,r14)
0c0be1ea 923e mov.w 0x000000000c0be26a,r2         | 84e6 mov.b @(6,r14),r0
0c0be1ec 0e24 mov.b r2,@(r0,r14)                  | e340 mov #64,r3
0c0be1ee 7001 add #1,r0                           | ed00 mov #0,r13
0c0be1f0 0e34 mov.b r3,@(r0,r14)                  | 7001 add #1,r0
0c0be1f2 84e6 mov.b @(6,r14),r0                   | 80e6 mov.b r0,@(6,r14)
0c0be1f4 e340 mov #64,r3                          | 9037 mov.w 0x000000000c0be266,r0
0c0be1f6 ed00 mov #0,r13                          | 0e34 mov.b r3,@(r0,r14)
0c0be1f8 7001 add #1,r0                           | 700b add #11,r0
0c0be1fa 80e6 mov.b r0,@(6,r14)                   | 0ed5 mov.w r13,@(r0,r14)
0c0be1fc 9037 mov.w 0x000000000c0be26e,r0         | 70f2 add #-14,r0
0c0be1fe 0e34 mov.b r3,@(r0,r14)                  | 0ed4 mov.b r13,@(r0,r14)
0c0be200 700b add #11,r0                          | 7026 add #38,r0
0c0be202 0ed5 mov.w r13,@(r0,r14)                 | d31f mov.l 0x000000000c0be280,r3
0c0be204 70f2 add #-14,r0                         | 0ed6 mov.l r13,@(r0,r14)
0c0be206 0ed4 mov.b r13,@(r0,r14)                 | 84e2 mov.b @(2,r14),r0
0c0be208 7026 add #38,r0                          | 6232 mov.l @r3,r2
0c0be20a d31f mov.l 0x000000000c0be288,r3         | 600c extu.b r0,r0
0c0be20c 0ed6 mov.l r13,@(r0,r14)                 | 4000 shll r0
0c0be20e 84e2 mov.b @(2,r14),r0                   | 727c add #124,r2
0c0be210 6232 mov.l @r3,r2                        | 012d mov.w @(r0,r2),r1
0c0be212 600c extu.b r0,r0                        | 7101 add #1,r1
0c0be214 4000 shll r0                             | 0215 mov.w r1,@(r0,r2)
0c0be216 727c add #124,r2                         | d21b mov.l 0x000000000c0be284,r2
0c0be218 012d mov.w @(r0,r2),r1                   | 420b jsr @r2
0c0be21a 7101 add #1,r1                           | 64e3 mov r14,r4
0c0be21c 0215 mov.w r1,@(r0,r2)                   | 901e mov.w 0x000000000c0be25c,r0
0c0be21e d21b mov.l 0x000000000c0be28c,r2         | e502 mov #2,r5
0c0be220 420b jsr @r2                             | f48d fldi0 fr4
0c0be222 64e3 mov r14,r4                          | 66d3 mov r13,r6
0c0be224 901e mov.w 0x000000000c0be264,r0         | 0ed4 mov.b r13,@(r0,r14)
0c0be226 e502 mov #2,r5                           | 9018 mov.w 0x000000000c0be25a,r0
0c0be228 f48d fldi0 fr4                           | d317 mov.l 0x000000000c0be288,r3
0c0be22a 66d3 mov r13,r6                          | f3e6 fmov @(r0,r14),fr3
0c0be22c 0ed4 mov.b r13,@(r0,r14)                 | e038 mov #56,r0
0c0be22e 9018 mov.w 0x000000000c0be262,r0         | fe37 fmov fr3,@(r0,r14)
0c0be230 d317 mov.l 0x000000000c0be290,r3         | e05c mov #92,r0
0c0be232 f3e6 fmov @(r0,r14),fr3                  | fe47 fmov fr4,@(r0,r14)
0c0be234 e038 mov #56,r0                          | e060 mov #96,r0
0c0be236 fe37 fmov fr3,@(r0,r14)                  | fe47 fmov fr4,@(r0,r14)
0c0be238 e05c mov #92,r0                          | e068 mov #104,r0
0c0be23c e060 mov #96,r0                          | e06c mov #108,r0
0c0be240 e068 mov #104,r0                         | 430b jsr @r3
0c0be242 fe47 fmov fr4,@(r0,r14)                  | 64e3 mov r14,r4
0c0be244 e06c mov #108,r0                         | d211 mov.l 0x000000000c0be28c,r2
0c0be246 fe47 fmov fr4,@(r0,r14)                  | 420b jsr @r2
0c0be248 430b jsr @r3                             | 64e3 mov r14,r4
0c0be24a 64e3 mov r14,r4                          | 4f26 lds.l @r15+,pr
0c0be24c d211 mov.l 0x000000000c0be294,r2         | 66d3 mov r13,r6
0c0be24e 420b jsr @r2                             | d310 mov.l 0x000000000c0be290,r3
0c0be250 64e3 mov r14,r4                          | e516 mov #22,r5
0c0be252 4f26 lds.l @r15+,pr                      | 64e3 mov r14,r4
0c0be254 66d3 mov r13,r6                          | 6df6 mov.l @r15+,r13
0c0be256 d310 mov.l 0x000000000c0be298,r3         | 432b jmp @r3
0c0be258 e516 mov #22,r5                          | 6ef6 mov.l @r15+,r14
0c0be25a 64e3 mov r14,r4                          | 041c mov.b @(r0,r1),r4
0c0be25c 6df6 mov.l @r15+,r13                     | 01f9 error
0c0be25e 432b jmp @r3                             | 02a4 mov.b r10,@(r0,r2)
0c0be260 6ef6 mov.l @r15+,r14                     | 0255 mov.w r5,@(r0,r2)
0c0be262 041c mov.b @(r0,r1),r4                   | 00ff mac.l @r15+,@r0+
0c0be264 01f9 error                               | 03f0 error
0c0be266 02a4 mov.b r10,@(r0,r2)                  | 01a1 error
0c0be268 0255 mov.w r5,@(r0,r2)                   | 51f2 mov.l @(8,r15),r1
0c0be26a 00ff mac.l @r15+,@r0+                    | 0c04 mov.b r0,@(r0,r12)
0c0be26c 03f0 error                               | 3324 div1 r2,r3
0c0be26e 01a1 error                               | 0c04 mov.b r0,@(r0,r12)
0c0be270 51f2 mov.l @(8,r15),r1                   | 46da error
0c0be272 0c04 mov.b r0,@(r0,r12)                  | 0c03 bsrf r12
0c0be274 3324 div1 r2,r3                          | a026 bra 0x000000000c0be2c4
0c0be276 0c04 mov.b r0,@(r0,r12)                  | 0c02 stc sr,r12
0c0be278 46da error                               | 37b8 sub r11,r7
0c0be27a 0c03 bsrf r12                            | 0c04 mov.b r0,@(r0,r12)
0c0be27c a026 bra 0x000000000c0be2cc              | 5c88 mov.l @(32,r8),r12
0c0be27e 0c02 stc sr,r12                          | 0c24 mov.b r2,@(r0,r12)
0c0be280 37b8 sub r11,r7                          | 83f8 error
0c0be282 0c04 mov.b r0,@(r0,r12)                  | 0c2f mac.l @r2+,@r12+
0c0be284 5c88 mov.l @(32,r8),r12                  | 42fa ldc r2,dbr
0c0be286 0c24 mov.b r2,@(r0,r12)                  | 0c04 mov.b r0,@(r0,r12)
0c0be288 83f8 error                               | ba0c bsr 0x000000000c0bd6a4
0c0be28a 0c2f mac.l @r2+,@r12+                    | 0c15 mov.w r1,@(r0,r12)
0c0be28c 42fa ldc r2,dbr                          | 32ca subc r12,r2
0c0be290 ba0c bsr 0x000000000c0bd6ac              | a0c4 bra 0x000000000c0be41c
0c0be292 0c15 mov.w r1,@(r0,r12)                  | 0c02 stc sr,r12
