STRICT False ['Wrong exported symbol address: _func_0c0bde0c', 'Wrong exported symbol address: _func_0c0bde1c', 'Wrong exported symbol address: _func_0c0bde74', 'Wrong exported symbol address: _func_0c0bdf64', 'Wrong exported symbol address: _func_0c0bdf76', 'Wrong exported symbol address: _func_0c0be082', 'Wrong exported symbol address: _func_0c0be19c', 'Wrong exported symbol address: _func_0c0be1be', 'Wrong exported symbol address: _func_0c0be1d4', 'Not an exact section match: P', 'Linked image contains extra or missing initialized bytes', 'Linked image contains extra or missing memory bytes']
[(1688, 0)]
[('_func_0c0bdc00', 64, 64), ('_func_0c0bdc40', 18, 18), ('_func_0c0bdc52', 290, 300), ('_func_0c0bddb8', 4, 84), ('_func_0c0bde0c', 0, 16), ('_func_0c0bde1c', 2, 38), ('_func_0c0bde74', 26, 240), ('_func_0c0bdf64', 0, 18), ('_func_0c0bdf76', 18, 236), ('_func_0c0be082', 11, 222), ('_func_0c0be19c', 3, 34), ('_func_0c0be1be', 1, 22), ('_func_0c0be1d4', 18, 142)]
0c0bdd48 907b mov.w 0x000000000c0bde42,r0         | 9078 mov.w 0x000000000c0bde3c,r0
0c0bdd4c d03f mov.l 0x000000000c0bde4c,r0         | d03e mov.l 0x000000000c0bde48,r0
0c0bdd5a d43d mov.l 0x000000000c0bde50,r4         | d43c mov.l 0x000000000c0bde4c,r4
0c0bdd5e 9070 mov.w 0x000000000c0bde42,r0         | 906d mov.w 0x000000000c0bde3c,r0
0c0bdd72 9066 mov.w 0x000000000c0bde42,r0         | 9063 mov.w 0x000000000c0bde3c,r0
0c0bdd80 d334 mov.l 0x000000000c0bde54,r3         | d333 mov.l 0x000000000c0bde50,r3
0c0bdd8c d232 mov.l 0x000000000c0bde58,r2         | d231 mov.l 0x000000000c0bde54,r2
0c0bdd96 9054 mov.w 0x000000000c0bde42,r0         | 9051 mov.w 0x000000000c0bde3c,r0
0c0bdda4 904e mov.w 0x000000000c0bde44,r0         | 904b mov.w 0x000000000c0bde3e,r0
0c0bddb0 d32a mov.l 0x000000000c0bde5c,r3         | d329 mov.l 0x000000000c0bde58,r3
0c0bddba 2f86 mov.l r8,@-r15                      | 4f22 sts.l pr,@-r15
0c0bddbc 4f22 sts.l pr,@-r15                      | d327 mov.l 0x000000000c0bde5c,r3
0c0bddbe d328 mov.l 0x000000000c0bde60,r3         | 430b jsr @r3
0c0bddc0 430b jsr @r3                             | 6e43 mov r4,r14
0c0bddc2 6e43 mov r4,r14                          | 903d mov.w 0x000000000c0bde40,r0
0c0bddc4 903f mov.w 0x000000000c0bde46,r0         | 30ec add r14,r0
0c0bddc6 30ec add r14,r0                          | 8401 mov.b @(1,r0),r0
0c0bddc8 8401 mov.b @(1,r0),r0                    | c801 tst #1,r0
0c0bddca c801 tst #1,r0                           | 8919 bt 0x000000000c0bde00
0c0bddcc 891a bt 0x000000000c0bde04               | 84e6 mov.b @(6,r14),r0
0c0bddce 84e6 mov.b @(6,r14),r0                   | d324 mov.l 0x000000000c0bde60,r3
0c0bddd0 d324 mov.l 0x000000000c0bde64,r3         | 7001 add #1,r0
0c0bddd2 7001 add #1,r0                           | 80e6 mov.b r0,@(6,r14)
0c0bddd4 80e6 mov.b r0,@(6,r14)                   | 430b jsr @r3
0c0bddd6 430b jsr @r3                             | 64e3 mov r14,r4
0c0bddd8 64e3 mov r14,r4                          | 9033 mov.w 0x000000000c0bde42,r0
0c0bddda 9035 mov.w 0x000000000c0bde48,r0         | 02ec mov.b @(r0,r14),r2
0c0bdddc e834 mov #52,r8                          | 2228 tst r2,r2
0c0bddde 03ec mov.b @(r0,r14),r3                  | 8904 bt 0x000000000c0bddea
0c0bdde0 2338 tst r3,r3                           | d120 mov.l 0x000000000c0bde64,r1
0c0bdde2 8d04 bt.s 0x000000000c0bddee             | e034 mov #52,r0
0c0bdde4 38ec add r14,r8                          | 415a lds r1,fpul
0c0bdde6 d120 mov.l 0x000000000c0bde68,r1         | a004 bra 0x000000000c0bddf2
0c0bdde8 415a lds r1,fpul                         | f30d fsts fpul,fr3
0c0bddea a003 bra 0x000000000c0bddf4              | d11f mov.l 0x000000000c0bde68,r1
0c0bddec f30d fsts fpul,fr3                       | e034 mov #52,r0
0c0bddee d21f mov.l 0x000000000c0bde6c,r2         | 415a lds r1,fpul
0c0bddf0 425a lds r2,fpul                         | f30d fsts fpul,fr3
0c0bddf2 f30d fsts fpul,fr3                       | f2e6 fmov @(r0,r14),fr2
0c0bddf4 f288 fmov @r8,fr2                        | 64e3 mov r14,r4
0c0bddf6 64e3 mov r14,r4                          | f230 fadd fr3,fr2
0c0bddf8 f230 fadd fr3,fr2                        | fe27 fmov fr2,@(r0,r14)
0c0bddfa f82a fmov fr2,@r8                        | 4f26 lds.l @r15+,pr
0c0bddfc 4f26 lds.l @r15+,pr                      | a038 bra 0x000000000c0bde70
0c0bddfe 68f6 mov.l @r15+,r8                      | 6ef6 mov.l @r15+,r14
0c0bde00 a038 bra 0x000000000c0bde74              | 4f26 lds.l @r15+,pr
0c0bde02 6ef6 mov.l @r15+,r14                     | 000b rts
0c0bde04 4f26 lds.l @r15+,pr                      | 6ef6 mov.l @r15+,r14
0c0bde06 68f6 mov.l @r15+,r8                      | 4f22 sts.l pr,@-r15
0c0bde08 000b rts                                 | d314 mov.l 0x000000000c0bde5c,r3
0c0bde0a 6ef6 mov.l @r15+,r14                     | 430b jsr @r3
0c0bde0c 4f22 sts.l pr,@-r15                      | 2f46 mov.l r4,@-r15
0c0bde0e d314 mov.l 0x000000000c0bde60,r3         | 64f2 mov.l @r15,r4
0c0bde10 430b jsr @r3                             | 7f04 add #4,r15
0c0bde12 2f46 mov.l r4,@-r15                      | a02d bra 0x000000000c0bde70
0c0bde14 64f2 mov.l @r15,r4                       | 4f26 lds.l @r15+,pr
0c0bde16 7f04 add #4,r15                          | 2fe6 mov.l r14,@-r15
0c0bde18 a02c bra 0x000000000c0bde74              | 4f22 sts.l pr,@-r15
0c0bde1a 4f26 lds.l @r15+,pr                      | d310 mov.l 0x000000000c0bde5c,r3
0c0bde1c 2fe6 mov.l r14,@-r15                     | 430b jsr @r3
0c0bde1e 4f22 sts.l pr,@-r15                      | 6e43 mov r4,r14
0c0bde20 d30f mov.l 0x000000000c0bde60,r3         | 600e exts.b r0,r0
0c0bde22 430b jsr @r3                             | 4011 cmp/pz r0
0c0bde24 6e43 mov r4,r14                          | 8907 bt 0x000000000c0bde36
0c0bde26 600e exts.b r0,r0                        | 900d mov.w 0x000000000c0bde44,r0
0c0bde28 4011 cmp/pz r0                           | e301 mov #1,r3
0c0bde2a 8907 bt 0x000000000c0bde3c               | 64e3 mov r14,r4
0c0bde2c 900d mov.w 0x000000000c0bde4a,r0         | 0e34 mov.b r3,@(r0,r14)
0c0bde2e e301 mov #1,r3                           | 4f26 lds.l @r15+,pr
0c0bde30 64e3 mov r14,r4                          | d30e mov.l 0x000000000c0bde6c,r3
0c0bde32 0e34 mov.b r3,@(r0,r14)                  | 432b jmp @r3
0c0bde34 4f26 lds.l @r15+,pr                      | 6ef6 mov.l @r15+,r14
0c0bde36 d30e mov.l 0x000000000c0bde70,r3         | 4f26 lds.l @r15+,pr
0c0bde38 432b jmp @r3                             | 000b rts
0c0bde3c 4f26 lds.l @r15+,pr                      | 01a3 ocbp @r1
0c0bde3e 000b rts                                 | 0158 error
0c0bde40 6ef6 mov.l @r15+,r14                     | 0150 error
0c0bde42 01a3 ocbp @r1                            | 01d2 stc r5_bank,r1
0c0bde44 0158 error                               | 01f9 error
0c0bde46 0150 error                               | 0000 error
0c0bde48 01d2 stc r5_bank,r1                      | 5c38 mov.l @(32,r3),r12
0c0bde4a 01f9 error                               | 0c24 mov.b r2,@(r0,r12)
0c0bde4c 5c38 mov.l @(32,r3),r12                  | 5c34 mov.l @(16,r3),r12
0c0bde50 5c34 mov.l @(16,r3),r12                  | 32ca subc r12,r2
0c0bde52 0c24 mov.b r2,@(r0,r12)                  | 0c04 mov.b r0,@(r0,r12)
0c0bde54 32ca subc r12,r2                         | ba0c bsr 0x000000000c0bd270
0c0bde56 0c04 mov.b r0,@(r0,r12)                  | 0c15 mov.w r1,@(r0,r12)
0c0bde58 ba0c bsr 0x000000000c0bd274              | a0c4 bra 0x000000000c0bdfe4
0c0bde5a 0c15 mov.w r1,@(r0,r12)                  | 0c02 stc sr,r12
0c0bde5c a0c4 bra 0x000000000c0bdfe8              | a026 bra 0x000000000c0bdeac
0c0bde60 a026 bra 0x000000000c0bdeb0              | 51f2 mov.l @(8,r15),r1
0c0bde62 0c02 stc sr,r12                          | 0c04 mov.b r0,@(r0,r12)
0c0bde64 51f2 mov.l @(8,r15),r1                   | 0000 error
0c0bde66 0c04 mov.b r0,@(r0,r12)                  | 4220 shal r2
0c0bde6a 4220 shal r2                             | c220 mov.l r0,@(128,gbr)
0c0bde6c 0000 error                               | 37b8 sub r11,r7
0c0bde6e c220 mov.l r0,@(128,gbr)                 | 0c04 mov.b r0,@(r0,r12)
0c0bde70 37b8 sub r11,r7                          | 2fe6 mov.l r14,@-r15
0c0bde72 0c04 mov.b r0,@(r0,r12)                  | e15c mov #92,r1
0c0bde74 2fe6 mov.l r14,@-r15                     | 6e43 mov r4,r14
0c0bde76 e15c mov #92,r1                          | 31ec add r14,r1
0c0bde78 6e43 mov r4,r14                          | e034 mov #52,r0
0c0bde7a 31ec add r14,r1                          | 4f22 sts.l pr,@-r15
0c0bde7c e034 mov #52,r0                          | f2e6 fmov @(r0,r14),fr2
0c0bde7e 4f22 sts.l pr,@-r15                      | f318 fmov @r1,fr3
0c0bde80 f2e6 fmov @(r0,r14),fr2                  | e168 mov #104,r1
0c0bde82 f318 fmov @r1,fr3                        | 31ec add r14,r1
0c0bde84 e168 mov #104,r1                         | f230 fadd fr3,fr2
0c0bde86 31ec add r14,r1                          | fe27 fmov fr2,@(r0,r14)
0c0bde88 f230 fadd fr3,fr2                        | e05c mov #92,r0
0c0bde8a fe27 fmov fr2,@(r0,r14)                  | f318 fmov @r1,fr3
0c0bde8c e05c mov #92,r0                          | e160 mov #96,r1
0c0bde8e f318 fmov @r1,fr3                        | f2e6 fmov @(r0,r14),fr2
0c0bde90 e160 mov #96,r1                          | 31ec add r14,r1
0c0bde92 f2e6 fmov @(r0,r14),fr2                  | f230 fadd fr3,fr2
0c0bde94 31ec add r14,r1                          | fe27 fmov fr2,@(r0,r14)
0c0bde96 f230 fadd fr3,fr2                        | e038 mov #56,r0
0c0bde98 fe27 fmov fr2,@(r0,r14)                  | f2e6 fmov @(r0,r14),fr2
0c0bde9a e038 mov #56,r0                          | f318 fmov @r1,fr3
0c0bde9c f2e6 fmov @(r0,r14),fr2                  | e16c mov #108,r1
0c0bde9e f318 fmov @r1,fr3                        | 31ec add r14,r1
0c0bdea0 e16c mov #108,r1                         | f230 fadd fr3,fr2
0c0bdea2 31ec add r14,r1                          | fe27 fmov fr2,@(r0,r14)
0c0bdea4 f230 fadd fr3,fr2                        | e060 mov #96,r0
0c0bdea6 fe27 fmov fr2,@(r0,r14)                  | f2e6 fmov @(r0,r14),fr2
0c0bdea8 e060 mov #96,r0                          | f318 fmov @r1,fr3
0c0bdeaa f2e6 fmov @(r0,r14),fr2                  | f230 fadd fr3,fr2
0c0bdeac f318 fmov @r1,fr3                        | fe27 fmov fr2,@(r0,r14)
0c0bdeae f230 fadd fr3,fr2                        | 906d mov.w 0x000000000c0bdf8c,r0
0c0bdeb0 fe27 fmov fr2,@(r0,r14)                  | 04ec mov.b @(r0,r14),r4
0c0bdeb2 906d mov.w 0x000000000c0bdf90,r0         | 634c extu.b r4,r3
0c0bdeb4 04ec mov.b @(r0,r14),r4                  | 2338 tst r3,r3
0c0bdeb6 634c extu.b r4,r3                        | 8f05 bf.s 0x000000000c0bdec4
0c0bdeb8 2338 tst r3,r3                           | f48d fldi0 fr4
0c0bdeba 8f05 bf.s 0x000000000c0bdec8             | e05c mov #92,r0
0c0bdebc f48d fldi0 fr4                           | f38d fldi0 fr3
0c0bdebe e05c mov #92,r0                          | f2e6 fmov @(r0,r14),fr2
0c0bdec0 f38d fldi0 fr3                           | f235 fcmp/gt fr3,fr2
0c0bdec2 f2e6 fmov @(r0,r14),fr2                  | 8907 bt 0x000000000c0bded4
0c0bdec4 f235 fcmp/gt fr3,fr2                     | 624c extu.b r4,r2
0c0bdec6 8907 bt 0x000000000c0bded8               | 2228 tst r2,r2
0c0bdec8 624c extu.b r4,r2                        | 8908 bt 0x000000000c0bdedc
0c0bdeca 2228 tst r2,r2                           | e05c mov #92,r0
0c0bdecc 8908 bt 0x000000000c0bdee0               | f38d fldi0 fr3
0c0bdece e05c mov #92,r0                          | f2e6 fmov @(r0,r14),fr2
0c0bded0 f38d fldi0 fr3                           | f325 fcmp/gt fr2,fr3
0c0bded2 f2e6 fmov @(r0,r14),fr2                  | 8b03 bf 0x000000000c0bdedc
0c0bded4 f325 fcmp/gt fr2,fr3                     | e05c mov #92,r0
0c0bded6 8b03 bf 0x000000000c0bdee0               | fe47 fmov fr4,@(r0,r14)
0c0bded8 e05c mov #92,r0                          | e068 mov #104,r0
0c0bdedc e068 mov #104,r0                         | 9057 mov.w 0x000000000c0bdf8e,r0
0c0bdede fe47 fmov fr4,@(r0,r14)                  | 03ec mov.b @(r0,r14),r3
0c0bdee0 9057 mov.w 0x000000000c0bdf92,r0         | 2338 tst r3,r3
0c0bdee2 03ec mov.b @(r0,r14),r3                  | 8d19 bt.s 0x000000000c0bdf18
0c0bdee4 2338 tst r3,r3                           | e400 mov #0,r4
0c0bdee6 8d19 bt.s 0x000000000c0bdf1c             | 03ec mov.b @(r0,r14),r3
0c0bdee8 e400 mov #0,r4                           | d02b mov.l 0x000000000c0bdf98,r0
0c0bdeea 03ec mov.b @(r0,r14),r3                  | 4321 shar r3
0c0bdeec d02b mov.l 0x000000000c0bdf9c,r0         | 73ff add #-1,r3
0c0bdeee 4321 shar r3                             | 4308 shll2 r3
0c0bdef0 73ff add #-1,r3                          | 023e mov.l @(r0,r3),r2
0c0bdef2 4308 shll2 r3                            | 904d mov.w 0x000000000c0bdf90,r0
0c0bdef4 013e mov.l @(r0,r3),r1                   | d329 mov.l 0x000000000c0bdf9c,r3
0c0bdef6 904d mov.w 0x000000000c0bdf94,r0         | 0e24 mov.b r2,@(r0,r14)
0c0bdef8 d329 mov.l 0x000000000c0bdfa0,r3         | 700b add #11,r0
0c0bdefa 0e14 mov.b r1,@(r0,r14)                  | 0e45 mov.w r4,@(r0,r14)
0c0bdefc 700b add #11,r0                          | 70f2 add #-14,r0
0c0bdefe 0e45 mov.w r4,@(r0,r14)                  | 0e44 mov.b r4,@(r0,r14)
0c0bdf00 70f2 add #-14,r0                         | 7026 add #38,r0
0c0bdf02 0e44 mov.b r4,@(r0,r14)                  | 0e46 mov.l r4,@(r0,r14)
0c0bdf04 7026 add #38,r0                          | 84e2 mov.b @(2,r14),r0
0c0bdf06 0e46 mov.l r4,@(r0,r14)                  | 6232 mov.l @r3,r2
0c0bdf08 84e2 mov.b @(2,r14),r0                   | 600c extu.b r0,r0
0c0bdf0a 6232 mov.l @r3,r2                        | 4000 shll r0
0c0bdf0c 600c extu.b r0,r0                        | 727c add #124,r2
0c0bdf0e 4000 shll r0                             | 012d mov.w @(r0,r2),r1
0c0bdf10 727c add #124,r2                         | 7101 add #1,r1
0c0bdf12 012d mov.w @(r0,r2),r1                   | 0215 mov.w r1,@(r0,r2)
0c0bdf14 7101 add #1,r1                           | 903b mov.w 0x000000000c0bdf8e,r0
0c0bdf16 0215 mov.w r1,@(r0,r2)                   | 0e44 mov.b r4,@(r0,r14)
0c0bdf1a 0e44 mov.b r4,@(r0,r14)                  | f3e6 fmov @(r0,r14),fr3
0c0bdf1c 903b mov.w 0x000000000c0bdf96,r0         | e038 mov #56,r0
0c0bdf1e f3e6 fmov @(r0,r14),fr3                  | f2e6 fmov @(r0,r14),fr2
0c0bdf20 e038 mov #56,r0                          | f235 fcmp/gt fr3,fr2
0c0bdf22 f2e6 fmov @(r0,r14),fr2                  | 891a bt 0x000000000c0bdf5a
0c0bdf24 f235 fcmp/gt fr3,fr2                     | 84e6 mov.b @(6,r14),r0
0c0bdf26 891a bt 0x000000000c0bdf5e               | d31e mov.l 0x000000000c0bdfa0,r3
0c0bdf28 84e6 mov.b @(6,r14),r0                   | 7001 add #1,r0
0c0bdf2a d31e mov.l 0x000000000c0bdfa4,r3         | 80e6 mov.b r0,@(6,r14)
0c0bdf2c 7001 add #1,r0                           | 9031 mov.w 0x000000000c0bdf92,r0
0c0bdf2e 80e6 mov.b r0,@(6,r14)                   | f3e6 fmov @(r0,r14),fr3
0c0bdf30 9031 mov.w 0x000000000c0bdf96,r0         | e038 mov #56,r0
0c0bdf32 f3e6 fmov @(r0,r14),fr3                  | fe37 fmov fr3,@(r0,r14)
0c0bdf34 e038 mov #56,r0                          | 902e mov.w 0x000000000c0bdf94,r0
0c0bdf36 fe37 fmov fr3,@(r0,r14)                  | 0e44 mov.b r4,@(r0,r14)
0c0bdf38 902e mov.w 0x000000000c0bdf98,r0         | e05c mov #92,r0
0c0bdf3a 0e44 mov.b r4,@(r0,r14)                  | fe47 fmov fr4,@(r0,r14)
0c0bdf3c e05c mov #92,r0                          | e060 mov #96,r0
0c0bdf40 e060 mov #96,r0                          | e068 mov #104,r0
0c0bdf44 e068 mov #104,r0                         | e06c mov #108,r0
0c0bdf48 e06c mov #108,r0                         | 430b jsr @r3
0c0bdf4a fe47 fmov fr4,@(r0,r14)                  | 64e3 mov r14,r4
0c0bdf4c 430b jsr @r3                             | 4f26 lds.l @r15+,pr
0c0bdf4e 64e3 mov r14,r4                          | d215 mov.l 0x000000000c0bdfa4,r2
0c0bdf50 4f26 lds.l @r15+,pr                      | 64e3 mov r14,r4
0c0bdf52 d215 mov.l 0x000000000c0bdfa8,r2         | e61a mov #26,r6
0c0bdf54 64e3 mov r14,r4                          | e515 mov #21,r5
0c0bdf56 e61a mov #26,r6                          | 422b jmp @r2
0c0bdf58 e515 mov #21,r5                          | 6ef6 mov.l @r15+,r14
0c0bdf5a 422b jmp @r2                             | 4f26 lds.l @r15+,pr
0c0bdf5c 6ef6 mov.l @r15+,r14                     | 000b rts
0c0bdf5e 4f26 lds.l @r15+,pr                      | 6ef6 mov.l @r15+,r14
0c0bdf60 000b rts                                 | 6343 mov r4,r3
0c0bdf62 6ef6 mov.l @r15+,r14                     | d111 mov.l 0x000000000c0bdfa8,r1
0c0bdf64 6343 mov r4,r3                           | 2f46 mov.l r4,@-r15
0c0bdf66 d111 mov.l 0x000000000c0bdfac,r1         | 8436 mov.b @(6,r3),r0
0c0bdf68 2f46 mov.l r4,@-r15                      | 600c extu.b r0,r0
0c0bdf6a 8436 mov.b @(6,r3),r0                    | 4008 shll2 r0
0c0bdf6c 600c extu.b r0,r0                        | 031e mov.l @(r0,r1),r3
0c0bdf6e 4008 shll2 r0                            | 432b jmp @r3
0c0bdf70 031e mov.l @(r0,r1),r3                   | 7f04 add #4,r15
0c0bdf72 432b jmp @r3                             | 2fe6 mov.l r14,@-r15
0c0bdf74 7f04 add #4,r15                          | 6e43 mov r4,r14
0c0bdf76 2fe6 mov.l r14,@-r15                     | 2fd6 mov.l r13,@-r15
0c0bdf78 6e43 mov r4,r14                          | 4f22 sts.l pr,@-r15
0c0bdf7a 2fd6 mov.l r13,@-r15                     | 84e6 mov.b @(6,r14),r0
0c0bdf7c 4f22 sts.l pr,@-r15                      | 7001 add #1,r0
0c0bdf7e 84e6 mov.b @(6,r14),r0                   | 80e6 mov.b r0,@(6,r14)
0c0bdf80 7001 add #1,r0                           | 9009 mov.w 0x000000000c0bdf96,r0
0c0bdf82 80e6 mov.b r0,@(6,r14)                   | 02ec mov.b @(r0,r14),r2
0c0bdf84 9009 mov.w 0x000000000c0bdf9a,r0         | 2228 tst r2,r2
0c0bdf86 02ec mov.b @(r0,r14),r2                  | 8911 bt 0x000000000c0bdfac
0c0bdf88 2228 tst r2,r2                           | a011 bra 0x000000000c0bdfae
0c0bdf8a 8911 bt 0x000000000c0bdfb0               | e33b mov #59,r3
0c0bdf8c a011 bra 0x000000000c0bdfb2              | 01d2 stc r5_bank,r1
0c0bdf8e e33b mov #59,r3                          | 0141 error
0c0bdf90 01d2 stc r5_bank,r1                      | 01a1 error
0c0bdf92 0141 error                               | 041c mov.b @(r0,r1),r4
0c0bdf94 01a1 error                               | 01f9 error
0c0bdf96 041c mov.b @(r0,r1),r4                   | 01a3 ocbp @r1
0c0bdf98 01f9 error                               | 5c54 mov.l @(16,r5),r12
0c0bdf9a 01a3 ocbp @r1                            | 0c24 mov.b r2,@(r0,r12)
0c0bdf9c 5c54 mov.l @(16,r5),r12                  | 83f8 error
0c0bdf9e 0c24 mov.b r2,@(r0,r12)                  | 0c2f mac.l @r2+,@r12+
0c0bdfa0 83f8 error                               | 3324 div1 r2,r3
0c0bdfa2 0c2f mac.l @r2+,@r12+                    | 0c04 mov.b r0,@(r0,r12)
0c0bdfa4 3324 div1 r2,r3                          | a0c4 bra 0x000000000c0be130
0c0bdfa6 0c04 mov.b r0,@(r0,r12)                  | 0c02 stc sr,r12
0c0bdfa8 a0c4 bra 0x000000000c0be134              | 5c6c mov.l @(48,r6),r12
0c0bdfaa 0c02 stc sr,r12                          | 0c24 mov.b r2,@(r0,r12)
0c0bdfac 5c6c mov.l @(48,r6),r12                  | e339 mov #57,r3
0c0bdfae 0c24 mov.b r2,@(r0,r12)                  | 9091 mov.w 0x000000000c0be0d4,r0
0c0bdfb0 e339 mov #57,r3                          | ed00 mov #0,r13
0c0bdfb2 9091 mov.w 0x000000000c0be0d8,r0         | e50c mov #12,r5
0c0bdfb4 ed00 mov #0,r13                          | 0e34 mov.b r3,@(r0,r14)
0c0bdfb6 e50c mov #12,r5                          | 700b add #11,r0
0c0bdfb8 0e34 mov.b r3,@(r0,r14)                  | 0ed5 mov.w r13,@(r0,r14)
0c0bdfba 700b add #11,r0                          | 70f2 add #-14,r0
0c0bdfbc 0ed5 mov.w r13,@(r0,r14)                 | 0ed4 mov.b r13,@(r0,r14)
0c0bdfbe 70f2 add #-14,r0                         | 7026 add #38,r0
0c0bdfc0 0ed4 mov.b r13,@(r0,r14)                 | d349 mov.l 0x000000000c0be0e8,r3
0c0bdfc2 7026 add #38,r0                          | 0ed6 mov.l r13,@(r0,r14)
0c0bdfc4 d349 mov.l 0x000000000c0be0ec,r3         | 84e2 mov.b @(2,r14),r0
0c0bdfc6 0ed6 mov.l r13,@(r0,r14)                 | 6232 mov.l @r3,r2
0c0bdfc8 84e2 mov.b @(2,r14),r0                   | 600c extu.b r0,r0
0c0bdfca 6232 mov.l @r3,r2                        | 4000 shll r0
0c0bdfcc 600c extu.b r0,r0                        | 727c add #124,r2
0c0bdfce 4000 shll r0                             | 012d mov.w @(r0,r2),r1
0c0bdfd0 727c add #124,r2                         | 7101 add #1,r1
0c0bdfd2 012d mov.w @(r0,r2),r1                   | 0215 mov.w r1,@(r0,r2)
0c0bdfd4 7101 add #1,r1                           | d245 mov.l 0x000000000c0be0ec,r2
0c0bdfd6 0215 mov.w r1,@(r0,r2)                   | 420b jsr @r2
0c0bdfd8 d245 mov.l 0x000000000c0be0f0,r2         | 64e3 mov r14,r4
0c0bdfda 420b jsr @r2                             | d345 mov.l 0x000000000c0be0f0,r3
0c0bdfdc 64e3 mov r14,r4                          | 430b jsr @r3
0c0bdfde d345 mov.l 0x000000000c0be0f4,r3         | 64e3 mov r14,r4
0c0bdfe0 430b jsr @r3                             | 9079 mov.w 0x000000000c0be0d6,r0
0c0bdfe2 64e3 mov r14,r4                          | f48d fldi0 fr4
0c0bdfe4 9079 mov.w 0x000000000c0be0da,r0         | 0ed4 mov.b r13,@(r0,r14)
0c0bdfe6 f48d fldi0 fr4                           | 9077 mov.w 0x000000000c0be0d8,r0
0c0bdfe8 0ed4 mov.b r13,@(r0,r14)                 | f3e6 fmov @(r0,r14),fr3
0c0bdfea 9077 mov.w 0x000000000c0be0dc,r0         | e038 mov #56,r0
0c0bdfec f3e6 fmov @(r0,r14),fr3                  | fe37 fmov fr3,@(r0,r14)
0c0bdfee e038 mov #56,r0                          | e05c mov #92,r0
0c0bdff0 fe37 fmov fr3,@(r0,r14)                  | fe47 fmov fr4,@(r0,r14)
0c0bdff2 e05c mov #92,r0                          | e060 mov #96,r0
0c0bdff6 e060 mov #96,r0                          | e068 mov #104,r0
0c0bdffa e068 mov #104,r0                         | e06c mov #108,r0
0c0bdffe e06c mov #108,r0                         | 60d3 mov r13,r0
0c0be000 fe47 fmov fr4,@(r0,r14)                  | 0009 nop
0c0be002 60d3 mov r13,r0                          | 81ef mov.w r0,@(30,r14)
0c0be004 0009 nop                                 | 9069 mov.w 0x000000000c0be0da,r0
0c0be006 81ef mov.w r0,@(30,r14)                  | 03ec mov.b @(r0,r14),r3
0c0be008 9069 mov.w 0x000000000c0be0de,r0         | 2338 tst r3,r3
0c0be00a 03ec mov.b @(r0,r14),r3                  | 8908 bt 0x000000000c0be01e
0c0be00c 2338 tst r3,r3                           | 9066 mov.w 0x000000000c0be0dc,r0
0c0be00e 8908 bt 0x000000000c0be022               | 03ec mov.b @(r0,r14),r3
0c0be010 9066 mov.w 0x000000000c0be0e0,r0         | d038 mov.l 0x000000000c0be0f4,r0
0c0be012 03ec mov.b @(r0,r14),r3                  | 633c extu.b r3,r3
0c0be014 d038 mov.l 0x000000000c0be0f8,r0         | 4308 shll2 r3
0c0be016 633c extu.b r3,r3                        | 4300 shll r3
0c0be018 4308 shll2 r3                            | f336 fmov @(r0,r3),fr3
0c0be01a 4300 shll r3                             | a008 bra 0x000000000c0be02e
0c0be01c f336 fmov @(r0,r3),fr3                   | 0009 nop
0c0be01e a008 bra 0x000000000c0be032              | 905d mov.w 0x000000000c0be0dc,r0
0c0be020 0009 nop                                 | 02ec mov.b @(r0,r14),r2
0c0be022 905d mov.w 0x000000000c0be0e0,r0         | d034 mov.l 0x000000000c0be0f4,r0
0c0be024 02ec mov.b @(r0,r14),r2                  | 622c extu.b r2,r2
0c0be026 d034 mov.l 0x000000000c0be0f8,r0         | 4208 shll2 r2
0c0be028 622c extu.b r2,r2                        | 4200 shll r2
0c0be02a 4208 shll2 r2                            | f326 fmov @(r0,r2),fr3
0c0be02c 4200 shll r2                             | f34d fneg fr3
0c0be02e f326 fmov @(r0,r2),fr3                   | e05c mov #92,r0
0c0be030 f34d fneg fr3                            | fe37 fmov fr3,@(r0,r14)
0c0be032 e05c mov #92,r0                          | 9053 mov.w 0x000000000c0be0dc,r0
0c0be034 fe37 fmov fr3,@(r0,r14)                  | 03ec mov.b @(r0,r14),r3
0c0be036 9053 mov.w 0x000000000c0be0e0,r0         | d030 mov.l 0x000000000c0be0f8,r0
0c0be038 03ec mov.b @(r0,r14),r3                  | 633c extu.b r3,r3
0c0be03a d030 mov.l 0x000000000c0be0fc,r0         | 4308 shll2 r3
0c0be03c 633c extu.b r3,r3                        | 4300 shll r3
0c0be03e 4308 shll2 r3                            | f336 fmov @(r0,r3),fr3
0c0be040 4300 shll r3                             | e060 mov #96,r0
0c0be042 f336 fmov @(r0,r3),fr3                   | d32f mov.l 0x000000000c0be100,r3
0c0be044 e060 mov #96,r0                          | fe37 fmov fr3,@(r0,r14)
0c0be046 d32f mov.l 0x000000000c0be104,r3         | c72d mova 0x000000000c0be0fc,r0
0c0be048 fe37 fmov fr3,@(r0,r14)                  | f308 fmov @r0,fr3
0c0be04a c72d mova 0x000000000c0be100,r0          | e06c mov #108,r0
0c0be04c f308 fmov @r0,fr3                        | fe37 fmov fr3,@(r0,r14)
0c0be04e e06c mov #108,r0                         | 430b jsr @r3
0c0be050 fe37 fmov fr3,@(r0,r14)                  | 64e3 mov r14,r4
0c0be052 430b jsr @r3                             | d22c mov.l 0x000000000c0be104,r2
0c0be054 64e3 mov r14,r4                          | e504 mov #4,r5
0c0be056 d22c mov.l 0x000000000c0be108,r2         | e601 mov #1,r6
0c0be058 e504 mov #4,r5                           | 420b jsr @r2
0c0be05a e601 mov #1,r6                           | 64e3 mov r14,r4
0c0be05c 420b jsr @r2                             | 903e mov.w 0x000000000c0be0dc,r0
0c0be05e 64e3 mov r14,r4                          | 02ec mov.b @(r0,r14),r2
0c0be060 903e mov.w 0x000000000c0be0e0,r0         | 2228 tst r2,r2
0c0be062 02ec mov.b @(r0,r14),r2                  | 8901 bt 0x000000000c0be068
0c0be064 2228 tst r2,r2                           | a001 bra 0x000000000c0be06a
0c0be066 8901 bt 0x000000000c0be06c               | e306 mov #6,r3
0c0be068 a001 bra 0x000000000c0be06e              | e304 mov #4,r3
0c0be06a e306 mov #6,r3                           | 9038 mov.w 0x000000000c0be0de,r0
0c0be06c e304 mov #4,r3                           | e515 mov #21,r5
0c0be06e 9038 mov.w 0x000000000c0be0e2,r0         | 64e3 mov r14,r4
0c0be070 e515 mov #21,r5                          | 0e34 mov.b r3,@(r0,r14)
0c0be072 64e3 mov r14,r4                          | 4f26 lds.l @r15+,pr
0c0be074 0e34 mov.b r3,@(r0,r14)                  | 06ec mov.b @(r0,r14),r6
0c0be076 4f26 lds.l @r15+,pr                      | d324 mov.l 0x000000000c0be108,r3
0c0be078 06ec mov.b @(r0,r14),r6                  | 6df6 mov.l @r15+,r13
0c0be07a d324 mov.l 0x000000000c0be10c,r3         | 432b jmp @r3
0c0be07c 6df6 mov.l @r15+,r13                     | 6ef6 mov.l @r15+,r14
0c0be07e 432b jmp @r3                             | 902f mov.w 0x000000000c0be0e0,r0
0c0be080 6ef6 mov.l @r15+,r14                     | 2fe6 mov.l r14,@-r15
0c0be082 902f mov.w 0x000000000c0be0e4,r0         | 6e43 mov r4,r14
0c0be084 2fe6 mov.l r14,@-r15                     | 4f22 sts.l pr,@-r15
0c0be086 6e43 mov r4,r14                          | 03ec mov.b @(r0,r14),r3
0c0be088 4f22 sts.l pr,@-r15                      | 2338 tst r3,r3
0c0be08a 03ec mov.b @(r0,r14),r3                  | 8904 bt 0x000000000c0be096
0c0be08c 2338 tst r3,r3                           | 85ef mov.w @(30,r14),r0
0c0be08e 8904 bt 0x000000000c0be09a               | 2008 tst r0,r0
0c0be090 85ef mov.w @(30,r14),r0                  | 8b01 bf 0x000000000c0be096
0c0be092 2008 tst r0,r0                           | e001 mov #1,r0
0c0be094 8b01 bf 0x000000000c0be09a               | 81ef mov.w r0,@(30,r14)
0c0be096 e001 mov #1,r0                           | 9024 mov.w 0x000000000c0be0e2,r0
0c0be098 81ef mov.w r0,@(30,r14)                  | 03ec mov.b @(r0,r14),r3
0c0be09a 9024 mov.w 0x000000000c0be0e6,r0         | 2338 tst r3,r3
0c0be09c 03ec mov.b @(r0,r14),r3                  | 8b02 bf 0x000000000c0be0a4
0c0be09e 2338 tst r3,r3                           | d31b mov.l 0x000000000c0be10c,r3
0c0be0a0 8b02 bf 0x000000000c0be0a8               | 430b jsr @r3
0c0be0a2 d31b mov.l 0x000000000c0be110,r3         | 64e3 mov r14,r4
0c0be0a4 430b jsr @r3                             | 901e mov.w 0x000000000c0be0e4,r0
0c0be0a6 64e3 mov r14,r4                          | 02ec mov.b @(r0,r14),r2
0c0be0a8 901e mov.w 0x000000000c0be0e8,r0         | 2228 tst r2,r2
0c0be0aa 02ec mov.b @(r0,r14),r2                  | 8972 bt 0x000000000c0be192
0c0be0ac 2228 tst r2,r2                           | 03ec mov.b @(r0,r14),r3
0c0be0ae 8972 bt 0x000000000c0be196               | 4311 cmp/pz r3
0c0be0b0 02ec mov.b @(r0,r14),r2                  | 8b2e bf 0x000000000c0be110
0c0be0b2 4211 cmp/pz r2                           | e15c mov #92,r1
0c0be0b4 8b2e bf 0x000000000c0be114               | 31ec add r14,r1
0c0be0b6 e15c mov #92,r1                          | e034 mov #52,r0
0c0be0b8 31ec add r14,r1                          | f318 fmov @r1,fr3
0c0be0ba e034 mov #52,r0                          | f2e6 fmov @(r0,r14),fr2
0c0be0bc f318 fmov @r1,fr3                        | e168 mov #104,r1
0c0be0be f2e6 fmov @(r0,r14),fr2                  | 31ec add r14,r1
0c0be0c0 e168 mov #104,r1                         | f230 fadd fr3,fr2
0c0be0c2 31ec add r14,r1                          | fe27 fmov fr2,@(r0,r14)
0c0be0c4 f230 fadd fr3,fr2                        | e05c mov #92,r0
0c0be0c6 fe27 fmov fr2,@(r0,r14)                  | f2e6 fmov @(r0,r14),fr2
0c0be0c8 e05c mov #92,r0                          | f318 fmov @r1,fr3
0c0be0ca f2e6 fmov @(r0,r14),fr2                  | f230 fadd fr3,fr2
0c0be0cc f318 fmov @r1,fr3                        | fe27 fmov fr2,@(r0,r14)
0c0be0ce f230 fadd fr3,fr2                        | 4f26 lds.l @r15+,pr
0c0be0d0 fe27 fmov fr2,@(r0,r14)                  | 000b rts
0c0be0d2 4f26 lds.l @r15+,pr                      | 6ef6 mov.l @r15+,r14
0c0be0d4 000b rts                                 | 01a1 error
0c0be0d6 6ef6 mov.l @r15+,r14                     | 01f9 error
0c0be0d8 01a1 error                               | 041c mov.b @(r0,r1),r4
0c0be0da 01f9 error                               | 01d2 stc r5_bank,r1
0c0be0dc 041c mov.b @(r0,r1),r4                   | 01a3 ocbp @r1
0c0be0de 01d2 stc r5_bank,r1                      | 0158 error
0c0be0e0 01a3 ocbp @r1                            | 019e mov.l @(r0,r9),r1
0c0be0e2 0158 error                               | 014b error
0c0be0e4 019e mov.l @(r0,r9),r1                   | 0141 error
0c0be0e6 014b error                               | 0000 error
0c0be0e8 0141 error                               | 83f8 error
0c0be0ea 0000 error                               | 0c2f mac.l @r2+,@r12+
0c0be0ec 83f8 error                               | 8bb0 bf 0x000000000c0be050
0c0be0ee 0c2f mac.l @r2+,@r12+                    | 0c04 mov.b r0,@(r0,r12)
0c0be0f0 8bb0 bf 0x000000000c0be054               | 42fa ldc r2,dbr
0c0be0f4 42fa ldc r2,dbr                          | 5c78 mov.l @(32,r7),r12
0c0be0f6 0c04 mov.b r0,@(r0,r12)                  | 0c24 mov.b r2,@(r0,r12)
0c0be0f8 5c78 mov.l @(32,r7),r12                  | 5c7c mov.l @(48,r7),r12
0c0be0fc 5c7c mov.l @(48,r7),r12                  | 2492 mov.l r9,@r4
0c0be0fe 0c24 mov.b r2,@(r0,r12)                  | c009 mov.b r0,@(9,gbr)
0c0be100 2492 mov.l r9,@r4                        | 32ca subc r12,r2
0c0be102 c009 mov.b r0,@(9,gbr)                   | 0c04 mov.b r0,@(r0,r12)
0c0be104 32ca subc r12,r2                         | ba0c bsr 0x000000000c0bd520
0c0be106 0c04 mov.b r0,@(r0,r12)                  | 0c15 mov.w r1,@(r0,r12)
0c0be108 ba0c bsr 0x000000000c0bd524              | a0c4 bra 0x000000000c0be294
0c0be10a 0c15 mov.w r1,@(r0,r12)                  | 0c02 stc sr,r12
0c0be10c a0c4 bra 0x000000000c0be298              | a026 bra 0x000000000c0be15c
0c0be110 a026 bra 0x000000000c0be160              | d356 mov.l 0x000000000c0be26c,r3
0c0be112 0c02 stc sr,r12                          | 430b jsr @r3
0c0be114 d356 mov.l 0x000000000c0be270,r3         | 64e3 mov r14,r4
0c0be116 430b jsr @r3                             | e15c mov #92,r1
0c0be118 64e3 mov r14,r4                          | 31ec add r14,r1
0c0be11a e15c mov #92,r1                          | e034 mov #52,r0
0c0be11c 31ec add r14,r1                          | f318 fmov @r1,fr3
0c0be11e e034 mov #52,r0                          | f2e6 fmov @(r0,r14),fr2
0c0be120 f318 fmov @r1,fr3                        | e168 mov #104,r1
0c0be122 f2e6 fmov @(r0,r14),fr2                  | 31ec add r14,r1
0c0be124 e168 mov #104,r1                         | f230 fadd fr3,fr2
0c0be126 31ec add r14,r1                          | fe27 fmov fr2,@(r0,r14)
0c0be128 f230 fadd fr3,fr2                        | e05c mov #92,r0
0c0be12a fe27 fmov fr2,@(r0,r14)                  | f2e6 fmov @(r0,r14),fr2
0c0be12c e05c mov #92,r0                          | f318 fmov @r1,fr3
0c0be12e f2e6 fmov @(r0,r14),fr2                  | e160 mov #96,r1
0c0be130 f318 fmov @r1,fr3                        | 31ec add r14,r1
0c0be132 e160 mov #96,r1                          | f230 fadd fr3,fr2
0c0be134 31ec add r14,r1                          | fe27 fmov fr2,@(r0,r14)
0c0be136 f230 fadd fr3,fr2                        | e038 mov #56,r0
0c0be138 fe27 fmov fr2,@(r0,r14)                  | f2e6 fmov @(r0,r14),fr2
0c0be13a e038 mov #56,r0                          | f318 fmov @r1,fr3
0c0be13c f2e6 fmov @(r0,r14),fr2                  | e16c mov #108,r1
0c0be13e f318 fmov @r1,fr3                        | 31ec add r14,r1
0c0be140 e16c mov #108,r1                         | f230 fadd fr3,fr2
0c0be142 31ec add r14,r1                          | fe27 fmov fr2,@(r0,r14)
0c0be144 f230 fadd fr3,fr2                        | e060 mov #96,r0
0c0be146 fe27 fmov fr2,@(r0,r14)                  | f2e6 fmov @(r0,r14),fr2
0c0be148 e060 mov #96,r0                          | f318 fmov @r1,fr3
0c0be14a f2e6 fmov @(r0,r14),fr2                  | f230 fadd fr3,fr2
0c0be14c f318 fmov @r1,fr3                        | fe27 fmov fr2,@(r0,r14)
0c0be14e f230 fadd fr3,fr2                        | 9086 mov.w 0x000000000c0be25e,r0
0c0be150 fe27 fmov fr2,@(r0,r14)                  | f3e6 fmov @(r0,r14),fr3
0c0be152 9086 mov.w 0x000000000c0be262,r0         | e038 mov #56,r0
0c0be154 f3e6 fmov @(r0,r14),fr3                  | f2e6 fmov @(r0,r14),fr2
0c0be156 e038 mov #56,r0                          | f235 fcmp/gt fr3,fr2
0c0be158 f2e6 fmov @(r0,r14),fr2                  | 891b bt 0x000000000c0be192
0c0be15a f235 fcmp/gt fr3,fr2                     | 84e6 mov.b @(6,r14),r0
0c0be15c 891b bt 0x000000000c0be196               | e300 mov #0,r3
0c0be15e 84e6 mov.b @(6,r14),r0                   | f48d fldi0 fr4
0c0be160 e300 mov #0,r3                           | 7001 add #1,r0
0c0be162 f48d fldi0 fr4                           | 80e6 mov.b r0,@(6,r14)
0c0be164 7001 add #1,r0                           | 907b mov.w 0x000000000c0be25e,r0
0c0be166 80e6 mov.b r0,@(6,r14)                   | f3e6 fmov @(r0,r14),fr3
0c0be168 907b mov.w 0x000000000c0be262,r0         | e038 mov #56,r0
0c0be16a f3e6 fmov @(r0,r14),fr3                  | fe37 fmov fr3,@(r0,r14)
0c0be16c e038 mov #56,r0                          | 9078 mov.w 0x000000000c0be260,r0
0c0be16e fe37 fmov fr3,@(r0,r14)                  | 0e34 mov.b r3,@(r0,r14)
0c0be170 9078 mov.w 0x000000000c0be264,r0         | e05c mov #92,r0
0c0be172 0e34 mov.b r3,@(r0,r14)                  | fe47 fmov fr4,@(r0,r14)
0c0be174 e05c mov #92,r0                          | e060 mov #96,r0
0c0be178 e060 mov #96,r0                          | e068 mov #104,r0
0c0be17c e068 mov #104,r0                         | e06c mov #108,r0
0c0be17e fe47 fmov fr4,@(r0,r14)                  | d33c mov.l 0x000000000c0be270,r3
0c0be180 e06c mov #108,r0                         | fe47 fmov fr4,@(r0,r14)
0c0be182 d33c mov.l 0x000000000c0be274,r3         | 430b jsr @r3
0c0be184 fe47 fmov fr4,@(r0,r14)                  | 64e3 mov r14,r4
0c0be186 430b jsr @r3                             | 4f26 lds.l @r15+,pr
0c0be188 64e3 mov r14,r4                          | d23a mov.l 0x000000000c0be274,r2
0c0be18a 4f26 lds.l @r15+,pr                      | e534 mov #52,r5
0c0be18c d23a mov.l 0x000000000c0be278,r2         | 64e3 mov r14,r4
0c0be18e e534 mov #52,r5                          | 422b jmp @r2
0c0be190 64e3 mov r14,r4                          | 6ef6 mov.l @r15+,r14
0c0be192 422b jmp @r2                             | 4f26 lds.l @r15+,pr
0c0be194 6ef6 mov.l @r15+,r14                     | 000b rts
0c0be196 4f26 lds.l @r15+,pr                      | 6ef6 mov.l @r15+,r14
0c0be198 000b rts                                 | 4f22 sts.l pr,@-r15
0c0be19a 6ef6 mov.l @r15+,r14                     | 7ffc add #-4,r15
0c0be19c 4f22 sts.l pr,@-r15                      | d336 mov.l 0x000000000c0be278,r3
0c0be19e 7ffc add #-4,r15                         | 430b jsr @r3
0c0be1a0 d336 mov.l 0x000000000c0be27c,r3         | 2f42 mov.l r4,@r15
0c0be1a2 430b jsr @r3                             | 600e exts.b r0,r0
0c0be1a4 2f42 mov.l r4,@r15                       | 4011 cmp/pz r0
0c0be1a6 600e exts.b r0,r0                        | 8904 bt 0x000000000c0be1b2
0c0be1a8 4011 cmp/pz r0                           | 64f2 mov.l @r15,r4
0c0be1aa 8904 bt 0x000000000c0be1b6               | 7f04 add #4,r15
0c0be1ac 64f2 mov.l @r15,r4                       | d333 mov.l 0x000000000c0be27c,r3
0c0be1ae 7f04 add #4,r15                          | 432b jmp @r3
0c0be1b0 d333 mov.l 0x000000000c0be280,r3         | 4f26 lds.l @r15+,pr
0c0be1b2 432b jmp @r3                             | 7f04 add #4,r15
0c0be1b6 7f04 add #4,r15                          | 000b rts
0c0be1b8 4f26 lds.l @r15+,pr                      | 0009 nop
0c0be1ba 000b rts                                 | 2fe6 mov.l r14,@-r15
0c0be1bc 0009 nop                                 | 6e43 mov r4,r14
0c0be1be 2fe6 mov.l r14,@-r15                     | 84e6 mov.b @(6,r14),r0
0c0be1c0 6e43 mov r4,r14                          | d12f mov.l 0x000000000c0be280,r1
0c0be1c2 84e6 mov.b @(6,r14),r0                   | 600c extu.b r0,r0
0c0be1c4 d12f mov.l 0x000000000c0be284,r1         | 954d mov.w 0x000000000c0be262,r5
0c0be1c6 600c extu.b r0,r0                        | 4008 shll2 r0
0c0be1c8 954d mov.w 0x000000000c0be266,r5         | 031e mov.l @(r0,r1),r3
0c0be1ca 4008 shll2 r0                            | 35ec add r14,r5
0c0be1cc 031e mov.l @(r0,r1),r3                   | 432b jmp @r3
0c0be1ce 35ec add r14,r5                          | 6ef6 mov.l @r15+,r14
0c0be1d0 432b jmp @r3                             | 9048 mov.w 0x000000000c0be264,r0
0c0be1d2 6ef6 mov.l @r15+,r14                     | 2fe6 mov.l r14,@-r15
0c0be1d4 9048 mov.w 0x000000000c0be268,r0         | 6e43 mov r4,r14
0c0be1d6 2fe6 mov.l r14,@-r15                     | 2fd6 mov.l r13,@-r15
0c0be1d8 6e43 mov r4,r14                          | 4f22 sts.l pr,@-r15
0c0be1da 2fd6 mov.l r13,@-r15                     | 00ec mov.b @(r0,r14),r0
0c0be1dc 4f22 sts.l pr,@-r15                      | 600c extu.b r0,r0
0c0be1de 00ec mov.b @(r0,r14),r0                  | 8806 cmp/eq #6,r0
0c0be1e0 600c extu.b r0,r0                        | 8b05 bf 0x000000000c0be1ee
0c0be1e2 8806 cmp/eq #6,r0                        | 9041 mov.w 0x000000000c0be268,r0
0c0be1e4 8b05 bf 0x000000000c0be1f2               | e310 mov #16,r3
0c0be1e6 9041 mov.w 0x000000000c0be26c,r0         | 923e mov.w 0x000000000c0be266,r2
0c0be1e8 e310 mov #16,r3                          | 0e24 mov.b r2,@(r0,r14)
0c0be1ea 923e mov.w 0x000000000c0be26a,r2         | 7001 add #1,r0
0c0be1ec 0e24 mov.b r2,@(r0,r14)                  | 0e34 mov.b r3,@(r0,r14)
0c0be1ee 7001 add #1,r0                           | 84e6 mov.b @(6,r14),r0
0c0be1f0 0e34 mov.b r3,@(r0,r14)                  | e340 mov #64,r3
0c0be1f2 84e6 mov.b @(6,r14),r0                   | ed00 mov #0,r13
0c0be1f4 e340 mov #64,r3                          | 7001 add #1,r0
0c0be1f6 ed00 mov #0,r13                          | 80e6 mov.b r0,@(6,r14)
0c0be1f8 7001 add #1,r0                           | 9037 mov.w 0x000000000c0be26a,r0
0c0be1fa 80e6 mov.b r0,@(6,r14)                   | 0e34 mov.b r3,@(r0,r14)
0c0be1fc 9037 mov.w 0x000000000c0be26e,r0         | 700b add #11,r0
0c0be1fe 0e34 mov.b r3,@(r0,r14)                  | 0ed5 mov.w r13,@(r0,r14)
0c0be200 700b add #11,r0                          | 70f2 add #-14,r0
0c0be202 0ed5 mov.w r13,@(r0,r14)                 | 0ed4 mov.b r13,@(r0,r14)
0c0be204 70f2 add #-14,r0                         | 7026 add #38,r0
0c0be206 0ed4 mov.b r13,@(r0,r14)                 | d31f mov.l 0x000000000c0be284,r3
0c0be208 7026 add #38,r0                          | 0ed6 mov.l r13,@(r0,r14)
0c0be20a d31f mov.l 0x000000000c0be288,r3         | 84e2 mov.b @(2,r14),r0
0c0be20c 0ed6 mov.l r13,@(r0,r14)                 | 6232 mov.l @r3,r2
0c0be20e 84e2 mov.b @(2,r14),r0                   | 600c extu.b r0,r0
0c0be210 6232 mov.l @r3,r2                        | 4000 shll r0
0c0be212 600c extu.b r0,r0                        | 727c add #124,r2
0c0be214 4000 shll r0                             | 012d mov.w @(r0,r2),r1
0c0be216 727c add #124,r2                         | 7101 add #1,r1
0c0be218 012d mov.w @(r0,r2),r1                   | 0215 mov.w r1,@(r0,r2)
0c0be21a 7101 add #1,r1                           | d21b mov.l 0x000000000c0be288,r2
0c0be21c 0215 mov.w r1,@(r0,r2)                   | 420b jsr @r2
0c0be21e d21b mov.l 0x000000000c0be28c,r2         | 64e3 mov r14,r4
0c0be220 420b jsr @r2                             | 901e mov.w 0x000000000c0be260,r0
0c0be222 64e3 mov r14,r4                          | e502 mov #2,r5
0c0be224 901e mov.w 0x000000000c0be264,r0         | f48d fldi0 fr4
0c0be226 e502 mov #2,r5                           | 66d3 mov r13,r6
0c0be228 f48d fldi0 fr4                           | 0ed4 mov.b r13,@(r0,r14)
0c0be22a 66d3 mov r13,r6                          | 9018 mov.w 0x000000000c0be25e,r0
0c0be22c 0ed4 mov.b r13,@(r0,r14)                 | d317 mov.l 0x000000000c0be28c,r3
0c0be22e 9018 mov.w 0x000000000c0be262,r0         | f3e6 fmov @(r0,r14),fr3
0c0be230 d317 mov.l 0x000000000c0be290,r3         | e038 mov #56,r0
0c0be232 f3e6 fmov @(r0,r14),fr3                  | fe37 fmov fr3,@(r0,r14)
0c0be234 e038 mov #56,r0                          | e05c mov #92,r0
0c0be236 fe37 fmov fr3,@(r0,r14)                  | fe47 fmov fr4,@(r0,r14)
0c0be238 e05c mov #92,r0                          | e060 mov #96,r0
0c0be23c e060 mov #96,r0                          | e068 mov #104,r0
0c0be240 e068 mov #104,r0                         | e06c mov #108,r0
0c0be244 e06c mov #108,r0                         | 430b jsr @r3
0c0be246 fe47 fmov fr4,@(r0,r14)                  | 64e3 mov r14,r4
0c0be248 430b jsr @r3                             | d211 mov.l 0x000000000c0be290,r2
0c0be24a 64e3 mov r14,r4                          | 420b jsr @r2
0c0be24c d211 mov.l 0x000000000c0be294,r2         | 64e3 mov r14,r4
0c0be24e 420b jsr @r2                             | 4f26 lds.l @r15+,pr
0c0be250 64e3 mov r14,r4                          | 66d3 mov r13,r6
0c0be252 4f26 lds.l @r15+,pr                      | d310 mov.l 0x000000000c0be294,r3
0c0be254 66d3 mov r13,r6                          | e516 mov #22,r5
0c0be256 d310 mov.l 0x000000000c0be298,r3         | 64e3 mov r14,r4
0c0be258 e516 mov #22,r5                          | 6df6 mov.l @r15+,r13
0c0be25a 64e3 mov r14,r4                          | 432b jmp @r3
0c0be25c 6df6 mov.l @r15+,r13                     | 6ef6 mov.l @r15+,r14
0c0be25e 432b jmp @r3                             | 041c mov.b @(r0,r1),r4
0c0be260 6ef6 mov.l @r15+,r14                     | 01f9 error
0c0be262 041c mov.b @(r0,r1),r4                   | 02a4 mov.b r10,@(r0,r2)
0c0be264 01f9 error                               | 0255 mov.w r5,@(r0,r2)
0c0be266 02a4 mov.b r10,@(r0,r2)                  | 00ff mac.l @r15+,@r0+
0c0be268 0255 mov.w r5,@(r0,r2)                   | 03f0 error
0c0be26a 00ff mac.l @r15+,@r0+                    | 01a1 error
0c0be26c 03f0 error                               | 51f2 mov.l @(8,r15),r1
0c0be26e 01a1 error                               | 0c04 mov.b r0,@(r0,r12)
0c0be270 51f2 mov.l @(8,r15),r1                   | 3324 div1 r2,r3
0c0be274 3324 div1 r2,r3                          | 46da error
0c0be276 0c04 mov.b r0,@(r0,r12)                  | 0c03 bsrf r12
0c0be278 46da error                               | a026 bra 0x000000000c0be2c8
0c0be27a 0c03 bsrf r12                            | 0c02 stc sr,r12
0c0be27c a026 bra 0x000000000c0be2cc              | 37b8 sub r11,r7
0c0be27e 0c02 stc sr,r12                          | 0c04 mov.b r0,@(r0,r12)
0c0be280 37b8 sub r11,r7                          | 5c88 mov.l @(32,r8),r12
0c0be282 0c04 mov.b r0,@(r0,r12)                  | 0c24 mov.b r2,@(r0,r12)
0c0be284 5c88 mov.l @(32,r8),r12                  | 83f8 error
0c0be286 0c24 mov.b r2,@(r0,r12)                  | 0c2f mac.l @r2+,@r12+
0c0be288 83f8 error                               | 42fa ldc r2,dbr
0c0be28a 0c2f mac.l @r2+,@r12+                    | 0c04 mov.b r0,@(r0,r12)
0c0be28c 42fa ldc r2,dbr                          | ba0c bsr 0x000000000c0bd6a8
0c0be28e 0c04 mov.b r0,@(r0,r12)                  | 0c15 mov.w r1,@(r0,r12)
0c0be290 ba0c bsr 0x000000000c0bd6ac              | 32ca subc r12,r2
0c0be292 0c15 mov.w r1,@(r0,r12)                  | 0c04 mov.b r0,@(r0,r12)
0c0be294 32ca subc r12,r2                         | a0c4 bra 0x000000000c0be420
0c0be296 0c04 mov.b r0,@(r0,r12)                  | 0c02 stc sr,r12
