STRICT False ['Wrong exported symbol address: _func_0c0c7118', 'Wrong exported symbol address: _func_0c0c715e', 'Wrong exported symbol address: _func_0c0c7184', 'Not an exact section match: P', 'Linked image contains extra or missing initialized bytes', 'Linked image contains extra or missing memory bytes']
[(2032, 1658)]
[('_func_0c0c69ec', 30, 30), ('_func_0c0c6a0a', 44, 44), ('_func_0c0c6a36', 18, 18), ('_func_0c0c6a48', 36, 36), ('_func_0c0c6a6c', 6, 6), ('_func_0c0c6a72', 18, 18), ('_func_0c0c6a84', 48, 48), ('_func_0c0c6ab4', 38, 38), ('_func_0c0c6ada', 30, 30), ('_func_0c0c6af8', 12, 12), ('_func_0c0c6b04', 18, 18), ('_func_0c0c6b44', 36, 36), ('_func_0c0c6b68', 48, 48), ('_func_0c0c6b98', 44, 44), ('_func_0c0c6bc4', 18, 18), ('_func_0c0c6bd6', 26, 26), ('_func_0c0c6bf0', 98, 98), ('_func_0c0c6c52', 38, 38), ('_func_0c0c6cac', 46, 46), ('_func_0c0c6cda', 38, 38), ('_func_0c0c6d00', 6, 6), ('_func_0c0c6d06', 26, 26), ('_func_0c0c6d20', 122, 122), ('_func_0c0c6d9a', 38, 38), ('_func_0c0c6dc0', 6, 6), ('_func_0c0c6dc6', 26, 26), ('_func_0c0c6e04', 98, 98), ('_func_0c0c6e66', 38, 38), ('_func_0c0c6e8c', 6, 6), ('_func_0c0c6e92', 18, 18), ('_func_0c0c6ea4', 53, 72), ('_func_0c0c6eec', 6, 6), ('_func_0c0c6ef2', 18, 18), ('_func_0c0c6f04', 53, 72), ('_func_0c0c6f4c', 6, 6), ('_func_0c0c6f78', 171, 182), ('_func_0c0c702e', 18, 20), ('_func_0c0c7042', 17, 18), ('_func_0c0c7054', 17, 18), ('_func_0c0c7066', 20, 144), ('_func_0c0c7118', 5, 70), ('_func_0c0c715e', 3, 38), ('_func_0c0c7184', 0, 18)]
0c0c6eca e400 mov #0,r4                           | e300 mov #0,r3
0c0c6ed0 d325 mov.l 0x000000000c0c6f68,r3         | e604 mov #4,r6
0c0c6ed2 e604 mov #4,r6                           | f3e6 fmov @(r0,r14),fr3
0c0c6ed4 f3e6 fmov @(r0,r14),fr3                  | e038 mov #56,r0
0c0c6ed6 e038 mov #56,r0                          | fe37 fmov fr3,@(r0,r14)
0c0c6ed8 fe37 fmov fr3,@(r0,r14)                  | 903c mov.w 0x000000000c0c6f54,r0
0c0c6eda 903b mov.w 0x000000000c0c6f54,r0         | 0e34 mov.b r3,@(r0,r14)
0c0c6edc 0e44 mov.b r4,@(r0,r14)                  | 70fd add #-3,r0
0c0c6ede 70fd add #-3,r0                          | 0e34 mov.b r3,@(r0,r14)
0c0c6ee0 0e44 mov.b r4,@(r0,r14)                  | d321 mov.l 0x000000000c0c6f68,r3
0c0c6f2a e400 mov #0,r4                           | e300 mov #0,r3
0c0c6f30 d30d mov.l 0x000000000c0c6f68,r3         | e605 mov #5,r6
0c0c6f32 e605 mov #5,r6                           | f3e6 fmov @(r0,r14),fr3
0c0c6f34 f3e6 fmov @(r0,r14),fr3                  | e038 mov #56,r0
0c0c6f36 e038 mov #56,r0                          | fe37 fmov fr3,@(r0,r14)
0c0c6f38 fe37 fmov fr3,@(r0,r14)                  | 900c mov.w 0x000000000c0c6f54,r0
0c0c6f3a 900b mov.w 0x000000000c0c6f54,r0         | 0e34 mov.b r3,@(r0,r14)
0c0c6f3c 0e44 mov.b r4,@(r0,r14)                  | 70fd add #-3,r0
0c0c6f3e 70fd add #-3,r0                          | 0e34 mov.b r3,@(r0,r14)
0c0c6f40 0e44 mov.b r4,@(r0,r14)                  | d309 mov.l 0x000000000c0c6f68,r3
0c0c6f78 9083 mov.w 0x000000000c0c7082,r0         | 9085 mov.w 0x000000000c0c7086,r0
0c0c6f7e 9281 mov.w 0x000000000c0c7084,r2         | 9283 mov.w 0x000000000c0c7088,r2
0c0c6f90 9077 mov.w 0x000000000c0c7082,r0         | 9079 mov.w 0x000000000c0c7086,r0
0c0c6f92 9378 mov.w 0x000000000c0c7086,r3         | 937a mov.w 0x000000000c0c708a,r3
0c0c6fa2 906e mov.w 0x000000000c0c7082,r0         | 9070 mov.w 0x000000000c0c7086,r0
0c0c6fb2 9066 mov.w 0x000000000c0c7082,r0         | 9068 mov.w 0x000000000c0c7086,r0
0c0c6fc2 905e mov.w 0x000000000c0c7082,r0         | 9060 mov.w 0x000000000c0c7086,r0
0c0c6fd2 9056 mov.w 0x000000000c0c7082,r0         | 9058 mov.w 0x000000000c0c7086,r0
0c0c6fe4 d129 mov.l 0x000000000c0c708c,r1         | d12a mov.l 0x000000000c0c7090,r1
0c0c6fea d129 mov.l 0x000000000c0c7090,r1         | d12a mov.l 0x000000000c0c7094,r1
0c0c6ff6 d327 mov.l 0x000000000c0c7094,r3         | d328 mov.l 0x000000000c0c7098,r3
0c0c702e 902b mov.w 0x000000000c0c7088,r0         | 902d mov.w 0x000000000c0c708c,r0
0c0c7036 d018 mov.l 0x000000000c0c7098,r0         | d019 mov.l 0x000000000c0c709c,r0
0c0c7044 d115 mov.l 0x000000000c0c709c,r1         | d116 mov.l 0x000000000c0c70a0,r1
0c0c7056 d112 mov.l 0x000000000c0c70a0,r1         | d113 mov.l 0x000000000c0c70a4,r1
0c0c7066 9010 mov.w 0x000000000c0c708a,r0         | 9012 mov.w 0x000000000c0c708e,r0
0c0c706c 4f22 sts.l pr,@-r15                      | 2fd6 mov.l r13,@-r15
0c0c706e 00ec mov.b @(r0,r14),r0                  | 4f22 sts.l pr,@-r15
0c0c7070 600c extu.b r0,r0                        | 00ec mov.b @(r0,r14),r0
0c0c7072 8802 cmp/eq #2,r0                        | 600c extu.b r0,r0
0c0c7074 8b16 bf 0x000000000c0c70a4               | 8802 cmp/eq #2,r0
0c0c7076 e001 mov #1,r0                           | 8b17 bf 0x000000000c0c70a8
0c0c7078 64e3 mov r14,r4                          | e001 mov #1,r0
0c0c707a 80e6 mov.b r0,@(6,r14)                   | 64e3 mov r14,r4
0c0c707c 4f26 lds.l @r15+,pr                      | 80e6 mov.b r0,@(6,r14)
0c0c707e a081 bra 0x000000000c0c7184              | 4f26 lds.l @r15+,pr
0c0c7080 6ef6 mov.l @r15+,r14                     | 6df6 mov.l @r15+,r13
0c0c7082 04dc mov.b @(r0,r13),r4                  | a082 bra 0x000000000c0c718a
0c0c7084 03f0 error                               | 6ef6 mov.l @r15+,r14
0c0c7086 0100 error                               | 04dc mov.b @(r0,r13),r4
0c0c7088 01e9 error                               | 03f0 error
0c0c708a 01f9 error                               | 0100 error
0c0c708c 849a mov.b @(10,r9),r0                   | 01e9 error
0c0c708e 0c02 stc sr,r12                          | 01f9 error
0c0c7090 78f4 add #-12,r8                         | 849a mov.b @(10,r9),r0
0c0c7092 0c24 mov.b r2,@(r0,r12)                  | 0c02 stc sr,r12
0c0c7094 837e error                               | 78f4 add #-12,r8
0c0c7096 0c2f mac.l @r2+,@r12+                    | 0c24 mov.b r2,@(r0,r12)
0c0c7098 7914 add #20,r9                          | 837e error
0c0c709a 0c24 mov.b r2,@(r0,r12)                  | 0c2f mac.l @r2+,@r12+
0c0c709c 7948 add #72,r9                          | 7914 add #20,r9
0c0c70a0 7950 add #80,r9                          | 7948 add #72,r9
0c0c70a4 84e7 mov.b @(7,r14),r0                   | 7950 add #80,r9
0c0c70a6 d33d mov.l 0x000000000c0c719c,r3         | 0c24 mov.b r2,@(r0,r12)
0c0c70a8 7001 add #1,r0                           | 84e7 mov.b @(7,r14),r0
0c0c70aa 80e7 mov.b r0,@(7,r14)                   | d33e mov.l 0x000000000c0c71a4,r3
0c0c70ac 430b jsr @r3                             | 7001 add #1,r0
0c0c70ae 64e3 mov r14,r4                          | 80e7 mov.b r0,@(7,r14)
0c0c70b0 d23b mov.l 0x000000000c0c71a0,r2         | 430b jsr @r3
0c0c70b2 e501 mov #1,r5                           | 64e3 mov r14,r4
0c0c70b4 420b jsr @r2                             | d23c mov.l 0x000000000c0c71a8,r2
0c0c70b6 64e3 mov r14,r4                          | e501 mov #1,r5
0c0c70b8 e05c mov #92,r0                          | 420b jsr @r2
0c0c70ba f48d fldi0 fr4                           | 64e3 mov r14,r4
0c0c70bc fe47 fmov fr4,@(r0,r14)                  | e05c mov #92,r0
0c0c70be e060 mov #96,r0                          | f48d fldi0 fr4
0c0c70c2 e068 mov #104,r0                         | e060 mov #96,r0
0c0c70c6 e06c mov #108,r0                         | e068 mov #104,r0
0c0c70ca e330 mov #48,r3                          | e06c mov #108,r0
0c0c70cc 9063 mov.w 0x000000000c0c7196,r0         | fe47 fmov fr4,@(r0,r14)
0c0c70ce e400 mov #0,r4                           | e330 mov #48,r3
0c0c70d0 f3e6 fmov @(r0,r14),fr3                  | 9064 mov.w 0x000000000c0c719c,r0
0c0c70d2 e038 mov #56,r0                          | ed00 mov #0,r13
0c0c70d4 fe37 fmov fr3,@(r0,r14)                  | f3e6 fmov @(r0,r14),fr3
0c0c70d6 905f mov.w 0x000000000c0c7198,r0         | e038 mov #56,r0
0c0c70d8 0e34 mov.b r3,@(r0,r14)                  | fe37 fmov fr3,@(r0,r14)
0c0c70da 700b add #11,r0                          | 9060 mov.w 0x000000000c0c719e,r0
0c0c70dc 0e45 mov.w r4,@(r0,r14)                  | 0e34 mov.b r3,@(r0,r14)
0c0c70de 70f2 add #-14,r0                         | 700b add #11,r0
0c0c70e0 0e44 mov.b r4,@(r0,r14)                  | 0ed5 mov.w r13,@(r0,r14)
0c0c70e2 7026 add #38,r0                          | 70f2 add #-14,r0
0c0c70e4 d32f mov.l 0x000000000c0c71a4,r3         | 0ed4 mov.b r13,@(r0,r14)
0c0c70e6 0e46 mov.l r4,@(r0,r14)                  | 7026 add #38,r0
0c0c70e8 84e2 mov.b @(2,r14),r0                   | d330 mov.l 0x000000000c0c71ac,r3
0c0c70ea 6232 mov.l @r3,r2                        | 0ed6 mov.l r13,@(r0,r14)
0c0c70ec 600c extu.b r0,r0                        | 84e2 mov.b @(2,r14),r0
0c0c70ee 4000 shll r0                             | 6232 mov.l @r3,r2
0c0c70f0 727c add #124,r2                         | 600c extu.b r0,r0
0c0c70f2 012d mov.w @(r0,r2),r1                   | 4000 shll r0
0c0c70f4 7101 add #1,r1                           | 727c add #124,r2
0c0c70f6 0215 mov.w r1,@(r0,r2)                   | 012d mov.w @(r0,r2),r1
0c0c70f8 d22b mov.l 0x000000000c0c71a8,r2         | 7101 add #1,r1
0c0c70fa e505 mov #5,r5                           | 0215 mov.w r1,@(r0,r2)
0c0c70fc 420b jsr @r2                             | d22c mov.l 0x000000000c0c71b0,r2
0c0c70fe 64e3 mov r14,r4                          | e505 mov #5,r5
0c0c7100 d32a mov.l 0x000000000c0c71ac,r3         | 420b jsr @r2
0c0c7102 e515 mov #21,r5                          | 64e3 mov r14,r4
0c0c7104 e600 mov #0,r6                           | d32b mov.l 0x000000000c0c71b4,r3
0c0c7106 430b jsr @r3                             | e515 mov #21,r5
0c0c7108 64e3 mov r14,r4                          | 66d3 mov r13,r6
0c0c710a d229 mov.l 0x000000000c0c71b0,r2         | 430b jsr @r3
0c0c710c 420b jsr @r2                             | 64e3 mov r14,r4
0c0c710e 64e3 mov r14,r4                          | d22a mov.l 0x000000000c0c71b8,r2
0c0c7110 4f26 lds.l @r15+,pr                      | 420b jsr @r2
0c0c7114 a000 bra 0x000000000c0c7118              | 4f26 lds.l @r15+,pr
0c0c7116 6ef6 mov.l @r15+,r14                     | 64e3 mov r14,r4
0c0c7118 2fe6 mov.l r14,@-r15                     | 6df6 mov.l @r15+,r13
0c0c711a 4f22 sts.l pr,@-r15                      | a000 bra 0x000000000c0c711e
0c0c711c d325 mov.l 0x000000000c0c71b4,r3         | 6ef6 mov.l @r15+,r14
0c0c711e 430b jsr @r3                             | 2fe6 mov.l r14,@-r15
0c0c7120 6e43 mov r4,r14                          | 4f22 sts.l pr,@-r15
0c0c7122 903a mov.w 0x000000000c0c719a,r0         | d326 mov.l 0x000000000c0c71bc,r3
0c0c7124 02ec mov.b @(r0,r14),r2                  | 430b jsr @r3
0c0c7126 2228 tst r2,r2                           | 6e43 mov r4,r14
0c0c7128 8916 bt 0x000000000c0c7158               | 903a mov.w 0x000000000c0c71a0,r0
0c0c712a 84e7 mov.b @(7,r14),r0                   | 02ec mov.b @(r0,r14),r2
0c0c712c e300 mov #0,r3                           | 2228 tst r2,r2
0c0c712e d522 mov.l 0x000000000c0c71b8,r5         | 8916 bt 0x000000000c0c715e
0c0c7130 7001 add #1,r0                           | 84e7 mov.b @(7,r14),r0
0c0c7132 80e7 mov.b r0,@(7,r14)                   | e300 mov #0,r3
0c0c7134 9031 mov.w 0x000000000c0c719a,r0         | d522 mov.l 0x000000000c0c71c0,r5
0c0c7136 0e34 mov.b r3,@(r0,r14)                  | 7001 add #1,r0
0c0c7138 d320 mov.l 0x000000000c0c71bc,r3         | 80e7 mov.b r0,@(7,r14)
0c0c713a 430b jsr @r3                             | 9031 mov.w 0x000000000c0c71a0,r0
0c0c713c 64e3 mov r14,r4                          | 0e34 mov.b r3,@(r0,r14)
0c0c713e d220 mov.l 0x000000000c0c71c0,r2         | d321 mov.l 0x000000000c0c71c4,r3
0c0c7140 420b jsr @r2                             | 430b jsr @r3
0c0c7144 d31f mov.l 0x000000000c0c71c4,r3         | d220 mov.l 0x000000000c0c71c8,r2
0c0c7146 e503 mov #3,r5                           | 420b jsr @r2
0c0c7148 430b jsr @r3                             | 64e3 mov r14,r4
0c0c714a 64e3 mov r14,r4                          | d320 mov.l 0x000000000c0c71cc,r3
0c0c714c 4f26 lds.l @r15+,pr                      | e503 mov #3,r5
0c0c714e d21e mov.l 0x000000000c0c71c8,r2         | 430b jsr @r3
0c0c7150 e503 mov #3,r5                           | 64e3 mov r14,r4
0c0c7152 64e3 mov r14,r4                          | 4f26 lds.l @r15+,pr
0c0c7154 422b jmp @r2                             | d21e mov.l 0x000000000c0c71d0,r2
0c0c7156 6ef6 mov.l @r15+,r14                     | e503 mov #3,r5
0c0c7158 4f26 lds.l @r15+,pr                      | 64e3 mov r14,r4
0c0c715a 000b rts                                 | 422b jmp @r2
0c0c715e 2fe6 mov.l r14,@-r15                     | 4f26 lds.l @r15+,pr
0c0c7160 4f22 sts.l pr,@-r15                      | 000b rts
0c0c7162 d317 mov.l 0x000000000c0c71c0,r3         | 6ef6 mov.l @r15+,r14
0c0c7164 430b jsr @r3                             | 2fe6 mov.l r14,@-r15
0c0c7166 6e43 mov r4,r14                          | 4f22 sts.l pr,@-r15
0c0c7168 d212 mov.l 0x000000000c0c71b4,r2         | d317 mov.l 0x000000000c0c71c8,r3
0c0c716a 420b jsr @r2                             | 430b jsr @r3
0c0c716c 64e3 mov r14,r4                          | 6e43 mov r4,r14
0c0c716e 600e exts.b r0,r0                        | d213 mov.l 0x000000000c0c71bc,r2
0c0c7170 4011 cmp/pz r0                           | 420b jsr @r2
0c0c7172 8904 bt 0x000000000c0c717e               | 64e3 mov r14,r4
0c0c7174 4f26 lds.l @r15+,pr                      | 600e exts.b r0,r0
0c0c7176 d215 mov.l 0x000000000c0c71cc,r2         | 4011 cmp/pz r0
0c0c7178 64e3 mov r14,r4                          | 8904 bt 0x000000000c0c7184
0c0c717a 422b jmp @r2                             | 4f26 lds.l @r15+,pr
0c0c717c 6ef6 mov.l @r15+,r14                     | d215 mov.l 0x000000000c0c71d4,r2
0c0c717e 4f26 lds.l @r15+,pr                      | 64e3 mov r14,r4
0c0c7180 000b rts                                 | 422b jmp @r2
0c0c7184 6343 mov r4,r3                           | 4f26 lds.l @r15+,pr
0c0c7186 d112 mov.l 0x000000000c0c71d0,r1         | 000b rts
0c0c7188 2f46 mov.l r4,@-r15                      | 6ef6 mov.l @r15+,r14
0c0c718a 8437 mov.b @(7,r3),r0                    | 6343 mov r4,r3
0c0c718c 600c extu.b r0,r0                        | d112 mov.l 0x000000000c0c71d8,r1
0c0c718e 4008 shll2 r0                            | 2f46 mov.l r4,@-r15
0c0c7190 031e mov.l @(r0,r1),r3                   | 8437 mov.b @(7,r3),r0
0c0c7192 432b jmp @r3                             | 600c extu.b r0,r0
0c0c7194 7f04 add #4,r15                          | 4008 shll2 r0
0c0c7196 041c mov.b @(r0,r1),r4                   | 031e mov.l @(r0,r1),r3
0c0c7198 01a1 error                               | 432b jmp @r3
0c0c719a 0141 error                               | 7f04 add #4,r15
0c0c719c 42fa ldc r2,dbr                          | 041c mov.b @(r0,r1),r4
0c0c719e 0c04 mov.b r0,@(r0,r12)                  | 01a1 error
0c0c71a0 a39a bra 0x000000000c0c78d8              | 0141 error
0c0c71a2 0c02 stc sr,r12                          | 0000 error
0c0c71a4 83f8 error                               | 42fa ldc r2,dbr
0c0c71a6 0c2f mac.l @r2+,@r12+                    | 0c04 mov.b r0,@(r0,r12)
0c0c71a8 8bb0 bf 0x000000000c0c710c               | a39a bra 0x000000000c0c78e0
0c0c71aa 0c04 mov.b r0,@(r0,r12)                  | 0c02 stc sr,r12
0c0c71ac a0c4 bra 0x000000000c0c7338              | 83f8 error
0c0c71ae 0c02 stc sr,r12                          | 0c2f mac.l @r2+,@r12+
0c0c71b0 32ca subc r12,r2                         | 8bb0 bf 0x000000000c0c7114
0c0c71b4 a026 bra 0x000000000c0c7204              | a0c4 bra 0x000000000c0c7340
0c0c71b8 6edc extu.b r13,r14                      | 32ca subc r12,r2
0c0c71ba 0c24 mov.b r2,@(r0,r12)                  | 0c04 mov.b r0,@(r0,r12)
0c0c71bc 9e20 mov.w 0x000000000c0c7200,r14        | a026 bra 0x000000000c0c720c
0c0c71be 0c0c mov.b @(r0,r0),r12                  | 0c02 stc sr,r12
0c0c71c0 9ea0 mov.w 0x000000000c0c7304,r14        | 6edc extu.b r13,r14
0c0c71c2 0c0c mov.b @(r0,r0),r12                  | 0c24 mov.b r2,@(r0,r12)
0c0c71c4 9cf0 mov.w 0x000000000c0c73a8,r12        | 9e20 mov.w 0x000000000c0c7208,r14
0c0c71c6 0c1a sts macl,r12                        | 0c0c mov.b @(r0,r0),r12
0c0c71c8 ccc8 tst.b #-56,@(r0,gbr)                | 9ea0 mov.w 0x000000000c0c730c,r14
0c0c71ca 0c15 mov.w r1,@(r0,r12)                  | 0c0c mov.b @(r0,r0),r12
0c0c71cc 37b8 sub r11,r7                          | 9cf0 mov.w 0x000000000c0c73b0,r12
0c0c71ce 0c04 mov.b r0,@(r0,r12)                  | 0c1a sts macl,r12
0c0c71d0 795c add #92,r9                          | ccc8 tst.b #-56,@(r0,gbr)
0c0c71d2 0c24 mov.b r2,@(r0,r12)                  | 0c15 mov.w r1,@(r0,r12)
