P 0x0c0cbfa8 2384 bytes: 2384/2384 equal, linked 2384 at 0x0c0cbfa8
  _func_0c0cbfa8 0x0c0cbfa8 142 bytes: 142/142 equal
  _func_0c0cc036 0x0c0cc036 34 bytes: 34/34 equal
  _func_0c0cc058 0x0c0cc058 80 bytes: 80/80 equal
  _func_0c0cc0a8 0x0c0cc0a8 22 bytes: 22/22 equal
  _func_0c0cc0dc 0x0c0cc0dc 134 bytes: 134/134 equal
  _func_0c0cc162 0x0c0cc162 50 bytes: 50/50 equal
  _func_0c0cc194 0x0c0cc194 46 bytes: 46/46 equal
  _func_0c0cc1c2 0x0c0cc1c2 18 bytes: 18/18 equal
  _func_0c0cc1d4 0x0c0cc1d4 90 bytes: 90/90 equal
  _func_0c0cc260 0x0c0cc260 132 bytes: 132/132 equal
  _func_0c0cc2e4 0x0c0cc2e4 168 bytes: 168/168 equal
  _func_0c0cc3c0 0x0c0cc3c0 120 bytes: 120/120 equal
  _func_0c0cc438 0x0c0cc438 110 bytes: 110/110 equal
  _func_0c0cc4a6 0x0c0cc4a6 36 bytes: 36/36 equal
  _func_0c0cc4ca 0x0c0cc4ca 18 bytes: 18/18 equal
  _func_0c0cc4dc 0x0c0cc4dc 24 bytes: 24/24 equal
  _func_0c0cc514 0x0c0cc514 146 bytes: 146/146 equal
  _func_0c0cc5a6 0x0c0cc5a6 100 bytes: 100/100 equal
  _func_0c0cc63c 0x0c0cc63c 144 bytes: 144/144 equal
  _func_0c0cc6cc 0x0c0cc6cc 34 bytes: 34/34 equal
  _func_0c0cc6ee 0x0c0cc6ee 18 bytes: 18/18 equal
  _func_0c0cc700 0x0c0cc700 146 bytes: 146/146 equal
  _func_0c0cc7c8 0x0c0cc7c8 100 bytes: 100/100 equal
  _func_0c0cc82c 0x0c0cc82c 140 bytes: 140/140 equal
  _func_0c0cc8b8 0x0c0cc8b8 34 bytes: 34/34 equal
  pool 0x0c0cc0be 30 bytes: 30/30 equal
  pool 0x0c0cc22e 50 bytes: 50/50 equal
  pool 0x0c0cc38c 52 bytes: 52/52 equal
  pool 0x0c0cc4f4 32 bytes: 32/32 equal
  pool 0x0c0cc60a 50 bytes: 50/50 equal
  pool 0x0c0cc76a 54 bytes: 54/54 equal
  pool 0x0c0cc8da 30 bytes: 30/30 equal
EXACT
RELEASED ptrtab_15 Cn0cc504 to tu_0c0cbfa8
RELEASED ptrtab_15 Cn0cc510 to tu_0c0cbfa8
RELEASED bulk_045 Cn0cc0be to tu_0c0cbfa8
RELEASED bulk_045 Cn0cc0c4 to tu_0c0cbfa8
RELEASED bulk_045 Cn0cc232 to tu_0c0cbfa8
RELEASED bulk_045 Cn0cc24c to tu_0c0cbfa8
RELEASED bulk_045 Cn0cc778 to tu_0c0cbfa8
RELEASED rest_039 Cn0ab0c0 to tu_0c0cbfa8
RELEASED rest_039 Cn0ab22e to tu_0c0cbfa8
RELEASED rest_039 Cn0ab234 to tu_0c0cbfa8
RELEASED rest_039 Cn0ab38c to tu_0c0cbfa8
RELEASED rest_039 Cn0ab4f4 to tu_0c0cbfa8
RELEASED rest_039 Cn0ab508 to tu_0c0cbfa8
RELEASED rest_039 Cn0ab60a to tu_0c0cbfa8
RELEASED rest_039 Cn0ab76a to tu_0c0cbfa8
RELEASED rest_039 Cn0ab790 to tu_0c0cbfa8
RELEASED rest_039 Cn0ab8da to tu_0c0cbfa8
REGISTERED tu_0c0cbfa8 as verified (1945 units)
