STRICT False ['Wrong exported symbol address: _func_0c09f378', 'Wrong exported symbol address: _func_0c09f3dc', 'Wrong exported symbol address: _func_0c09f42c', 'Wrong exported symbol address: _func_0c09f504', 'Wrong exported symbol address: _func_0c09f5c0', 'Wrong exported symbol address: _func_0c09f686', 'Wrong exported symbol address: _func_0c09f848', 'Wrong exported symbol address: _func_0c09f890', 'Wrong exported symbol address: _func_0c09fb58', 'Wrong exported symbol address: _func_0c09fc8c', 'Wrong exported symbol address: _func_0c09fcc8', 'Wrong exported symbol address: _func_0c09fcea', 'Wrong exported symbol address: _func_0c09fcfc', 'Not an exact section match: P', 'Linked image contains extra or missing initialized bytes', 'Linked image contains extra or missing memory bytes']
[(892, 0)]
[('_func_0c09f0ec', 85, 134), ('_func_0c09f172', 95, 434), ('_func_0c09f378', 1, 88), ('_func_0c09f3dc', 1, 80), ('_func_0c09f42c', 0, 186), ('_func_0c09f504', 0, 188), ('_func_0c09f5c0', 0, 160), ('_func_0c09f686', 0, 404), ('_func_0c09f848', 0, 34), ('_func_0c09f890', 0, 628), ('_func_0c09fb58', 0, 276), ('_func_0c09fc8c', 0, 60), ('_func_0c09fcc8', 0, 34), ('_func_0c09fcea', 0, 18), ('_func_0c09fcfc', 0, 48)]
0c09f134 9064 mov.w 0x000000000c09f200,r0         | 9065 mov.w 0x000000000c09f202,r0
0c09f138 600c extu.b r0,r0                        | 8801 cmp/eq #1,r0
0c09f13a 8801 cmp/eq #1,r0                        | 8b0c bf 0x000000000c09f156
0c09f13c 8b0c bf 0x000000000c09f158               | 9062 mov.w 0x000000000c09f204,r0
0c09f13e 9060 mov.w 0x000000000c09f202,r0         | 00ec mov.b @(r0,r14),r0
0c09f140 00ec mov.b @(r0,r14),r0                  | 600c extu.b r0,r0
0c09f142 600c extu.b r0,r0                        | 8801 cmp/eq #1,r0
0c09f144 8801 cmp/eq #1,r0                        | 8b03 bf 0x000000000c09f14e
0c09f146 8b03 bf 0x000000000c09f150               | 4f26 lds.l @r15+,pr
0c09f148 4f26 lds.l @r15+,pr                      | 64e3 mov r14,r4
0c09f14a 64e3 mov r14,r4                          | a08d bra 0x000000000c09f268
0c09f14c a146 bra 0x000000000c09f3dc              | 6ef6 mov.l @r15+,r14
0c09f14e 6ef6 mov.l @r15+,r14                     | 4f26 lds.l @r15+,pr
0c09f150 4f26 lds.l @r15+,pr                      | 64e3 mov r14,r4
0c09f152 64e3 mov r14,r4                          | a061 bra 0x000000000c09f218
0c09f154 a110 bra 0x000000000c09f378              | 6ef6 mov.l @r15+,r14
0c09f156 6ef6 mov.l @r15+,r14                     | 9055 mov.w 0x000000000c09f204,r0
0c09f158 9053 mov.w 0x000000000c09f202,r0         | 00ec mov.b @(r0,r14),r0
0c09f15a 00ec mov.b @(r0,r14),r0                  | 600c extu.b r0,r0
0c09f15c 600c extu.b r0,r0                        | 8801 cmp/eq #1,r0
0c09f15e 8801 cmp/eq #1,r0                        | 8b04 bf 0x000000000c09f16a
0c09f160 8b03 bf 0x000000000c09f16a               | 4f26 lds.l @r15+,pr
0c09f162 4f26 lds.l @r15+,pr                      | d22b mov.l 0x000000000c09f210,r2
0c09f166 a0b5 bra 0x000000000c09f2d4              | 422b jmp @r2
0c09f16e a15d bra 0x000000000c09f42c              | a09e bra 0x000000000c09f2ae
0c09f172 9047 mov.w 0x000000000c09f204,r0         | 9048 mov.w 0x000000000c09f206,r0
0c09f1c2 901d mov.w 0x000000000c09f200,r0         | 901e mov.w 0x000000000c09f202,r0
0c09f1c6 600c extu.b r0,r0                        | 8801 cmp/eq #1,r0
0c09f1c8 8801 cmp/eq #1,r0                        | 8b0c bf 0x000000000c09f1e4
0c09f1ca 8b0c bf 0x000000000c09f1e6               | 901b mov.w 0x000000000c09f204,r0
0c09f1cc 9019 mov.w 0x000000000c09f202,r0         | 00ec mov.b @(r0,r14),r0
0c09f1ce 00ec mov.b @(r0,r14),r0                  | 600c extu.b r0,r0
0c09f1d0 600c extu.b r0,r0                        | 8801 cmp/eq #1,r0
0c09f1d2 8801 cmp/eq #1,r0                        | 8b03 bf 0x000000000c09f1dc
0c09f1d4 8b03 bf 0x000000000c09f1de               | 4f26 lds.l @r15+,pr
0c09f1d6 4f26 lds.l @r15+,pr                      | 64e3 mov r14,r4
0c09f1d8 64e3 mov r14,r4                          | a046 bra 0x000000000c09f268
0c09f1da a0ff bra 0x000000000c09f3dc              | 6ef6 mov.l @r15+,r14
0c09f1dc 6ef6 mov.l @r15+,r14                     | 4f26 lds.l @r15+,pr
0c09f1de 4f26 lds.l @r15+,pr                      | 64e3 mov r14,r4
0c09f1e0 64e3 mov r14,r4                          | a01a bra 0x000000000c09f218
0c09f1e2 a0c9 bra 0x000000000c09f378              | 6ef6 mov.l @r15+,r14
0c09f1e4 6ef6 mov.l @r15+,r14                     | 900e mov.w 0x000000000c09f204,r0
0c09f1e6 900c mov.w 0x000000000c09f202,r0         | 00ec mov.b @(r0,r14),r0
0c09f1e8 00ec mov.b @(r0,r14),r0                  | 600c extu.b r0,r0
0c09f1ea 600c extu.b r0,r0                        | 8801 cmp/eq #1,r0
0c09f1ec 8801 cmp/eq #1,r0                        | 8b04 bf 0x000000000c09f1f8
0c09f1ee 8b03 bf 0x000000000c09f1f8               | 4f26 lds.l @r15+,pr
0c09f1f0 4f26 lds.l @r15+,pr                      | d207 mov.l 0x000000000c09f210,r2
0c09f1f4 a06e bra 0x000000000c09f2d4              | 422b jmp @r2
0c09f1fa 64e3 mov r14,r4                          | d206 mov.l 0x000000000c09f214,r2
0c09f1fc a008 bra 0x000000000c09f210              | 64e3 mov r14,r4
0c09f1fe 6ef6 mov.l @r15+,r14                     | 422b jmp @r2
0c09f200 01fe mov.l @(r0,r15),r1                  | 6ef6 mov.l @r15+,r14
0c09f202 01f9 error                               | 01fe mov.l @(r0,r15),r1
0c09f204 01e8 error                               | 01f9 error
0c09f206 0000 error                               | 01e8 error
0c09f210 900d mov.w 0x000000000c09f22e,r0         | f2d4 fcmp/eq fr13,fr2
0c09f212 2fe6 mov.l r14,@-r15                     | 0c09 error
0c09f214 6e43 mov r4,r14                          | f210 fadd fr1,fr2
0c09f216 4f22 sts.l pr,@-r15                      | 0c09 error
0c09f218 00ec mov.b @(r0,r14),r0                  | 9067 mov.w 0x000000000c09f2ea,r0
0c09f21a 600c extu.b r0,r0                        | 2fe6 mov.l r14,@-r15
0c09f21c e10d mov #13,r1                          | 6e43 mov r4,r14
0c09f21e 3012 cmp/hs r1,r0                        | 4f22 sts.l pr,@-r15
0c09f220 894f bt 0x000000000c09f2c2               | 00ec mov.b @(r0,r14),r0
0c09f222 4000 shll r0                             | 600c extu.b r0,r0
0c09f224 6103 mov r0,r1                           | 8800 cmp/eq #0,r0
0c09f226 c702 mova 0x000000000c09f230,r0          | 8911 bt 0x000000000c09f24c
0c09f228 001d mov.w @(r0,r1),r0                   | 8801 cmp/eq #1,r0
0c09f22a 0023 braf r0                             | 890f bt 0x000000000c09f24c
0c09f22c 0009 nop                                 | 8802 cmp/eq #2,r0
0c09f22e 01e8 error                               | 8908 bt 0x000000000c09f242
0c09f230 007e mov.l @(r0,r7),r0                   | 8803 cmp/eq #3,r0
0c09f232 007e mov.l @(r0,r7),r0                   | 8901 bt 0x000000000c09f238
0c09f234 006a sts fpscr,r0                        | 8804 cmp/eq #4,r0
0c09f236 001c mov.b @(r0,r1),r0                   | 8b14 bf 0x000000000c09f262
0c09f238 0020 error                               | 4f26 lds.l @r15+,pr
0c09f23a 0024 mov.b r2,@(r0,r0)                   | d32c mov.l 0x000000000c09f2ec,r3
0c09f23c 0028 clrmac                              | 64e3 mov r14,r4
0c09f23e 002c mov.b @(r0,r2),r0                   | 432b jmp @r3
0c09f240 0046 mov.l r4,@(r0,r0)                   | 6ef6 mov.l @r15+,r14
0c09f242 004e mov.l @(r0,r4),r0                   | 4f26 lds.l @r15+,pr
0c09f244 0052 stc r5_bank,r0                      | d32a mov.l 0x000000000c09f2f0,r3
0c09f246 005a sts fpul,r0                         | 64e3 mov r14,r4
0c09f248 0062 stc r6_bank,r0                      | 432b jmp @r3
0c09f24a a01d bra 0x000000000c09f288              | 6ef6 mov.l @r15+,r14
0c09f24c 0009 nop                                 | d329 mov.l 0x000000000c09f2f4,r3
0c09f24e a017 bra 0x000000000c09f280              | 430b jsr @r3
0c09f250 0009 nop                                 | 64e3 mov r14,r4
0c09f252 a019 bra 0x000000000c09f288              | 600e exts.b r0,r0
0c09f254 0009 nop                                 | 4011 cmp/pz r0
0c09f256 a013 bra 0x000000000c09f280              | 8904 bt 0x000000000c09f262
0c09f258 0009 nop                                 | 4f26 lds.l @r15+,pr
0c09f25a e05c mov #92,r0                          | d327 mov.l 0x000000000c09f2f8,r3
0c09f25c f48d fldi0 fr4                           | 64e3 mov r14,r4
0c09f25e fe47 fmov fr4,@(r0,r14)                  | 432b jmp @r3
0c09f260 e060 mov #96,r0                          | 6ef6 mov.l @r15+,r14
0c09f262 fe47 fmov fr4,@(r0,r14)                  | 4f26 lds.l @r15+,pr
0c09f264 e068 mov #104,r0                         | 000b rts
0c09f266 fe47 fmov fr4,@(r0,r14)                  | 6ef6 mov.l @r15+,r14
0c09f268 e06c mov #108,r0                         | 903f mov.w 0x000000000c09f2ea,r0
0c09f26a 64e3 mov r14,r4                          | 2fe6 mov.l r14,@-r15
0c09f26c fe47 fmov fr4,@(r0,r14)                  | 6e43 mov r4,r14
0c09f26e 4f26 lds.l @r15+,pr                      | 4f22 sts.l pr,@-r15
0c09f270 a438 bra 0x000000000c09fae4              | 00ec mov.b @(r0,r14),r0
0c09f272 6ef6 mov.l @r15+,r14                     | 600c extu.b r0,r0
0c09f274 4f26 lds.l @r15+,pr                      | 8800 cmp/eq #0,r0
0c09f276 64e3 mov r14,r4                          | 890c bt 0x000000000c09f292
0c09f278 a47f bra 0x000000000c09fb7a              | 8801 cmp/eq #1,r0
0c09f27a 6ef6 mov.l @r15+,r14                     | 890a bt 0x000000000c09f292
0c09f27c a004 bra 0x000000000c09f288              | 8802 cmp/eq #2,r0
0c09f27e 0009 nop                                 | 8908 bt 0x000000000c09f292
0c09f280 4f26 lds.l @r15+,pr                      | 8803 cmp/eq #3,r0
0c09f282 64e3 mov r14,r4                          | 8901 bt 0x000000000c09f288
0c09f284 a3fc bra 0x000000000c09fa80              | 8804 cmp/eq #4,r0
0c09f286 6ef6 mov.l @r15+,r14                     | 8b0f bf 0x000000000c09f2a8
0c09f28a 64e3 mov r14,r4                          | d318 mov.l 0x000000000c09f2ec,r3
0c09f28c a3f8 bra 0x000000000c09fa80              | 64e3 mov r14,r4
0c09f28e 6ef6 mov.l @r15+,r14                     | 432b jmp @r3
0c09f290 4f26 lds.l @r15+,pr                      | 6ef6 mov.l @r15+,r14
0c09f292 64e3 mov r14,r4                          | d318 mov.l 0x000000000c09f2f4,r3
0c09f294 a529 bra 0x000000000c09fcea              | 430b jsr @r3
0c09f296 6ef6 mov.l @r15+,r14                     | 64e3 mov r14,r4
0c09f298 9016 mov.w 0x000000000c09f2c8,r0         | 600e exts.b r0,r0
0c09f29a 9216 mov.w 0x000000000c09f2ca,r2         | 4011 cmp/pz r0
0c09f29c 03ed mov.w @(r0,r14),r3                  | 8904 bt 0x000000000c09f2a8
0c09f29e 633d extu.w r3,r3                        | 4f26 lds.l @r15+,pr
0c09f2a0 2328 tst r2,r3                           | d315 mov.l 0x000000000c09f2f8,r3
0c09f2a2 8903 bt 0x000000000c09f2ac               | 64e3 mov r14,r4
0c09f2a4 4f26 lds.l @r15+,pr                      | 432b jmp @r3
0c09f2a6 64e3 mov r14,r4                          | 6ef6 mov.l @r15+,r14
0c09f2a8 a18a bra 0x000000000c09f5c0              | 4f26 lds.l @r15+,pr
0c09f2aa 6ef6 mov.l @r15+,r14                     | 000b rts
0c09f2ac d207 mov.l 0x000000000c09f2cc,r2         | 6ef6 mov.l @r15+,r14
0c09f2ae 420b jsr @r2                             | 901c mov.w 0x000000000c09f2ea,r0
0c09f2b0 64e3 mov r14,r4                          | 2fe6 mov.l r14,@-r15
0c09f2b2 600e exts.b r0,r0                        | 6e43 mov r4,r14
0c09f2b4 4011 cmp/pz r0                           | 4f22 sts.l pr,@-r15
0c09f2b6 8904 bt 0x000000000c09f2c2               | 00ec mov.b @(r0,r14),r0
0c09f2b8 4f26 lds.l @r15+,pr                      | 600c extu.b r0,r0
0c09f2ba d205 mov.l 0x000000000c09f2d0,r2         | 8800 cmp/eq #0,r0
0c09f2bc 64e3 mov r14,r4                          | 8907 bt 0x000000000c09f2ce
0c09f2be 422b jmp @r2                             | 8801 cmp/eq #1,r0
0c09f2c0 6ef6 mov.l @r15+,r14                     | 8905 bt 0x000000000c09f2ce
0c09f2c2 4f26 lds.l @r15+,pr                      | 8802 cmp/eq #2,r0
0c09f2c4 000b rts                                 | 8b0e bf 0x000000000c09f2e4
0c09f2c6 6ef6 mov.l @r15+,r14                     | 4f26 lds.l @r15+,pr
0c09f2c8 01fa stc dbr,r1                          | 64e3 mov r14,r4
0c09f2ca 0800 error                               | a04b bra 0x000000000c09f364
0c09f2cc a026 bra 0x000000000c09f31c              | 6ef6 mov.l @r15+,r14
0c09f2ce 0c02 stc sr,r12                          | d309 mov.l 0x000000000c09f2f4,r3
0c09f2d0 37b8 sub r11,r7                          | 430b jsr @r3
0c09f2d2 0c04 mov.b r0,@(r0,r12)                  | 64e3 mov r14,r4
0c09f2d4 900d mov.w 0x000000000c09f2f2,r0         | 600e exts.b r0,r0
0c09f2d6 2fe6 mov.l r14,@-r15                     | 4011 cmp/pz r0
0c09f2d8 6e43 mov r4,r14                          | 8904 bt 0x000000000c09f2e4
0c09f2da 4f22 sts.l pr,@-r15                      | 4f26 lds.l @r15+,pr
0c09f2dc 00ec mov.b @(r0,r14),r0                  | d306 mov.l 0x000000000c09f2f8,r3
0c09f2de 600c extu.b r0,r0                        | 64e3 mov r14,r4
0c09f2e0 e10d mov #13,r1                          | 432b jmp @r3
0c09f2e2 3012 cmp/hs r1,r0                        | 6ef6 mov.l @r15+,r14
0c09f2e4 8945 bt 0x000000000c09f372               | 4f26 lds.l @r15+,pr
0c09f2e6 4000 shll r0                             | 000b rts
0c09f2e8 6103 mov r0,r1                           | 6ef6 mov.l @r15+,r14
0c09f2ea c702 mova 0x000000000c09f2f4,r0          | 01e8 error
0c09f2ec 001d mov.w @(r0,r1),r0                   | fa80 fadd fr8,fr10
0c09f2ee 0023 braf r0                             | 0c09 error
0c09f2f0 0009 nop                                 | f572 fmul fr7,fr5
0c09f2f2 01e8 error                               | 0c09 error
0c09f2f4 006a sts fpscr,r0                        | a026 bra 0x000000000c09f344
0c09f2f6 006a sts fpscr,r0                        | 0c02 stc sr,r12
0c09f2f8 006a sts fpscr,r0                        | 37b8 sub r11,r7
0c09f2fa 001c mov.b @(r0,r1),r0                   | 0c04 mov.b r0,@(r0,r12)
0c09f2fc 0020 error                               | 4f22 sts.l pr,@-r15
0c09f2fe 0024 mov.b r2,@(r0,r0)                   | 7ffc add #-4,r15
0c09f300 0028 clrmac                              | d34e mov.l 0x000000000c09f43c,r3
0c09f302 002c mov.b @(r0,r2),r0                   | 430b jsr @r3
0c09f304 0046 mov.l r4,@(r0,r0)                   | 2f42 mov.l r4,@r15
0c09f306 004e mov.l @(r0,r4),r0                   | 600e exts.b r0,r0
0c09f308 0052 stc r5_bank,r0                      | 4011 cmp/pz r0
0c09f30a 005a sts fpul,r0                         | 8904 bt 0x000000000c09f316
0c09f30c 0062 stc r6_bank,r0                      | 64f2 mov.l @r15,r4
0c09f30e a01d bra 0x000000000c09f34c              | 7f04 add #4,r15
0c09f310 0009 nop                                 | d34b mov.l 0x000000000c09f440,r3
0c09f312 a017 bra 0x000000000c09f344              | 432b jmp @r3
0c09f314 0009 nop                                 | 4f26 lds.l @r15+,pr
0c09f316 a019 bra 0x000000000c09f34c              | 7f04 add #4,r15
0c09f318 0009 nop                                 | 4f26 lds.l @r15+,pr
0c09f31a a013 bra 0x000000000c09f344              | 000b rts
0c09f31e e05c mov #92,r0                          | 6343 mov r4,r3
0c09f320 f48d fldi0 fr4                           | d148 mov.l 0x000000000c09f444,r1
0c09f322 fe47 fmov fr4,@(r0,r14)                  | 2f46 mov.l r4,@-r15
0c09f324 e060 mov #96,r0                          | 8437 mov.b @(7,r3),r0
0c09f326 fe47 fmov fr4,@(r0,r14)                  | 600c extu.b r0,r0
0c09f328 e068 mov #104,r0                         | 4008 shll2 r0
0c09f32a fe47 fmov fr4,@(r0,r14)                  | 031e mov.l @(r0,r1),r3
0c09f32c e06c mov #108,r0                         | 432b jmp @r3
0c09f32e 64e3 mov r14,r4                          | 7f04 add #4,r15
0c09f330 fe47 fmov fr4,@(r0,r14)                  | 6343 mov r4,r3
0c09f332 4f26 lds.l @r15+,pr                      | d145 mov.l 0x000000000c09f448,r1
0c09f334 a3d6 bra 0x000000000c09fae4              | 2f46 mov.l r4,@-r15
0c09f336 6ef6 mov.l @r15+,r14                     | 8437 mov.b @(7,r3),r0
0c09f338 4f26 lds.l @r15+,pr                      | 600c extu.b r0,r0
0c09f33a 64e3 mov r14,r4                          | 4008 shll2 r0
0c09f33c a41d bra 0x000000000c09fb7a              | 031e mov.l @(r0,r1),r3
0c09f33e 6ef6 mov.l @r15+,r14                     | 432b jmp @r3
0c09f340 a004 bra 0x000000000c09f34c              | 7f04 add #4,r15
0c09f342 0009 nop                                 | 4f22 sts.l pr,@-r15
0c09f344 4f26 lds.l @r15+,pr                      | 7ffc add #-4,r15
0c09f346 64e3 mov r14,r4                          | d33d mov.l 0x000000000c09f43c,r3
0c09f348 a39a bra 0x000000000c09fa80              | 430b jsr @r3
0c09f34a 6ef6 mov.l @r15+,r14                     | 2f42 mov.l r4,@r15
0c09f34c 4f26 lds.l @r15+,pr                      | 600e exts.b r0,r0
0c09f34e 64e3 mov r14,r4                          | 4011 cmp/pz r0
0c09f350 a396 bra 0x000000000c09fa80              | 8904 bt 0x000000000c09f35c
0c09f352 6ef6 mov.l @r15+,r14                     | 64f2 mov.l @r15,r4
0c09f354 4f26 lds.l @r15+,pr                      | 7f04 add #4,r15
0c09f356 64e3 mov r14,r4                          | d33d mov.l 0x000000000c09f44c,r3
0c09f358 a4c7 bra 0x000000000c09fcea              | 432b jmp @r3
0c09f35a 6ef6 mov.l @r15+,r14                     | 4f26 lds.l @r15+,pr
0c09f35c d31d mov.l 0x000000000c09f3d4,r3         | 7f04 add #4,r15
0c09f35e 430b jsr @r3                             | 4f26 lds.l @r15+,pr
0c09f360 64e3 mov r14,r4                          | 000b rts
0c09f362 600e exts.b r0,r0                        | 0009 nop
0c09f364 4011 cmp/pz r0                           | 6343 mov r4,r3
0c09f366 8904 bt 0x000000000c09f372               | d13a mov.l 0x000000000c09f450,r1
0c09f368 4f26 lds.l @r15+,pr                      | 2f46 mov.l r4,@-r15
0c09f36a d31b mov.l 0x000000000c09f3d8,r3         | 8437 mov.b @(7,r3),r0
0c09f36c 64e3 mov r14,r4                          | 600c extu.b r0,r0
0c09f36e 432b jmp @r3                             | 4008 shll2 r0
0c09f370 6ef6 mov.l @r15+,r14                     | 031e mov.l @(r0,r1),r3
0c09f372 4f26 lds.l @r15+,pr                      | 432b jmp @r3
0c09f374 000b rts                                 | 7f04 add #4,r15
0c09f376 6ef6 mov.l @r15+,r14                     | 4f22 sts.l pr,@-r15
0c09f378 902a mov.w 0x000000000c09f3d0,r0         | 7ffc add #-4,r15
0c09f37a 2fe6 mov.l r14,@-r15                     | d330 mov.l 0x000000000c09f43c,r3
0c09f37c 6e43 mov r4,r14                          | 430b jsr @r3
0c09f37e 4f22 sts.l pr,@-r15                      | 2f42 mov.l r4,@r15
0c09f380 00ec mov.b @(r0,r14),r0                  | 600e exts.b r0,r0
0c09f382 600c extu.b r0,r0                        | 4011 cmp/pz r0
0c09f384 8803 cmp/eq #3,r0                        | 8904 bt 0x000000000c09f390
0c09f386 8909 bt 0x000000000c09f39c               | 64f2 mov.l @r15,r4
0c09f388 8804 cmp/eq #4,r0                        | 7f04 add #4,r15
0c09f38a 890b bt 0x000000000c09f3a4               | d330 mov.l 0x000000000c09f44c,r3
0c09f38c 8802 cmp/eq #2,r0                        | 432b jmp @r3
0c09f38e 890d bt 0x000000000c09f3ac               | 4f26 lds.l @r15+,pr
0c09f390 8800 cmp/eq #0,r0                        | 7f04 add #4,r15
0c09f392 890f bt 0x000000000c09f3b4               | 4f26 lds.l @r15+,pr
0c09f394 8801 cmp/eq #1,r0                        | 000b rts
0c09f396 890d bt 0x000000000c09f3b4               | 0009 nop
0c09f398 a017 bra 0x000000000c09f3ca              | 904e mov.w 0x000000000c09f438,r0
0c09f39a 0009 nop                                 | 2fe6 mov.l r14,@-r15
0c09f39c 4f26 lds.l @r15+,pr                      | 6e43 mov r4,r14
0c09f39e 64e3 mov r14,r4                          | 4f22 sts.l pr,@-r15
0c09f3a0 a36e bra 0x000000000c09fa80              | 03ec mov.b @(r0,r14),r3
0c09f3a2 6ef6 mov.l @r15+,r14                     | 2338 tst r3,r3
0c09f3a4 4f26 lds.l @r15+,pr                      | 8908 bt 0x000000000c09f3b8
0c09f3a6 64e3 mov r14,r4                          | 84e7 mov.b @(7,r14),r0
0c09f3a8 a36a bra 0x000000000c09fa80              | e700 mov #0,r7
0c09f3aa 6ef6 mov.l @r15+,r14                     | d32a mov.l 0x000000000c09f454,r3
0c09f3ac 4f26 lds.l @r15+,pr                      | e505 mov #5,r5
0c09f3ae 64e3 mov r14,r4                          | 7001 add #1,r0
0c09f3b0 a0df bra 0x000000000c09f572              | 6673 mov r7,r6
0c09f3b2 6ef6 mov.l @r15+,r14                     | 80e7 mov.b r0,@(7,r14)
0c09f3b4 d207 mov.l 0x000000000c09f3d4,r2         | 430b jsr @r3
0c09f3b6 420b jsr @r2                             | 64e3 mov r14,r4
0c09f3b8 64e3 mov r14,r4                          | d220 mov.l 0x000000000c09f43c,r2
0c09f3ba 600e exts.b r0,r0                        | 420b jsr @r2
0c09f3bc 4011 cmp/pz r0                           | 64e3 mov r14,r4
0c09f3be 8904 bt 0x000000000c09f3ca               | 600e exts.b r0,r0
0c09f3c0 4f26 lds.l @r15+,pr                      | 4011 cmp/pz r0
0c09f3c2 d205 mov.l 0x000000000c09f3d8,r2         | 8904 bt 0x000000000c09f3ce
0c09f3c4 64e3 mov r14,r4                          | 4f26 lds.l @r15+,pr
0c09f3c6 422b jmp @r2                             | d221 mov.l 0x000000000c09f44c,r2
0c09f3c8 6ef6 mov.l @r15+,r14                     | 64e3 mov r14,r4
0c09f3ca 4f26 lds.l @r15+,pr                      | 422b jmp @r2
0c09f3cc 000b rts                                 | 6ef6 mov.l @r15+,r14
0c09f3ce 6ef6 mov.l @r15+,r14                     | 4f26 lds.l @r15+,pr
0c09f3d0 01e8 error                               | 000b rts
0c09f3d2 0000 error                               | 6ef6 mov.l @r15+,r14
0c09f3d4 a026 bra 0x000000000c09f424              | 4f22 sts.l pr,@-r15
0c09f3d6 0c02 stc sr,r12                          | 7ffc add #-4,r15
0c09f3d8 37b8 sub r11,r7                          | d318 mov.l 0x000000000c09f43c,r3
0c09f3da 0c04 mov.b r0,@(r0,r12)                  | 430b jsr @r3
0c09f3dc 906b mov.w 0x000000000c09f4b6,r0         | 2f42 mov.l r4,@r15
0c09f3de 2fe6 mov.l r14,@-r15                     | 600e exts.b r0,r0
0c09f3e0 6e43 mov r4,r14                          | 4011 cmp/pz r0
0c09f3e2 4f22 sts.l pr,@-r15                      | 8904 bt 0x000000000c09f3ee
0c09f3e4 00ec mov.b @(r0,r14),r0                  | 64f2 mov.l @r15,r4
0c09f3e6 600c extu.b r0,r0                        | 7f04 add #4,r15
0c09f3e8 8803 cmp/eq #3,r0                        | d318 mov.l 0x000000000c09f44c,r3
0c09f3ea 8909 bt 0x000000000c09f400               | 432b jmp @r3
0c09f3ec 8804 cmp/eq #4,r0                        | 4f26 lds.l @r15+,pr
0c09f3ee 890b bt 0x000000000c09f408               | 7f04 add #4,r15
0c09f3f0 8800 cmp/eq #0,r0                        | 4f26 lds.l @r15+,pr
0c09f3f2 890d bt 0x000000000c09f410               | 000b rts
0c09f3f4 8801 cmp/eq #1,r0                        | 0009 nop
0c09f3f6 890b bt 0x000000000c09f410               | 6343 mov r4,r3
0c09f3f8 8802 cmp/eq #2,r0                        | d117 mov.l 0x000000000c09f458,r1
0c09f3fa 8909 bt 0x000000000c09f410               | 2f46 mov.l r4,@-r15
0c09f3fc a013 bra 0x000000000c09f426              | 8437 mov.b @(7,r3),r0
0c09f3fe 0009 nop                                 | 600c extu.b r0,r0
0c09f400 4f26 lds.l @r15+,pr                      | 4008 shll2 r0
0c09f402 64e3 mov r14,r4                          | 031e mov.l @(r0,r1),r3
0c09f404 a33c bra 0x000000000c09fa80              | 432b jmp @r3
0c09f406 6ef6 mov.l @r15+,r14                     | 7f04 add #4,r15
0c09f408 4f26 lds.l @r15+,pr                      | 8447 mov.b @(7,r4),r0
0c09f40a 64e3 mov r14,r4                          | e612 mov #18,r6
0c09f40c a338 bra 0x000000000c09fa80              | f48d fldi0 fr4
0c09f40e 6ef6 mov.l @r15+,r14                     | 7001 add #1,r0
0c09f410 d32a mov.l 0x000000000c09f4bc,r3         | d314 mov.l 0x000000000c09f464,r3
0c09f412 430b jsr @r3                             | 8047 mov.b r0,@(7,r4)
0c09f414 64e3 mov r14,r4                          | e05c mov #92,r0
0c09f416 600e exts.b r0,r0                        | f447 fmov fr4,@(r0,r4)
0c09f418 4011 cmp/pz r0                           | e060 mov #96,r0
0c09f41a 8904 bt 0x000000000c09f426               | f447 fmov fr4,@(r0,r4)
0c09f41c 4f26 lds.l @r15+,pr                      | e068 mov #104,r0
0c09f41e d328 mov.l 0x000000000c09f4c0,r3         | f447 fmov fr4,@(r0,r4)
0c09f420 64e3 mov r14,r4                          | e06c mov #108,r0
0c09f422 432b jmp @r3                             | f447 fmov fr4,@(r0,r4)
0c09f424 6ef6 mov.l @r15+,r14                     | c70d mova 0x000000000c09f45c,r0
0c09f426 4f26 lds.l @r15+,pr                      | f308 fmov @r0,fr3
0c09f428 000b rts                                 | e060 mov #96,r0
0c09f42a 6ef6 mov.l @r15+,r14                     | f437 fmov fr3,@(r0,r4)
0c09f42c 9043 mov.w 0x000000000c09f4b6,r0         | c70c mova 0x000000000c09f460,r0
0c09f42e 2fe6 mov.l r14,@-r15                     | f308 fmov @r0,fr3
0c09f430 6e43 mov r4,r14                          | e06c mov #108,r0
0c09f432 4f22 sts.l pr,@-r15                      | f437 fmov fr3,@(r0,r4)
0c09f434 00ec mov.b @(r0,r14),r0                  | 432b jmp @r3
0c09f436 600c extu.b r0,r0                        | e514 mov #20,r5
0c09f438 8802 cmp/eq #2,r0                        | 019e mov.l @(r0,r9),r1
0c09f43a 8905 bt 0x000000000c09f448               | 0000 error
0c09f43c 8800 cmp/eq #0,r0                        | a026 bra 0x000000000c09f48c
0c09f43e 8907 bt 0x000000000c09f450               | 0c02 stc sr,r12
0c09f440 8801 cmp/eq #1,r0                        | 38de addc r13,r8
0c09f442 8905 bt 0x000000000c09f450               | 0c04 mov.b r0,@(r0,r12)
0c09f444 a00f bra 0x000000000c09f466              | 38ac add r10,r8
0c09f446 0009 nop                                 | 0c24 mov.b r2,@(r0,r12)
0c09f448 4f26 lds.l @r15+,pr                      | 38b4 div1 r11,r8
0c09f44a 64e3 mov r14,r4                          | 0c24 mov.b r2,@(r0,r12)
0c09f44c a220 bra 0x000000000c09f890              | 37b8 sub r11,r7
0c09f44e 6ef6 mov.l @r15+,r14                     | 0c04 mov.b r0,@(r0,r12)
0c09f450 d21a mov.l 0x000000000c09f4bc,r2         | 38c4 div1 r12,r8
0c09f452 420b jsr @r2                             | 0c24 mov.b r2,@(r0,r12)
0c09f454 64e3 mov r14,r4                          | a9fe bra 0x000000000c09e854
0c09f456 600e exts.b r0,r0                        | 0c14 mov.b r1,@(r0,r12)
0c09f458 4011 cmp/pz r0                           | 38e8 sub r14,r8
0c09f45a 8904 bt 0x000000000c09f466               | 0c24 mov.b r2,@(r0,r12)
0c09f45c 4f26 lds.l @r15+,pr                      | 2492 mov.l r9,@r4
0c09f45e d218 mov.l 0x000000000c09f4c0,r2         | 4189 error
0c09f460 64e3 mov r14,r4                          | 2492 mov.l r9,@r4
0c09f462 422b jmp @r2                             | bf89 bsr 0x000000000c09f378
0c09f464 6ef6 mov.l @r15+,r14                     | a0c4 bra 0x000000000c09f5f0
0c09f466 4f26 lds.l @r15+,pr                      | 0c02 stc sr,r12
