P 74 / 1312 linked 1316 at 0xc1c4294
_func_0c1c4294 8 / 310
_func_0c1c43ee 9 / 118
_func_0c1c4464 0 / 18
_func_0c1c4476 0 / 42
_func_0c1c44a0 0 / 18
_func_0c1c44dc 0 / 72
_func_0c1c4524 10 / 142
_func_0c1c45b2 0 / 12
_func_0c1c45d4 6 / 134
_func_0c1c465a 1 / 80
_func_0c1c46aa 5 / 212
pool 0xc1c4348 9 / 36
pool 0xc1c44b2 0 / 4
pool 0xc1c44b6 0 / 4
pool 0xc1c44ba 1 / 2
pool 0xc1c44bc 0 / 4
pool 0xc1c44c0 5 / 16
pool 0xc1c44d0 1 / 4
pool 0xc1c44d4 3 / 8
pool 0xc1c45be 0 / 4
pool 0xc1c45c2 0 / 2
pool 0xc1c45c4 4 / 16
pool 0xc1c46f4 0 / 6
pool 0xc1c46fa 0 / 4
pool 0xc1c46fe 0 / 2
pool 0xc1c4700 3 / 16
pool 0xc1c4710 3 / 4
pool 0xc1c4714 1 / 4
pool 0xc1c47a2 5 / 18
PROBLEM Wrong exported symbol address: _func_0c1c43ee
PROBLEM Wrong exported symbol address: _func_0c1c4464
PROBLEM Wrong exported symbol address: _func_0c1c4476
PROBLEM Wrong exported symbol address: _func_0c1c44a0
PROBLEM Wrong exported symbol address: _func_0c1c44dc
PROBLEM Wrong exported symbol address: _func_0c1c4524
PROBLEM Wrong exported symbol address: _func_0c1c45b2
PROBLEM Wrong exported symbol address: _func_0c1c45d4
PROBLEM Wrong exported symbol address: _func_0c1c465a
PROBLEM Wrong exported symbol address: _func_0c1c46aa
PROBLEM Not an exact section match: P
PROBLEM Linked image contains extra or missing initialized bytes
PROBLEM Linked image contains extra or missing memory bytes
DIFFERS
