P 0x0c0fd9cc 844 bytes: 0/844 equal, linked 832 at 0x0c0fd9cc
  _func_0c0fd9cc 0x0c0fd9cc 70 bytes: 62/70 equal
  _func_0c0fda12 0x0c0fda12 42 bytes: 40/42 equal
  _func_0c0fda3c 0x0c0fda3c 42 bytes: 40/42 equal
  _func_0c0fda66 0x0c0fda66 18 bytes: 17/18 equal
  _func_0c0fda78 0x0c0fda78 170 bytes: 7/170 equal
  _func_0c0fdb48 0x0c0fdb48 216 bytes: 12/216 equal
  _func_0c0fdc3e 0x0c0fdc3e 20 bytes: 0/20 equal
  _func_0c0fdc52 0x0c0fdc52 18 bytes: 0/18 equal
  _func_0c0fdc64 0x0c0fdc64 136 bytes: 5/136 equal
  pool 0x0c0fdade 38 bytes: 8/38 equal
  pool 0x0c0fdbe2 30 bytes: 4/30 equal
  pool 0x0c0fdcec 44 bytes: 0/44 equal
  (P did not link at its address with its size; nothing to compare)
PROBLEM Wrong exported symbol address: _func_0c0fdb48
PROBLEM Wrong exported symbol address: _func_0c0fdc3e
PROBLEM Wrong exported symbol address: _func_0c0fdc52
PROBLEM Wrong exported symbol address: _func_0c0fdc64
PROBLEM Not an exact section match: P
PROBLEM Linked image contains extra or missing initialized bytes
PROBLEM Linked image contains extra or missing memory bytes
DIFFERS
