P 0x0c0f9b64 640 bytes: 0/640 equal, linked 628 at 0x0c0f9b64
  _func_0c0f9b64 0x0c0f9b64 206 bytes: 12/206 equal
  _func_0c0f9c32 0x0c0f9c32 34 bytes: 1/34 equal
  _func_0c0f9c54 0x0c0f9c54 126 bytes: 8/126 equal
  _func_0c0f9cf6 0x0c0f9cf6 14 bytes: 0/14 equal
  _func_0c0f9d04 0x0c0f9d04 34 bytes: 1/34 equal
  _func_0c0f9d26 0x0c0f9d26 18 bytes: 0/18 equal
  _func_0c0f9d38 0x0c0f9d38 124 bytes: 4/124 equal
  pool 0x0c0f9c98 36 bytes: 4/36 equal
  pool 0x0c0f9db4 48 bytes: 0/48 equal
  (P did not link at its address with its size; nothing to compare)
PROBLEM Wrong exported symbol address: _func_0c0f9c32
PROBLEM Wrong exported symbol address: _func_0c0f9c54
PROBLEM Wrong exported symbol address: _func_0c0f9cf6
PROBLEM Wrong exported symbol address: _func_0c0f9d04
PROBLEM Wrong exported symbol address: _func_0c0f9d26
PROBLEM Wrong exported symbol address: _func_0c0f9d38
PROBLEM Not an exact section match: P
PROBLEM Linked image contains extra or missing initialized bytes
PROBLEM Linked image contains extra or missing memory bytes
DIFFERS
