P 1791/1796 equal, linked 1796
_func_0c0ec984 136/138
_func_0c0eca0e 20/20
_func_0c0eca22 72/72
_func_0c0eca90 162/162
_func_0c0ecb32 194/194
_func_0c0ecc1a 194/194
_func_0c0ecd04 184/184
_func_0c0ecdbc 45/48
_func_0c0ecdec 18/18
_func_0c0ece2c 238/238
_func_0c0ecf4c 238/238
_func_0c0ed03a 20/20
pool 0c0eca6a 38/38
pool 0c0ecb9a 38/38
pool 0c0eccdc 40/40
pool 0c0ecdfe 46/46
pool 0c0ecf1a 50/50
pool 0c0ed04e 58/58
0c0ec9aa retail 024e mov.l @(r0,r4),r2                ours 034e mov.l @(r0,r4),r3
0c0ec9ac retail 8423 mov.b @(3,r2),r0                 ours 8433 mov.b @(3,r3),r0
0c0ecdd6 retail 024c mov.b @(r0,r4),r2                ours 034c mov.b @(r0,r4),r3
0c0ecdd8 retail 2228 tst r2,r2                        ours 2338 tst r3,r3
PROBLEM Not an exact section match: P
DIFFERS
