Pu1050 232 / 232 linked 232 at 0xc1b1050
Pu148c 30 / 276 linked 284 at 0xc1b148c
_func_0c1b1050 66 / 66
_func_0c1b1092 78 / 78
_func_0c1b10e0 40 / 40
_func_0c1b1108 18 / 18
_func_0c1b148c 19 / 236
pool 0xc1b111a 2 / 2
pool 0xc1b111c 4 / 4
pool 0xc1b1120 8 / 8
pool 0xc1b1128 8 / 8
pool 0xc1b1130 4 / 4
pool 0xc1b1134 4 / 4
pool 0xc1b1578 0 / 2
pool 0xc1b157a 1 / 2
pool 0xc1b157c 10 / 36
PROBLEM Not an exact section match: Pu148c
PROBLEM Linked image contains extra or missing initialized bytes
PROBLEM Linked image contains extra or missing memory bytes
DIFFERS
