P 845 / 1016 linked 1016 at 0xc1c5480
_func_0c1c5480 188 / 188
_func_0c1c553c 18 / 18
_func_0c1c554e 75 / 76
_func_0c1c559a 101 / 106
_func_0c1c5640 60 / 62
_func_0c1c567e 4 / 4
_func_0c1c5682 0 / 6
_func_0c1c5688 1 / 80
_func_0c1c56d8 66 / 134
_func_0c1c57b4 52 / 52
_func_0c1c57e8 96 / 96
_func_0c1c5848 32 / 32
pool 0xc1c55c8 60 / 60
pool 0xc1c5726 76 / 86
pool 0xc1c5868 16 / 16
PROBLEM Wrong exported symbol address: _func_0c1c567e
PROBLEM Wrong exported symbol address: _func_0c1c5682
PROBLEM Wrong exported symbol address: _func_0c1c5688
PROBLEM Wrong exported symbol address: _func_0c1c56d8
PROBLEM Not an exact section match: P
DIFFERS
