P 418 / 984 linked 996 at 0xc1b1910
_func_0c1b1910 87 / 114
_func_0c1b1982 58 / 68
_func_0c1b19c6 62 / 110
_func_0c1b1a34 22 / 42
_func_0c1b1a74 3 / 242
_func_0c1b1b66 1 / 20
_func_0c1b1ba4 155 / 286
pool 0xc1b1a5e 0 / 14
pool 0xc1b1a6c 0 / 8
pool 0xc1b1b7a 0 / 4
pool 0xc1b1b7e 4 / 12
pool 0xc1b1b8a 0 / 2
pool 0xc1b1b8c 4 / 4
pool 0xc1b1b90 12 / 12
pool 0xc1b1b9c 8 / 8
pool 0xc1b1cc2 2 / 38
PROBLEM Wrong exported symbol address: _func_0c1b1a74
PROBLEM Wrong exported symbol address: _func_0c1b1b66
PROBLEM Not an exact section match: P
PROBLEM Linked image contains extra or missing initialized bytes
PROBLEM Linked image contains extra or missing memory bytes
DIFFERS
