P 108 / 1428 linked 1444 at 0xc1b8c4c
_func_0c1b8c4c 48 / 96
_func_0c1b8cac 0 / 20
_func_0c1b8cc0 1 / 100
_func_0c1b8d24 0 / 18
_func_0c1b8d36 10 / 218
_func_0c1b8e6c 24 / 164
_func_0c1b8f10 0 / 46
_func_0c1b8f3e 1 / 20
_func_0c1b8f70 1 / 160
_func_0c1b9028 10 / 368
_func_0c1b91b6 0 / 14
_func_0c1b91c4 0 / 6
pool 0xc1b8d62 10 / 54
pool 0xc1b8e46 3 / 38
pool 0xc1b8f52 0 / 30
pool 0xc1b9010 0 / 24
pool 0xc1b90e6 0 / 30
pool 0xc1b91ca 0 / 22
PROBLEM Wrong exported symbol address: _func_0c1b8cac
PROBLEM Wrong exported symbol address: _func_0c1b8cc0
PROBLEM Wrong exported symbol address: _func_0c1b8d24
PROBLEM Wrong exported symbol address: _func_0c1b8d36
PROBLEM Wrong exported symbol address: _func_0c1b8e6c
PROBLEM Wrong exported symbol address: _func_0c1b8f10
PROBLEM Wrong exported symbol address: _func_0c1b8f3e
PROBLEM Wrong exported symbol address: _func_0c1b8f70
PROBLEM Wrong exported symbol address: _func_0c1b9028
PROBLEM Wrong exported symbol address: _func_0c1b91b6
PROBLEM Wrong exported symbol address: _func_0c1b91c4
PROBLEM Not an exact section match: P
PROBLEM Linked image contains extra or missing initialized bytes
PROBLEM Linked image contains extra or missing memory bytes
DIFFERS
