P 13 / 540 linked 552 at 0xc1bbe90
_func_0c1bbe90 5 / 286
_func_0c1bbfcc 5 / 164
_func_0c1bc070 0 / 14
_func_0c1bc07e 0 / 18
pool 0xc1bbf92 0 / 2
pool 0xc1bbf94 0 / 6
pool 0xc1bbf9a 0 / 2
pool 0xc1bbf9c 1 / 8
pool 0xc1bbfa4 0 / 12
pool 0xc1bc090 0 / 6
pool 0xc1bc096 0 / 2
pool 0xc1bc098 0 / 8
pool 0xc1bc0a0 1 / 8
pool 0xc1bc0a8 1 / 4
PROBLEM Wrong exported symbol address: _func_0c1bbfcc
PROBLEM Wrong exported symbol address: _func_0c1bc070
PROBLEM Wrong exported symbol address: _func_0c1bc07e
PROBLEM Not an exact section match: P
PROBLEM Linked image contains extra or missing initialized bytes
PROBLEM Linked image contains extra or missing memory bytes
DIFFERS
