P 0 / 1160 linked 1152 at 0xc1a9e8c
_func_0c1a9e8c 53 / 54
_func_0c1a9ec2 43 / 44
_func_0c1a9eee 69 / 70
_func_0c1a9f34 75 / 76
_func_0c1a9f80 18 / 18
_func_0c1a9fa4 16 / 16
_func_0c1a9fb4 31 / 86
_func_0c1aa00a 0 / 70
_func_0c1aa050 0 / 66
_func_0c1aa092 0 / 18
_func_0c1aa0b0 1 / 58
_func_0c1aa0ea 0 / 64
_func_0c1aa12a 0 / 56
_func_0c1aa162 2 / 126
_func_0c1aa200 7 / 50
_func_0c1aa232 4 / 46
_func_0c1aa260 1 / 14
_func_0c1aa26e 0 / 6
_func_0c1aa274 1 / 72
_func_0c1aa2bc 0 / 70
pool 0xc1a9f92 18 / 18
pool 0xc1aa0a4 0 / 12
pool 0xc1aa1e0 2 / 32
pool 0xc1aa302 0 / 18
PROBLEM Wrong exported symbol address: _func_0c1aa00a
PROBLEM Wrong exported symbol address: _func_0c1aa050
PROBLEM Wrong exported symbol address: _func_0c1aa092
PROBLEM Wrong exported symbol address: _func_0c1aa0b0
PROBLEM Wrong exported symbol address: _func_0c1aa0ea
PROBLEM Wrong exported symbol address: _func_0c1aa12a
PROBLEM Wrong exported symbol address: _func_0c1aa162
PROBLEM Wrong exported symbol address: _func_0c1aa200
PROBLEM Wrong exported symbol address: _func_0c1aa232
PROBLEM Wrong exported symbol address: _func_0c1aa260
PROBLEM Wrong exported symbol address: _func_0c1aa26e
PROBLEM Wrong exported symbol address: _func_0c1aa274
PROBLEM Wrong exported symbol address: _func_0c1aa2bc
PROBLEM Not an exact section match: P
PROBLEM Linked image contains extra or missing initialized bytes
PROBLEM Linked image contains extra or missing memory bytes
DIFFERS
