P 0 / 976 linked 968 at 0xc1b2a40
_func_0c1b2a40 43 / 52
_func_0c1b2a74 29 / 32
_func_0c1b2a94 17 / 18
_func_0c1b2aa6 136 / 144
_func_0c1b2b36 16 / 204
_func_0c1b2c36 0 / 18
_func_0c1b2c48 4 / 198
_func_0c1b2d3c 3 / 156
_func_0c1b2dd8 0 / 10
_func_0c1b2de2 1 / 6
pool 0xc1b2b64 0 / 2
pool 0xc1b2b66 0 / 2
pool 0xc1b2b68 0 / 4
pool 0xc1b2b6c 0 / 4
pool 0xc1b2b70 0 / 2
pool 0xc1b2b72 0 / 2
pool 0xc1b2b74 0 / 8
pool 0xc1b2b7c 1 / 8
pool 0xc1b2b84 1 / 4
pool 0xc1b2b88 1 / 4
pool 0xc1b2b8c 2 / 8
pool 0xc1b2b94 0 / 4
pool 0xc1b2cda 0 / 2
pool 0xc1b2cdc 1 / 6
pool 0xc1b2ce2 1 / 2
pool 0xc1b2ce4 0 / 16
pool 0xc1b2cf4 1 / 4
pool 0xc1b2cf8 1 / 4
pool 0xc1b2cfc 3 / 12
pool 0xc1b2de8 0 / 2
pool 0xc1b2dea 0 / 2
pool 0xc1b2dec 0 / 2
pool 0xc1b2dee 0 / 2
pool 0xc1b2df0 1 / 12
pool 0xc1b2dfc 0 / 16
pool 0xc1b2e0c 0 / 4
PROBLEM Wrong exported symbol address: _func_0c1b2c36
PROBLEM Wrong exported symbol address: _func_0c1b2c48
PROBLEM Wrong exported symbol address: _func_0c1b2d3c
PROBLEM Wrong exported symbol address: _func_0c1b2dd8
PROBLEM Wrong exported symbol address: _func_0c1b2de2
PROBLEM Not an exact section match: P
PROBLEM Linked image contains extra or missing initialized bytes
PROBLEM Linked image contains extra or missing memory bytes
DIFFERS
