P 605 / 1116 linked 1120 at 0xc1a72d4
_func_0c1a72d4 46 / 46
_func_0c1a7302 46 / 46
_func_0c1a7330 66 / 66
_func_0c1a7372 18 / 18
_func_0c1a7384 210 / 212
_func_0c1a7482 21 / 22
_func_0c1a7498 124 / 174
_func_0c1a7546 3 / 82
_func_0c1a75c2 11 / 220
_func_0c1a769e 2 / 90
pool 0xc1a741e 42 / 42
pool 0xc1a7572 8 / 42
pool 0xc1a76f8 8 / 56
PROBLEM Wrong exported symbol address: _func_0c1a7546
PROBLEM Wrong exported symbol address: _func_0c1a75c2
PROBLEM Wrong exported symbol address: _func_0c1a769e
PROBLEM Not an exact section match: P
PROBLEM Linked image contains extra or missing initialized bytes
PROBLEM Linked image contains extra or missing memory bytes
DIFFERS
