P 635 / 1336 linked 1340 at 0xc1bb1d0
_func_0c1bb1d0 84 / 84
_func_0c1bb224 8 / 18
_func_0c1bb236 120 / 120
_func_0c1bb2ae 56 / 56
_func_0c1bb2e6 59 / 60
_func_0c1bb34c 56 / 58
_func_0c1bb386 19 / 20
_func_0c1bb39a 49 / 54
_func_0c1bb3d0 25 / 156
_func_0c1bb46c 0 / 54
_func_0c1bb4ae 2 / 78
_func_0c1bb4fc 5 / 76
_func_0c1bb548 4 / 44
_func_0c1bb590 68 / 94
_func_0c1bb5ee 5 / 82
_func_0c1bb640 2 / 54
_func_0c1bb676 0 / 18
_func_0c1bb688 5 / 82
pool 0xc1bb322 42 / 42
pool 0xc1bb484 0 / 12
pool 0xc1bb574 7 / 28
pool 0xc1bb6da 19 / 46
PROBLEM Wrong exported symbol address: _func_0c1bb46c
PROBLEM Wrong exported symbol address: _func_0c1bb4ae
PROBLEM Wrong exported symbol address: _func_0c1bb4fc
PROBLEM Wrong exported symbol address: _func_0c1bb548
PROBLEM Wrong exported symbol address: _func_0c1bb640
PROBLEM Wrong exported symbol address: _func_0c1bb676
PROBLEM Wrong exported symbol address: _func_0c1bb688
PROBLEM Not an exact section match: P
PROBLEM Linked image contains extra or missing initialized bytes
PROBLEM Linked image contains extra or missing memory bytes
DIFFERS
